[0.002s] Using G1
[0.266s] GC(0) Pause Young (Normal) (G1 Evacuation Pause) 27M->4M(512M) 3.818ms
[0.271s] GC(1) Pause Young (Normal) (G1 Evacuation Pause) 26M->6M(512M) 2.541ms
[0.274s] GC(2) Pause Young (Normal) (G1 Evacuation Pause) 36M->7M(512M) 0.869ms
[0.294s] GC(3) Pause Young (Normal) (G1 Evacuation Pause) 66M->63M(512M) 2.890ms
[0.302s] GC(4) Pause Young (Normal) (G1 Evacuation Pause) 80M->80M(512M) 1.538ms
[0.310s] GC(5) Pause Young (Normal) (G1 Evacuation Pause) 101M->102M(512M) 1.602ms
[0.319s] GC(6) Pause Young (Normal) (G1 Evacuation Pause) 123M->123M(512M) 1.721ms
[0.328s] GC(7) Pause Young (Normal) (G1 Evacuation Pause) 146M->147M(512M) 1.729ms
[0.339s] GC(8) Pause Young (Normal) (G1 Evacuation Pause) 176M->176M(512M) 1.933ms
[0.354s] GC(9) Pause Young (Normal) (G1 Evacuation Pause) 213M->214M(512M) 2.265ms
[0.372s] GC(10) Pause Young (Normal) (G1 Evacuation Pause) 261M->261M(512M) 2.642ms
[0.396s] GC(11) Pause Young (Concurrent Start) (G1 Evacuation Pause) 319M->319M(512M) 3.758ms
[0.396s] GC(12) Concurrent Mark Cycle
[0.411s] GC(12) Pause Remark 361M->255M(512M) 1.265ms
[0.420s] GC(13) Pause Young (Normal) (G1 Evacuation Pause) 272M->272M(512M) 2.784ms
[0.437s] GC(12) Pause Cleanup 323M->323M(512M) 0.127ms
[0.437s] GC(12) Concurrent Mark Cycle 41.804ms
[0.448s] GC(14) Pause Young (Prepare Mixed) (G1 Evacuation Pause) 345M->346M(512M) 3.493ms
[0.468s] GC(15) Pause Young (Mixed) (G1 Evacuation Pause) 396M->394M(512M) 3.053ms
[0.482s] GC(16) Pause Young (Concurrent Start) (G1 Evacuation Pause) 429M->430M(512M) 2.240ms
[0.482s] GC(17) Concurrent Mark Cycle
[0.492s] GC(18) Pause Young (Normal) (G1 Evacuation Pause) 454M->454M(512M) 1.476ms
[0.498s] GC(17) Pause Remark 471M->252M(512M) 1.366ms
[0.501s] GC(19) Pause Young (Normal) (G1 Evacuation Pause) 256M->257M(512M) 1.569ms
[0.530s] GC(20) Pause Young (Normal) (G1 Evacuation Pause) 336M->336M(512M) 2.956ms
[0.530s] GC(17) Pause Cleanup 336M->336M(512M) 0.104ms
[0.531s] GC(17) Concurrent Mark Cycle 48.458ms
[0.551s] GC(21) Pause Young (Prepare Mixed) (G1 Evacuation Pause) 390M->390M(512M) 2.488ms
[0.565s] GC(22) Pause Young (Mixed) (G1 Evacuation Pause) 427M->426M(512M) 2.130ms
[0.575s] GC(23) Pause Young (Concurrent Start) (G1 Evacuation Pause) 452M->452M(512M) 1.666ms
[0.576s] GC(24) Concurrent Mark Cycle
[0.584s] GC(25) Pause Young (Normal) (G1 Evacuation Pause) 473M->474M(512M) 1.332ms
[0.591s] GC(24) Pause Remark 493M->253M(512M) 1.002ms
[0.593s] GC(26) Pause Young (Normal) (G1 Evacuation Pause) 255M->255M(512M) 1.375ms
[0.622s] GC(27) Pause Young (Normal) (G1 Evacuation Pause) 334M->334M(512M) 3.062ms
[0.623s] GC(24) Pause Cleanup 336M->336M(512M) 0.142ms
[0.623s] GC(24) Concurrent Mark Cycle 47.303ms
[0.643s] GC(28) Pause Young (Prepare Mixed) (G1 Evacuation Pause) 388M->388M(512M) 2.549ms
[0.657s] GC(29) Pause Young (Mixed) (G1 Evacuation Pause) 425M->423M(512M) 1.947ms
[0.668s] GC(30) Pause Young (Concurrent Start) (G1 Evacuation Pause) 450M->450M(512M) 1.779ms
[0.668s] GC(31) Concurrent Mark Cycle
[0.675s] GC(32) Pause Young (Normal) (G1 Evacuation Pause) 470M->470M(512M) 1.377ms
[0.683s] GC(33) Pause Young (Normal) (G1 Evacuation Pause) (Evacuation Failure) 491M->493M(512M) 1.461ms
[0.685s] GC(31) Pause Remark 494M->252M(512M) 0.897ms
[0.691s] GC(34) Pause Young (Normal) (G1 Evacuation Pause) 270M->270M(512M) 1.361ms
[0.716s] GC(31) Pause Cleanup 345M->345M(512M) 0.150ms
[0.719s] GC(35) Pause Young (Prepare Mixed) (G1 Evacuation Pause) 345M->345M(512M) 2.894ms
[0.719s] GC(31) Concurrent Mark Cycle 51.438ms
[0.739s] GC(36) Pause Young (Mixed) (G1 Evacuation Pause) 396M->395M(512M) 2.488ms
[0.753s] GC(37) Pause Young (Concurrent Start) (G1 Evacuation Pause) 430M->430M(512M) 1.883ms
[0.753s] GC(38) Concurrent Mark Cycle
[0.763s] GC(39) Pause Young (Normal) (G1 Evacuation Pause) 454M->455M(512M) 1.570ms
[0.769s] GC(38) Pause Remark 471M->251M(512M) 0.891ms
[0.772s] GC(40) Pause Young (Normal) (G1 Evacuation Pause) 256M->256M(512M) 1.364ms
[0.801s] GC(41) Pause Young (Normal) (G1 Evacuation Pause) 335M->335M(512M) 3.163ms
[0.802s] GC(38) Pause Cleanup 337M->337M(512M) 0.133ms
[0.802s] GC(38) Concurrent Mark Cycle 49.349ms
[0.822s] GC(42) Pause Young (Prepare Mixed) (G1 Evacuation Pause) 389M->390M(512M) 2.600ms
[0.836s] GC(43) Pause Young (Mixed) (G1 Evacuation Pause) 427M->425M(512M) 1.997ms
[0.846s] GC(44) Pause Young (Concurrent Start) (G1 Evacuation Pause) 451M->452M(512M) 1.660ms
[0.846s] GC(45) Concurrent Mark Cycle
[0.854s] GC(46) Pause Young (Normal) (G1 Evacuation Pause) 473M->473M(512M) 1.484ms
[0.862s] GC(45) Pause Remark 493M->254M(512M) 1.033ms
[0.863s] GC(47) Pause Young (Normal) (G1 Evacuation Pause) 255M->256M(512M) 1.276ms
[0.892s] GC(48) Pause Young (Normal) (G1 Evacuation Pause) 335M->335M(512M) 3.203ms
[0.894s] GC(45) Pause Cleanup 339M->339M(512M) 0.111ms
[0.894s] GC(45) Concurrent Mark Cycle 48.052ms
[0.913s] GC(49) Pause Young (Prepare Mixed) (G1 Evacuation Pause) 389M->389M(512M) 2.445ms
[0.928s] GC(50) Pause Young (Mixed) (G1 Evacuation Pause) 426M->424M(512M) 1.902ms
[0.938s] GC(51) Pause Young (Concurrent Start) (G1 Evacuation Pause) 450M->450M(512M) 1.746ms
[0.938s] GC(52) Concurrent Mark Cycle
[0.946s] GC(53) Pause Young (Normal) (G1 Evacuation Pause) 471M->472M(512M) 1.533ms
[0.953s] GC(52) Pause Remark 491M->257M(512M) 1.149ms
[0.956s] GC(54) Pause Young (Normal) (G1 Evacuation Pause) 259M->259M(512M) 1.679ms
[0.984s] GC(55) Pause Young (Normal) (G1 Evacuation Pause) 337M->337M(512M) 2.978ms
[0.986s] GC(52) Pause Cleanup 340M->340M(512M) 0.110ms
[0.986s] GC(52) Concurrent Mark Cycle 47.694ms
[1.005s] GC(56) Pause Young (Prepare Mixed) (G1 Evacuation Pause) 391M->391M(512M) 2.650ms
[1.019s] GC(57) Pause Young (Mixed) (G1 Evacuation Pause) 427M->425M(512M) 1.874ms
[1.029s] GC(58) Pause Young (Concurrent Start) (G1 Evacuation Pause) 451M->451M(512M) 1.539ms
[1.029s] GC(59) Concurrent Mark Cycle
[1.038s] GC(60) Pause Young (Normal) (G1 Evacuation Pause) 472M->473M(512M) 1.509ms
[1.045s] GC(59) Pause Remark 491M->251M(512M) 1.303ms
[1.047s] GC(61) Pause Young (Normal) (G1 Evacuation Pause) 254M->254M(512M) 1.558ms
[1.077s] GC(62) Pause Young (Normal) (G1 Evacuation Pause) 333M->334M(512M) 3.152ms
[1.077s] GC(59) Pause Cleanup 335M->335M(512M) 0.101ms
[1.078s] GC(59) Concurrent Mark Cycle 48.205ms
[1.098s] GC(63) Pause Young (Prepare Mixed) (G1 Evacuation Pause) 389M->389M(512M) 2.548ms
[1.112s] GC(64) Pause Young (Mixed) (G1 Evacuation Pause) 426M->424M(512M) 2.140ms
[1.123s] GC(65) Pause Young (Concurrent Start) (G1 Evacuation Pause) 450M->451M(512M) 1.580ms
[1.123s] GC(66) Concurrent Mark Cycle
[1.131s] GC(67) Pause Young (Normal) (G1 Evacuation Pause) 472M->472M(512M) 1.615ms
[1.138s] GC(66) Pause Remark 492M->256M(512M) 0.889ms
[1.140s] GC(68) Pause Young (Normal) (G1 Evacuation Pause) 257M->258M(512M) 1.380ms
[1.169s] GC(69) Pause Young (Normal) (G1 Evacuation Pause) 336M->336M(512M) 3.004ms
[1.170s] GC(66) Pause Cleanup 340M->340M(512M) 0.114ms
[1.171s] GC(66) Concurrent Mark Cycle 47.899ms
[1.190s] GC(70) Pause Young (Prepare Mixed) (G1 Evacuation Pause) 390M->390M(512M) 2.462ms
[1.204s] GC(71) Pause Young (Mixed) (G1 Evacuation Pause) 427M->425M(512M) 1.942ms
[1.214s] GC(72) Pause Young (Concurrent Start) (G1 Evacuation Pause) 451M->451M(512M) 1.620ms
[1.215s] GC(73) Concurrent Mark Cycle
[1.222s] GC(74) Pause Young (Normal) (G1 Evacuation Pause) 472M->473M(512M) 1.337ms
[1.230s] GC(73) Pause Remark 493M->251M(512M) 0.923ms
[1.231s] GC(75) Pause Young (Normal) (G1 Evacuation Pause) 252M->252M(512M) 1.375ms
[1.261s] GC(76) Pause Young (Normal) (G1 Evacuation Pause) 332M->332M(512M) 3.259ms
[1.262s] GC(73) Pause Cleanup 335M->335M(512M) 0.113ms
[1.262s] GC(73) Concurrent Mark Cycle 47.694ms
[1.283s] GC(77) Pause Young (Prepare Mixed) (G1 Evacuation Pause) 387M->388M(512M) 3.160ms
[1.298s] GC(78) Pause Young (Mixed) (G1 Evacuation Pause) 426M->424M(512M) 2.130ms
[1.308s] GC(79) Pause Young (Concurrent Start) (G1 Evacuation Pause) 450M->451M(512M) 1.588ms
[1.308s] GC(80) Concurrent Mark Cycle
[1.316s] GC(81) Pause Young (Normal) (G1 Evacuation Pause) 472M->472M(512M) 1.433ms
[1.323s] GC(80) Pause Remark 492M->253M(512M) 1.036ms
[1.325s] GC(82) Pause Young (Normal) (G1 Evacuation Pause) 254M->255M(512M) 1.485ms
[1.354s] GC(83) Pause Young (Normal) (G1 Evacuation Pause) 334M->334M(512M) 3.194ms
[1.356s] GC(80) Pause Cleanup 337M->337M(512M) 0.150ms
[1.356s] GC(80) Concurrent Mark Cycle 47.804ms
[1.376s] GC(84) Pause Young (Prepare Mixed) (G1 Evacuation Pause) 388M->389M(512M) 2.739ms
[1.391s] GC(85) Pause Young (Mixed) (G1 Evacuation Pause) 426M->424M(512M) 1.999ms
[1.401s] GC(86) Pause Young (Concurrent Start) (G1 Evacuation Pause) 450M->451M(512M) 1.528ms
[1.401s] GC(87) Concurrent Mark Cycle
[1.409s] GC(88) Pause Young (Normal) (G1 Evacuation Pause) 472M->472M(512M) 1.463ms
[1.416s] GC(87) Pause Remark 491M->253M(512M) 1.177ms
[1.418s] GC(89) Pause Young (Normal) (G1 Evacuation Pause) 255M->256M(512M) 1.335ms
[1.447s] GC(90) Pause Young (Normal) (G1 Evacuation Pause) 335M->335M(512M) 3.122ms
[1.448s] GC(87) Pause Cleanup 337M->337M(512M) 0.137ms
[1.448s] GC(87) Concurrent Mark Cycle 47.559ms
[1.468s] GC(91) Pause Young (Prepare Mixed) (G1 Evacuation Pause) 389M->390M(512M) 2.551ms
[1.483s] GC(92) Pause Young (Mixed) (G1 Evacuation Pause) 427M->424M(512M) 2.022ms
[1.493s] GC(93) Pause Young (Concurrent Start) (G1 Evacuation Pause) 450M->451M(512M) 1.654ms
[1.493s] GC(94) Concurrent Mark Cycle
[1.502s] GC(95) Pause Young (Normal) (G1 Evacuation Pause) 472M->472M(512M) 1.608ms
[1.509s] GC(94) Pause Remark 489M->253M(512M) 1.261ms
[1.511s] GC(96) Pause Young (Normal) (G1 Evacuation Pause) 257M->257M(512M) 1.595ms
[1.540s] GC(97) Pause Young (Normal) (G1 Evacuation Pause) 335M->335M(512M) 3.278ms
[1.541s] GC(94) Pause Cleanup 338M->338M(512M) 0.105ms
[1.542s] GC(94) Concurrent Mark Cycle 48.151ms
[1.561s] GC(98) Pause Young (Prepare Mixed) (G1 Evacuation Pause) 389M->390M(512M) 2.554ms
[1.576s] GC(99) Pause Young (Mixed) (G1 Evacuation Pause) 427M->424M(512M) 1.986ms
[1.586s] GC(100) Pause Young (Concurrent Start) (G1 Evacuation Pause) 450M->451M(512M) 1.512ms
[1.586s] GC(101) Concurrent Mark Cycle
[1.594s] GC(102) Pause Young (Normal) (G1 Evacuation Pause) 472M->472M(512M) 1.342ms
[1.601s] GC(101) Pause Remark 492M->251M(512M) 0.910ms
[1.603s] GC(103) Pause Young (Normal) (G1 Evacuation Pause) 252M->253M(512M) 1.265ms
[1.633s] GC(104) Pause Young (Normal) (G1 Evacuation Pause) 333M->333M(512M) 3.272ms
[1.633s] GC(101) Pause Cleanup 334M->334M(512M) 0.106ms
[1.634s] GC(101) Concurrent Mark Cycle 47.977ms
[1.655s] GC(105) Pause Young (Prepare Mixed) (G1 Evacuation Pause) 388M->389M(512M) 2.527ms
[1.669s] GC(106) Pause Young (Mixed) (G1 Evacuation Pause) 426M->424M(512M) 2.020ms
[1.679s] GC(107) Pause Young (Concurrent Start) (G1 Evacuation Pause) 450M->451M(512M) 1.528ms
[1.679s] GC(108) Concurrent Mark Cycle
[1.687s] GC(109) Pause Young (Normal) (G1 Evacuation Pause) 472M->472M(512M) 1.262ms
[1.694s] GC(108) Pause Remark 492M->252M(512M) 0.879ms
[1.696s] GC(110) Pause Young (Normal) (G1 Evacuation Pause) 253M->253M(512M) 1.367ms
[1.725s] GC(111) Pause Young (Normal) (G1 Evacuation Pause) 333M->333M(512M) 3.145ms
[1.727s] GC(108) Pause Cleanup 336M->336M(512M) 0.147ms
[1.727s] GC(108) Concurrent Mark Cycle 47.843ms
[1.747s] GC(112) Pause Young (Prepare Mixed) (G1 Evacuation Pause) 388M->389M(512M) 2.598ms
[1.761s] GC(113) Pause Young (Mixed) (G1 Evacuation Pause) 426M->424M(512M) 2.109ms
[1.772s] GC(114) Pause Young (Concurrent Start) (G1 Evacuation Pause) 450M->451M(512M) 1.747ms
[1.772s] GC(115) Concurrent Mark Cycle
[1.780s] GC(116) Pause Young (Normal) (G1 Evacuation Pause) 472M->472M(512M) 1.278ms
[1.787s] GC(115) Pause Remark 492M->253M(512M) 1.013ms
[1.789s] GC(117) Pause Young (Normal) (G1 Evacuation Pause) 254M->255M(512M) 1.314ms
[1.818s] GC(118) Pause Young (Normal) (G1 Evacuation Pause) 334M->334M(512M) 3.126ms
[1.819s] GC(115) Pause Cleanup 334M->334M(512M) 0.103ms
[1.819s] GC(115) Concurrent Mark Cycle 47.100ms
[1.840s] GC(119) Pause Young (Prepare Mixed) (G1 Evacuation Pause) 389M->389M(512M) 2.728ms
[1.855s] GC(120) Pause Young (Mixed) (G1 Evacuation Pause) 426M->424M(512M) 2.260ms
[1.865s] GC(121) Pause Young (Concurrent Start) (G1 Evacuation Pause) 450M->451M(512M) 1.638ms
[1.865s] GC(122) Concurrent Mark Cycle
[1.873s] GC(123) Pause Young (Normal) (G1 Evacuation Pause) 472M->472M(512M) 1.433ms
[1.880s] GC(122) Pause Remark 491M->253M(512M) 1.169ms
[1.882s] GC(124) Pause Young (Normal) (G1 Evacuation Pause) 255M->256M(512M) 1.267ms
[1.911s] GC(125) Pause Young (Normal) (G1 Evacuation Pause) 335M->335M(512M) 2.973ms
[1.912s] GC(122) Pause Cleanup 337M->337M(512M) 0.137ms
[1.912s] GC(122) Concurrent Mark Cycle 47.301ms
[1.932s] GC(126) Pause Young (Prepare Mixed) (G1 Evacuation Pause) 389M->390M(512M) 2.573ms
[1.947s] GC(127) Pause Young (Mixed) (G1 Evacuation Pause) 427M->424M(512M) 1.897ms
[1.957s] GC(128) Pause Young (Concurrent Start) (G1 Evacuation Pause) 450M->451M(512M) 1.568ms
[1.957s] GC(129) Concurrent Mark Cycle
[1.965s] GC(130) Pause Young (Normal) (G1 Evacuation Pause) 472M->472M(512M) 1.601ms
[1.972s] GC(129) Pause Remark 490M->254M(512M) 1.288ms
[1.974s] GC(131) Pause Young (Normal) (G1 Evacuation Pause) 257M->258M(512M) 1.469ms
[2.003s] GC(132) Pause Young (Normal) (G1 Evacuation Pause) 336M->336M(512M) 3.117ms
[2.004s] GC(129) Pause Cleanup 339M->339M(512M) 0.110ms
[2.005s] GC(129) Concurrent Mark Cycle 48.061ms
[2.024s] GC(133) Pause Young (Prepare Mixed) (G1 Evacuation Pause) 390M->390M(512M) 2.491ms
[2.039s] GC(134) Pause Young (Mixed) (G1 Evacuation Pause) 427M->425M(512M) 2.165ms
[2.049s] GC(135) Pause Young (Concurrent Start) (G1 Evacuation Pause) 451M->451M(512M) 1.552ms
[2.049s] GC(136) Concurrent Mark Cycle
[2.057s] GC(137) Pause Young (Normal) (G1 Evacuation Pause) 472M->473M(512M) 1.370ms
[2.065s] GC(136) Pause Remark 493M->255M(512M) 0.860ms
[2.066s] GC(138) Pause Young (Normal) (G1 Evacuation Pause) 256M->256M(512M) 1.282ms
[2.095s] GC(139) Pause Young (Normal) (G1 Evacuation Pause) 335M->335M(512M) 3.002ms
[2.097s] GC(136) Pause Cleanup 339M->339M(512M) 0.143ms
[2.097s] GC(136) Concurrent Mark Cycle 47.959ms
[2.116s] GC(140) Pause Young (Prepare Mixed) (G1 Evacuation Pause) 389M->390M(512M) 2.508ms
[2.131s] GC(141) Pause Young (Mixed) (G1 Evacuation Pause) 427M->424M(512M) 1.935ms
[2.141s] GC(142) Pause Young (Concurrent Start) (G1 Evacuation Pause) 450M->451M(512M) 1.674ms
[2.141s] GC(143) Concurrent Mark Cycle
[2.149s] GC(144) Pause Young (Normal) (G1 Evacuation Pause) 472M->472M(512M) 1.545ms
[2.156s] GC(143) Pause Remark 492M->253M(512M) 0.927ms
[2.158s] GC(145) Pause Young (Normal) (G1 Evacuation Pause) 254M->255M(512M) 1.403ms
[2.187s] GC(146) Pause Young (Normal) (G1 Evacuation Pause) 334M->334M(512M) 3.131ms
[2.189s] GC(143) Pause Cleanup 338M->338M(512M) 0.109ms
[2.189s] GC(143) Concurrent Mark Cycle 48.035ms
[2.208s] GC(147) Pause Young (Prepare Mixed) (G1 Evacuation Pause) 388M->389M(512M) 2.569ms
[2.223s] GC(148) Pause Young (Mixed) (G1 Evacuation Pause) 426M->424M(512M) 2.134ms
[2.233s] GC(149) Pause Young (Concurrent Start) (G1 Evacuation Pause) 450M->450M(512M) 1.573ms
[2.233s] GC(150) Concurrent Mark Cycle
[2.241s] GC(151) Pause Young (Normal) (G1 Evacuation Pause) 471M->472M(512M) 1.359ms
[2.249s] GC(150) Pause Remark 491M->251M(512M) 1.013ms
[2.251s] GC(152) Pause Young (Normal) (G1 Evacuation Pause) 253M->253M(512M) 1.417ms
[2.280s] GC(153) Pause Young (Normal) (G1 Evacuation Pause) 333M->333M(512M) 3.132ms
[2.281s] GC(150) Pause Cleanup 335M->335M(512M) 0.126ms
[2.281s] GC(150) Concurrent Mark Cycle 47.931ms
[2.302s] GC(154) Pause Young (Prepare Mixed) (G1 Evacuation Pause) 388M->389M(512M) 2.626ms
[2.316s] GC(155) Pause Young (Mixed) (G1 Evacuation Pause) 426M->424M(512M) 2.034ms
[2.326s] GC(156) Pause Young (Concurrent Start) (G1 Evacuation Pause) 450M->451M(512M) 1.607ms
[2.326s] GC(157) Concurrent Mark Cycle
[2.334s] GC(158) Pause Young (Normal) (G1 Evacuation Pause) 472M->472M(512M) 1.435ms
[2.341s] GC(157) Pause Remark 491M->249M(512M) 1.165ms
[2.344s] GC(159) Pause Young (Normal) (G1 Evacuation Pause) 251M->252M(512M) 1.610ms
[2.373s] GC(160) Pause Young (Normal) (G1 Evacuation Pause) 332M->332M(512M) 3.263ms
[2.374s] GC(157) Pause Cleanup 333M->333M(512M) 0.103ms
[2.374s] GC(157) Concurrent Mark Cycle 48.074ms
[2.395s] GC(161) Pause Young (Prepare Mixed) (G1 Evacuation Pause) 387M->387M(512M) 2.690ms
[2.410s] GC(162) Pause Young (Mixed) (G1 Evacuation Pause) 425M->424M(512M) 1.979ms
[2.420s] GC(163) Pause Young (Concurrent Start) (G1 Evacuation Pause) 450M->450M(512M) 1.638ms
[2.420s] GC(164) Concurrent Mark Cycle
[2.429s] GC(165) Pause Young (Normal) (G1 Evacuation Pause) 471M->472M(512M) 1.501ms
[2.435s] GC(164) Pause Remark 489M->250M(512M) 1.263ms
[2.438s] GC(166) Pause Young (Normal) (G1 Evacuation Pause) 254M->254M(512M) 1.431ms
[2.468s] GC(167) Pause Young (Normal) (G1 Evacuation Pause) 334M->334M(512M) 3.179ms
[2.468s] GC(164) Pause Cleanup 334M->334M(512M) 0.119ms
[2.469s] GC(164) Concurrent Mark Cycle 48.086ms
[2.489s] GC(168) Pause Young (Prepare Mixed) (G1 Evacuation Pause) 389M->389M(512M) 2.484ms
[2.504s] GC(169) Pause Young (Mixed) (G1 Evacuation Pause) 426M->425M(512M) 1.968ms
[2.513s] GC(170) Pause Young (Concurrent Start) (G1 Evacuation Pause) 451M->451M(512M) 1.561ms
[2.514s] GC(171) Concurrent Mark Cycle
[2.522s] GC(172) Pause Young (Normal) (G1 Evacuation Pause) 472M->473M(512M) 1.616ms
[2.529s] GC(171) Pause Remark 492M->252M(512M) 0.893ms
[2.531s] GC(173) Pause Young (Normal) (G1 Evacuation Pause) 254M->254M(512M) 1.317ms
[2.557s] GC(171) Pause Cleanup 333M->333M(512M) 0.126ms
[2.558s] GC(171) Concurrent Mark Cycle 44.067ms
[2.561s] GC(174) Pause Young (Prepare Mixed) (G1 Evacuation Pause) 334M->334M(512M) 3.230ms
[2.582s] GC(175) Pause Young (Mixed) (G1 Evacuation Pause) 389M->387M(512M) 2.526ms
[2.597s] GC(176) Pause Young (Concurrent Start) (G1 Evacuation Pause) 425M->426M(512M) 1.993ms
[2.597s] GC(177) Concurrent Mark Cycle
[2.607s] GC(178) Pause Young (Normal) (G1 Evacuation Pause) 452M->452M(512M) 1.473ms
[2.613s] GC(177) Pause Remark 469M->257M(512M) 0.898ms
[2.616s] GC(179) Pause Young (Normal) (G1 Evacuation Pause) 261M->262M(512M) 1.609ms
[2.645s] GC(180) Pause Young (Normal) (G1 Evacuation Pause) 339M->339M(512M) 3.100ms
[2.647s] GC(177) Pause Cleanup 344M->344M(512M) 0.123ms
[2.647s] GC(177) Concurrent Mark Cycle 49.871ms
[2.665s] GC(181) Pause Young (Prepare Mixed) (G1 Evacuation Pause) 392M->392M(512M) 2.429ms
[2.679s] GC(182) Pause Young (Mixed) (G1 Evacuation Pause) 428M->426M(512M) 1.798ms
[2.690s] GC(183) Pause Young (Concurrent Start) (G1 Evacuation Pause) 452M->452M(512M) 1.679ms
[2.690s] GC(184) Concurrent Mark Cycle
[2.698s] GC(185) Pause Young (Normal) (G1 Evacuation Pause) 473M->473M(512M) 1.854ms
[2.705s] GC(184) Pause Remark 494M->253M(512M) 0.963ms
[2.707s] GC(186) Pause Young (Normal) (G1 Evacuation Pause) 253M->253M(512M) 1.333ms
[2.736s] GC(187) Pause Young (Normal) (G1 Evacuation Pause) 333M->334M(512M) 3.191ms
[2.738s] GC(184) Pause Cleanup 338M->338M(512M) 0.106ms
[2.738s] GC(184) Concurrent Mark Cycle 48.278ms
[2.757s] GC(188) Pause Young (Prepare Mixed) (G1 Evacuation Pause) 389M->389M(512M) 2.459ms
[2.771s] GC(189) Pause Young (Mixed) (G1 Evacuation Pause) 426M->425M(512M) 2.012ms
[2.781s] GC(190) Pause Young (Concurrent Start) (G1 Evacuation Pause) 451M->451M(512M) 1.597ms
[2.782s] GC(191) Concurrent Mark Cycle
[2.790s] GC(192) Pause Young (Normal) (G1 Evacuation Pause) 472M->473M(512M) 1.422ms
[2.797s] GC(191) Pause Remark 493M->254M(512M) 1.079ms
[2.799s] GC(193) Pause Young (Normal) (G1 Evacuation Pause) 255M->255M(512M) 1.381ms
[2.828s] GC(194) Pause Young (Normal) (G1 Evacuation Pause) 334M->335M(512M) 3.160ms
[2.829s] GC(191) Pause Cleanup 336M->336M(512M) 0.123ms
[2.829s] GC(191) Concurrent Mark Cycle 47.925ms
[2.850s] GC(195) Pause Young (Prepare Mixed) (G1 Evacuation Pause) 389M->389M(512M) 2.677ms
[2.864s] GC(196) Pause Young (Mixed) (G1 Evacuation Pause) 426M->425M(512M) 1.987ms
[2.874s] GC(197) Pause Young (Concurrent Start) (G1 Evacuation Pause) 451M->451M(512M) 1.701ms
[2.874s] GC(198) Concurrent Mark Cycle
[2.882s] GC(199) Pause Young (Normal) (G1 Evacuation Pause) 472M->472M(512M) 1.488ms
[2.889s] GC(198) Pause Remark 491M->249M(512M) 1.234ms
[2.892s] GC(200) Pause Young (Normal) (G1 Evacuation Pause) 251M->251M(512M) 1.651ms
[2.921s] GC(201) Pause Young (Normal) (G1 Evacuation Pause) 331M->332M(512M) 3.006ms
[2.922s] GC(198) Pause Cleanup 333M->333M(512M) 0.100ms
[2.922s] GC(198) Concurrent Mark Cycle 47.746ms
[2.942s] GC(202) Pause Young (Prepare Mixed) (G1 Evacuation Pause) 387M->387M(512M) 2.575ms
[2.957s] GC(203) Pause Young (Mixed) (G1 Evacuation Pause) 425M->424M(512M) 1.931ms
[2.967s] GC(204) Pause Young (Concurrent Start) (G1 Evacuation Pause) 450M->450M(512M) 1.540ms
[2.967s] GC(205) Concurrent Mark Cycle
[2.975s] GC(206) Pause Young (Normal) (G1 Evacuation Pause) 471M->472M(512M) 1.511ms
[2.982s] GC(205) Pause Remark 492M->252M(512M) 1.014ms
[2.984s] GC(207) Pause Young (Normal) (G1 Evacuation Pause) 253M->253M(512M) 1.418ms
[3.014s] GC(208) Pause Young (Normal) (G1 Evacuation Pause) 333M->334M(512M) 3.175ms
[3.015s] GC(205) Pause Cleanup 335M->335M(512M) 0.120ms
[3.015s] GC(205) Concurrent Mark Cycle 48.116ms
[3.036s] GC(209) Pause Young (Prepare Mixed) (G1 Evacuation Pause) 389M->389M(512M) 2.512ms
[3.050s] GC(210) Pause Young (Mixed) (G1 Evacuation Pause) 426M->425M(512M) 2.078ms
[3.060s] GC(211) Pause Young (Concurrent Start) (G1 Evacuation Pause) 451M->451M(512M) 1.532ms
[3.061s] GC(212) Concurrent Mark Cycle
[3.069s] GC(213) Pause Young (Normal) (G1 Evacuation Pause) 472M->473M(512M) 1.300ms
[3.076s] GC(212) Pause Remark 493M->251M(512M) 0.910ms
[3.078s] GC(214) Pause Young (Normal) (G1 Evacuation Pause) 252M->252M(512M) 1.425ms
[3.107s] GC(215) Pause Young (Normal) (G1 Evacuation Pause) 332M->333M(512M) 3.323ms
[3.108s] GC(212) Pause Cleanup 335M->335M(512M) 0.143ms
[3.109s] GC(212) Concurrent Mark Cycle 48.123ms
[3.129s] GC(216) Pause Young (Prepare Mixed) (G1 Evacuation Pause) 388M->388M(512M) 2.439ms
[3.143s] GC(217) Pause Young (Mixed) (G1 Evacuation Pause) 425M->424M(512M) 2.102ms
[3.154s] GC(218) Pause Young (Concurrent Start) (G1 Evacuation Pause) 450M->450M(512M) 1.687ms
[3.154s] GC(219) Concurrent Mark Cycle
[3.162s] GC(220) Pause Young (Normal) (G1 Evacuation Pause) 471M->472M(512M) 1.350ms
[3.169s] GC(219) Pause Remark 492M->253M(512M) 0.967ms
[3.171s] GC(221) Pause Young (Normal) (G1 Evacuation Pause) 254M->254M(512M) 1.445ms
[3.200s] GC(222) Pause Young (Normal) (G1 Evacuation Pause) 333M->334M(512M) 3.193ms
[3.201s] GC(219) Pause Cleanup 337M->337M(512M) 0.148ms
[3.202s] GC(219) Concurrent Mark Cycle 47.914ms
[3.222s] GC(223) Pause Young (Prepare Mixed) (G1 Evacuation Pause) 389M->389M(512M) 2.647ms
[3.236s] GC(224) Pause Young (Mixed) (G1 Evacuation Pause) 426M->425M(512M) 2.093ms
[3.246s] GC(225) Pause Young (Concurrent Start) (G1 Evacuation Pause) 451M->451M(512M) 1.566ms
[3.246s] GC(226) Concurrent Mark Cycle
[3.254s] GC(227) Pause Young (Normal) (G1 Evacuation Pause) 472M->472M(512M) 1.381ms
[3.261s] GC(226) Pause Remark 491M->251M(512M) 1.105ms
[3.263s] GC(228) Pause Young (Normal) (G1 Evacuation Pause) 253M->253M(512M) 1.258ms
[3.289s] GC(226) Pause Cleanup 333M->333M(512M) 0.154ms
[3.293s] GC(229) Pause Young (Prepare Mixed) (G1 Evacuation Pause) 333M->334M(512M) 3.010ms
[3.293s] GC(226) Concurrent Mark Cycle 47.050ms
[3.314s] GC(230) Pause Young (Mixed) (G1 Evacuation Pause) 389M->387M(512M) 2.442ms
[3.329s] GC(231) Pause Young (Concurrent Start) (G1 Evacuation Pause) 425M->426M(512M) 2.270ms
[3.329s] GC(232) Concurrent Mark Cycle
[3.339s] GC(233) Pause Young (Normal) (G1 Evacuation Pause) 452M->452M(512M) 1.533ms
[3.345s] GC(232) Pause Remark 468M->253M(512M) 1.060ms
[3.349s] GC(234) Pause Young (Normal) (G1 Evacuation Pause) 258M->259M(512M) 1.386ms
[3.374s] GC(232) Pause Cleanup 336M->336M(512M) 0.149ms
[3.374s] GC(232) Concurrent Mark Cycle 45.165ms
[3.378s] GC(235) Pause Young (Prepare Mixed) (G1 Evacuation Pause) 337M->337M(512M) 3.099ms
[3.399s] GC(236) Pause Young (Mixed) (G1 Evacuation Pause) 391M->389M(512M) 2.680ms
[3.413s] GC(237) Pause Young (Concurrent Start) (G1 Evacuation Pause) 426M->427M(512M) 2.085ms
[3.413s] GC(238) Concurrent Mark Cycle
[3.423s] GC(239) Pause Young (Normal) (G1 Evacuation Pause) 452M->452M(512M) 1.524ms
[3.429s] GC(238) Pause Remark 468M->252M(512M) 1.171ms
[3.433s] GC(240) Pause Young (Normal) (G1 Evacuation Pause) 257M->257M(512M) 1.355ms
[3.461s] GC(241) Pause Young (Normal) (G1 Evacuation Pause) 335M->335M(512M) 3.015ms
[3.462s] GC(238) Pause Cleanup 337M->337M(512M) 0.137ms
[3.462s] GC(238) Concurrent Mark Cycle 48.993ms
[3.483s] GC(242) Pause Young (Prepare Mixed) (G1 Evacuation Pause) 389M->389M(512M) 3.107ms
[3.497s] GC(243) Pause Young (Mixed) (G1 Evacuation Pause) 426M->425M(512M) 2.069ms
[3.507s] GC(244) Pause Young (Concurrent Start) (G1 Evacuation Pause) 451M->451M(512M) 1.565ms
[3.507s] GC(245) Concurrent Mark Cycle
[3.516s] GC(246) Pause Young (Normal) (G1 Evacuation Pause) 472M->473M(512M) 1.642ms
[3.523s] GC(245) Pause Remark 492M->255M(512M) 0.982ms
[3.525s] GC(247) Pause Young (Normal) (G1 Evacuation Pause) 257M->257M(512M) 1.618ms
[3.554s] GC(248) Pause Young (Normal) (G1 Evacuation Pause) 336M->336M(512M) 3.041ms
[3.555s] GC(245) Pause Cleanup 340M->340M(512M) 0.142ms
[3.556s] GC(245) Concurrent Mark Cycle 48.183ms
[3.575s] GC(249) Pause Young (Prepare Mixed) (G1 Evacuation Pause) 390M->390M(512M) 2.617ms
[3.590s] GC(250) Pause Young (Mixed) (G1 Evacuation Pause) 427M->424M(512M) 2.200ms
[3.600s] GC(251) Pause Young (Concurrent Start) (G1 Evacuation Pause) 450M->451M(512M) 1.845ms
[3.600s] GC(252) Concurrent Mark Cycle
[3.608s] GC(253) Pause Young (Normal) (G1 Evacuation Pause) 472M->472M(512M) 1.360ms
[3.615s] GC(252) Pause Remark 493M->252M(512M) 0.891ms
[3.617s] GC(254) Pause Young (Normal) (G1 Evacuation Pause) 252M->253M(512M) 1.416ms
[3.646s] GC(255) Pause Young (Normal) (G1 Evacuation Pause) 333M->333M(512M) 3.211ms
[3.648s] GC(252) Pause Cleanup 337M->337M(512M) 0.108ms
[3.648s] GC(252) Concurrent Mark Cycle 47.888ms
[3.668s] GC(256) Pause Young (Prepare Mixed) (G1 Evacuation Pause) 388M->389M(512M) 2.553ms
[3.682s] GC(257) Pause Young (Mixed) (G1 Evacuation Pause) 426M->424M(512M) 1.887ms
[3.692s] GC(258) Pause Young (Concurrent Start) (G1 Evacuation Pause) 450M->451M(512M) 1.650ms
[3.693s] GC(259) Concurrent Mark Cycle
[3.701s] GC(260) Pause Young (Normal) (G1 Evacuation Pause) 472M->472M(512M) 1.485ms
[3.708s] GC(259) Pause Remark 492M->253M(512M) 0.937ms
[3.710s] GC(261) Pause Young (Normal) (G1 Evacuation Pause) 254M->255M(512M) 1.503ms
[3.739s] GC(262) Pause Young (Normal) (G1 Evacuation Pause) 334M->334M(512M) 3.291ms
[3.740s] GC(259) Pause Cleanup 338M->338M(512M) 0.098ms
[3.741s] GC(259) Concurrent Mark Cycle 48.016ms
[3.760s] GC(263) Pause Young (Prepare Mixed) (G1 Evacuation Pause) 388M->389M(512M) 2.586ms
[3.774s] GC(264) Pause Young (Mixed) (G1 Evacuation Pause) 426M->424M(512M) 2.043ms
[3.784s] GC(265) Pause Young (Concurrent Start) (G1 Evacuation Pause) 450M->451M(512M) 1.604ms
[3.784s] GC(266) Concurrent Mark Cycle
[3.792s] GC(267) Pause Young (Normal) (G1 Evacuation Pause) 472M->472M(512M) 1.430ms
[3.799s] GC(266) Pause Remark 492M->253M(512M) 1.080ms
[3.801s] GC(268) Pause Young (Normal) (G1 Evacuation Pause) 254M->255M(512M) 1.261ms
[3.830s] GC(269) Pause Young (Normal) (G1 Evacuation Pause) 334M->334M(512M) 3.204ms
[3.831s] GC(266) Pause Cleanup 337M->337M(512M) 0.103ms
[3.832s] GC(266) Concurrent Mark Cycle 47.568ms
[3.851s] GC(270) Pause Young (Prepare Mixed) (G1 Evacuation Pause) 388M->389M(512M) 2.670ms
[3.866s] GC(271) Pause Young (Mixed) (G1 Evacuation Pause) 426M->423M(512M) 2.180ms
[3.877s] GC(272) Pause Young (Concurrent Start) (G1 Evacuation Pause) 449M->450M(512M) 1.600ms
[3.877s] GC(273) Concurrent Mark Cycle
[3.885s] GC(274) Pause Young (Normal) (G1 Evacuation Pause) 471M->471M(512M) 1.593ms
[3.892s] GC(273) Pause Remark 488M->252M(512M) 1.212ms
[3.895s] GC(275) Pause Young (Normal) (G1 Evacuation Pause) 256M->257M(512M) 1.575ms
[3.921s] GC(273) Pause Cleanup 335M->335M(512M) 0.131ms
[3.924s] GC(276) Pause Young (Prepare Mixed) (G1 Evacuation Pause) 336M->336M(512M) 3.016ms
[3.925s] GC(273) Concurrent Mark Cycle 47.696ms
[3.945s] GC(277) Pause Young (Mixed) (G1 Evacuation Pause) 390M->388M(512M) 2.555ms
[3.960s] GC(278) Pause Young (Concurrent Start) (G1 Evacuation Pause) 426M->426M(512M) 2.198ms
[3.960s] GC(279) Concurrent Mark Cycle
[3.970s] GC(280) Pause Young (Normal) (G1 Evacuation Pause) 451M->452M(512M) 1.525ms
[3.976s] GC(279) Pause Remark 466M->253M(512M) 1.155ms
[3.979s] GC(281) Pause Young (Normal) (G1 Evacuation Pause) 260M->260M(512M) 1.275ms
[4.008s] GC(282) Pause Young (Normal) (G1 Evacuation Pause) 337M->337M(512M) 3.052ms
[4.008s] GC(279) Pause Cleanup 338M->338M(512M) 0.109ms
[4.009s] GC(279) Concurrent Mark Cycle 48.710ms
[4.028s] GC(283) Pause Young (Prepare Mixed) (G1 Evacuation Pause) 390M->390M(512M) 2.397ms
[4.043s] GC(284) Pause Young (Mixed) (G1 Evacuation Pause) 427M->425M(512M) 1.931ms
[4.053s] GC(285) Pause Young (Concurrent Start) (G1 Evacuation Pause) 451M->451M(512M) 1.563ms
[4.053s] GC(286) Concurrent Mark Cycle
[4.061s] GC(287) Pause Young (Normal) (G1 Evacuation Pause) 472M->473M(512M) 1.563ms
[4.069s] GC(286) Pause Remark 493M->254M(512M) 0.930ms
[4.070s] GC(288) Pause Young (Normal) (G1 Evacuation Pause) 255M->255M(512M) 1.294ms
[4.099s] GC(289) Pause Young (Normal) (G1 Evacuation Pause) 334M->334M(512M) 3.096ms
[4.101s] GC(286) Pause Cleanup 337M->337M(512M) 0.126ms
[4.101s] GC(286) Concurrent Mark Cycle 47.782ms
[4.120s] GC(290) Pause Young (Prepare Mixed) (G1 Evacuation Pause) 388M->389M(512M) 2.637ms
[4.135s] GC(291) Pause Young (Mixed) (G1 Evacuation Pause) 426M->423M(512M) 2.095ms
[4.145s] GC(292) Pause Young (Concurrent Start) (G1 Evacuation Pause) 450M->450M(512M) 1.798ms
[4.146s] GC(293) Concurrent Mark Cycle
[4.154s] GC(294) Pause Young (Normal) (G1 Evacuation Pause) 470M->470M(512M) 1.512ms
[4.161s] GC(293) Pause Remark 491M->251M(512M) 0.882ms
[4.163s] GC(295) Pause Young (Normal) (G1 Evacuation Pause) 251M->252M(512M) 1.532ms
[4.192s] GC(296) Pause Young (Normal) (G1 Evacuation Pause) 332M->332M(512M) 3.091ms
[4.193s] GC(293) Pause Cleanup 334M->334M(512M) 0.106ms
[4.193s] GC(293) Concurrent Mark Cycle 47.597ms
[4.213s] GC(297) Pause Young (Prepare Mixed) (G1 Evacuation Pause) 387M->387M(512M) 2.454ms
[4.228s] GC(298) Pause Young (Mixed) (G1 Evacuation Pause) 425M->424M(512M) 1.982ms
[4.238s] GC(299) Pause Young (Concurrent Start) (G1 Evacuation Pause) 450M->450M(512M) 1.595ms
[4.239s] GC(300) Concurrent Mark Cycle
[4.247s] GC(301) Pause Young (Normal) (G1 Evacuation Pause) 471M->471M(512M) 1.412ms
[4.254s] GC(300) Pause Remark 492M->249M(512M) 0.983ms
[4.256s] GC(302) Pause Young (Normal) (G1 Evacuation Pause) 249M->249M(512M) 1.326ms
[4.285s] GC(303) Pause Young (Normal) (G1 Evacuation Pause) 330M->330M(512M) 3.356ms
[4.286s] GC(300) Pause Cleanup 332M->332M(512M) 0.119ms
[4.287s] GC(300) Concurrent Mark Cycle 47.968ms
[4.307s] GC(304) Pause Young (Prepare Mixed) (G1 Evacuation Pause) 385M->386M(512M) 2.440ms
[4.322s] GC(305) Pause Young (Mixed) (G1 Evacuation Pause) 424M->423M(512M) 2.139ms
[4.332s] GC(306) Pause Young (Concurrent Start) (G1 Evacuation Pause) 449M->450M(512M) 1.586ms
[4.332s] GC(307) Concurrent Mark Cycle
[4.340s] GC(308) Pause Young (Normal) (G1 Evacuation Pause) 471M->471M(512M) 1.484ms
[4.347s] GC(307) Pause Remark 491M->251M(512M) 1.153ms
[4.349s] GC(309) Pause Young (Normal) (G1 Evacuation Pause) 252M->253M(512M) 1.603ms
[4.375s] GC(307) Pause Cleanup 332M->332M(512M) 0.142ms
[4.379s] GC(310) Pause Young (Prepare Mixed) (G1 Evacuation Pause) 333M->333M(512M) 3.150ms
[4.379s] GC(307) Concurrent Mark Cycle 47.222ms
[4.400s] GC(311) Pause Young (Mixed) (G1 Evacuation Pause) 388M->386M(512M) 2.663ms
[4.415s] GC(312) Pause Young (Concurrent Start) (G1 Evacuation Pause) 424M->424M(512M) 2.001ms
[4.415s] GC(313) Concurrent Mark Cycle
[4.426s] GC(314) Pause Young (Normal) (G1 Evacuation Pause) 450M->450M(512M) 1.525ms
[4.431s] GC(313) Pause Remark 465M->254M(512M) 1.083ms
[4.435s] GC(315) Pause Young (Normal) (G1 Evacuation Pause) 260M->261M(512M) 1.460ms
[4.463s] GC(316) Pause Young (Normal) (G1 Evacuation Pause) 338M->338M(512M) 2.962ms
[4.464s] GC(313) Pause Cleanup 341M->341M(512M) 0.145ms
[4.465s] GC(313) Concurrent Mark Cycle 49.252ms
[4.483s] GC(317) Pause Young (Prepare Mixed) (G1 Evacuation Pause) 391M->391M(512M) 2.493ms
[4.498s] GC(318) Pause Young (Mixed) (G1 Evacuation Pause) 427M->426M(512M) 1.969ms
[4.508s] GC(319) Pause Young (Concurrent Start) (G1 Evacuation Pause) 452M->452M(512M) 1.660ms
[4.508s] GC(320) Concurrent Mark Cycle
[4.516s] GC(321) Pause Young (Normal) (G1 Evacuation Pause) 473M->474M(512M) 1.452ms
[4.523s] GC(320) Pause Remark 493M->255M(512M) 1.182ms
[4.525s] GC(322) Pause Young (Normal) (G1 Evacuation Pause) 257M->257M(512M) 1.325ms
[4.554s] GC(323) Pause Young (Normal) (G1 Evacuation Pause) 335M->336M(512M) 3.331ms
[4.556s] GC(320) Pause Cleanup 340M->340M(512M) 0.138ms
[4.556s] GC(320) Concurrent Mark Cycle 47.989ms
[4.575s] GC(324) Pause Young (Prepare Mixed) (G1 Evacuation Pause) 390M->390M(512M) 2.539ms
[4.590s] GC(325) Pause Young (Mixed) (G1 Evacuation Pause) 427M->424M(512M) 1.916ms
[4.600s] GC(326) Pause Young (Concurrent Start) (G1 Evacuation Pause) 450M->451M(512M) 1.640ms
[4.600s] GC(327) Concurrent Mark Cycle
[4.608s] GC(328) Pause Young (Normal) (G1 Evacuation Pause) 472M->472M(512M) 1.596ms
[4.616s] GC(329) Pause Young (Normal) (G1 Evacuation Pause) (Evacuation Failure) 493M->498M(512M) 1.742ms
[4.617s] GC(327) Pause Remark 498M->261M(512M) 0.867ms
[4.622s] GC(330) Pause Young (Normal) (G1 Evacuation Pause) 275M->275M(512M) 1.126ms
[4.649s] GC(331) Pause Young (Normal) (G1 Evacuation Pause) 348M->349M(512M) 2.890ms
[4.651s] GC(327) Pause Cleanup 356M->356M(512M) 0.108ms
[4.652s] GC(327) Concurrent Mark Cycle 51.942ms
[4.668s] GC(332) Pause Young (Prepare Mixed) (G1 Evacuation Pause) 399M->399M(512M) 2.335ms
[4.682s] GC(333) Pause Young (Mixed) (G1 Evacuation Pause) 433M->432M(512M) 1.935ms
[4.691s] GC(334) Pause Young (Concurrent Start) (G1 Evacuation Pause) 456M->456M(512M) 1.669ms
[4.691s] GC(335) Concurrent Mark Cycle
[4.699s] GC(336) Pause Young (Normal) (G1 Evacuation Pause) 477M->478M(512M) 1.272ms
[4.707s] GC(337) Pause Young (Normal) (G1 Evacuation Pause) (Evacuation Failure) 499M->501M(512M) 1.761ms
[4.708s] GC(335) Pause Remark 501M->253M(512M) 0.900ms
[4.713s] GC(338) Pause Young (Normal) (G1 Evacuation Pause) 264M->264M(512M) 0.963ms
[4.740s] GC(339) Pause Young (Normal) (G1 Evacuation Pause) 340M->340M(512M) 2.828ms
[4.742s] GC(335) Pause Cleanup 345M->345M(512M) 0.111ms
[4.743s] GC(335) Concurrent Mark Cycle 51.205ms
[4.760s] GC(340) Pause Young (Prepare Mixed) (G1 Evacuation Pause) 392M->393M(512M) 2.344ms
[4.774s] GC(341) Pause Young (Mixed) (G1 Evacuation Pause) 429M->427M(512M) 2.119ms
[4.784s] GC(342) Pause Young (Concurrent Start) (G1 Evacuation Pause) 452M->452M(512M) 1.526ms
[4.784s] GC(343) Concurrent Mark Cycle
[4.792s] GC(344) Pause Young (Normal) (G1 Evacuation Pause) 473M->474M(512M) 1.627ms
[4.799s] GC(343) Pause Remark 494M->250M(512M) 1.074ms
[4.801s] GC(345) Pause Young (Normal) (G1 Evacuation Pause) 251M->251M(512M) 1.550ms
[4.831s] GC(346) Pause Young (Normal) (G1 Evacuation Pause) 331M->332M(512M) 3.203ms
[4.832s] GC(343) Pause Cleanup 334M->334M(512M) 0.132ms
[4.832s] GC(343) Concurrent Mark Cycle 47.915ms
[4.852s] GC(347) Pause Young (Prepare Mixed) (G1 Evacuation Pause) 387M->387M(512M) 2.506ms
[4.867s] GC(348) Pause Young (Mixed) (G1 Evacuation Pause) 425M->423M(512M) 2.126ms
[4.878s] GC(349) Pause Young (Concurrent Start) (G1 Evacuation Pause) 449M->450M(512M) 1.907ms
[4.878s] GC(350) Concurrent Mark Cycle
[4.886s] GC(351) Pause Young (Normal) (G1 Evacuation Pause) 471M->471M(512M) 1.391ms
[4.893s] GC(350) Pause Remark 489M->248M(512M) 1.207ms
[4.895s] GC(352) Pause Young (Normal) (G1 Evacuation Pause) 251M->252M(512M) 1.244ms
[4.924s] GC(353) Pause Young (Normal) (G1 Evacuation Pause) 332M->332M(512M) 3.067ms
[4.925s] GC(350) Pause Cleanup 333M->333M(512M) 0.105ms
[4.925s] GC(350) Concurrent Mark Cycle 47.314ms
[4.945s] GC(354) Pause Young (Prepare Mixed) (G1 Evacuation Pause) 387M->388M(512M) 2.496ms
[4.960s] GC(355) Pause Young (Mixed) (G1 Evacuation Pause) 426M->424M(512M) 2.157ms
[4.971s] GC(356) Pause Young (Concurrent Start) (G1 Evacuation Pause) 450M->451M(512M) 1.674ms
[4.971s] GC(357) Concurrent Mark Cycle
[4.979s] GC(358) Pause Young (Normal) (G1 Evacuation Pause) 472M->472M(512M) 1.481ms
[4.986s] GC(357) Pause Remark 492M->251M(512M) 1.034ms
[4.988s] GC(359) Pause Young (Normal) (G1 Evacuation Pause) 252M->253M(512M) 1.502ms
[5.018s] GC(360) Pause Young (Normal) (G1 Evacuation Pause) 333M->333M(512M) 3.072ms
[5.019s] GC(357) Pause Cleanup 335M->335M(512M) 0.126ms
[5.019s] GC(357) Concurrent Mark Cycle 48.043ms
[5.039s] GC(361) Pause Young (Prepare Mixed) (G1 Evacuation Pause) 388M->389M(512M) 2.630ms
[5.054s] GC(362) Pause Young (Mixed) (G1 Evacuation Pause) 426M->424M(512M) 2.060ms
[5.064s] GC(363) Pause Young (Concurrent Start) (G1 Evacuation Pause) 450M->451M(512M) 1.670ms
[5.065s] GC(364) Concurrent Mark Cycle
[5.073s] GC(365) Pause Young (Normal) (G1 Evacuation Pause) 472M->472M(512M) 1.628ms
[5.080s] GC(364) Pause Remark 493M->254M(512M) 0.879ms
[5.082s] GC(366) Pause Young (Normal) (G1 Evacuation Pause) 254M->254M(512M) 1.485ms
[5.111s] GC(367) Pause Young (Normal) (G1 Evacuation Pause) 333M->333M(512M) 3.132ms
[5.113s] GC(364) Pause Cleanup 336M->336M(512M) 0.110ms
[5.113s] GC(364) Concurrent Mark Cycle 48.191ms
[5.133s] GC(368) Pause Young (Prepare Mixed) (G1 Evacuation Pause) 388M->389M(512M) 2.635ms
[5.147s] GC(369) Pause Young (Mixed) (G1 Evacuation Pause) 426M->424M(512M) 1.863ms
[5.158s] GC(370) Pause Young (Concurrent Start) (G1 Evacuation Pause) 450M->451M(512M) 1.832ms
[5.158s] GC(371) Concurrent Mark Cycle
[5.166s] GC(372) Pause Young (Normal) (G1 Evacuation Pause) 472M->472M(512M) 1.594ms
[5.173s] GC(371) Pause Remark 492M->252M(512M) 0.965ms
[5.175s] GC(373) Pause Young (Normal) (G1 Evacuation Pause) 253M->254M(512M) 1.590ms
[5.204s] GC(374) Pause Young (Normal) (G1 Evacuation Pause) 334M->334M(512M) 3.058ms
[5.206s] GC(371) Pause Cleanup 337M->337M(512M) 0.132ms
[5.206s] GC(371) Concurrent Mark Cycle 48.194ms
[5.226s] GC(375) Pause Young (Prepare Mixed) (G1 Evacuation Pause) 389M->389M(512M) 2.699ms
[5.240s] GC(376) Pause Young (Mixed) (G1 Evacuation Pause) 426M->425M(512M) 1.988ms
[5.250s] GC(377) Pause Young (Concurrent Start) (G1 Evacuation Pause) 451M->451M(512M) 1.629ms
[5.250s] GC(378) Concurrent Mark Cycle
[5.258s] GC(379) Pause Young (Normal) (G1 Evacuation Pause) 472M->473M(512M) 1.602ms
[5.265s] GC(378) Pause Remark 493M->252M(512M) 1.143ms
[5.268s] GC(380) Pause Young (Normal) (G1 Evacuation Pause) 253M->253M(512M) 1.586ms
[5.297s] GC(381) Pause Young (Normal) (G1 Evacuation Pause) 333M->333M(512M) 3.218ms
[5.298s] GC(378) Pause Cleanup 335M->335M(512M) 0.136ms
[5.298s] GC(378) Concurrent Mark Cycle 48.112ms
[5.319s] GC(382) Pause Young (Prepare Mixed) (G1 Evacuation Pause) 388M->388M(512M) 2.625ms
[5.333s] GC(383) Pause Young (Mixed) (G1 Evacuation Pause) 425M->424M(512M) 2.080ms
[5.343s] GC(384) Pause Young (Concurrent Start) (G1 Evacuation Pause) 450M->450M(512M) 1.615ms
[5.344s] GC(385) Concurrent Mark Cycle
[5.352s] GC(386) Pause Young (Normal) (G1 Evacuation Pause) 471M->472M(512M) 1.628ms
[5.359s] GC(385) Pause Remark 490M->251M(512M) 1.189ms
[5.361s] GC(387) Pause Young (Normal) (G1 Evacuation Pause) 254M->254M(512M) 1.512ms
[5.386s] GC(385) Pause Cleanup 329M->329M(512M) 0.134ms
[5.386s] GC(385) Concurrent Mark Cycle 42.773ms
[5.391s] GC(388) Pause Young (Prepare Mixed) (G1 Evacuation Pause) 334M->334M(512M) 3.172ms
[5.412s] GC(389) Pause Young (Mixed) (G1 Evacuation Pause) 388M->387M(512M) 2.772ms
[5.427s] GC(390) Pause Young (Concurrent Start) (G1 Evacuation Pause) 425M->425M(512M) 2.086ms
[5.427s] GC(391) Concurrent Mark Cycle
[5.437s] GC(392) Pause Young (Normal) (G1 Evacuation Pause) 451M->452M(512M) 1.530ms
[5.443s] GC(391) Pause Remark 466M->251M(512M) 1.252ms
[5.447s] GC(393) Pause Young (Normal) (G1 Evacuation Pause) 258M->258M(512M) 1.512ms
[5.473s] GC(391) Pause Cleanup 336M->336M(512M) 0.158ms
[5.476s] GC(394) Pause Young (Prepare Mixed) (G1 Evacuation Pause) 336M->337M(512M) 3.008ms
[5.476s] GC(391) Concurrent Mark Cycle 49.593ms
[5.497s] GC(395) Pause Young (Mixed) (G1 Evacuation Pause) 391M->389M(512M) 2.967ms
[5.512s] GC(396) Pause Young (Concurrent Start) (G1 Evacuation Pause) 426M->427M(512M) 2.127ms
[5.512s] GC(397) Concurrent Mark Cycle
[5.523s] GC(398) Pause Young (Normal) (G1 Evacuation Pause) 452M->452M(512M) 1.762ms
[5.529s] GC(397) Pause Remark 468M->253M(512M) 1.050ms
[5.532s] GC(399) Pause Young (Normal) (G1 Evacuation Pause) 258M->258M(512M) 1.682ms
[5.561s] GC(400) Pause Young (Normal) (G1 Evacuation Pause) 336M->337M(512M) 3.030ms
[5.561s] GC(397) Pause Cleanup 338M->338M(512M) 0.146ms
[5.562s] GC(397) Concurrent Mark Cycle 49.429ms
[5.582s] GC(401) Pause Young (Prepare Mixed) (G1 Evacuation Pause) 391M->391M(512M) 2.412ms
[5.596s] GC(402) Pause Young (Mixed) (G1 Evacuation Pause) 427M->425M(512M) 1.953ms
[5.606s] GC(403) Pause Young (Concurrent Start) (G1 Evacuation Pause) 451M->452M(512M) 1.658ms
[5.606s] GC(404) Concurrent Mark Cycle
[5.614s] GC(405) Pause Young (Normal) (G1 Evacuation Pause) 473M->473M(512M) 1.589ms
[5.621s] GC(404) Pause Remark 494M->256M(512M) 0.919ms
[5.623s] GC(406) Pause Young (Normal) (G1 Evacuation Pause) 256M->257M(512M) 1.549ms
[5.652s] GC(407) Pause Young (Normal) (G1 Evacuation Pause) 336M->336M(512M) 2.978ms
[5.653s] GC(404) Pause Cleanup 340M->340M(512M) 0.105ms
[5.654s] GC(404) Concurrent Mark Cycle 47.613ms
[5.673s] GC(408) Pause Young (Prepare Mixed) (G1 Evacuation Pause) 390M->391M(512M) 2.683ms
[5.688s] GC(409) Pause Young (Mixed) (G1 Evacuation Pause) 428M->425M(512M) 2.099ms
[5.698s] GC(410) Pause Young (Concurrent Start) (G1 Evacuation Pause) 451M->452M(512M) 1.636ms
[5.698s] GC(411) Concurrent Mark Cycle
[5.706s] GC(412) Pause Young (Normal) (G1 Evacuation Pause) 473M->473M(512M) 1.454ms
[5.713s] GC(411) Pause Remark 493M->251M(512M) 0.957ms
[5.715s] GC(413) Pause Young (Normal) (G1 Evacuation Pause) 252M->253M(512M) 1.506ms
[5.744s] GC(414) Pause Young (Normal) (G1 Evacuation Pause) 333M->333M(512M) 3.113ms
[5.746s] GC(411) Pause Cleanup 335M->335M(512M) 0.109ms
[5.746s] GC(411) Concurrent Mark Cycle 47.884ms
[5.766s] GC(415) Pause Young (Prepare Mixed) (G1 Evacuation Pause) 388M->388M(512M) 2.465ms
[5.780s] GC(416) Pause Young (Mixed) (G1 Evacuation Pause) 425M->424M(512M) 1.927ms
[5.790s] GC(417) Pause Young (Concurrent Start) (G1 Evacuation Pause) 450M->450M(512M) 1.679ms
[5.790s] GC(418) Concurrent Mark Cycle
[5.798s] GC(419) Pause Young (Normal) (G1 Evacuation Pause) 471M->472M(512M) 1.504ms
[5.805s] GC(418) Pause Remark 492M->254M(512M) 1.083ms
[5.807s] GC(420) Pause Young (Normal) (G1 Evacuation Pause) 255M->255M(512M) 1.549ms
[5.837s] GC(421) Pause Young (Normal) (G1 Evacuation Pause) 334M->335M(512M) 3.103ms
[5.838s] GC(418) Pause Cleanup 338M->338M(512M) 0.117ms
[5.838s] GC(418) Concurrent Mark Cycle 48.167ms
[5.858s] GC(422) Pause Young (Prepare Mixed) (G1 Evacuation Pause) 389M->389M(512M) 2.521ms
[5.872s] GC(423) Pause Young (Mixed) (G1 Evacuation Pause) 426M->423M(512M) 2.087ms
[5.883s] GC(424) Pause Young (Concurrent Start) (G1 Evacuation Pause) 449M->450M(512M) 1.630ms
[5.883s] GC(425) Concurrent Mark Cycle
[5.891s] GC(426) Pause Young (Normal) (G1 Evacuation Pause) 471M->471M(512M) 1.363ms
[5.898s] GC(425) Pause Remark 490M->251M(512M) 1.209ms
[5.900s] GC(427) Pause Young (Normal) (G1 Evacuation Pause) 253M->254M(512M) 1.456ms
[5.925s] GC(425) Pause Cleanup 329M->329M(512M) 0.158ms
[5.925s] GC(425) Concurrent Mark Cycle 42.550ms
[5.930s] GC(428) Pause Young (Prepare Mixed) (G1 Evacuation Pause) 334M->334M(512M) 3.001ms
[5.950s] GC(429) Pause Young (Mixed) (G1 Evacuation Pause) 388M->387M(512M) 2.412ms
[5.965s] GC(430) Pause Young (Concurrent Start) (G1 Evacuation Pause) 425M->425M(512M) 2.215ms
[5.965s] GC(431) Concurrent Mark Cycle
[5.975s] GC(432) Pause Young (Normal) (G1 Evacuation Pause) 451M->451M(512M) 1.561ms
[5.981s] GC(431) Pause Remark 466M->252M(512M) 1.176ms
[5.985s] GC(433) Pause Young (Normal) (G1 Evacuation Pause) 258M->258M(512M) 1.277ms
[6.010s] GC(431) Pause Cleanup 335M->335M(512M) 0.139ms
[6.010s] GC(431) Concurrent Mark Cycle 45.494ms
[6.014s] GC(434) Pause Young (Prepare Mixed) (G1 Evacuation Pause) 336M->336M(512M) 3.067ms
[6.034s] GC(435) Pause Young (Mixed) (G1 Evacuation Pause) 390M->389M(512M) 2.642ms
[6.049s] GC(436) Pause Young (Concurrent Start) (G1 Evacuation Pause) 426M->426M(512M) 2.182ms
[6.049s] GC(437) Concurrent Mark Cycle
[6.059s] GC(438) Pause Young (Normal) (G1 Evacuation Pause) 451M->452M(512M) 1.484ms
[6.065s] GC(437) Pause Remark 467M->250M(512M) 1.098ms
[6.069s] GC(439) Pause Young (Normal) (G1 Evacuation Pause) 256M->256M(512M) 1.294ms
[6.095s] GC(437) Pause Cleanup 335M->335M(512M) 0.143ms
[6.098s] GC(440) Pause Young (Prepare Mixed) (G1 Evacuation Pause) 335M->336M(512M) 3.262ms
[6.098s] GC(437) Concurrent Mark Cycle 49.268ms
[6.119s] GC(441) Pause Young (Mixed) (G1 Evacuation Pause) 390M->388M(512M) 2.660ms
[6.134s] GC(442) Pause Young (Concurrent Start) (G1 Evacuation Pause) 426M->426M(512M) 2.192ms
[6.134s] GC(443) Concurrent Mark Cycle
[6.144s] GC(444) Pause Young (Normal) (G1 Evacuation Pause) 451M->451M(512M) 1.506ms
[6.150s] GC(443) Pause Remark 468M->256M(512M) 0.893ms
[6.153s] GC(445) Pause Young (Normal) (G1 Evacuation Pause) 260M->261M(512M) 1.568ms
[6.182s] GC(446) Pause Young (Normal) (G1 Evacuation Pause) 338M->338M(512M) 3.213ms
[6.183s] GC(443) Pause Cleanup 341M->341M(512M) 0.107ms
[6.183s] GC(443) Concurrent Mark Cycle 49.100ms
[6.203s] GC(447) Pause Young (Prepare Mixed) (G1 Evacuation Pause) 391M->391M(512M) 2.854ms
[6.217s] GC(448) Pause Young (Mixed) (G1 Evacuation Pause) 427M->425M(512M) 2.094ms
[6.227s] GC(449) Pause Young (Concurrent Start) (G1 Evacuation Pause) 451M->451M(512M) 1.820ms
[6.228s] GC(450) Concurrent Mark Cycle
[6.236s] GC(451) Pause Young (Normal) (G1 Evacuation Pause) 472M->473M(512M) 1.261ms
[6.243s] GC(450) Pause Remark 492M->255M(512M) 0.851ms
[6.245s] GC(452) Pause Young (Normal) (G1 Evacuation Pause) 257M->257M(512M) 1.338ms
[6.273s] GC(453) Pause Young (Normal) (G1 Evacuation Pause) 335M->336M(512M) 3.110ms
[6.274s] GC(450) Pause Cleanup 337M->337M(512M) 0.128ms
[6.274s] GC(450) Concurrent Mark Cycle 46.793ms
[6.295s] GC(454) Pause Young (Prepare Mixed) (G1 Evacuation Pause) 390M->390M(512M) 2.767ms
[6.309s] GC(455) Pause Young (Mixed) (G1 Evacuation Pause) 427M->425M(512M) 2.141ms
[6.320s] GC(456) Pause Young (Concurrent Start) (G1 Evacuation Pause) 451M->451M(512M) 1.621ms
[6.320s] GC(457) Concurrent Mark Cycle
[6.328s] GC(458) Pause Young (Normal) (G1 Evacuation Pause) 472M->473M(512M) 1.430ms
[6.335s] GC(457) Pause Remark 493M->254M(512M) 0.961ms
[6.337s] GC(459) Pause Young (Normal) (G1 Evacuation Pause) 255M->255M(512M) 1.611ms
[6.366s] GC(460) Pause Young (Normal) (G1 Evacuation Pause) 334M->335M(512M) 3.071ms
[6.367s] GC(457) Pause Cleanup 336M->336M(512M) 0.110ms
[6.367s] GC(457) Concurrent Mark Cycle 47.463ms
[6.387s] GC(461) Pause Young (Prepare Mixed) (G1 Evacuation Pause) 389M->389M(512M) 2.803ms
[6.402s] GC(462) Pause Young (Mixed) (G1 Evacuation Pause) 426M->425M(512M) 2.369ms
[6.412s] GC(463) Pause Young (Concurrent Start) (G1 Evacuation Pause) 451M->451M(512M) 1.605ms
[6.412s] GC(464) Concurrent Mark Cycle
[6.420s] GC(465) Pause Young (Normal) (G1 Evacuation Pause) 472M->473M(512M) 1.333ms
[6.427s] GC(464) Pause Remark 492M->252M(512M) 1.133ms
[6.429s] GC(466) Pause Young (Normal) (G1 Evacuation Pause) 254M->254M(512M) 1.314ms
[6.458s] GC(467) Pause Young (Normal) (G1 Evacuation Pause) 333M->333M(512M) 2.959ms
[6.459s] GC(464) Pause Cleanup 336M->336M(512M) 0.120ms
[6.459s] GC(464) Concurrent Mark Cycle 47.480ms
[6.480s] GC(468) Pause Young (Prepare Mixed) (G1 Evacuation Pause) 388M->389M(512M) 2.486ms
[6.494s] GC(469) Pause Young (Mixed) (G1 Evacuation Pause) 426M->424M(512M) 1.996ms
[6.504s] GC(470) Pause Young (Concurrent Start) (G1 Evacuation Pause) 450M->451M(512M) 1.573ms
[6.504s] GC(471) Concurrent Mark Cycle
[6.512s] GC(472) Pause Young (Normal) (G1 Evacuation Pause) 472M->472M(512M) 1.442ms
[6.519s] GC(471) Pause Remark 491M->254M(512M) 1.273ms
[6.521s] GC(473) Pause Young (Normal) (G1 Evacuation Pause) 256M->256M(512M) 1.276ms
[6.550s] GC(474) Pause Young (Normal) (G1 Evacuation Pause) 335M->335M(512M) 3.096ms
[6.551s] GC(471) Pause Cleanup 338M->338M(512M) 0.121ms
[6.552s] GC(471) Concurrent Mark Cycle 47.426ms
[6.571s] GC(475) Pause Young (Prepare Mixed) (G1 Evacuation Pause) 389M->390M(512M) 2.673ms
[6.586s] GC(476) Pause Young (Mixed) (G1 Evacuation Pause) 427M->424M(512M) 1.972ms
[6.596s] GC(477) Pause Young (Concurrent Start) (G1 Evacuation Pause) 450M->451M(512M) 1.619ms
[6.596s] GC(478) Concurrent Mark Cycle
[6.604s] GC(479) Pause Young (Normal) (G1 Evacuation Pause) 472M->472M(512M) 1.647ms
[6.612s] GC(480) Pause Young (Normal) (G1 Evacuation Pause) (Evacuation Failure) 493M->496M(512M) 1.559ms
[6.613s] GC(478) Pause Remark 496M->260M(512M) 0.894ms
[6.619s] GC(481) Pause Young (Normal) (G1 Evacuation Pause) 276M->276M(512M) 1.137ms
[6.646s] GC(482) Pause Young (Normal) (G1 Evacuation Pause) 349M->349M(512M) 2.836ms
[6.647s] GC(478) Pause Cleanup 353M->353M(512M) 0.129ms
[6.648s] GC(478) Concurrent Mark Cycle 51.798ms
[6.665s] GC(483) Pause Young (Prepare Mixed) (G1 Evacuation Pause) 399M->399M(512M) 2.362ms
[6.679s] GC(484) Pause Young (Mixed) (G1 Evacuation Pause) 433M->431M(512M) 1.850ms
[6.688s] GC(485) Pause Young (Concurrent Start) (G1 Evacuation Pause) 455M->455M(512M) 1.724ms
[6.688s] GC(486) Concurrent Mark Cycle
[6.697s] GC(487) Pause Young (Normal) (G1 Evacuation Pause) 476M->477M(512M) 1.524ms
[6.704s] GC(486) Pause Remark 496M->251M(512M) 0.937ms
[6.706s] GC(488) Pause Young (Normal) (G1 Evacuation Pause) 253M->253M(512M) 1.575ms
[6.736s] GC(489) Pause Young (Normal) (G1 Evacuation Pause) 333M->334M(512M) 3.158ms
[6.737s] GC(486) Pause Cleanup 335M->335M(512M) 0.117ms
[6.737s] GC(486) Concurrent Mark Cycle 48.603ms
[6.758s] GC(490) Pause Young (Prepare Mixed) (G1 Evacuation Pause) 389M->389M(512M) 2.741ms
[6.772s] GC(491) Pause Young (Mixed) (G1 Evacuation Pause) 426M->425M(512M) 2.119ms
[6.783s] GC(492) Pause Young (Concurrent Start) (G1 Evacuation Pause) 451M->451M(512M) 1.643ms
[6.783s] GC(493) Concurrent Mark Cycle
[6.791s] GC(494) Pause Young (Normal) (G1 Evacuation Pause) 472M->473M(512M) 1.775ms
[6.798s] GC(493) Pause Remark 493M->252M(512M) 0.947ms
[6.800s] GC(495) Pause Young (Normal) (G1 Evacuation Pause) 253M->253M(512M) 1.535ms
[6.829s] GC(496) Pause Young (Normal) (G1 Evacuation Pause) 333M->333M(512M) 3.070ms
[6.831s] GC(493) Pause Cleanup 337M->337M(512M) 0.124ms
[6.831s] GC(493) Concurrent Mark Cycle 48.212ms
[6.850s] GC(497) Pause Young (Prepare Mixed) (G1 Evacuation Pause) 388M->389M(512M) 2.417ms
[6.864s] GC(498) Pause Young (Mixed) (G1 Evacuation Pause) 426M->424M(512M) 1.874ms
[6.874s] GC(499) Pause Young (Concurrent Start) (G1 Evacuation Pause) 450M->451M(512M) 1.583ms
[6.875s] GC(500) Concurrent Mark Cycle
[6.883s] GC(501) Pause Young (Normal) (G1 Evacuation Pause) 472M->472M(512M) 1.646ms
[6.890s] GC(500) Pause Remark 492M->254M(512M) 1.114ms
[6.892s] GC(502) Pause Young (Normal) (G1 Evacuation Pause) 255M->256M(512M) 1.531ms
[6.921s] GC(503) Pause Young (Normal) (G1 Evacuation Pause) 335M->335M(512M) 3.135ms
[6.922s] GC(500) Pause Cleanup 336M->336M(512M) 0.117ms
[6.922s] GC(500) Concurrent Mark Cycle 47.505ms
[6.943s] GC(504) Pause Young (Prepare Mixed) (G1 Evacuation Pause) 389M->389M(512M) 3.011ms
[6.957s] GC(505) Pause Young (Mixed) (G1 Evacuation Pause) 426M->423M(512M) 2.138ms
[6.967s] GC(506) Pause Young (Concurrent Start) (G1 Evacuation Pause) 449M->450M(512M) 1.584ms
[6.967s] GC(507) Concurrent Mark Cycle
[6.975s] GC(508) Pause Young (Normal) (G1 Evacuation Pause) 471M->471M(512M) 1.345ms
[6.982s] GC(507) Pause Remark 490M->249M(512M) 1.241ms
[6.984s] GC(509) Pause Young (Normal) (G1 Evacuation Pause) 251M->251M(512M) 1.389ms
[7.014s] GC(510) Pause Young (Normal) (G1 Evacuation Pause) 331M->332M(512M) 3.093ms
[7.015s] GC(507) Pause Cleanup 333M->333M(512M) 0.110ms
[7.015s] GC(507) Concurrent Mark Cycle 47.600ms
[7.035s] GC(511) Pause Young (Prepare Mixed) (G1 Evacuation Pause) 387M->387M(512M) 2.575ms
[7.050s] GC(512) Pause Young (Mixed) (G1 Evacuation Pause) 425M->424M(512M) 1.965ms
[7.060s] GC(513) Pause Young (Concurrent Start) (G1 Evacuation Pause) 450M->450M(512M) 1.587ms
[7.060s] GC(514) Concurrent Mark Cycle
[7.068s] GC(515) Pause Young (Normal) (G1 Evacuation Pause) 471M->472M(512M) 1.297ms
[7.075s] GC(514) Pause Remark 493M->252M(512M) 0.901ms
[7.077s] GC(516) Pause Young (Normal) (G1 Evacuation Pause) 252M->252M(512M) 1.271ms
[7.106s] GC(517) Pause Young (Normal) (G1 Evacuation Pause) 332M->333M(512M) 3.352ms
[7.108s] GC(514) Pause Cleanup 336M->336M(512M) 0.111ms
[7.108s] GC(514) Concurrent Mark Cycle 47.901ms
[7.128s] GC(518) Pause Young (Prepare Mixed) (G1 Evacuation Pause) 388M->388M(512M) 2.628ms
[7.143s] GC(519) Pause Young (Mixed) (G1 Evacuation Pause) 426M->424M(512M) 2.026ms
[7.153s] GC(520) Pause Young (Concurrent Start) (G1 Evacuation Pause) 450M->451M(512M) 1.576ms
[7.153s] GC(521) Concurrent Mark Cycle
[7.161s] GC(522) Pause Young (Normal) (G1 Evacuation Pause) 472M->472M(512M) 1.269ms
[7.168s] GC(521) Pause Remark 491M->250M(512M) 0.917ms
[7.170s] GC(523) Pause Young (Normal) (G1 Evacuation Pause) 252M->253M(512M) 1.313ms
[7.200s] GC(524) Pause Young (Normal) (G1 Evacuation Pause) 333M->333M(512M) 3.133ms
[7.201s] GC(521) Pause Cleanup 334M->334M(512M) 0.124ms
[7.201s] GC(521) Concurrent Mark Cycle 47.766ms
[7.221s] GC(525) Pause Young (Prepare Mixed) (G1 Evacuation Pause) 388M->388M(512M) 2.523ms
[7.236s] GC(526) Pause Young (Mixed) (G1 Evacuation Pause) 425M->424M(512M) 1.888ms
[7.246s] GC(527) Pause Young (Concurrent Start) (G1 Evacuation Pause) 450M->450M(512M) 1.549ms
[7.246s] GC(528) Concurrent Mark Cycle
[7.254s] GC(529) Pause Young (Normal) (G1 Evacuation Pause) 471M->472M(512M) 1.269ms
[7.261s] GC(528) Pause Remark 492M->250M(512M) 0.994ms
[7.263s] GC(530) Pause Young (Normal) (G1 Evacuation Pause) 251M->251M(512M) 1.398ms
[7.292s] GC(531) Pause Young (Normal) (G1 Evacuation Pause) 331M->332M(512M) 3.087ms
[7.293s] GC(528) Pause Cleanup 333M->333M(512M) 0.105ms
[7.294s] GC(528) Concurrent Mark Cycle 47.585ms
[7.314s] GC(532) Pause Young (Prepare Mixed) (G1 Evacuation Pause) 387M->387M(512M) 2.509ms
[7.329s] GC(533) Pause Young (Mixed) (G1 Evacuation Pause) 425M->424M(512M) 1.941ms
[7.339s] GC(534) Pause Young (Concurrent Start) (G1 Evacuation Pause) 450M->451M(512M) 1.623ms
[7.339s] GC(535) Concurrent Mark Cycle
[7.347s] GC(536) Pause Young (Normal) (G1 Evacuation Pause) 472M->472M(512M) 1.591ms
[7.354s] GC(535) Pause Remark 491M->251M(512M) 1.142ms
[7.356s] GC(537) Pause Young (Normal) (G1 Evacuation Pause) 253M->254M(512M) 1.548ms
[7.386s] GC(538) Pause Young (Normal) (G1 Evacuation Pause) 334M->334M(512M) 3.752ms
[7.387s] GC(535) Pause Cleanup 336M->336M(512M) 0.112ms
[7.388s] GC(535) Concurrent Mark Cycle 48.796ms
[7.408s] GC(539) Pause Young (Prepare Mixed) (G1 Evacuation Pause) 389M->389M(512M) 2.581ms
[7.422s] GC(540) Pause Young (Mixed) (G1 Evacuation Pause) 426M->425M(512M) 1.826ms
[7.432s] GC(541) Pause Young (Concurrent Start) (G1 Evacuation Pause) 451M->451M(512M) 1.559ms
[7.432s] GC(542) Concurrent Mark Cycle
[7.440s] GC(543) Pause Young (Normal) (G1 Evacuation Pause) 472M->473M(512M) 1.578ms
[7.447s] GC(542) Pause Remark 491M->250M(512M) 1.296ms
[7.450s] GC(544) Pause Young (Normal) (G1 Evacuation Pause) 253M->253M(512M) 1.545ms
[7.476s] GC(542) Pause Cleanup 332M->332M(512M) 0.149ms
[7.476s] GC(542) Concurrent Mark Cycle 44.125ms
[7.479s] GC(545) Pause Young (Prepare Mixed) (G1 Evacuation Pause) 333M->333M(512M) 2.964ms
[7.500s] GC(546) Pause Young (Mixed) (G1 Evacuation Pause) 388M->387M(512M) 2.594ms
[7.515s] GC(547) Pause Young (Concurrent Start) (G1 Evacuation Pause) 425M->425M(512M) 2.005ms
[7.515s] GC(548) Concurrent Mark Cycle
[7.526s] GC(549) Pause Young (Normal) (G1 Evacuation Pause) 451M->452M(512M) 1.565ms
[7.531s] GC(548) Pause Remark 466M->250M(512M) 1.014ms
[7.535s] GC(550) Pause Young (Normal) (G1 Evacuation Pause) 257M->257M(512M) 1.454ms
[7.560s] GC(548) Pause Cleanup 334M->334M(512M) 0.142ms
[7.561s] GC(548) Concurrent Mark Cycle 45.282ms
[7.564s] GC(551) Pause Young (Prepare Mixed) (G1 Evacuation Pause) 335M->336M(512M) 3.005ms
[7.585s] GC(552) Pause Young (Mixed) (G1 Evacuation Pause) 390M->388M(512M) 2.666ms
[7.600s] GC(553) Pause Young (Concurrent Start) (G1 Evacuation Pause) 425M->426M(512M) 2.510ms
[7.600s] GC(554) Concurrent Mark Cycle
[7.610s] GC(555) Pause Young (Normal) (G1 Evacuation Pause) 452M->452M(512M) 1.550ms
[7.616s] GC(554) Pause Remark 469M->255M(512M) 0.895ms
[7.619s] GC(556) Pause Young (Normal) (G1 Evacuation Pause) 259M->260M(512M) 1.436ms
[7.648s] GC(557) Pause Young (Normal) (G1 Evacuation Pause) 338M->338M(512M) 3.253ms
[7.649s] GC(554) Pause Cleanup 340M->340M(512M) 0.103ms
[7.649s] GC(554) Concurrent Mark Cycle 49.388ms
[7.669s] GC(558) Pause Young (Prepare Mixed) (G1 Evacuation Pause) 391M->391M(512M) 2.735ms
[7.683s] GC(559) Pause Young (Mixed) (G1 Evacuation Pause) 427M->426M(512M) 1.993ms
[7.693s] GC(560) Pause Young (Concurrent Start) (G1 Evacuation Pause) 452M->452M(512M) 1.609ms
[7.693s] GC(561) Concurrent Mark Cycle
[7.702s] GC(562) Pause Young (Normal) (G1 Evacuation Pause) 473M->473M(512M) 1.385ms
[7.709s] GC(561) Pause Remark 492M->252M(512M) 0.882ms
[7.711s] GC(563) Pause Young (Normal) (G1 Evacuation Pause) 254M->255M(512M) 1.311ms
[7.740s] GC(564) Pause Young (Normal) (G1 Evacuation Pause) 334M->334M(512M) 3.801ms
[7.742s] GC(561) Pause Cleanup 338M->338M(512M) 0.116ms
[7.742s] GC(561) Concurrent Mark Cycle 48.423ms
[7.761s] GC(565) Pause Young (Prepare Mixed) (G1 Evacuation Pause) 388M->389M(512M) 2.654ms
[7.776s] GC(566) Pause Young (Mixed) (G1 Evacuation Pause) 426M->424M(512M) 1.894ms
[7.786s] GC(567) Pause Young (Concurrent Start) (G1 Evacuation Pause) 450M->451M(512M) 1.550ms
[7.786s] GC(568) Concurrent Mark Cycle
[7.794s] GC(569) Pause Young (Normal) (G1 Evacuation Pause) 472M->472M(512M) 1.565ms
[7.801s] GC(568) Pause Remark 492M->254M(512M) 0.954ms
[7.803s] GC(570) Pause Young (Normal) (G1 Evacuation Pause) 255M->256M(512M) 1.516ms
[7.832s] GC(571) Pause Young (Normal) (G1 Evacuation Pause) 335M->335M(512M) 3.112ms
[7.834s] GC(568) Pause Cleanup 338M->338M(512M) 0.145ms
[7.834s] GC(568) Concurrent Mark Cycle 48.053ms
[7.854s] GC(572) Pause Young (Prepare Mixed) (G1 Evacuation Pause) 389M->389M(512M) 2.659ms
[7.868s] GC(573) Pause Young (Mixed) (G1 Evacuation Pause) 426M->424M(512M) 2.154ms
[7.878s] GC(574) Pause Young (Concurrent Start) (G1 Evacuation Pause) 450M->451M(512M) 1.642ms
[7.878s] GC(575) Concurrent Mark Cycle
[7.886s] GC(576) Pause Young (Normal) (G1 Evacuation Pause) 472M->472M(512M) 1.354ms
[7.893s] GC(575) Pause Remark 490M->248M(512M) 1.087ms
[7.896s] GC(577) Pause Young (Normal) (G1 Evacuation Pause) 251M->251M(512M) 1.388ms
[7.922s] GC(575) Pause Cleanup 330M->330M(512M) 0.171ms
[7.922s] GC(575) Concurrent Mark Cycle 43.663ms
[7.926s] GC(578) Pause Young (Prepare Mixed) (G1 Evacuation Pause) 331M->332M(512M) 3.392ms
[7.947s] GC(579) Pause Young (Mixed) (G1 Evacuation Pause) 387M->385M(512M) 2.703ms
[7.962s] GC(580) Pause Young (Concurrent Start) (G1 Evacuation Pause) 423M->424M(512M) 2.147ms
[7.962s] GC(581) Concurrent Mark Cycle
[7.972s] GC(582) Pause Young (Normal) (G1 Evacuation Pause) 450M->450M(512M) 1.520ms
[7.978s] GC(581) Pause Remark 464M->253M(512M) 1.082ms
[7.982s] GC(583) Pause Young (Normal) (G1 Evacuation Pause) 260M->260M(512M) 1.753ms
[8.011s] GC(584) Pause Young (Normal) (G1 Evacuation Pause) 337M->337M(512M) 3.027ms
[8.011s] GC(581) Pause Cleanup 338M->338M(512M) 0.103ms
[8.012s] GC(581) Concurrent Mark Cycle 49.366ms
[8.032s] GC(585) Pause Young (Prepare Mixed) (G1 Evacuation Pause) 390M->391M(512M) 2.778ms
[8.046s] GC(586) Pause Young (Mixed) (G1 Evacuation Pause) 428M->425M(512M) 2.196ms
[8.057s] GC(587) Pause Young (Concurrent Start) (G1 Evacuation Pause) 451M->452M(512M) 1.591ms
[8.057s] GC(588) Concurrent Mark Cycle
[8.065s] GC(589) Pause Young (Normal) (G1 Evacuation Pause) 473M->473M(512M) 1.361ms
[8.072s] GC(588) Pause Remark 492M->255M(512M) 1.311ms
[8.075s] GC(590) Pause Young (Normal) (G1 Evacuation Pause) 257M->258M(512M) 1.370ms
[8.103s] GC(591) Pause Young (Normal) (G1 Evacuation Pause) 336M->336M(512M) 2.937ms
[8.105s] GC(588) Pause Cleanup 339M->339M(512M) 0.116ms
[8.105s] GC(588) Concurrent Mark Cycle 47.963ms
[8.124s] GC(592) Pause Young (Prepare Mixed) (G1 Evacuation Pause) 390M->390M(512M) 2.637ms
[8.139s] GC(593) Pause Young (Mixed) (G1 Evacuation Pause) 427M->424M(512M) 1.874ms
[8.149s] GC(594) Pause Young (Concurrent Start) (G1 Evacuation Pause) 450M->451M(512M) 1.606ms
[8.149s] GC(595) Concurrent Mark Cycle
[8.157s] GC(596) Pause Young (Normal) (G1 Evacuation Pause) 472M->472M(512M) 1.394ms
[8.164s] GC(595) Pause Remark 491M->248M(512M) 0.892ms
[8.166s] GC(597) Pause Young (Normal) (G1 Evacuation Pause) 250M->251M(512M) 1.338ms
[8.193s] GC(595) Pause Cleanup 332M->332M(512M) 0.130ms
[8.197s] GC(598) Pause Young (Prepare Mixed) (G1 Evacuation Pause) 332M->332M(512M) 3.216ms
[8.197s] GC(595) Concurrent Mark Cycle 47.694ms
[8.218s] GC(599) Pause Young (Mixed) (G1 Evacuation Pause) 387M->387M(512M) 2.836ms
[8.235s] GC(600) Pause Young (Concurrent Start) (G1 Evacuation Pause) 425M->425M(512M) 2.697ms
[8.235s] GC(601) Concurrent Mark Cycle
[8.245s] GC(602) Pause Young (Normal) (G1 Evacuation Pause) 451M->452M(512M) 1.529ms
[8.258s] GC(601) Pause Remark 469M->255M(512M) 0.921ms
[8.261s] GC(603) Pause Young (Normal) (G1 Evacuation Pause) 259M->259M(512M) 1.453ms
[8.271s] GC(601) Concurrent Mark Cycle 35.729ms
