[0.002s] Using G1
[0.264s] GC(0) Pause Young (Normal) (G1 Evacuation Pause) 27M->4M(512M) 3.000ms
[0.269s] GC(1) Pause Young (Normal) (G1 Evacuation Pause) 26M->6M(512M) 2.342ms
[0.271s] GC(2) Pause Young (Normal) (G1 Evacuation Pause) 29M->7M(512M) 0.790ms
[0.302s] GC(3) Pause Young (Normal) (G1 Evacuation Pause) 29M->9M(512M) 29.980ms
[0.304s] GC(4) Pause Young (Normal) (G1 Evacuation Pause) 31M->10M(512M) 0.829ms
[0.311s] GC(5) Pause Young (Normal) (G1 Evacuation Pause) 32M->27M(512M) 1.493ms
[0.320s] GC(6) Pause Young (Normal) (G1 Evacuation Pause) 48M->48M(512M) 1.653ms
[0.328s] GC(7) Pause Young (Normal) (G1 Evacuation Pause) 69M->70M(512M) 1.805ms
[0.337s] GC(8) Pause Young (Normal) (G1 Evacuation Pause) 91M->91M(512M) 1.789ms
[0.345s] GC(9) Pause Young (Normal) (G1 Evacuation Pause) 112M->113M(512M) 1.695ms
[0.354s] GC(10) Pause Young (Normal) (G1 Evacuation Pause) 134M->134M(512M) 1.928ms
[0.362s] GC(11) Pause Young (Normal) (G1 Evacuation Pause) 155M->156M(512M) 1.669ms
[0.371s] GC(12) Pause Young (Normal) (G1 Evacuation Pause) 177M->177M(512M) 1.712ms
[0.379s] GC(13) Pause Young (Normal) (G1 Evacuation Pause) 198M->198M(512M) 1.575ms
[0.389s] GC(14) Pause Young (Normal) (G1 Evacuation Pause) 221M->222M(512M) 1.730ms
[0.401s] GC(15) Pause Young (Normal) (G1 Evacuation Pause) 251M->251M(512M) 2.401ms
[0.415s] GC(16) Pause Young (Concurrent Start) (G1 Evacuation Pause) 287M->288M(512M) 2.546ms
[0.416s] GC(17) Concurrent Mark Cycle
[0.432s] GC(18) Pause Young (Normal) (G1 Evacuation Pause) 330M->330M(512M) 2.601ms
[0.437s] GC(17) Pause Remark 340M->267M(512M) 1.073ms
[0.453s] GC(19) Pause Young (Normal) (G1 Evacuation Pause) 306M->307M(512M) 2.335ms
[0.470s] GC(17) Pause Cleanup 357M->357M(512M) 0.130ms
[0.471s] GC(17) Concurrent Mark Cycle 55.060ms
[0.476s] GC(20) Pause Young (Prepare Mixed) (G1 Evacuation Pause) 366M->366M(512M) 3.071ms
[0.494s] GC(21) Pause Young (Mixed) (G1 Evacuation Pause) 410M->409M(512M) 2.774ms
[0.507s] GC(22) Pause Young (Concurrent Start) (G1 Evacuation Pause) 440M->440M(512M) 2.166ms
[0.507s] GC(23) Concurrent Mark Cycle
[0.516s] GC(24) Pause Young (Normal) (G1 Evacuation Pause) 461M->462M(512M) 1.566ms
[0.524s] GC(23) Pause Remark 482M->254M(512M) 1.341ms
[0.526s] GC(25) Pause Young (Normal) (G1 Evacuation Pause) 255M->255M(512M) 1.593ms
[0.555s] GC(26) Pause Young (Normal) (G1 Evacuation Pause) 334M->335M(512M) 3.243ms
[0.556s] GC(23) Pause Cleanup 338M->338M(512M) 0.109ms
[0.557s] GC(23) Concurrent Mark Cycle 50.000ms
[0.576s] GC(27) Pause Young (Prepare Mixed) (G1 Evacuation Pause) 389M->389M(512M) 2.813ms
[0.591s] GC(28) Pause Young (Mixed) (G1 Evacuation Pause) 426M->424M(512M) 2.198ms
[0.602s] GC(29) Pause Young (Concurrent Start) (G1 Evacuation Pause) 450M->451M(512M) 1.692ms
[0.602s] GC(30) Concurrent Mark Cycle
[0.610s] GC(31) Pause Young (Normal) (G1 Evacuation Pause) 472M->472M(512M) 1.373ms
[0.617s] GC(30) Pause Remark 489M->249M(512M) 1.263ms
[0.620s] GC(32) Pause Young (Normal) (G1 Evacuation Pause) 253M->254M(512M) 1.361ms
[0.649s] GC(33) Pause Young (Normal) (G1 Evacuation Pause) 333M->333M(512M) 3.275ms
[0.650s] GC(30) Pause Cleanup 335M->335M(512M) 0.123ms
[0.650s] GC(30) Concurrent Mark Cycle 48.381ms
[0.670s] GC(34) Pause Young (Prepare Mixed) (G1 Evacuation Pause) 387M->388M(512M) 2.770ms
[0.685s] GC(35) Pause Young (Mixed) (G1 Evacuation Pause) 426M->424M(512M) 1.988ms
[0.696s] GC(36) Pause Young (Concurrent Start) (G1 Evacuation Pause) 450M->450M(512M) 1.680ms
[0.696s] GC(37) Concurrent Mark Cycle
[0.704s] GC(38) Pause Young (Normal) (G1 Evacuation Pause) 471M->472M(512M) 1.532ms
[0.711s] GC(37) Pause Remark 492M->250M(512M) 0.895ms
[0.713s] GC(39) Pause Young (Normal) (G1 Evacuation Pause) 251M->251M(512M) 1.345ms
[0.743s] GC(40) Pause Young (Normal) (G1 Evacuation Pause) 331M->332M(512M) 3.146ms
[0.744s] GC(37) Pause Cleanup 333M->333M(512M) 0.108ms
[0.744s] GC(37) Concurrent Mark Cycle 48.483ms
[0.765s] GC(41) Pause Young (Prepare Mixed) (G1 Evacuation Pause) 387M->387M(512M) 2.860ms
[0.780s] GC(42) Pause Young (Mixed) (G1 Evacuation Pause) 425M->424M(512M) 2.538ms
[0.791s] GC(43) Pause Young (Concurrent Start) (G1 Evacuation Pause) 450M->450M(512M) 1.778ms
[0.791s] GC(44) Concurrent Mark Cycle
[0.800s] GC(45) Pause Young (Normal) (G1 Evacuation Pause) 471M->472M(512M) 1.573ms
[0.807s] GC(44) Pause Remark 491M->249M(512M) 0.905ms
[0.810s] GC(46) Pause Young (Normal) (G1 Evacuation Pause) 251M->251M(512M) 1.666ms
[0.840s] GC(47) Pause Young (Normal) (G1 Evacuation Pause) 331M->331M(512M) 3.225ms
[0.840s] GC(44) Pause Cleanup 332M->332M(512M) 0.126ms
[0.841s] GC(44) Concurrent Mark Cycle 49.669ms
[0.862s] GC(48) Pause Young (Prepare Mixed) (G1 Evacuation Pause) 386M->387M(512M) 2.641ms
[0.876s] GC(49) Pause Young (Mixed) (G1 Evacuation Pause) 425M->423M(512M) 2.037ms
[0.887s] GC(50) Pause Young (Concurrent Start) (G1 Evacuation Pause) 449M->450M(512M) 1.776ms
[0.887s] GC(51) Concurrent Mark Cycle
[0.896s] GC(52) Pause Young (Normal) (G1 Evacuation Pause) 471M->471M(512M) 1.929ms
[0.904s] GC(51) Pause Remark 490M->247M(512M) 1.037ms
[0.907s] GC(53) Pause Young (Normal) (G1 Evacuation Pause) 249M->249M(512M) 1.995ms
[0.934s] GC(51) Pause Cleanup 330M->330M(512M) 0.139ms
[0.937s] GC(54) Pause Young (Prepare Mixed) (G1 Evacuation Pause) 330M->330M(512M) 3.089ms
[0.938s] GC(51) Concurrent Mark Cycle 50.519ms
[0.959s] GC(55) Pause Young (Mixed) (G1 Evacuation Pause) 385M->385M(512M) 2.616ms
[0.975s] GC(56) Pause Young (Concurrent Start) (G1 Evacuation Pause) 424M->424M(512M) 2.608ms
[0.975s] GC(57) Concurrent Mark Cycle
[0.985s] GC(58) Pause Young (Normal) (G1 Evacuation Pause) 450M->451M(512M) 1.615ms
[0.992s] GC(57) Pause Remark 467M->252M(512M) 1.001ms
[0.995s] GC(59) Pause Young (Normal) (G1 Evacuation Pause) 257M->257M(512M) 1.558ms
[1.025s] GC(60) Pause Young (Normal) (G1 Evacuation Pause) 335M->336M(512M) 3.310ms
[1.025s] GC(57) Pause Cleanup 336M->336M(512M) 0.102ms
[1.026s] GC(57) Concurrent Mark Cycle 50.673ms
[1.046s] GC(61) Pause Young (Prepare Mixed) (G1 Evacuation Pause) 390M->390M(512M) 3.027ms
[1.061s] GC(62) Pause Young (Mixed) (G1 Evacuation Pause) 427M->426M(512M) 2.177ms
[1.072s] GC(63) Pause Young (Concurrent Start) (G1 Evacuation Pause) 452M->452M(512M) 1.677ms
[1.072s] GC(64) Concurrent Mark Cycle
[1.080s] GC(65) Pause Young (Normal) (G1 Evacuation Pause) 473M->474M(512M) 1.350ms
[1.087s] GC(64) Pause Remark 491M->249M(512M) 1.415ms
[1.090s] GC(66) Pause Young (Normal) (G1 Evacuation Pause) 253M->253M(512M) 1.483ms
[1.121s] GC(67) Pause Young (Normal) (G1 Evacuation Pause) 333M->334M(512M) 3.404ms
[1.121s] GC(64) Pause Cleanup 334M->334M(512M) 0.122ms
[1.122s] GC(64) Concurrent Mark Cycle 49.751ms
[1.142s] GC(68) Pause Young (Prepare Mixed) (G1 Evacuation Pause) 389M->389M(512M) 2.791ms
[1.157s] GC(69) Pause Young (Mixed) (G1 Evacuation Pause) 426M->424M(512M) 2.101ms
[1.168s] GC(70) Pause Young (Concurrent Start) (G1 Evacuation Pause) 450M->451M(512M) 1.653ms
[1.168s] GC(71) Concurrent Mark Cycle
[1.176s] GC(72) Pause Young (Normal) (G1 Evacuation Pause) 472M->472M(512M) 1.450ms
[1.183s] GC(71) Pause Remark 491M->253M(512M) 1.157ms
[1.186s] GC(73) Pause Young (Normal) (G1 Evacuation Pause) 255M->256M(512M) 1.581ms
[1.217s] GC(74) Pause Young (Normal) (G1 Evacuation Pause) 335M->335M(512M) 3.279ms
[1.217s] GC(71) Pause Cleanup 336M->336M(512M) 0.127ms
[1.217s] GC(71) Concurrent Mark Cycle 49.564ms
[1.238s] GC(75) Pause Young (Prepare Mixed) (G1 Evacuation Pause) 389M->390M(512M) 2.888ms
[1.253s] GC(76) Pause Young (Mixed) (G1 Evacuation Pause) 427M->425M(512M) 2.219ms
[1.264s] GC(77) Pause Young (Concurrent Start) (G1 Evacuation Pause) 451M->451M(512M) 1.833ms
[1.264s] GC(78) Concurrent Mark Cycle
[1.272s] GC(79) Pause Young (Normal) (G1 Evacuation Pause) 472M->472M(512M) 1.427ms
[1.280s] GC(80) Pause Young (Normal) (G1 Evacuation Pause) (Evacuation Failure) 493M->496M(512M) 1.594ms
[1.282s] GC(78) Pause Remark 496M->254M(512M) 0.958ms
[1.288s] GC(81) Pause Young (Normal) (G1 Evacuation Pause) 270M->270M(512M) 1.233ms
[1.313s] GC(78) Pause Cleanup 344M->344M(512M) 0.144ms
[1.317s] GC(82) Pause Young (Prepare Mixed) (G1 Evacuation Pause) 344M->345M(512M) 3.068ms
[1.317s] GC(78) Concurrent Mark Cycle 52.998ms
[1.336s] GC(83) Pause Young (Mixed) (G1 Evacuation Pause) 396M->394M(512M) 2.392ms
[1.351s] GC(84) Pause Young (Concurrent Start) (G1 Evacuation Pause) 429M->430M(512M) 2.156ms
[1.351s] GC(85) Concurrent Mark Cycle
[1.361s] GC(86) Pause Young (Normal) (G1 Evacuation Pause) 454M->454M(512M) 1.634ms
[1.367s] GC(85) Pause Remark 470M->253M(512M) 0.904ms
[1.370s] GC(87) Pause Young (Normal) (G1 Evacuation Pause) 258M->258M(512M) 1.397ms
[1.400s] GC(88) Pause Young (Normal) (G1 Evacuation Pause) 336M->337M(512M) 3.789ms
[1.401s] GC(85) Pause Cleanup 337M->337M(512M) 0.140ms
[1.401s] GC(85) Concurrent Mark Cycle 50.665ms
[1.422s] GC(89) Pause Young (Prepare Mixed) (G1 Evacuation Pause) 391M->391M(512M) 2.682ms
[1.437s] GC(90) Pause Young (Mixed) (G1 Evacuation Pause) 427M->426M(512M) 2.464ms
[1.448s] GC(91) Pause Young (Concurrent Start) (G1 Evacuation Pause) 452M->452M(512M) 1.770ms
[1.448s] GC(92) Concurrent Mark Cycle
[1.457s] GC(93) Pause Young (Normal) (G1 Evacuation Pause) 473M->474M(512M) 1.839ms
[1.465s] GC(92) Pause Remark 493M->253M(512M) 1.164ms
[1.467s] GC(94) Pause Young (Normal) (G1 Evacuation Pause) 255M->255M(512M) 1.688ms
[1.497s] GC(95) Pause Young (Normal) (G1 Evacuation Pause) 334M->334M(512M) 3.282ms
[1.499s] GC(92) Pause Cleanup 339M->339M(512M) 0.210ms
[1.499s] GC(92) Concurrent Mark Cycle 51.332ms
[1.519s] GC(96) Pause Young (Prepare Mixed) (G1 Evacuation Pause) 388M->388M(512M) 2.867ms
[1.533s] GC(97) Pause Young (Mixed) (G1 Evacuation Pause) 425M->423M(512M) 2.056ms
[1.544s] GC(98) Pause Young (Concurrent Start) (G1 Evacuation Pause) 450M->450M(512M) 1.937ms
[1.545s] GC(99) Concurrent Mark Cycle
[1.553s] GC(100) Pause Young (Normal) (G1 Evacuation Pause) 470M->470M(512M) 1.481ms
[1.561s] GC(99) Pause Remark 491M->251M(512M) 1.183ms
[1.562s] GC(101) Pause Young (Normal) (G1 Evacuation Pause) 251M->252M(512M) 1.245ms
[1.593s] GC(102) Pause Young (Normal) (G1 Evacuation Pause) 332M->332M(512M) 3.193ms
[1.593s] GC(99) Pause Cleanup 332M->332M(512M) 0.129ms
[1.594s] GC(99) Concurrent Mark Cycle 49.155ms
[1.614s] GC(103) Pause Young (Prepare Mixed) (G1 Evacuation Pause) 387M->387M(512M) 2.583ms
[1.630s] GC(104) Pause Young (Mixed) (G1 Evacuation Pause) 425M->423M(512M) 2.183ms
[1.640s] GC(105) Pause Young (Concurrent Start) (G1 Evacuation Pause) 449M->450M(512M) 1.708ms
[1.640s] GC(106) Concurrent Mark Cycle
[1.648s] GC(107) Pause Young (Normal) (G1 Evacuation Pause) 471M->471M(512M) 1.453ms
[1.655s] GC(106) Pause Remark 488M->245M(512M) 1.298ms
[1.658s] GC(108) Pause Young (Normal) (G1 Evacuation Pause) 249M->250M(512M) 1.583ms
[1.685s] GC(106) Pause Cleanup 327M->327M(512M) 0.145ms
[1.686s] GC(106) Concurrent Mark Cycle 45.677ms
[1.690s] GC(109) Pause Young (Prepare Mixed) (G1 Evacuation Pause) 331M->331M(512M) 3.622ms
[1.711s] GC(110) Pause Young (Mixed) (G1 Evacuation Pause) 386M->385M(512M) 2.618ms
[1.726s] GC(111) Pause Young (Concurrent Start) (G1 Evacuation Pause) 423M->424M(512M) 2.328ms
[1.727s] GC(112) Concurrent Mark Cycle
[1.737s] GC(113) Pause Young (Normal) (G1 Evacuation Pause) 450M->450M(512M) 1.579ms
[1.744s] GC(112) Pause Remark 466M->255M(512M) 1.136ms
[1.747s] GC(114) Pause Young (Normal) (G1 Evacuation Pause) 260M->260M(512M) 1.445ms
[1.776s] GC(115) Pause Young (Normal) (G1 Evacuation Pause) 337M->338M(512M) 2.979ms
[1.777s] GC(112) Pause Cleanup 340M->340M(512M) 0.119ms
[1.777s] GC(112) Concurrent Mark Cycle 50.820ms
[1.797s] GC(116) Pause Young (Prepare Mixed) (G1 Evacuation Pause) 391M->391M(512M) 2.705ms
[1.812s] GC(117) Pause Young (Mixed) (G1 Evacuation Pause) 428M->425M(512M) 2.247ms
[1.822s] GC(118) Pause Young (Concurrent Start) (G1 Evacuation Pause) 451M->452M(512M) 1.964ms
[1.823s] GC(119) Concurrent Mark Cycle
[1.830s] GC(120) Pause Young (Normal) (G1 Evacuation Pause) 473M->473M(512M) 1.579ms
[1.839s] GC(121) Pause Young (Normal) (G1 Evacuation Pause) (Evacuation Failure) 494M->496M(512M) 1.631ms
[1.840s] GC(119) Pause Remark 496M->257M(512M) 0.942ms
[1.846s] GC(122) Pause Young (Normal) (G1 Evacuation Pause) 273M->273M(512M) 1.176ms
[1.873s] GC(123) Pause Young (Normal) (G1 Evacuation Pause) 346M->347M(512M) 2.832ms
[1.875s] GC(119) Pause Cleanup 351M->351M(512M) 0.124ms
[1.875s] GC(119) Concurrent Mark Cycle 52.902ms
[1.893s] GC(124) Pause Young (Prepare Mixed) (G1 Evacuation Pause) 397M->397M(512M) 2.289ms
[1.907s] GC(125) Pause Young (Mixed) (G1 Evacuation Pause) 431M->429M(512M) 2.154ms
[1.917s] GC(126) Pause Young (Concurrent Start) (G1 Evacuation Pause) 454M->454M(512M) 1.862ms
[1.917s] GC(127) Concurrent Mark Cycle
[1.925s] GC(128) Pause Young (Normal) (G1 Evacuation Pause) 475M->475M(512M) 1.517ms
[1.932s] GC(127) Pause Remark 495M->249M(512M) 1.106ms
[1.935s] GC(129) Pause Young (Normal) (G1 Evacuation Pause) 250M->251M(512M) 1.548ms
[1.961s] GC(127) Pause Cleanup 331M->331M(512M) 0.131ms
[1.965s] GC(130) Pause Young (Prepare Mixed) (G1 Evacuation Pause) 331M->331M(512M) 3.114ms
[1.965s] GC(127) Concurrent Mark Cycle 48.149ms
[1.986s] GC(131) Pause Young (Mixed) (G1 Evacuation Pause) 386M->384M(512M) 2.890ms
[2.001s] GC(132) Pause Young (Concurrent Start) (G1 Evacuation Pause) 423M->423M(512M) 2.238ms
[2.001s] GC(133) Concurrent Mark Cycle
[2.012s] GC(134) Pause Young (Normal) (G1 Evacuation Pause) 449M->450M(512M) 1.717ms
[2.018s] GC(133) Pause Remark 465M->251M(512M) 0.913ms
[2.021s] GC(135) Pause Young (Normal) (G1 Evacuation Pause) 257M->257M(512M) 1.574ms
[2.051s] GC(136) Pause Young (Normal) (G1 Evacuation Pause) 335M->336M(512M) 3.167ms
[2.051s] GC(133) Pause Cleanup 336M->336M(512M) 0.116ms
[2.051s] GC(133) Concurrent Mark Cycle 50.054ms
[2.072s] GC(137) Pause Young (Prepare Mixed) (G1 Evacuation Pause) 390M->390M(512M) 2.787ms
[2.087s] GC(138) Pause Young (Mixed) (G1 Evacuation Pause) 427M->426M(512M) 2.156ms
[2.097s] GC(139) Pause Young (Concurrent Start) (G1 Evacuation Pause) 452M->452M(512M) 1.620ms
[2.097s] GC(140) Concurrent Mark Cycle
[2.105s] GC(141) Pause Young (Normal) (G1 Evacuation Pause) 473M->474M(512M) 1.428ms
[2.113s] GC(140) Pause Remark 492M->252M(512M) 1.190ms
[2.115s] GC(142) Pause Young (Normal) (G1 Evacuation Pause) 255M->255M(512M) 1.440ms
[2.145s] GC(143) Pause Young (Normal) (G1 Evacuation Pause) 334M->334M(512M) 2.998ms
[2.145s] GC(140) Pause Cleanup 335M->335M(512M) 0.124ms
[2.146s] GC(140) Concurrent Mark Cycle 48.330ms
[2.167s] GC(144) Pause Young (Prepare Mixed) (G1 Evacuation Pause) 388M->389M(512M) 3.103ms
[2.181s] GC(145) Pause Young (Mixed) (G1 Evacuation Pause) 426M->424M(512M) 2.005ms
[2.191s] GC(146) Pause Young (Concurrent Start) (G1 Evacuation Pause) 450M->451M(512M) 1.897ms
[2.192s] GC(147) Concurrent Mark Cycle
[2.200s] GC(148) Pause Young (Normal) (G1 Evacuation Pause) 472M->472M(512M) 1.645ms
[2.208s] GC(147) Pause Remark 490M->252M(512M) 1.351ms
[2.211s] GC(149) Pause Young (Normal) (G1 Evacuation Pause) 255M->256M(512M) 1.707ms
[2.240s] GC(150) Pause Young (Normal) (G1 Evacuation Pause) 335M->335M(512M) 3.468ms
[2.241s] GC(147) Pause Cleanup 336M->336M(512M) 0.138ms
[2.241s] GC(147) Concurrent Mark Cycle 49.784ms
[2.261s] GC(151) Pause Young (Prepare Mixed) (G1 Evacuation Pause) 389M->390M(512M) 2.517ms
[2.276s] GC(152) Pause Young (Mixed) (G1 Evacuation Pause) 427M->424M(512M) 2.290ms
[2.286s] GC(153) Pause Young (Concurrent Start) (G1 Evacuation Pause) 450M->450M(512M) 1.716ms
[2.286s] GC(154) Concurrent Mark Cycle
[2.295s] GC(155) Pause Young (Normal) (G1 Evacuation Pause) 471M->472M(512M) 1.363ms
[2.303s] GC(154) Pause Remark 492M->252M(512M) 0.899ms
[2.305s] GC(156) Pause Young (Normal) (G1 Evacuation Pause) 253M->253M(512M) 1.595ms
[2.335s] GC(157) Pause Young (Normal) (G1 Evacuation Pause) 333M->333M(512M) 3.134ms
[2.335s] GC(154) Pause Cleanup 334M->334M(512M) 0.132ms
[2.336s] GC(154) Concurrent Mark Cycle 49.224ms
[2.356s] GC(158) Pause Young (Prepare Mixed) (G1 Evacuation Pause) 388M->389M(512M) 2.656ms
[2.371s] GC(159) Pause Young (Mixed) (G1 Evacuation Pause) 426M->424M(512M) 2.173ms
[2.381s] GC(160) Pause Young (Concurrent Start) (G1 Evacuation Pause) 450M->450M(512M) 1.621ms
[2.382s] GC(161) Concurrent Mark Cycle
[2.390s] GC(162) Pause Young (Normal) (G1 Evacuation Pause) 471M->472M(512M) 1.489ms
[2.397s] GC(161) Pause Remark 491M->248M(512M) 1.050ms
[2.400s] GC(163) Pause Young (Normal) (G1 Evacuation Pause) 250M->250M(512M) 1.633ms
[2.431s] GC(164) Pause Young (Normal) (G1 Evacuation Pause) 331M->331M(512M) 3.199ms
[2.431s] GC(161) Pause Cleanup 331M->331M(512M) 0.113ms
[2.431s] GC(161) Concurrent Mark Cycle 49.829ms
[2.452s] GC(165) Pause Young (Prepare Mixed) (G1 Evacuation Pause) 386M->386M(512M) 2.501ms
[2.467s] GC(166) Pause Young (Mixed) (G1 Evacuation Pause) 424M->424M(512M) 2.137ms
[2.478s] GC(167) Pause Young (Concurrent Start) (G1 Evacuation Pause) 450M->450M(512M) 2.121ms
[2.478s] GC(168) Concurrent Mark Cycle
[2.487s] GC(169) Pause Young (Normal) (G1 Evacuation Pause) 471M->472M(512M) 1.571ms
[2.494s] GC(168) Pause Remark 490M->250M(512M) 1.047ms
[2.497s] GC(170) Pause Young (Normal) (G1 Evacuation Pause) 253M->253M(512M) 1.659ms
[2.524s] GC(168) Pause Cleanup 331M->331M(512M) 0.153ms
[2.524s] GC(168) Concurrent Mark Cycle 45.654ms
[2.528s] GC(171) Pause Young (Prepare Mixed) (G1 Evacuation Pause) 333M->333M(512M) 3.566ms
[2.549s] GC(172) Pause Young (Mixed) (G1 Evacuation Pause) 388M->387M(512M) 2.555ms
[2.565s] GC(173) Pause Young (Concurrent Start) (G1 Evacuation Pause) 425M->425M(512M) 2.280ms
[2.565s] GC(174) Concurrent Mark Cycle
[2.575s] GC(175) Pause Young (Normal) (G1 Evacuation Pause) 451M->452M(512M) 1.675ms
[2.583s] GC(174) Pause Remark 469M->253M(512M) 1.246ms
[2.585s] GC(176) Pause Young (Normal) (G1 Evacuation Pause) 257M->257M(512M) 1.385ms
[2.615s] GC(177) Pause Young (Normal) (G1 Evacuation Pause) 335M->336M(512M) 2.987ms
[2.616s] GC(174) Pause Cleanup 337M->337M(512M) 0.110ms
[2.616s] GC(174) Concurrent Mark Cycle 51.237ms
[2.637s] GC(178) Pause Young (Prepare Mixed) (G1 Evacuation Pause) 390M->390M(512M) 3.732ms
[2.652s] GC(179) Pause Young (Mixed) (G1 Evacuation Pause) 427M->425M(512M) 1.972ms
[2.662s] GC(180) Pause Young (Concurrent Start) (G1 Evacuation Pause) 451M->452M(512M) 1.550ms
[2.662s] GC(181) Concurrent Mark Cycle
[2.671s] GC(182) Pause Young (Normal) (G1 Evacuation Pause) 473M->473M(512M) 1.588ms
[2.678s] GC(181) Pause Remark 491M->255M(512M) 1.188ms
[2.681s] GC(183) Pause Young (Normal) (G1 Evacuation Pause) 258M->259M(512M) 1.712ms
[2.708s] GC(181) Pause Cleanup 337M->337M(512M) 0.176ms
[2.711s] GC(184) Pause Young (Prepare Mixed) (G1 Evacuation Pause) 337M->337M(512M) 3.124ms
[2.712s] GC(181) Concurrent Mark Cycle 49.378ms
[2.732s] GC(185) Pause Young (Mixed) (G1 Evacuation Pause) 390M->388M(512M) 2.490ms
[2.747s] GC(186) Pause Young (Concurrent Start) (G1 Evacuation Pause) 426M->426M(512M) 2.219ms
[2.747s] GC(187) Concurrent Mark Cycle
[2.757s] GC(188) Pause Young (Normal) (G1 Evacuation Pause) 451M->452M(512M) 1.555ms
[2.763s] GC(187) Pause Remark 466M->253M(512M) 1.385ms
[2.767s] GC(189) Pause Young (Normal) (G1 Evacuation Pause) 260M->260M(512M) 1.556ms
[2.794s] GC(187) Pause Cleanup 335M->335M(512M) 0.185ms
[2.794s] GC(187) Concurrent Mark Cycle 46.847ms
[2.798s] GC(190) Pause Young (Prepare Mixed) (G1 Evacuation Pause) 337M->338M(512M) 3.350ms
[2.818s] GC(191) Pause Young (Mixed) (G1 Evacuation Pause) 391M->388M(512M) 2.737ms
[2.833s] GC(192) Pause Young (Concurrent Start) (G1 Evacuation Pause) 425M->426M(512M) 2.079ms
[2.833s] GC(193) Concurrent Mark Cycle
[2.844s] GC(194) Pause Young (Normal) (G1 Evacuation Pause) 452M->452M(512M) 1.711ms
[2.851s] GC(193) Pause Remark 469M->256M(512M) 1.169ms
[2.854s] GC(195) Pause Young (Normal) (G1 Evacuation Pause) 260M->261M(512M) 1.363ms
[2.884s] GC(196) Pause Young (Normal) (G1 Evacuation Pause) 338M->338M(512M) 3.383ms
[2.885s] GC(193) Pause Cleanup 341M->341M(512M) 0.132ms
[2.886s] GC(193) Concurrent Mark Cycle 52.525ms
[2.905s] GC(197) Pause Young (Prepare Mixed) (G1 Evacuation Pause) 391M->392M(512M) 2.715ms
[2.919s] GC(198) Pause Young (Mixed) (G1 Evacuation Pause) 428M->425M(512M) 2.066ms
[2.930s] GC(199) Pause Young (Concurrent Start) (G1 Evacuation Pause) 451M->452M(512M) 2.011ms
[2.930s] GC(200) Concurrent Mark Cycle
[2.938s] GC(201) Pause Young (Normal) (G1 Evacuation Pause) 473M->473M(512M) 1.487ms
[2.948s] GC(202) Pause Young (Normal) (G1 Evacuation Pause) (Evacuation Failure) 494M->497M(512M) 2.178ms
[2.949s] GC(200) Pause Remark 497M->257M(512M) 1.004ms
[2.956s] GC(203) Pause Young (Normal) (G1 Evacuation Pause) 272M->272M(512M) 1.360ms
[2.983s] GC(204) Pause Young (Normal) (G1 Evacuation Pause) 346M->346M(512M) 2.893ms
[2.984s] GC(200) Pause Cleanup 349M->349M(512M) 0.114ms
[2.985s] GC(200) Concurrent Mark Cycle 54.690ms
[3.003s] GC(205) Pause Young (Prepare Mixed) (G1 Evacuation Pause) 397M->397M(512M) 2.562ms
[3.017s] GC(206) Pause Young (Mixed) (G1 Evacuation Pause) 431M->429M(512M) 2.081ms
[3.027s] GC(207) Pause Young (Concurrent Start) (G1 Evacuation Pause) 454M->454M(512M) 1.759ms
[3.027s] GC(208) Concurrent Mark Cycle
[3.035s] GC(209) Pause Young (Normal) (G1 Evacuation Pause) 475M->476M(512M) 1.549ms
[3.043s] GC(208) Pause Remark 495M->248M(512M) 1.054ms
[3.046s] GC(210) Pause Young (Normal) (G1 Evacuation Pause) 250M->250M(512M) 1.615ms
[3.073s] GC(208) Pause Cleanup 329M->329M(512M) 0.161ms
[3.074s] GC(208) Concurrent Mark Cycle 46.807ms
[3.077s] GC(211) Pause Young (Prepare Mixed) (G1 Evacuation Pause) 330M->331M(512M) 3.469ms
[3.099s] GC(212) Pause Young (Mixed) (G1 Evacuation Pause) 386M->385M(512M) 2.826ms
[3.113s] GC(213) Pause Young (Concurrent Start) (G1 Evacuation Pause) 423M->424M(512M) 2.268ms
[3.113s] GC(214) Concurrent Mark Cycle
[3.124s] GC(215) Pause Young (Normal) (G1 Evacuation Pause) 450M->450M(512M) 1.760ms
[3.131s] GC(214) Pause Remark 468M->256M(512M) 1.065ms
[3.134s] GC(216) Pause Young (Normal) (G1 Evacuation Pause) 259M->260M(512M) 1.454ms
[3.164s] GC(217) Pause Young (Normal) (G1 Evacuation Pause) 338M->338M(512M) 3.338ms
[3.166s] GC(214) Pause Cleanup 341M->341M(512M) 0.115ms
[3.166s] GC(214) Concurrent Mark Cycle 52.490ms
[3.186s] GC(218) Pause Young (Prepare Mixed) (G1 Evacuation Pause) 391M->392M(512M) 2.882ms
[3.200s] GC(219) Pause Young (Mixed) (G1 Evacuation Pause) 428M->425M(512M) 2.110ms
[3.210s] GC(220) Pause Young (Concurrent Start) (G1 Evacuation Pause) 451M->452M(512M) 1.585ms
[3.210s] GC(221) Concurrent Mark Cycle
[3.219s] GC(222) Pause Young (Normal) (G1 Evacuation Pause) 473M->473M(512M) 1.466ms
[3.226s] GC(221) Pause Remark 491M->253M(512M) 1.181ms
[3.229s] GC(223) Pause Young (Normal) (G1 Evacuation Pause) 256M->257M(512M) 1.700ms
[3.256s] GC(221) Pause Cleanup 333M->333M(512M) 0.132ms
[3.256s] GC(221) Concurrent Mark Cycle 45.797ms
[3.260s] GC(224) Pause Young (Prepare Mixed) (G1 Evacuation Pause) 336M->336M(512M) 3.238ms
[3.281s] GC(225) Pause Young (Mixed) (G1 Evacuation Pause) 390M->388M(512M) 2.596ms
[3.296s] GC(226) Pause Young (Concurrent Start) (G1 Evacuation Pause) 426M->426M(512M) 2.379ms
[3.296s] GC(227) Concurrent Mark Cycle
[3.306s] GC(228) Pause Young (Normal) (G1 Evacuation Pause) 452M->452M(512M) 1.525ms
[3.312s] GC(227) Pause Remark 467M->252M(512M) 1.153ms
[3.316s] GC(229) Pause Young (Normal) (G1 Evacuation Pause) 258M->259M(512M) 1.439ms
[3.340s] GC(227) Pause Cleanup 331M->331M(512M) 0.136ms
[3.341s] GC(227) Concurrent Mark Cycle 44.784ms
[3.346s] GC(230) Pause Young (Prepare Mixed) (G1 Evacuation Pause) 337M->337M(512M) 2.931ms
[3.366s] GC(231) Pause Young (Mixed) (G1 Evacuation Pause) 390M->389M(512M) 2.686ms
[3.381s] GC(232) Pause Young (Concurrent Start) (G1 Evacuation Pause) 426M->426M(512M) 2.252ms
[3.381s] GC(233) Concurrent Mark Cycle
[3.392s] GC(234) Pause Young (Normal) (G1 Evacuation Pause) 451M->452M(512M) 1.884ms
[3.398s] GC(233) Pause Remark 467M->253M(512M) 1.258ms
[3.402s] GC(235) Pause Young (Normal) (G1 Evacuation Pause) 259M->259M(512M) 1.500ms
[3.431s] GC(236) Pause Young (Normal) (G1 Evacuation Pause) 337M->338M(512M) 3.150ms
[3.432s] GC(233) Pause Cleanup 339M->339M(512M) 0.101ms
[3.432s] GC(233) Concurrent Mark Cycle 50.715ms
[3.451s] GC(237) Pause Young (Prepare Mixed) (G1 Evacuation Pause) 391M->391M(512M) 2.663ms
[3.466s] GC(238) Pause Young (Mixed) (G1 Evacuation Pause) 428M->426M(512M) 2.115ms
[3.476s] GC(239) Pause Young (Concurrent Start) (G1 Evacuation Pause) 451M->452M(512M) 1.565ms
[3.477s] GC(240) Concurrent Mark Cycle
[3.485s] GC(241) Pause Young (Normal) (G1 Evacuation Pause) 473M->473M(512M) 1.437ms
[3.492s] GC(240) Pause Remark 493M->252M(512M) 1.028ms
[3.495s] GC(242) Pause Young (Normal) (G1 Evacuation Pause) 253M->254M(512M) 1.613ms
[3.522s] GC(240) Pause Cleanup 334M->334M(512M) 0.193ms
[3.526s] GC(243) Pause Young (Prepare Mixed) (G1 Evacuation Pause) 334M->334M(512M) 3.342ms
[3.526s] GC(240) Concurrent Mark Cycle 49.498ms
[3.547s] GC(244) Pause Young (Mixed) (G1 Evacuation Pause) 388M->387M(512M) 2.485ms
[3.562s] GC(245) Pause Young (Concurrent Start) (G1 Evacuation Pause) 425M->425M(512M) 2.167ms
[3.562s] GC(246) Concurrent Mark Cycle
[3.572s] GC(247) Pause Young (Normal) (G1 Evacuation Pause) 451M->452M(512M) 1.570ms
[3.578s] GC(246) Pause Remark 467M->256M(512M) 0.916ms
[3.582s] GC(248) Pause Young (Normal) (G1 Evacuation Pause) 262M->262M(512M) 1.374ms
[3.607s] GC(246) Pause Cleanup 338M->338M(512M) 0.151ms
[3.608s] GC(246) Concurrent Mark Cycle 45.615ms
[3.611s] GC(249) Pause Young (Prepare Mixed) (G1 Evacuation Pause) 339M->339M(512M) 3.168ms
[3.631s] GC(250) Pause Young (Mixed) (G1 Evacuation Pause) 392M->390M(512M) 2.454ms
[3.646s] GC(251) Pause Young (Concurrent Start) (G1 Evacuation Pause) 427M->427M(512M) 2.010ms
[3.646s] GC(252) Concurrent Mark Cycle
[3.656s] GC(253) Pause Young (Normal) (G1 Evacuation Pause) 452M->453M(512M) 1.507ms
[3.662s] GC(252) Pause Remark 469M->252M(512M) 0.904ms
[3.665s] GC(254) Pause Young (Normal) (G1 Evacuation Pause) 257M->257M(512M) 1.588ms
[3.694s] GC(255) Pause Young (Normal) (G1 Evacuation Pause) 335M->336M(512M) 3.260ms
[3.695s] GC(252) Pause Cleanup 338M->338M(512M) 0.121ms
[3.695s] GC(252) Concurrent Mark Cycle 49.425ms
[3.715s] GC(256) Pause Young (Prepare Mixed) (G1 Evacuation Pause) 390M->390M(512M) 2.524ms
[3.730s] GC(257) Pause Young (Mixed) (G1 Evacuation Pause) 427M->426M(512M) 2.046ms
[3.740s] GC(258) Pause Young (Concurrent Start) (G1 Evacuation Pause) 452M->452M(512M) 1.699ms
[3.740s] GC(259) Concurrent Mark Cycle
[3.748s] GC(260) Pause Young (Normal) (G1 Evacuation Pause) 473M->474M(512M) 1.320ms
[3.756s] GC(259) Pause Remark 494M->251M(512M) 0.952ms
[3.758s] GC(261) Pause Young (Normal) (G1 Evacuation Pause) 252M->252M(512M) 1.380ms
[3.788s] GC(262) Pause Young (Normal) (G1 Evacuation Pause) 332M->332M(512M) 3.351ms
[3.789s] GC(259) Pause Cleanup 335M->335M(512M) 0.112ms
[3.790s] GC(259) Concurrent Mark Cycle 49.476ms
[3.809s] GC(263) Pause Young (Prepare Mixed) (G1 Evacuation Pause) 387M->388M(512M) 2.539ms
[3.824s] GC(264) Pause Young (Mixed) (G1 Evacuation Pause) 426M->424M(512M) 2.180ms
[3.834s] GC(265) Pause Young (Concurrent Start) (G1 Evacuation Pause) 450M->451M(512M) 1.571ms
[3.835s] GC(266) Concurrent Mark Cycle
[3.843s] GC(267) Pause Young (Normal) (G1 Evacuation Pause) 472M->472M(512M) 1.339ms
[3.850s] GC(266) Pause Remark 492M->251M(512M) 1.111ms
[3.852s] GC(268) Pause Young (Normal) (G1 Evacuation Pause) 252M->253M(512M) 1.432ms
[3.881s] GC(269) Pause Young (Normal) (G1 Evacuation Pause) 333M->333M(512M) 3.182ms
[3.882s] GC(266) Pause Cleanup 336M->336M(512M) 0.110ms
[3.883s] GC(266) Concurrent Mark Cycle 48.167ms
[3.903s] GC(270) Pause Young (Prepare Mixed) (G1 Evacuation Pause) 388M->389M(512M) 2.588ms
[3.918s] GC(271) Pause Young (Mixed) (G1 Evacuation Pause) 426M->424M(512M) 2.102ms
[3.928s] GC(272) Pause Young (Concurrent Start) (G1 Evacuation Pause) 450M->451M(512M) 1.688ms
[3.929s] GC(273) Concurrent Mark Cycle
[3.937s] GC(274) Pause Young (Normal) (G1 Evacuation Pause) 472M->472M(512M) 1.505ms
[3.944s] GC(273) Pause Remark 490M->250M(512M) 1.202ms
[3.946s] GC(275) Pause Young (Normal) (G1 Evacuation Pause) 253M->254M(512M) 1.597ms
[3.976s] GC(276) Pause Young (Normal) (G1 Evacuation Pause) 334M->334M(512M) 3.042ms
[3.977s] GC(273) Pause Cleanup 335M->335M(512M) 0.159ms
[3.977s] GC(273) Concurrent Mark Cycle 48.624ms
[3.997s] GC(277) Pause Young (Prepare Mixed) (G1 Evacuation Pause) 389M->389M(512M) 2.607ms
[4.012s] GC(278) Pause Young (Mixed) (G1 Evacuation Pause) 426M->425M(512M) 1.953ms
[4.022s] GC(279) Pause Young (Concurrent Start) (G1 Evacuation Pause) 451M->451M(512M) 1.665ms
[4.022s] GC(280) Concurrent Mark Cycle
[4.031s] GC(281) Pause Young (Normal) (G1 Evacuation Pause) 472M->473M(512M) 1.582ms
[4.038s] GC(280) Pause Remark 491M->249M(512M) 1.011ms
[4.040s] GC(282) Pause Young (Normal) (G1 Evacuation Pause) 252M->252M(512M) 1.539ms
[4.071s] GC(283) Pause Young (Normal) (G1 Evacuation Pause) 332M->332M(512M) 3.169ms
[4.071s] GC(280) Pause Cleanup 333M->333M(512M) 0.130ms
[4.072s] GC(280) Concurrent Mark Cycle 49.255ms
[4.093s] GC(284) Pause Young (Prepare Mixed) (G1 Evacuation Pause) 387M->388M(512M) 2.797ms
[4.108s] GC(285) Pause Young (Mixed) (G1 Evacuation Pause) 426M->424M(512M) 2.219ms
[4.118s] GC(286) Pause Young (Concurrent Start) (G1 Evacuation Pause) 450M->451M(512M) 1.758ms
[4.118s] GC(287) Concurrent Mark Cycle
[4.127s] GC(288) Pause Young (Normal) (G1 Evacuation Pause) 472M->472M(512M) 1.370ms
[4.134s] GC(287) Pause Remark 491M->249M(512M) 1.010ms
[4.137s] GC(289) Pause Young (Normal) (G1 Evacuation Pause) 251M->252M(512M) 1.464ms
[4.167s] GC(290) Pause Young (Normal) (G1 Evacuation Pause) 332M->332M(512M) 3.248ms
[4.168s] GC(287) Pause Cleanup 333M->333M(512M) 0.146ms
[4.168s] GC(287) Concurrent Mark Cycle 49.511ms
[4.189s] GC(291) Pause Young (Prepare Mixed) (G1 Evacuation Pause) 387M->387M(512M) 2.652ms
[4.204s] GC(292) Pause Young (Mixed) (G1 Evacuation Pause) 425M->423M(512M) 2.121ms
[4.214s] GC(293) Pause Young (Concurrent Start) (G1 Evacuation Pause) 449M->449M(512M) 1.705ms
[4.214s] GC(294) Concurrent Mark Cycle
[4.223s] GC(295) Pause Young (Normal) (G1 Evacuation Pause) 470M->471M(512M) 1.462ms
[4.230s] GC(294) Pause Remark 489M->246M(512M) 0.987ms
[4.232s] GC(296) Pause Young (Normal) (G1 Evacuation Pause) 249M->249M(512M) 1.355ms
[4.259s] GC(294) Pause Cleanup 326M->326M(512M) 0.145ms
[4.259s] GC(294) Concurrent Mark Cycle 44.430ms
[4.263s] GC(297) Pause Young (Prepare Mixed) (G1 Evacuation Pause) 330M->330M(512M) 3.066ms
[4.285s] GC(298) Pause Young (Mixed) (G1 Evacuation Pause) 385M->385M(512M) 2.668ms
[4.299s] GC(299) Pause Young (Concurrent Start) (G1 Evacuation Pause) 424M->424M(512M) 2.323ms
[4.300s] GC(300) Concurrent Mark Cycle
[4.310s] GC(301) Pause Young (Normal) (G1 Evacuation Pause) 450M->451M(512M) 1.822ms
[4.317s] GC(300) Pause Remark 467M->252M(512M) 1.012ms
[4.320s] GC(302) Pause Young (Normal) (G1 Evacuation Pause) 257M->257M(512M) 1.344ms
[4.350s] GC(303) Pause Young (Normal) (G1 Evacuation Pause) 335M->336M(512M) 3.358ms
[4.351s] GC(300) Pause Cleanup 338M->338M(512M) 0.114ms
[4.351s] GC(300) Concurrent Mark Cycle 51.324ms
[4.371s] GC(304) Pause Young (Prepare Mixed) (G1 Evacuation Pause) 390M->390M(512M) 2.514ms
[4.386s] GC(305) Pause Young (Mixed) (G1 Evacuation Pause) 427M->425M(512M) 2.119ms
[4.396s] GC(306) Pause Young (Concurrent Start) (G1 Evacuation Pause) 451M->452M(512M) 1.856ms
[4.396s] GC(307) Concurrent Mark Cycle
[4.405s] GC(308) Pause Young (Normal) (G1 Evacuation Pause) 473M->473M(512M) 1.522ms
[4.414s] GC(309) Pause Young (Normal) (G1 Evacuation Pause) (Evacuation Failure) 494M->499M(512M) 1.997ms
[4.415s] GC(307) Pause Remark 499M->258M(512M) 1.239ms
[4.421s] GC(310) Pause Young (Normal) (G1 Evacuation Pause) 271M->271M(512M) 1.202ms
[4.447s] GC(311) Pause Young (Normal) (G1 Evacuation Pause) 345M->345M(512M) 2.795ms
[4.449s] GC(307) Pause Cleanup 349M->349M(512M) 0.126ms
[4.449s] GC(307) Concurrent Mark Cycle 52.966ms
[4.468s] GC(312) Pause Young (Prepare Mixed) (G1 Evacuation Pause) 396M->397M(512M) 3.074ms
[4.482s] GC(313) Pause Young (Mixed) (G1 Evacuation Pause) 432M->430M(512M) 2.223ms
[4.492s] GC(314) Pause Young (Concurrent Start) (G1 Evacuation Pause) 454M->455M(512M) 1.594ms
[4.492s] GC(315) Concurrent Mark Cycle
[4.500s] GC(316) Pause Young (Normal) (G1 Evacuation Pause) 476M->476M(512M) 1.438ms
[4.508s] GC(315) Pause Remark 494M->247M(512M) 1.399ms
[4.510s] GC(317) Pause Young (Normal) (G1 Evacuation Pause) 250M->251M(512M) 1.402ms
[4.537s] GC(315) Pause Cleanup 328M->328M(512M) 0.141ms
[4.537s] GC(315) Concurrent Mark Cycle 45.301ms
[4.542s] GC(318) Pause Young (Prepare Mixed) (G1 Evacuation Pause) 331M->331M(512M) 3.134ms
[4.563s] GC(319) Pause Young (Mixed) (G1 Evacuation Pause) 386M->385M(512M) 2.924ms
[4.579s] GC(320) Pause Young (Concurrent Start) (G1 Evacuation Pause) 424M->424M(512M) 2.423ms
[4.579s] GC(321) Concurrent Mark Cycle
[4.590s] GC(322) Pause Young (Normal) (G1 Evacuation Pause) 450M->450M(512M) 1.791ms
[4.597s] GC(321) Pause Remark 468M->255M(512M) 0.978ms
[4.599s] GC(323) Pause Young (Normal) (G1 Evacuation Pause) 258M->259M(512M) 1.397ms
[4.630s] GC(324) Pause Young (Normal) (G1 Evacuation Pause) 337M->337M(512M) 3.387ms
[4.630s] GC(321) Pause Cleanup 339M->339M(512M) 0.117ms
[4.631s] GC(321) Concurrent Mark Cycle 51.783ms
[4.651s] GC(325) Pause Young (Prepare Mixed) (G1 Evacuation Pause) 390M->391M(512M) 2.681ms
[4.665s] GC(326) Pause Young (Mixed) (G1 Evacuation Pause) 428M->426M(512M) 2.030ms
[4.676s] GC(327) Pause Young (Concurrent Start) (G1 Evacuation Pause) 452M->452M(512M) 1.850ms
[4.676s] GC(328) Concurrent Mark Cycle
[4.684s] GC(329) Pause Young (Normal) (G1 Evacuation Pause) 473M->474M(512M) 1.337ms
[4.691s] GC(328) Pause Remark 494M->253M(512M) 0.878ms
[4.693s] GC(330) Pause Young (Normal) (G1 Evacuation Pause) 254M->254M(512M) 1.334ms
[4.723s] GC(331) Pause Young (Normal) (G1 Evacuation Pause) 333M->333M(512M) 3.365ms
[4.724s] GC(328) Pause Cleanup 334M->334M(512M) 0.167ms
[4.724s] GC(328) Concurrent Mark Cycle 48.156ms
[4.745s] GC(332) Pause Young (Prepare Mixed) (G1 Evacuation Pause) 388M->388M(512M) 2.635ms
[4.760s] GC(333) Pause Young (Mixed) (G1 Evacuation Pause) 425M->424M(512M) 2.041ms
[4.771s] GC(334) Pause Young (Concurrent Start) (G1 Evacuation Pause) 450M->450M(512M) 1.753ms
[4.771s] GC(335) Concurrent Mark Cycle
[4.779s] GC(336) Pause Young (Normal) (G1 Evacuation Pause) 471M->472M(512M) 1.651ms
[4.787s] GC(335) Pause Remark 491M->250M(512M) 1.041ms
[4.790s] GC(337) Pause Young (Normal) (G1 Evacuation Pause) 252M->252M(512M) 1.522ms
[4.817s] GC(335) Pause Cleanup 332M->332M(512M) 0.141ms
[4.821s] GC(338) Pause Young (Prepare Mixed) (G1 Evacuation Pause) 332M->333M(512M) 3.493ms
[4.821s] GC(335) Concurrent Mark Cycle 50.228ms
[4.842s] GC(339) Pause Young (Mixed) (G1 Evacuation Pause) 388M->386M(512M) 2.505ms
[4.857s] GC(340) Pause Young (Concurrent Start) (G1 Evacuation Pause) 424M->425M(512M) 2.392ms
[4.857s] GC(341) Concurrent Mark Cycle
[4.867s] GC(342) Pause Young (Normal) (G1 Evacuation Pause) 451M->451M(512M) 1.670ms
[4.874s] GC(341) Pause Remark 468M->253M(512M) 0.978ms
[4.877s] GC(343) Pause Young (Normal) (G1 Evacuation Pause) 257M->258M(512M) 1.366ms
[4.903s] GC(341) Pause Cleanup 334M->334M(512M) 0.147ms
[4.904s] GC(341) Concurrent Mark Cycle 46.837ms
[4.907s] GC(344) Pause Young (Prepare Mixed) (G1 Evacuation Pause) 336M->336M(512M) 3.194ms
[4.928s] GC(345) Pause Young (Mixed) (G1 Evacuation Pause) 390M->389M(512M) 2.691ms
[4.943s] GC(346) Pause Young (Concurrent Start) (G1 Evacuation Pause) 426M->426M(512M) 2.013ms
[4.943s] GC(347) Concurrent Mark Cycle
[4.953s] GC(348) Pause Young (Normal) (G1 Evacuation Pause) 452M->452M(512M) 1.531ms
[4.960s] GC(347) Pause Remark 469M->253M(512M) 1.121ms
[4.963s] GC(349) Pause Young (Normal) (G1 Evacuation Pause) 257M->258M(512M) 1.556ms
[4.991s] GC(347) Pause Cleanup 335M->335M(512M) 0.183ms
[4.991s] GC(347) Concurrent Mark Cycle 48.008ms
[4.994s] GC(350) Pause Young (Prepare Mixed) (G1 Evacuation Pause) 336M->336M(512M) 2.970ms
[5.015s] GC(351) Pause Young (Mixed) (G1 Evacuation Pause) 390M->389M(512M) 2.663ms
[5.030s] GC(352) Pause Young (Concurrent Start) (G1 Evacuation Pause) 426M->426M(512M) 2.211ms
[5.030s] GC(353) Concurrent Mark Cycle
[5.040s] GC(354) Pause Young (Normal) (G1 Evacuation Pause) 451M->452M(512M) 1.497ms
[5.047s] GC(353) Pause Remark 468M->254M(512M) 1.206ms
[5.050s] GC(355) Pause Young (Normal) (G1 Evacuation Pause) 259M->259M(512M) 1.568ms
[5.080s] GC(356) Pause Young (Normal) (G1 Evacuation Pause) 337M->337M(512M) 2.964ms
[5.080s] GC(353) Pause Cleanup 338M->338M(512M) 0.114ms
[5.080s] GC(353) Concurrent Mark Cycle 50.180ms
[5.100s] GC(357) Pause Young (Prepare Mixed) (G1 Evacuation Pause) 390M->390M(512M) 2.646ms
[5.116s] GC(358) Pause Young (Mixed) (G1 Evacuation Pause) 427M->425M(512M) 2.463ms
[5.126s] GC(359) Pause Young (Concurrent Start) (G1 Evacuation Pause) 451M->451M(512M) 1.702ms
[5.126s] GC(360) Concurrent Mark Cycle
[5.135s] GC(361) Pause Young (Normal) (G1 Evacuation Pause) 472M->473M(512M) 1.557ms
[5.142s] GC(360) Pause Remark 490M->250M(512M) 1.346ms
[5.145s] GC(362) Pause Young (Normal) (G1 Evacuation Pause) 254M->254M(512M) 1.558ms
[5.175s] GC(363) Pause Young (Normal) (G1 Evacuation Pause) 333M->333M(512M) 3.439ms
[5.175s] GC(360) Pause Cleanup 334M->334M(512M) 0.114ms
[5.176s] GC(360) Concurrent Mark Cycle 49.364ms
[5.197s] GC(364) Pause Young (Prepare Mixed) (G1 Evacuation Pause) 388M->389M(512M) 2.896ms
[5.212s] GC(365) Pause Young (Mixed) (G1 Evacuation Pause) 426M->424M(512M) 2.435ms
[5.222s] GC(366) Pause Young (Concurrent Start) (G1 Evacuation Pause) 450M->450M(512M) 1.707ms
[5.223s] GC(367) Concurrent Mark Cycle
[5.231s] GC(368) Pause Young (Normal) (G1 Evacuation Pause) 471M->472M(512M) 1.640ms
[5.239s] GC(367) Pause Remark 491M->252M(512M) 1.052ms
[5.241s] GC(369) Pause Young (Normal) (G1 Evacuation Pause) 254M->254M(512M) 1.608ms
[5.268s] GC(367) Pause Cleanup 332M->332M(512M) 0.158ms
[5.269s] GC(367) Concurrent Mark Cycle 46.145ms
[5.272s] GC(370) Pause Young (Prepare Mixed) (G1 Evacuation Pause) 333M->333M(512M) 3.199ms
[5.293s] GC(371) Pause Young (Mixed) (G1 Evacuation Pause) 388M->386M(512M) 2.724ms
[5.308s] GC(372) Pause Young (Concurrent Start) (G1 Evacuation Pause) 424M->425M(512M) 2.220ms
[5.309s] GC(373) Concurrent Mark Cycle
[5.318s] GC(374) Pause Young (Normal) (G1 Evacuation Pause) 451M->451M(512M) 1.534ms
[5.325s] GC(373) Pause Remark 468M->252M(512M) 0.898ms
[5.328s] GC(375) Pause Young (Normal) (G1 Evacuation Pause) 256M->256M(512M) 1.627ms
[5.357s] GC(376) Pause Young (Normal) (G1 Evacuation Pause) 335M->336M(512M) 3.124ms
[5.358s] GC(373) Pause Cleanup 337M->337M(512M) 0.133ms
[5.358s] GC(373) Concurrent Mark Cycle 49.502ms
[5.378s] GC(377) Pause Young (Prepare Mixed) (G1 Evacuation Pause) 390M->390M(512M) 2.440ms
[5.393s] GC(378) Pause Young (Mixed) (G1 Evacuation Pause) 427M->426M(512M) 1.862ms
[5.403s] GC(379) Pause Young (Concurrent Start) (G1 Evacuation Pause) 452M->452M(512M) 1.569ms
[5.403s] GC(380) Concurrent Mark Cycle
[5.411s] GC(381) Pause Young (Normal) (G1 Evacuation Pause) 473M->474M(512M) 1.424ms
[5.419s] GC(382) Pause Young (Normal) (G1 Evacuation Pause) (Evacuation Failure) 495M->497M(512M) 1.641ms
[5.421s] GC(380) Pause Remark 500M->258M(512M) 0.873ms
[5.426s] GC(383) Pause Young (Normal) (G1 Evacuation Pause) 270M->270M(512M) 1.199ms
[5.453s] GC(384) Pause Young (Normal) (G1 Evacuation Pause) 344M->344M(512M) 2.837ms
[5.455s] GC(380) Pause Cleanup 348M->348M(512M) 0.143ms
[5.455s] GC(380) Concurrent Mark Cycle 52.246ms
[5.474s] GC(385) Pause Young (Prepare Mixed) (G1 Evacuation Pause) 395M->395M(512M) 2.648ms
[5.487s] GC(386) Pause Young (Mixed) (G1 Evacuation Pause) 430M->429M(512M) 2.267ms
[5.497s] GC(387) Pause Young (Concurrent Start) (G1 Evacuation Pause) 454M->454M(512M) 1.651ms
[5.498s] GC(388) Concurrent Mark Cycle
[5.506s] GC(389) Pause Young (Normal) (G1 Evacuation Pause) 475M->476M(512M) 1.600ms
[5.515s] GC(390) Pause Young (Normal) (G1 Evacuation Pause) (Evacuation Failure) 497M->502M(512M) 1.989ms
[5.516s] GC(388) Pause Remark 502M->255M(512M) 1.137ms
[5.521s] GC(391) Pause Young (Normal) (G1 Evacuation Pause) 265M->265M(512M) 1.047ms
[5.550s] GC(392) Pause Young (Normal) (G1 Evacuation Pause) 341M->341M(512M) 2.897ms
[5.551s] GC(388) Pause Cleanup 343M->343M(512M) 0.113ms
[5.551s] GC(388) Concurrent Mark Cycle 53.564ms
[5.571s] GC(393) Pause Young (Prepare Mixed) (G1 Evacuation Pause) 393M->394M(512M) 2.776ms
[5.586s] GC(394) Pause Young (Mixed) (G1 Evacuation Pause) 430M->428M(512M) 2.564ms
[5.596s] GC(395) Pause Young (Concurrent Start) (G1 Evacuation Pause) 453M->454M(512M) 2.079ms
[5.597s] GC(396) Concurrent Mark Cycle
[5.605s] GC(397) Pause Young (Normal) (G1 Evacuation Pause) 475M->475M(512M) 1.499ms
[5.613s] GC(396) Pause Remark 495M->250M(512M) 1.310ms
[5.615s] GC(398) Pause Young (Normal) (G1 Evacuation Pause) 251M->252M(512M) 1.411ms
[5.643s] GC(396) Pause Cleanup 331M->331M(512M) 0.153ms
[5.643s] GC(396) Concurrent Mark Cycle 46.402ms
[5.646s] GC(399) Pause Young (Prepare Mixed) (G1 Evacuation Pause) 332M->332M(512M) 3.050ms
[5.667s] GC(400) Pause Young (Mixed) (G1 Evacuation Pause) 387M->386M(512M) 2.584ms
[5.682s] GC(401) Pause Young (Concurrent Start) (G1 Evacuation Pause) 424M->424M(512M) 2.246ms
[5.682s] GC(402) Concurrent Mark Cycle
[5.692s] GC(403) Pause Young (Normal) (G1 Evacuation Pause) 450M->450M(512M) 1.522ms
[5.698s] GC(402) Pause Remark 465M->251M(512M) 1.219ms
[5.702s] GC(404) Pause Young (Normal) (G1 Evacuation Pause) 257M->258M(512M) 1.291ms
[5.731s] GC(405) Pause Young (Normal) (G1 Evacuation Pause) 336M->336M(512M) 3.041ms
[5.732s] GC(402) Pause Cleanup 338M->338M(512M) 0.115ms
[5.732s] GC(402) Concurrent Mark Cycle 50.118ms
[5.752s] GC(406) Pause Young (Prepare Mixed) (G1 Evacuation Pause) 390M->390M(512M) 2.658ms
[5.767s] GC(407) Pause Young (Mixed) (G1 Evacuation Pause) 427M->426M(512M) 2.100ms
[5.777s] GC(408) Pause Young (Concurrent Start) (G1 Evacuation Pause) 452M->452M(512M) 1.587ms
[5.778s] GC(409) Concurrent Mark Cycle
[5.786s] GC(410) Pause Young (Normal) (G1 Evacuation Pause) 473M->473M(512M) 1.474ms
[5.793s] GC(409) Pause Remark 491M->248M(512M) 0.858ms
[5.796s] GC(411) Pause Young (Normal) (G1 Evacuation Pause) 251M->251M(512M) 1.477ms
[5.822s] GC(409) Pause Cleanup 330M->330M(512M) 0.183ms
[5.822s] GC(409) Concurrent Mark Cycle 44.731ms
[5.826s] GC(412) Pause Young (Prepare Mixed) (G1 Evacuation Pause) 331M->332M(512M) 3.159ms
[5.847s] GC(413) Pause Young (Mixed) (G1 Evacuation Pause) 387M->385M(512M) 2.943ms
[5.862s] GC(414) Pause Young (Concurrent Start) (G1 Evacuation Pause) 423M->423M(512M) 2.047ms
[5.863s] GC(415) Concurrent Mark Cycle
[5.872s] GC(416) Pause Young (Normal) (G1 Evacuation Pause) 449M->450M(512M) 1.559ms
[5.879s] GC(415) Pause Remark 467M->257M(512M) 1.041ms
[5.882s] GC(417) Pause Young (Normal) (G1 Evacuation Pause) 261M->261M(512M) 1.409ms
[5.911s] GC(418) Pause Young (Normal) (G1 Evacuation Pause) 338M->338M(512M) 3.112ms
[5.912s] GC(415) Pause Cleanup 340M->340M(512M) 0.100ms
[5.913s] GC(415) Concurrent Mark Cycle 49.972ms
[5.932s] GC(419) Pause Young (Prepare Mixed) (G1 Evacuation Pause) 391M->392M(512M) 2.893ms
[5.947s] GC(420) Pause Young (Mixed) (G1 Evacuation Pause) 428M->425M(512M) 2.069ms
[5.957s] GC(421) Pause Young (Concurrent Start) (G1 Evacuation Pause) 451M->452M(512M) 1.628ms
[5.957s] GC(422) Concurrent Mark Cycle
[5.965s] GC(423) Pause Young (Normal) (G1 Evacuation Pause) 473M->473M(512M) 1.604ms
[5.973s] GC(422) Pause Remark 491M->251M(512M) 1.020ms
[5.976s] GC(424) Pause Young (Normal) (G1 Evacuation Pause) 254M->255M(512M) 1.771ms
[6.003s] GC(422) Pause Cleanup 331M->331M(512M) 0.132ms
[6.003s] GC(422) Concurrent Mark Cycle 46.279ms
[6.007s] GC(425) Pause Young (Prepare Mixed) (G1 Evacuation Pause) 334M->334M(512M) 3.144ms
[6.028s] GC(426) Pause Young (Mixed) (G1 Evacuation Pause) 389M->387M(512M) 2.770ms
[6.044s] GC(427) Pause Young (Concurrent Start) (G1 Evacuation Pause) 425M->426M(512M) 2.306ms
[6.044s] GC(428) Concurrent Mark Cycle
[6.055s] GC(429) Pause Young (Normal) (G1 Evacuation Pause) 452M->452M(512M) 1.679ms
[6.062s] GC(428) Pause Remark 470M->257M(512M) 1.056ms
[6.065s] GC(430) Pause Young (Normal) (G1 Evacuation Pause) 260M->261M(512M) 1.435ms
[6.094s] GC(431) Pause Young (Normal) (G1 Evacuation Pause) 338M->338M(512M) 3.227ms
[6.096s] GC(428) Pause Cleanup 341M->341M(512M) 0.125ms
[6.096s] GC(428) Concurrent Mark Cycle 52.048ms
[6.115s] GC(432) Pause Young (Prepare Mixed) (G1 Evacuation Pause) 391M->392M(512M) 2.714ms
[6.130s] GC(433) Pause Young (Mixed) (G1 Evacuation Pause) 428M->425M(512M) 2.406ms
[6.140s] GC(434) Pause Young (Concurrent Start) (G1 Evacuation Pause) 451M->451M(512M) 1.694ms
[6.141s] GC(435) Concurrent Mark Cycle
[6.149s] GC(436) Pause Young (Normal) (G1 Evacuation Pause) 472M->473M(512M) 1.386ms
[6.156s] GC(435) Pause Remark 491M->252M(512M) 1.084ms
[6.158s] GC(437) Pause Young (Normal) (G1 Evacuation Pause) 255M->255M(512M) 1.293ms
[6.188s] GC(438) Pause Young (Normal) (G1 Evacuation Pause) 334M->334M(512M) 3.277ms
[6.189s] GC(435) Pause Cleanup 335M->335M(512M) 0.141ms
[6.189s] GC(435) Concurrent Mark Cycle 48.425ms
[6.209s] GC(439) Pause Young (Prepare Mixed) (G1 Evacuation Pause) 389M->389M(512M) 2.591ms
[6.224s] GC(440) Pause Young (Mixed) (G1 Evacuation Pause) 426M->424M(512M) 2.081ms
[6.235s] GC(441) Pause Young (Concurrent Start) (G1 Evacuation Pause) 450M->450M(512M) 1.689ms
[6.235s] GC(442) Concurrent Mark Cycle
[6.243s] GC(443) Pause Young (Normal) (G1 Evacuation Pause) 471M->472M(512M) 1.502ms
[6.251s] GC(442) Pause Remark 491M->252M(512M) 1.330ms
[6.253s] GC(444) Pause Young (Normal) (G1 Evacuation Pause) 254M->254M(512M) 1.424ms
[6.283s] GC(445) Pause Young (Normal) (G1 Evacuation Pause) 333M->333M(512M) 3.672ms
[6.284s] GC(442) Pause Cleanup 334M->334M(512M) 0.135ms
[6.284s] GC(442) Concurrent Mark Cycle 49.469ms
[6.305s] GC(446) Pause Young (Prepare Mixed) (G1 Evacuation Pause) 388M->389M(512M) 2.764ms
[6.320s] GC(447) Pause Young (Mixed) (G1 Evacuation Pause) 426M->424M(512M) 1.938ms
[6.331s] GC(448) Pause Young (Concurrent Start) (G1 Evacuation Pause) 450M->451M(512M) 1.939ms
[6.331s] GC(449) Concurrent Mark Cycle
[6.339s] GC(450) Pause Young (Normal) (G1 Evacuation Pause) 472M->472M(512M) 1.470ms
[6.348s] GC(451) Pause Young (Normal) (G1 Evacuation Pause) (Evacuation Failure) 493M->496M(512M) 1.771ms
[6.350s] GC(449) Pause Remark 496M->259M(512M) 0.902ms
[6.356s] GC(452) Pause Young (Normal) (G1 Evacuation Pause) 275M->275M(512M) 1.354ms
[6.383s] GC(453) Pause Young (Normal) (G1 Evacuation Pause) 348M->348M(512M) 3.005ms
[6.385s] GC(449) Pause Cleanup 353M->353M(512M) 0.148ms
[6.385s] GC(449) Concurrent Mark Cycle 54.483ms
[6.403s] GC(454) Pause Young (Prepare Mixed) (G1 Evacuation Pause) 398M->398M(512M) 2.695ms
[6.417s] GC(455) Pause Young (Mixed) (G1 Evacuation Pause) 432M->430M(512M) 1.929ms
[6.426s] GC(456) Pause Young (Concurrent Start) (G1 Evacuation Pause) 454M->454M(512M) 1.603ms
[6.426s] GC(457) Concurrent Mark Cycle
[6.434s] GC(458) Pause Young (Normal) (G1 Evacuation Pause) 475M->476M(512M) 1.549ms
[6.441s] GC(457) Pause Remark 496M->249M(512M) 0.919ms
[6.443s] GC(459) Pause Young (Normal) (G1 Evacuation Pause) 250M->250M(512M) 1.465ms
[6.473s] GC(460) Pause Young (Normal) (G1 Evacuation Pause) 330M->330M(512M) 3.043ms
[6.474s] GC(457) Pause Cleanup 333M->333M(512M) 0.107ms
[6.474s] GC(457) Concurrent Mark Cycle 48.462ms
[6.496s] GC(461) Pause Young (Prepare Mixed) (G1 Evacuation Pause) 385M->386M(512M) 2.973ms
[6.510s] GC(462) Pause Young (Mixed) (G1 Evacuation Pause) 424M->423M(512M) 1.969ms
[6.521s] GC(463) Pause Young (Concurrent Start) (G1 Evacuation Pause) 449M->450M(512M) 1.654ms
[6.521s] GC(464) Concurrent Mark Cycle
[6.530s] GC(465) Pause Young (Normal) (G1 Evacuation Pause) 471M->471M(512M) 1.466ms
[6.537s] GC(464) Pause Remark 490M->250M(512M) 1.065ms
[6.540s] GC(466) Pause Young (Normal) (G1 Evacuation Pause) 252M->253M(512M) 1.359ms
[6.567s] GC(464) Pause Cleanup 332M->332M(512M) 0.132ms
[6.571s] GC(467) Pause Young (Prepare Mixed) (G1 Evacuation Pause) 333M->333M(512M) 3.225ms
[6.571s] GC(464) Concurrent Mark Cycle 50.021ms
[6.592s] GC(468) Pause Young (Mixed) (G1 Evacuation Pause) 388M->387M(512M) 2.865ms
[6.608s] GC(469) Pause Young (Concurrent Start) (G1 Evacuation Pause) 425M->425M(512M) 2.434ms
[6.608s] GC(470) Concurrent Mark Cycle
[6.618s] GC(471) Pause Young (Normal) (G1 Evacuation Pause) 451M->452M(512M) 1.529ms
[6.626s] GC(470) Pause Remark 470M->254M(512M) 1.063ms
[6.628s] GC(472) Pause Young (Normal) (G1 Evacuation Pause) 257M->257M(512M) 1.618ms
[6.659s] GC(473) Pause Young (Normal) (G1 Evacuation Pause) 335M->335M(512M) 3.325ms
[6.660s] GC(470) Pause Cleanup 338M->338M(512M) 0.104ms
[6.660s] GC(470) Concurrent Mark Cycle 52.467ms
[6.680s] GC(474) Pause Young (Prepare Mixed) (G1 Evacuation Pause) 389M->389M(512M) 2.606ms
[6.695s] GC(475) Pause Young (Mixed) (G1 Evacuation Pause) 426M->424M(512M) 2.492ms
[6.705s] GC(476) Pause Young (Concurrent Start) (G1 Evacuation Pause) 450M->451M(512M) 1.612ms
[6.706s] GC(477) Concurrent Mark Cycle
[6.714s] GC(478) Pause Young (Normal) (G1 Evacuation Pause) 472M->472M(512M) 1.509ms
[6.721s] GC(477) Pause Remark 492M->253M(512M) 1.214ms
[6.724s] GC(479) Pause Young (Normal) (G1 Evacuation Pause) 254M->255M(512M) 1.619ms
[6.753s] GC(480) Pause Young (Normal) (G1 Evacuation Pause) 334M->334M(512M) 3.607ms
[6.755s] GC(477) Pause Cleanup 337M->337M(512M) 0.113ms
[6.755s] GC(477) Concurrent Mark Cycle 49.526ms
[6.775s] GC(481) Pause Young (Prepare Mixed) (G1 Evacuation Pause) 389M->389M(512M) 2.852ms
[6.790s] GC(482) Pause Young (Mixed) (G1 Evacuation Pause) 426M->425M(512M) 1.995ms
[6.800s] GC(483) Pause Young (Concurrent Start) (G1 Evacuation Pause) 451M->451M(512M) 1.723ms
[6.800s] GC(484) Concurrent Mark Cycle
[6.809s] GC(485) Pause Young (Normal) (G1 Evacuation Pause) 472M->473M(512M) 1.513ms
[6.816s] GC(484) Pause Remark 492M->251M(512M) 1.012ms
[6.818s] GC(486) Pause Young (Normal) (G1 Evacuation Pause) 253M->253M(512M) 1.663ms
[6.848s] GC(487) Pause Young (Normal) (G1 Evacuation Pause) 333M->334M(512M) 3.120ms
[6.849s] GC(484) Pause Cleanup 334M->334M(512M) 0.134ms
[6.849s] GC(484) Concurrent Mark Cycle 48.878ms
[6.871s] GC(488) Pause Young (Prepare Mixed) (G1 Evacuation Pause) 389M->389M(512M) 2.812ms
[6.885s] GC(489) Pause Young (Mixed) (G1 Evacuation Pause) 426M->424M(512M) 2.049ms
[6.896s] GC(490) Pause Young (Concurrent Start) (G1 Evacuation Pause) 450M->451M(512M) 1.773ms
[6.896s] GC(491) Concurrent Mark Cycle
[6.904s] GC(492) Pause Young (Normal) (G1 Evacuation Pause) 472M->472M(512M) 1.653ms
[6.912s] GC(491) Pause Remark 492M->251M(512M) 0.963ms
[6.914s] GC(493) Pause Young (Normal) (G1 Evacuation Pause) 252M->253M(512M) 1.526ms
[6.945s] GC(494) Pause Young (Normal) (G1 Evacuation Pause) 333M->333M(512M) 3.404ms
[6.945s] GC(491) Pause Cleanup 333M->333M(512M) 0.110ms
[6.946s] GC(491) Concurrent Mark Cycle 49.737ms
[6.967s] GC(495) Pause Young (Prepare Mixed) (G1 Evacuation Pause) 388M->388M(512M) 2.742ms
[6.982s] GC(496) Pause Young (Mixed) (G1 Evacuation Pause) 426M->424M(512M) 2.050ms
[6.992s] GC(497) Pause Young (Concurrent Start) (G1 Evacuation Pause) 450M->451M(512M) 1.647ms
[6.992s] GC(498) Concurrent Mark Cycle
[7.001s] GC(499) Pause Young (Normal) (G1 Evacuation Pause) 472M->472M(512M) 1.390ms
[7.008s] GC(498) Pause Remark 492M->247M(512M) 0.994ms
[7.010s] GC(500) Pause Young (Normal) (G1 Evacuation Pause) 248M->249M(512M) 1.411ms
[7.037s] GC(498) Pause Cleanup 329M->329M(512M) 0.149ms
[7.037s] GC(498) Concurrent Mark Cycle 45.180ms
[7.041s] GC(501) Pause Young (Prepare Mixed) (G1 Evacuation Pause) 330M->330M(512M) 3.243ms
[7.062s] GC(502) Pause Young (Mixed) (G1 Evacuation Pause) 385M->384M(512M) 2.557ms
[7.077s] GC(503) Pause Young (Concurrent Start) (G1 Evacuation Pause) 423M->424M(512M) 2.140ms
[7.077s] GC(504) Concurrent Mark Cycle
[7.087s] GC(505) Pause Young (Normal) (G1 Evacuation Pause) 450M->450M(512M) 1.561ms
[7.093s] GC(504) Pause Remark 465M->252M(512M) 0.836ms
[7.097s] GC(506) Pause Young (Normal) (G1 Evacuation Pause) 258M->258M(512M) 1.494ms
[7.125s] GC(507) Pause Young (Normal) (G1 Evacuation Pause) 336M->337M(512M) 3.115ms
[7.126s] GC(504) Pause Cleanup 339M->339M(512M) 0.104ms
[7.127s] GC(504) Concurrent Mark Cycle 49.574ms
[7.147s] GC(508) Pause Young (Prepare Mixed) (G1 Evacuation Pause) 391M->391M(512M) 2.580ms
[7.161s] GC(509) Pause Young (Mixed) (G1 Evacuation Pause) 427M->426M(512M) 2.002ms
[7.172s] GC(510) Pause Young (Concurrent Start) (G1 Evacuation Pause) 452M->452M(512M) 1.834ms
[7.172s] GC(511) Concurrent Mark Cycle
[7.180s] GC(512) Pause Young (Normal) (G1 Evacuation Pause) 473M->474M(512M) 1.543ms
[7.187s] GC(511) Pause Remark 493M->251M(512M) 1.199ms
[7.190s] GC(513) Pause Young (Normal) (G1 Evacuation Pause) 253M->253M(512M) 1.449ms
[7.219s] GC(514) Pause Young (Normal) (G1 Evacuation Pause) 333M->334M(512M) 3.089ms
[7.220s] GC(511) Pause Cleanup 336M->336M(512M) 0.108ms
[7.220s] GC(511) Concurrent Mark Cycle 48.195ms
[7.241s] GC(515) Pause Young (Prepare Mixed) (G1 Evacuation Pause) 389M->389M(512M) 2.674ms
[7.256s] GC(516) Pause Young (Mixed) (G1 Evacuation Pause) 426M->425M(512M) 2.235ms
[7.269s] GC(517) Pause Young (Concurrent Start) (G1 Evacuation Pause) 451M->451M(512M) 2.313ms
[7.269s] GC(518) Concurrent Mark Cycle
[7.278s] GC(519) Pause Young (Normal) (G1 Evacuation Pause) 472M->473M(512M) 1.582ms
[7.286s] GC(518) Pause Remark 493M->252M(512M) 1.344ms
[7.288s] GC(520) Pause Young (Normal) (G1 Evacuation Pause) 253M->253M(512M) 1.350ms
[7.318s] GC(521) Pause Young (Normal) (G1 Evacuation Pause) 333M->333M(512M) 3.196ms
[7.319s] GC(518) Pause Cleanup 334M->334M(512M) 0.144ms
[7.319s] GC(518) Concurrent Mark Cycle 50.028ms
[7.340s] GC(522) Pause Young (Prepare Mixed) (G1 Evacuation Pause) 388M->389M(512M) 2.535ms
[7.354s] GC(523) Pause Young (Mixed) (G1 Evacuation Pause) 426M->424M(512M) 1.979ms
[7.365s] GC(524) Pause Young (Concurrent Start) (G1 Evacuation Pause) 450M->451M(512M) 1.585ms
[7.365s] GC(525) Concurrent Mark Cycle
[7.373s] GC(526) Pause Young (Normal) (G1 Evacuation Pause) 472M->472M(512M) 1.616ms
[7.380s] GC(525) Pause Remark 491M->248M(512M) 0.992ms
[7.383s] GC(527) Pause Young (Normal) (G1 Evacuation Pause) 250M->251M(512M) 1.449ms
[7.410s] GC(525) Pause Cleanup 330M->330M(512M) 0.148ms
[7.410s] GC(525) Concurrent Mark Cycle 45.385ms
[7.413s] GC(528) Pause Young (Prepare Mixed) (G1 Evacuation Pause) 332M->332M(512M) 3.103ms
[7.435s] GC(529) Pause Young (Mixed) (G1 Evacuation Pause) 387M->386M(512M) 2.570ms
[7.450s] GC(530) Pause Young (Concurrent Start) (G1 Evacuation Pause) 424M->424M(512M) 2.317ms
[7.450s] GC(531) Concurrent Mark Cycle
[7.460s] GC(532) Pause Young (Normal) (G1 Evacuation Pause) 450M->451M(512M) 1.556ms
[7.467s] GC(531) Pause Remark 470M->256M(512M) 0.890ms
[7.470s] GC(533) Pause Young (Normal) (G1 Evacuation Pause) 258M->258M(512M) 1.476ms
[7.499s] GC(534) Pause Young (Normal) (G1 Evacuation Pause) 336M->337M(512M) 3.205ms
[7.500s] GC(531) Pause Cleanup 340M->340M(512M) 0.105ms
[7.500s] GC(531) Concurrent Mark Cycle 50.281ms
[7.520s] GC(535) Pause Young (Prepare Mixed) (G1 Evacuation Pause) 391M->391M(512M) 2.611ms
[7.534s] GC(536) Pause Young (Mixed) (G1 Evacuation Pause) 428M->426M(512M) 1.899ms
[7.545s] GC(537) Pause Young (Concurrent Start) (G1 Evacuation Pause) 451M->452M(512M) 1.534ms
[7.545s] GC(538) Concurrent Mark Cycle
[7.554s] GC(539) Pause Young (Normal) (G1 Evacuation Pause) 473M->473M(512M) 1.602ms
[7.560s] GC(538) Pause Remark 491M->249M(512M) 0.956ms
[7.563s] GC(540) Pause Young (Normal) (G1 Evacuation Pause) 252M->252M(512M) 1.470ms
[7.590s] GC(538) Pause Cleanup 332M->332M(512M) 0.145ms
[7.593s] GC(541) Pause Young (Prepare Mixed) (G1 Evacuation Pause) 332M->332M(512M) 3.073ms
[7.594s] GC(538) Concurrent Mark Cycle 48.974ms
[7.615s] GC(542) Pause Young (Mixed) (G1 Evacuation Pause) 387M->385M(512M) 2.492ms
[7.630s] GC(543) Pause Young (Concurrent Start) (G1 Evacuation Pause) 423M->424M(512M) 2.502ms
[7.630s] GC(544) Concurrent Mark Cycle
[7.641s] GC(545) Pause Young (Normal) (G1 Evacuation Pause) 450M->450M(512M) 1.540ms
[7.648s] GC(544) Pause Remark 469M->255M(512M) 1.105ms
[7.651s] GC(546) Pause Young (Normal) (G1 Evacuation Pause) 257M->258M(512M) 1.579ms
[7.680s] GC(547) Pause Young (Normal) (G1 Evacuation Pause) 336M->336M(512M) 3.072ms
[7.681s] GC(544) Pause Cleanup 337M->337M(512M) 0.149ms
[7.681s] GC(544) Concurrent Mark Cycle 51.428ms
[7.701s] GC(548) Pause Young (Prepare Mixed) (G1 Evacuation Pause) 390M->390M(512M) 2.599ms
[7.716s] GC(549) Pause Young (Mixed) (G1 Evacuation Pause) 427M->425M(512M) 2.242ms
[7.727s] GC(550) Pause Young (Concurrent Start) (G1 Evacuation Pause) 451M->452M(512M) 1.621ms
[7.727s] GC(551) Concurrent Mark Cycle
[7.735s] GC(552) Pause Young (Normal) (G1 Evacuation Pause) 473M->473M(512M) 1.321ms
[7.743s] GC(551) Pause Remark 490M->248M(512M) 1.272ms
[7.745s] GC(553) Pause Young (Normal) (G1 Evacuation Pause) 252M->252M(512M) 1.449ms
[7.772s] GC(551) Pause Cleanup 331M->331M(512M) 0.132ms
[7.773s] GC(551) Concurrent Mark Cycle 45.526ms
[7.776s] GC(554) Pause Young (Prepare Mixed) (G1 Evacuation Pause) 332M->333M(512M) 3.174ms
[7.797s] GC(555) Pause Young (Mixed) (G1 Evacuation Pause) 388M->386M(512M) 2.944ms
[7.813s] GC(556) Pause Young (Concurrent Start) (G1 Evacuation Pause) 424M->425M(512M) 2.174ms
[7.813s] GC(557) Concurrent Mark Cycle
[7.823s] GC(558) Pause Young (Normal) (G1 Evacuation Pause) 451M->451M(512M) 1.524ms
[7.829s] GC(557) Pause Remark 466M->252M(512M) 1.124ms
[7.833s] GC(559) Pause Young (Normal) (G1 Evacuation Pause) 258M->259M(512M) 1.465ms
[7.858s] GC(557) Pause Cleanup 334M->334M(512M) 0.138ms
[7.859s] GC(557) Concurrent Mark Cycle 45.840ms
[7.862s] GC(560) Pause Young (Prepare Mixed) (G1 Evacuation Pause) 337M->337M(512M) 2.941ms
[7.884s] GC(561) Pause Young (Mixed) (G1 Evacuation Pause) 391M->389M(512M) 3.949ms
[7.899s] GC(562) Pause Young (Concurrent Start) (G1 Evacuation Pause) 426M->427M(512M) 2.157ms
[7.899s] GC(563) Concurrent Mark Cycle
[7.909s] GC(564) Pause Young (Normal) (G1 Evacuation Pause) 452M->452M(512M) 1.479ms
[7.916s] GC(563) Pause Remark 470M->256M(512M) 1.240ms
[7.919s] GC(565) Pause Young (Normal) (G1 Evacuation Pause) 259M->260M(512M) 1.432ms
[7.949s] GC(566) Pause Young (Normal) (G1 Evacuation Pause) 338M->338M(512M) 3.450ms
[7.950s] GC(563) Pause Cleanup 341M->341M(512M) 0.112ms
[7.950s] GC(563) Concurrent Mark Cycle 51.017ms
[7.970s] GC(567) Pause Young (Prepare Mixed) (G1 Evacuation Pause) 391M->391M(512M) 2.630ms
[7.984s] GC(568) Pause Young (Mixed) (G1 Evacuation Pause) 427M->425M(512M) 2.160ms
[7.995s] GC(569) Pause Young (Concurrent Start) (G1 Evacuation Pause) 451M->451M(512M) 1.681ms
[7.995s] GC(570) Concurrent Mark Cycle
[8.003s] GC(571) Pause Young (Normal) (G1 Evacuation Pause) 472M->472M(512M) 1.313ms
[8.010s] GC(570) Pause Remark 491M->255M(512M) 0.981ms
[8.013s] GC(572) Pause Young (Normal) (G1 Evacuation Pause) 257M->258M(512M) 1.466ms
[8.043s] GC(573) Pause Young (Normal) (G1 Evacuation Pause) 336M->336M(512M) 3.520ms
[8.045s] GC(570) Pause Cleanup 340M->340M(512M) 0.135ms
[8.045s] GC(570) Concurrent Mark Cycle 49.930ms
[8.064s] GC(574) Pause Young (Prepare Mixed) (G1 Evacuation Pause) 390M->390M(512M) 2.936ms
[8.079s] GC(575) Pause Young (Mixed) (G1 Evacuation Pause) 427M->425M(512M) 2.057ms
[8.089s] GC(576) Pause Young (Concurrent Start) (G1 Evacuation Pause) 451M->451M(512M) 1.814ms
[8.089s] GC(577) Concurrent Mark Cycle
[8.098s] GC(578) Pause Young (Normal) (G1 Evacuation Pause) 472M->473M(512M) 1.675ms
[8.106s] GC(577) Pause Remark 493M->252M(512M) 0.974ms
[8.108s] GC(579) Pause Young (Normal) (G1 Evacuation Pause) 253M->253M(512M) 1.348ms
[8.138s] GC(580) Pause Young (Normal) (G1 Evacuation Pause) 333M->334M(512M) 3.146ms
[8.139s] GC(577) Pause Cleanup 335M->335M(512M) 0.110ms
[8.139s] GC(577) Concurrent Mark Cycle 49.848ms
[8.160s] GC(581) Pause Young (Prepare Mixed) (G1 Evacuation Pause) 389M->389M(512M) 2.703ms
[8.174s] GC(582) Pause Young (Mixed) (G1 Evacuation Pause) 426M->424M(512M) 1.894ms
[8.184s] GC(583) Pause Young (Concurrent Start) (G1 Evacuation Pause) 450M->451M(512M) 1.580ms
[8.184s] GC(584) Concurrent Mark Cycle
[8.193s] GC(585) Pause Young (Normal) (G1 Evacuation Pause) 472M->472M(512M) 1.672ms
[8.200s] GC(584) Pause Remark 491M->252M(512M) 1.267ms
[8.203s] GC(586) Pause Young (Normal) (G1 Evacuation Pause) 254M->255M(512M) 1.856ms
[8.230s] GC(584) Pause Cleanup 333M->333M(512M) 0.150ms
[8.231s] GC(584) Concurrent Mark Cycle 46.044ms
[8.234s] GC(587) Pause Young (Prepare Mixed) (G1 Evacuation Pause) 334M->334M(512M) 3.291ms
[8.256s] GC(588) Pause Young (Mixed) (G1 Evacuation Pause) 389M->387M(512M) 2.847ms
