[0.002s] Using G1
[0.261s] GC(0) Pause Young (Normal) (G1 Evacuation Pause) 27M->4M(512M) 3.038ms
[0.266s] GC(1) Pause Young (Normal) (G1 Evacuation Pause) 26M->6M(512M) 2.391ms
[0.269s] GC(2) Pause Young (Normal) (G1 Evacuation Pause) 36M->7M(512M) 0.958ms
[0.290s] GC(3) Pause Young (Normal) (G1 Evacuation Pause) 67M->63M(512M) 4.071ms
[0.297s] GC(4) Pause Young (Normal) (G1 Evacuation Pause) 80M->80M(512M) 1.602ms
[0.306s] GC(5) Pause Young (Normal) (G1 Evacuation Pause) 101M->102M(512M) 1.576ms
[0.314s] GC(6) Pause Young (Normal) (G1 Evacuation Pause) 123M->123M(512M) 1.601ms
[0.323s] GC(7) Pause Young (Normal) (G1 Evacuation Pause) 146M->147M(512M) 1.950ms
[0.334s] GC(8) Pause Young (Normal) (G1 Evacuation Pause) 176M->176M(512M) 1.887ms
[0.348s] GC(9) Pause Young (Normal) (G1 Evacuation Pause) 213M->214M(512M) 2.236ms
[0.366s] GC(10) Pause Young (Normal) (G1 Evacuation Pause) 261M->261M(512M) 2.814ms
[0.389s] GC(11) Pause Young (Concurrent Start) (G1 Evacuation Pause) 319M->320M(512M) 3.195ms
[0.389s] GC(12) Concurrent Mark Cycle
[0.410s] GC(12) Pause Remark 376M->270M(512M) 1.293ms
[0.414s] GC(13) Pause Young (Normal) (G1 Evacuation Pause) 273M->273M(512M) 2.703ms
[0.437s] GC(12) Pause Cleanup 343M->343M(512M) 0.142ms
[0.438s] GC(12) Concurrent Mark Cycle 48.154ms
[0.442s] GC(14) Pause Young (Prepare Mixed) (G1 Evacuation Pause) 346M->347M(512M) 3.702ms
[0.461s] GC(15) Pause Young (Mixed) (G1 Evacuation Pause) 397M->395M(512M) 3.000ms
[0.476s] GC(16) Pause Young (Concurrent Start) (G1 Evacuation Pause) 430M->431M(512M) 2.318ms
[0.476s] GC(17) Concurrent Mark Cycle
[0.486s] GC(18) Pause Young (Normal) (G1 Evacuation Pause) 455M->455M(512M) 1.520ms
[0.492s] GC(17) Pause Remark 471M->253M(512M) 1.359ms
[0.496s] GC(19) Pause Young (Normal) (G1 Evacuation Pause) 258M->259M(512M) 1.587ms
[0.524s] GC(20) Pause Young (Normal) (G1 Evacuation Pause) 337M->337M(512M) 2.927ms
[0.525s] GC(17) Pause Cleanup 339M->339M(512M) 0.141ms
[0.525s] GC(17) Concurrent Mark Cycle 49.170ms
[0.545s] GC(21) Pause Young (Prepare Mixed) (G1 Evacuation Pause) 390M->391M(512M) 2.561ms
[0.559s] GC(22) Pause Young (Mixed) (G1 Evacuation Pause) 428M->425M(512M) 2.017ms
[0.570s] GC(23) Pause Young (Concurrent Start) (G1 Evacuation Pause) 451M->452M(512M) 1.596ms
[0.570s] GC(24) Concurrent Mark Cycle
[0.578s] GC(25) Pause Young (Normal) (G1 Evacuation Pause) 473M->473M(512M) 1.461ms
[0.585s] GC(24) Pause Remark 492M->256M(512M) 1.250ms
[0.587s] GC(26) Pause Young (Normal) (G1 Evacuation Pause) 258M->259M(512M) 1.471ms
[0.617s] GC(27) Pause Young (Normal) (G1 Evacuation Pause) 337M->337M(512M) 3.096ms
[0.618s] GC(24) Pause Cleanup 340M->340M(512M) 0.135ms
[0.619s] GC(24) Concurrent Mark Cycle 48.798ms
[0.638s] GC(28) Pause Young (Prepare Mixed) (G1 Evacuation Pause) 390M->391M(512M) 2.484ms
[0.652s] GC(29) Pause Young (Mixed) (G1 Evacuation Pause) 428M->425M(512M) 1.883ms
[0.662s] GC(30) Pause Young (Concurrent Start) (G1 Evacuation Pause) 451M->452M(512M) 1.553ms
[0.662s] GC(31) Concurrent Mark Cycle
[0.670s] GC(32) Pause Young (Normal) (G1 Evacuation Pause) 473M->473M(512M) 1.510ms
[0.678s] GC(31) Pause Remark 494M->254M(512M) 0.916ms
[0.679s] GC(33) Pause Young (Normal) (G1 Evacuation Pause) 254M->255M(512M) 1.391ms
[0.708s] GC(34) Pause Young (Normal) (G1 Evacuation Pause) 334M->334M(512M) 2.969ms
[0.710s] GC(31) Pause Cleanup 338M->338M(512M) 0.105ms
[0.710s] GC(31) Concurrent Mark Cycle 47.878ms
[0.729s] GC(35) Pause Young (Prepare Mixed) (G1 Evacuation Pause) 388M->388M(512M) 2.798ms
[0.744s] GC(36) Pause Young (Mixed) (G1 Evacuation Pause) 426M->424M(512M) 1.880ms
[0.754s] GC(37) Pause Young (Concurrent Start) (G1 Evacuation Pause) 450M->451M(512M) 1.674ms
[0.754s] GC(38) Concurrent Mark Cycle
[0.762s] GC(39) Pause Young (Normal) (G1 Evacuation Pause) 472M->472M(512M) 1.568ms
[0.770s] GC(38) Pause Remark 492M->252M(512M) 0.956ms
[0.772s] GC(40) Pause Young (Normal) (G1 Evacuation Pause) 253M->254M(512M) 1.553ms
[0.801s] GC(41) Pause Young (Normal) (G1 Evacuation Pause) 334M->334M(512M) 3.047ms
[0.802s] GC(38) Pause Cleanup 336M->336M(512M) 0.154ms
[0.802s] GC(38) Concurrent Mark Cycle 47.625ms
[0.822s] GC(42) Pause Young (Prepare Mixed) (G1 Evacuation Pause) 388M->389M(512M) 2.668ms
[0.836s] GC(43) Pause Young (Mixed) (G1 Evacuation Pause) 426M->424M(512M) 2.289ms
[0.847s] GC(44) Pause Young (Concurrent Start) (G1 Evacuation Pause) 450M->451M(512M) 1.617ms
[0.847s] GC(45) Concurrent Mark Cycle
[0.855s] GC(46) Pause Young (Normal) (G1 Evacuation Pause) 472M->472M(512M) 1.560ms
[0.862s] GC(45) Pause Remark 492M->251M(512M) 1.051ms
[0.864s] GC(47) Pause Young (Normal) (G1 Evacuation Pause) 252M->253M(512M) 1.579ms
[0.894s] GC(48) Pause Young (Normal) (G1 Evacuation Pause) 333M->333M(512M) 3.212ms
[0.895s] GC(45) Pause Cleanup 335M->335M(512M) 0.117ms
[0.895s] GC(45) Concurrent Mark Cycle 48.309ms
[0.916s] GC(49) Pause Young (Prepare Mixed) (G1 Evacuation Pause) 388M->389M(512M) 3.089ms
[0.930s] GC(50) Pause Young (Mixed) (G1 Evacuation Pause) 426M->424M(512M) 1.906ms
[0.941s] GC(51) Pause Young (Concurrent Start) (G1 Evacuation Pause) 450M->451M(512M) 1.613ms
[0.941s] GC(52) Concurrent Mark Cycle
[0.949s] GC(53) Pause Young (Normal) (G1 Evacuation Pause) 472M->472M(512M) 1.728ms
[0.956s] GC(52) Pause Remark 491M->252M(512M) 1.214ms
[0.959s] GC(54) Pause Young (Normal) (G1 Evacuation Pause) 254M->255M(512M) 1.555ms
[0.987s] GC(55) Pause Young (Normal) (G1 Evacuation Pause) 334M->334M(512M) 3.083ms
[0.988s] GC(52) Pause Cleanup 337M->337M(512M) 0.139ms
[0.989s] GC(52) Concurrent Mark Cycle 48.072ms
[1.008s] GC(56) Pause Young (Prepare Mixed) (G1 Evacuation Pause) 388M->389M(512M) 2.653ms
[1.023s] GC(57) Pause Young (Mixed) (G1 Evacuation Pause) 426M->424M(512M) 2.106ms
[1.033s] GC(58) Pause Young (Concurrent Start) (G1 Evacuation Pause) 450M->451M(512M) 1.583ms
[1.033s] GC(59) Concurrent Mark Cycle
[1.041s] GC(60) Pause Young (Normal) (G1 Evacuation Pause) 472M->472M(512M) 1.302ms
[1.048s] GC(59) Pause Remark 491M->253M(512M) 1.277ms
[1.051s] GC(61) Pause Young (Normal) (G1 Evacuation Pause) 255M->256M(512M) 1.367ms
[1.080s] GC(62) Pause Young (Normal) (G1 Evacuation Pause) 335M->335M(512M) 3.194ms
[1.081s] GC(59) Pause Cleanup 337M->337M(512M) 0.106ms
[1.081s] GC(59) Concurrent Mark Cycle 48.108ms
[1.101s] GC(63) Pause Young (Prepare Mixed) (G1 Evacuation Pause) 389M->389M(512M) 2.633ms
[1.116s] GC(64) Pause Young (Mixed) (G1 Evacuation Pause) 426M->424M(512M) 2.124ms
[1.126s] GC(65) Pause Young (Concurrent Start) (G1 Evacuation Pause) 450M->450M(512M) 1.589ms
[1.126s] GC(66) Concurrent Mark Cycle
[1.134s] GC(67) Pause Young (Normal) (G1 Evacuation Pause) 471M->471M(512M) 1.325ms
[1.142s] GC(68) Pause Young (Normal) (G1 Evacuation Pause) (Evacuation Failure) 492M->496M(512M) 1.550ms
[1.143s] GC(66) Pause Remark 496M->255M(512M) 0.883ms
[1.149s] GC(69) Pause Young (Normal) (G1 Evacuation Pause) 271M->271M(512M) 1.225ms
[1.176s] GC(70) Pause Young (Normal) (G1 Evacuation Pause) 345M->345M(512M) 2.804ms
[1.177s] GC(66) Pause Cleanup 348M->348M(512M) 0.121ms
[1.177s] GC(66) Concurrent Mark Cycle 51.323ms
[1.196s] GC(71) Pause Young (Prepare Mixed) (G1 Evacuation Pause) 396M->397M(512M) 2.324ms
[1.209s] GC(72) Pause Young (Mixed) (G1 Evacuation Pause) 432M->430M(512M) 1.972ms
[1.219s] GC(73) Pause Young (Concurrent Start) (G1 Evacuation Pause) 454M->455M(512M) 1.739ms
[1.219s] GC(74) Concurrent Mark Cycle
[1.227s] GC(75) Pause Young (Normal) (G1 Evacuation Pause) 476M->476M(512M) 1.536ms
[1.234s] GC(74) Pause Remark 496M->250M(512M) 0.946ms
[1.236s] GC(76) Pause Young (Normal) (G1 Evacuation Pause) 251M->252M(512M) 1.476ms
[1.266s] GC(77) Pause Young (Normal) (G1 Evacuation Pause) 332M->332M(512M) 3.058ms
[1.266s] GC(74) Pause Cleanup 333M->333M(512M) 0.155ms
[1.267s] GC(74) Concurrent Mark Cycle 47.720ms
[1.287s] GC(78) Pause Young (Prepare Mixed) (G1 Evacuation Pause) 387M->388M(512M) 2.554ms
[1.302s] GC(79) Pause Young (Mixed) (G1 Evacuation Pause) 426M->424M(512M) 2.053ms
[1.312s] GC(80) Pause Young (Concurrent Start) (G1 Evacuation Pause) 450M->451M(512M) 1.584ms
[1.312s] GC(81) Concurrent Mark Cycle
[1.320s] GC(82) Pause Young (Normal) (G1 Evacuation Pause) 472M->472M(512M) 1.278ms
[1.327s] GC(81) Pause Remark 492M->251M(512M) 1.134ms
[1.329s] GC(83) Pause Young (Normal) (G1 Evacuation Pause) 252M->253M(512M) 1.395ms
[1.359s] GC(84) Pause Young (Normal) (G1 Evacuation Pause) 333M->333M(512M) 3.182ms
[1.360s] GC(81) Pause Cleanup 335M->335M(512M) 0.105ms
[1.360s] GC(81) Concurrent Mark Cycle 47.807ms
[1.380s] GC(85) Pause Young (Prepare Mixed) (G1 Evacuation Pause) 388M->388M(512M) 2.711ms
[1.395s] GC(86) Pause Young (Mixed) (G1 Evacuation Pause) 425M->424M(512M) 2.309ms
[1.406s] GC(87) Pause Young (Concurrent Start) (G1 Evacuation Pause) 450M->450M(512M) 1.694ms
[1.406s] GC(88) Concurrent Mark Cycle
[1.414s] GC(89) Pause Young (Normal) (G1 Evacuation Pause) 471M->472M(512M) 1.552ms
[1.421s] GC(88) Pause Remark 489M->250M(512M) 1.219ms
[1.424s] GC(90) Pause Young (Normal) (G1 Evacuation Pause) 254M->254M(512M) 1.502ms
[1.453s] GC(91) Pause Young (Normal) (G1 Evacuation Pause) 333M->334M(512M) 3.338ms
[1.454s] GC(88) Pause Cleanup 334M->334M(512M) 0.138ms
[1.454s] GC(88) Concurrent Mark Cycle 48.187ms
[1.474s] GC(92) Pause Young (Prepare Mixed) (G1 Evacuation Pause) 389M->389M(512M) 2.483ms
[1.489s] GC(93) Pause Young (Mixed) (G1 Evacuation Pause) 426M->425M(512M) 2.134ms
[1.499s] GC(94) Pause Young (Concurrent Start) (G1 Evacuation Pause) 451M->451M(512M) 1.592ms
[1.499s] GC(95) Concurrent Mark Cycle
[1.507s] GC(96) Pause Young (Normal) (G1 Evacuation Pause) 472M->473M(512M) 1.492ms
[1.515s] GC(95) Pause Remark 494M->254M(512M) 0.994ms
[1.516s] GC(97) Pause Young (Normal) (G1 Evacuation Pause) 254M->254M(512M) 1.307ms
[1.545s] GC(98) Pause Young (Normal) (G1 Evacuation Pause) 333M->334M(512M) 3.121ms
[1.547s] GC(95) Pause Cleanup 339M->339M(512M) 0.130ms
[1.551s] GC(95) Concurrent Mark Cycle 51.900ms
[1.570s] GC(99) Pause Young (Prepare Mixed) (G1 Evacuation Pause) 389M->389M(512M) 2.691ms
[1.585s] GC(100) Pause Young (Mixed) (G1 Evacuation Pause) 426M->425M(512M) 2.045ms
[1.595s] GC(101) Pause Young (Concurrent Start) (G1 Evacuation Pause) 451M->451M(512M) 1.638ms
[1.595s] GC(102) Concurrent Mark Cycle
[1.603s] GC(103) Pause Young (Normal) (G1 Evacuation Pause) 472M->473M(512M) 1.379ms
[1.611s] GC(102) Pause Remark 493M->253M(512M) 0.882ms
[1.612s] GC(104) Pause Young (Normal) (G1 Evacuation Pause) 254M->254M(512M) 1.329ms
[1.641s] GC(105) Pause Young (Normal) (G1 Evacuation Pause) 333M->334M(512M) 3.081ms
[1.643s] GC(102) Pause Cleanup 338M->338M(512M) 0.106ms
[1.643s] GC(102) Concurrent Mark Cycle 48.162ms
[1.663s] GC(106) Pause Young (Prepare Mixed) (G1 Evacuation Pause) 389M->389M(512M) 2.563ms
[1.677s] GC(107) Pause Young (Mixed) (G1 Evacuation Pause) 426M->425M(512M) 2.009ms
[1.687s] GC(108) Pause Young (Concurrent Start) (G1 Evacuation Pause) 451M->451M(512M) 1.622ms
[1.688s] GC(109) Concurrent Mark Cycle
[1.695s] GC(110) Pause Young (Normal) (G1 Evacuation Pause) 472M->473M(512M) 1.434ms
[1.703s] GC(109) Pause Remark 493M->252M(512M) 0.961ms
[1.705s] GC(111) Pause Young (Normal) (G1 Evacuation Pause) 253M->253M(512M) 1.274ms
[1.731s] GC(109) Pause Cleanup 333M->333M(512M) 0.143ms
[1.735s] GC(112) Pause Young (Prepare Mixed) (G1 Evacuation Pause) 333M->334M(512M) 3.285ms
[1.735s] GC(109) Concurrent Mark Cycle 47.214ms
[1.756s] GC(113) Pause Young (Mixed) (G1 Evacuation Pause) 389M->387M(512M) 3.059ms
[1.771s] GC(114) Pause Young (Concurrent Start) (G1 Evacuation Pause) 425M->426M(512M) 2.214ms
[1.771s] GC(115) Concurrent Mark Cycle
[1.781s] GC(116) Pause Young (Normal) (G1 Evacuation Pause) 452M->452M(512M) 1.563ms
[1.787s] GC(115) Pause Remark 468M->253M(512M) 0.877ms
[1.790s] GC(117) Pause Young (Normal) (G1 Evacuation Pause) 258M->259M(512M) 1.366ms
[1.820s] GC(118) Pause Young (Normal) (G1 Evacuation Pause) 337M->337M(512M) 3.675ms
[1.820s] GC(115) Pause Cleanup 338M->338M(512M) 0.101ms
[1.820s] GC(115) Concurrent Mark Cycle 49.128ms
[1.840s] GC(119) Pause Young (Prepare Mixed) (G1 Evacuation Pause) 390M->391M(512M) 2.401ms
[1.855s] GC(120) Pause Young (Mixed) (G1 Evacuation Pause) 428M->426M(512M) 2.091ms
[1.865s] GC(121) Pause Young (Concurrent Start) (G1 Evacuation Pause) 451M->452M(512M) 1.607ms
[1.865s] GC(122) Concurrent Mark Cycle
[1.873s] GC(123) Pause Young (Normal) (G1 Evacuation Pause) 473M->473M(512M) 1.343ms
[1.880s] GC(122) Pause Remark 493M->256M(512M) 1.165ms
[1.882s] GC(124) Pause Young (Normal) (G1 Evacuation Pause) 257M->258M(512M) 1.356ms
[1.910s] GC(125) Pause Young (Normal) (G1 Evacuation Pause) 336M->336M(512M) 2.954ms
[1.912s] GC(122) Pause Cleanup 340M->340M(512M) 0.146ms
[1.912s] GC(122) Concurrent Mark Cycle 47.002ms
[1.932s] GC(126) Pause Young (Prepare Mixed) (G1 Evacuation Pause) 390M->391M(512M) 2.746ms
[1.946s] GC(127) Pause Young (Mixed) (G1 Evacuation Pause) 428M->425M(512M) 2.016ms
[1.957s] GC(128) Pause Young (Concurrent Start) (G1 Evacuation Pause) 451M->452M(512M) 1.591ms
[1.957s] GC(129) Concurrent Mark Cycle
[1.965s] GC(130) Pause Young (Normal) (G1 Evacuation Pause) 473M->473M(512M) 1.512ms
[1.972s] GC(129) Pause Remark 491M->254M(512M) 1.260ms
[1.975s] GC(131) Pause Young (Normal) (G1 Evacuation Pause) 257M->258M(512M) 1.646ms
[2.003s] GC(132) Pause Young (Normal) (G1 Evacuation Pause) 336M->336M(512M) 3.374ms
[2.004s] GC(129) Pause Cleanup 337M->337M(512M) 0.116ms
[2.004s] GC(129) Concurrent Mark Cycle 47.659ms
[2.024s] GC(133) Pause Young (Prepare Mixed) (G1 Evacuation Pause) 390M->391M(512M) 2.405ms
[2.039s] GC(134) Pause Young (Mixed) (G1 Evacuation Pause) 428M->425M(512M) 1.972ms
[2.049s] GC(135) Pause Young (Concurrent Start) (G1 Evacuation Pause) 451M->452M(512M) 1.577ms
[2.049s] GC(136) Concurrent Mark Cycle
[2.057s] GC(137) Pause Young (Normal) (G1 Evacuation Pause) 473M->473M(512M) 1.291ms
[2.064s] GC(136) Pause Remark 493M->252M(512M) 0.867ms
[2.066s] GC(138) Pause Young (Normal) (G1 Evacuation Pause) 253M->253M(512M) 1.301ms
[2.095s] GC(139) Pause Young (Normal) (G1 Evacuation Pause) 333M->333M(512M) 3.229ms
[2.096s] GC(136) Pause Cleanup 337M->337M(512M) 0.163ms
[2.097s] GC(136) Concurrent Mark Cycle 47.852ms
[2.116s] GC(140) Pause Young (Prepare Mixed) (G1 Evacuation Pause) 388M->389M(512M) 2.469ms
[2.131s] GC(141) Pause Young (Mixed) (G1 Evacuation Pause) 426M->424M(512M) 2.021ms
[2.141s] GC(142) Pause Young (Concurrent Start) (G1 Evacuation Pause) 450M->451M(512M) 1.574ms
[2.141s] GC(143) Concurrent Mark Cycle
[2.149s] GC(144) Pause Young (Normal) (G1 Evacuation Pause) 472M->472M(512M) 1.332ms
[2.156s] GC(143) Pause Remark 493M->253M(512M) 0.896ms
[2.158s] GC(145) Pause Young (Normal) (G1 Evacuation Pause) 253M->254M(512M) 1.331ms
[2.184s] GC(143) Pause Cleanup 333M->333M(512M) 0.133ms
[2.184s] GC(143) Concurrent Mark Cycle 42.990ms
[2.187s] GC(146) Pause Young (Prepare Mixed) (G1 Evacuation Pause) 334M->334M(512M) 2.969ms
[2.208s] GC(147) Pause Young (Mixed) (G1 Evacuation Pause) 388M->386M(512M) 2.633ms
[2.223s] GC(148) Pause Young (Concurrent Start) (G1 Evacuation Pause) 424M->425M(512M) 2.318ms
[2.223s] GC(149) Concurrent Mark Cycle
[2.233s] GC(150) Pause Young (Normal) (G1 Evacuation Pause) 451M->451M(512M) 1.502ms
[2.239s] GC(149) Pause Remark 466M->252M(512M) 0.872ms
[2.243s] GC(151) Pause Young (Normal) (G1 Evacuation Pause) 258M->259M(512M) 1.341ms
[2.271s] GC(152) Pause Young (Normal) (G1 Evacuation Pause) 337M->337M(512M) 3.099ms
[2.272s] GC(149) Pause Cleanup 338M->338M(512M) 0.130ms
[2.272s] GC(149) Concurrent Mark Cycle 48.728ms
[2.292s] GC(153) Pause Young (Prepare Mixed) (G1 Evacuation Pause) 390M->391M(512M) 2.594ms
[2.306s] GC(154) Pause Young (Mixed) (G1 Evacuation Pause) 428M->426M(512M) 2.261ms
[2.316s] GC(155) Pause Young (Concurrent Start) (G1 Evacuation Pause) 451M->452M(512M) 1.559ms
[2.316s] GC(156) Concurrent Mark Cycle
[2.324s] GC(157) Pause Young (Normal) (G1 Evacuation Pause) 473M->473M(512M) 1.422ms
[2.332s] GC(156) Pause Remark 492M->256M(512M) 1.056ms
[2.334s] GC(158) Pause Young (Normal) (G1 Evacuation Pause) 258M->259M(512M) 1.286ms
[2.363s] GC(159) Pause Young (Normal) (G1 Evacuation Pause) 337M->337M(512M) 3.105ms
[2.364s] GC(156) Pause Cleanup 340M->340M(512M) 0.112ms
[2.364s] GC(156) Concurrent Mark Cycle 48.148ms
[2.384s] GC(160) Pause Young (Prepare Mixed) (G1 Evacuation Pause) 390M->391M(512M) 2.442ms
[2.398s] GC(161) Pause Young (Mixed) (G1 Evacuation Pause) 428M->425M(512M) 2.212ms
[2.409s] GC(162) Pause Young (Concurrent Start) (G1 Evacuation Pause) 451M->452M(512M) 1.586ms
[2.409s] GC(163) Concurrent Mark Cycle
[2.417s] GC(164) Pause Young (Normal) (G1 Evacuation Pause) 473M->473M(512M) 1.366ms
[2.424s] GC(163) Pause Remark 491M->252M(512M) 1.296ms
[2.426s] GC(165) Pause Young (Normal) (G1 Evacuation Pause) 255M->256M(512M) 1.260ms
[2.452s] GC(163) Pause Cleanup 333M->333M(512M) 0.137ms
[2.452s] GC(163) Concurrent Mark Cycle 43.338ms
[2.456s] GC(166) Pause Young (Prepare Mixed) (G1 Evacuation Pause) 335M->335M(512M) 3.363ms
[2.477s] GC(167) Pause Young (Mixed) (G1 Evacuation Pause) 389M->386M(512M) 2.627ms
[2.492s] GC(168) Pause Young (Concurrent Start) (G1 Evacuation Pause) 424M->425M(512M) 2.043ms
[2.492s] GC(169) Concurrent Mark Cycle
[2.502s] GC(170) Pause Young (Normal) (G1 Evacuation Pause) 451M->451M(512M) 1.501ms
[2.508s] GC(169) Pause Remark 465M->251M(512M) 1.241ms
[2.512s] GC(171) Pause Young (Normal) (G1 Evacuation Pause) 258M->258M(512M) 1.316ms
[2.541s] GC(172) Pause Young (Normal) (G1 Evacuation Pause) 336M->336M(512M) 3.014ms
[2.541s] GC(169) Pause Cleanup 337M->337M(512M) 0.128ms
[2.542s] GC(169) Concurrent Mark Cycle 49.394ms
[2.562s] GC(173) Pause Young (Prepare Mixed) (G1 Evacuation Pause) 390M->391M(512M) 2.560ms
[2.577s] GC(174) Pause Young (Mixed) (G1 Evacuation Pause) 428M->426M(512M) 2.313ms
[2.586s] GC(175) Pause Young (Concurrent Start) (G1 Evacuation Pause) 451M->451M(512M) 1.562ms
[2.586s] GC(176) Concurrent Mark Cycle
[2.594s] GC(177) Pause Young (Normal) (G1 Evacuation Pause) 472M->473M(512M) 1.274ms
[2.601s] GC(176) Pause Remark 493M->254M(512M) 0.872ms
[2.603s] GC(178) Pause Young (Normal) (G1 Evacuation Pause) 255M->255M(512M) 1.298ms
[2.632s] GC(179) Pause Young (Normal) (G1 Evacuation Pause) 334M->335M(512M) 3.250ms
[2.634s] GC(176) Pause Cleanup 339M->339M(512M) 0.120ms
[2.634s] GC(176) Concurrent Mark Cycle 47.781ms
[2.653s] GC(180) Pause Young (Prepare Mixed) (G1 Evacuation Pause) 389M->389M(512M) 2.611ms
[2.668s] GC(181) Pause Young (Mixed) (G1 Evacuation Pause) 426M->424M(512M) 1.904ms
[2.678s] GC(182) Pause Young (Concurrent Start) (G1 Evacuation Pause) 450M->450M(512M) 1.704ms
[2.678s] GC(183) Concurrent Mark Cycle
[2.687s] GC(184) Pause Young (Normal) (G1 Evacuation Pause) 471M->471M(512M) 1.582ms
[2.694s] GC(183) Pause Remark 490M->252M(512M) 0.864ms
[2.696s] GC(185) Pause Young (Normal) (G1 Evacuation Pause) 254M->255M(512M) 1.390ms
[2.725s] GC(186) Pause Young (Normal) (G1 Evacuation Pause) 334M->334M(512M) 3.019ms
[2.725s] GC(183) Pause Cleanup 334M->334M(512M) 0.115ms
[2.726s] GC(183) Concurrent Mark Cycle 47.282ms
[2.746s] GC(187) Pause Young (Prepare Mixed) (G1 Evacuation Pause) 389M->389M(512M) 2.707ms
[2.761s] GC(188) Pause Young (Mixed) (G1 Evacuation Pause) 426M->425M(512M) 1.900ms
[2.771s] GC(189) Pause Young (Concurrent Start) (G1 Evacuation Pause) 451M->451M(512M) 1.579ms
[2.771s] GC(190) Concurrent Mark Cycle
[2.780s] GC(191) Pause Young (Normal) (G1 Evacuation Pause) 472M->473M(512M) 1.604ms
[2.787s] GC(190) Pause Remark 493M->251M(512M) 0.971ms
[2.789s] GC(192) Pause Young (Normal) (G1 Evacuation Pause) 252M->252M(512M) 1.542ms
[2.818s] GC(193) Pause Young (Normal) (G1 Evacuation Pause) 332M->332M(512M) 3.031ms
[2.819s] GC(190) Pause Cleanup 334M->334M(512M) 0.119ms
[2.820s] GC(190) Concurrent Mark Cycle 48.110ms
[2.840s] GC(194) Pause Young (Prepare Mixed) (G1 Evacuation Pause) 387M->388M(512M) 2.767ms
[2.855s] GC(195) Pause Young (Mixed) (G1 Evacuation Pause) 426M->424M(512M) 2.063ms
[2.865s] GC(196) Pause Young (Concurrent Start) (G1 Evacuation Pause) 450M->451M(512M) 1.839ms
[2.865s] GC(197) Concurrent Mark Cycle
[2.873s] GC(198) Pause Young (Normal) (G1 Evacuation Pause) 472M->472M(512M) 1.550ms
[2.880s] GC(197) Pause Remark 491M->251M(512M) 1.091ms
[2.883s] GC(199) Pause Young (Normal) (G1 Evacuation Pause) 253M->254M(512M) 1.276ms
[2.912s] GC(200) Pause Young (Normal) (G1 Evacuation Pause) 334M->334M(512M) 3.017ms
[2.912s] GC(197) Pause Cleanup 335M->335M(512M) 0.119ms
[2.913s] GC(197) Concurrent Mark Cycle 47.565ms
[2.934s] GC(201) Pause Young (Prepare Mixed) (G1 Evacuation Pause) 388M->389M(512M) 2.994ms
[2.948s] GC(202) Pause Young (Mixed) (G1 Evacuation Pause) 426M->424M(512M) 1.971ms
[2.958s] GC(203) Pause Young (Concurrent Start) (G1 Evacuation Pause) 450M->451M(512M) 1.535ms
[2.958s] GC(204) Concurrent Mark Cycle
[2.966s] GC(205) Pause Young (Normal) (G1 Evacuation Pause) 472M->472M(512M) 1.496ms
[2.973s] GC(204) Pause Remark 490M->253M(512M) 1.210ms
[2.976s] GC(206) Pause Young (Normal) (G1 Evacuation Pause) 256M->257M(512M) 1.378ms
[3.005s] GC(207) Pause Young (Normal) (G1 Evacuation Pause) 336M->336M(512M) 3.086ms
[3.006s] GC(204) Pause Cleanup 338M->338M(512M) 0.121ms
[3.006s] GC(204) Concurrent Mark Cycle 47.456ms
[3.026s] GC(208) Pause Young (Prepare Mixed) (G1 Evacuation Pause) 390M->391M(512M) 2.744ms
[3.040s] GC(209) Pause Young (Mixed) (G1 Evacuation Pause) 428M->425M(512M) 2.054ms
[3.050s] GC(210) Pause Young (Concurrent Start) (G1 Evacuation Pause) 451M->452M(512M) 1.594ms
[3.051s] GC(211) Concurrent Mark Cycle
[3.059s] GC(212) Pause Young (Normal) (G1 Evacuation Pause) 473M->473M(512M) 1.608ms
[3.066s] GC(211) Pause Remark 494M->256M(512M) 0.898ms
[3.068s] GC(213) Pause Young (Normal) (G1 Evacuation Pause) 256M->257M(512M) 1.474ms
[3.096s] GC(214) Pause Young (Normal) (G1 Evacuation Pause) 336M->336M(512M) 2.978ms
[3.098s] GC(211) Pause Cleanup 341M->341M(512M) 0.117ms
[3.099s] GC(211) Concurrent Mark Cycle 47.985ms
[3.118s] GC(215) Pause Young (Prepare Mixed) (G1 Evacuation Pause) 390M->390M(512M) 2.699ms
[3.133s] GC(216) Pause Young (Mixed) (G1 Evacuation Pause) 427M->425M(512M) 2.256ms
[3.143s] GC(217) Pause Young (Concurrent Start) (G1 Evacuation Pause) 451M->451M(512M) 1.593ms
[3.143s] GC(218) Concurrent Mark Cycle
[3.151s] GC(219) Pause Young (Normal) (G1 Evacuation Pause) 472M->473M(512M) 1.471ms
[3.158s] GC(218) Pause Remark 492M->252M(512M) 0.877ms
[3.160s] GC(220) Pause Young (Normal) (G1 Evacuation Pause) 254M->254M(512M) 1.440ms
[3.189s] GC(221) Pause Young (Normal) (G1 Evacuation Pause) 333M->334M(512M) 3.211ms
[3.191s] GC(218) Pause Cleanup 337M->337M(512M) 0.149ms
[3.191s] GC(218) Concurrent Mark Cycle 48.088ms
[3.211s] GC(222) Pause Young (Prepare Mixed) (G1 Evacuation Pause) 389M->389M(512M) 2.554ms
[3.225s] GC(223) Pause Young (Mixed) (G1 Evacuation Pause) 426M->425M(512M) 1.867ms
[3.235s] GC(224) Pause Young (Concurrent Start) (G1 Evacuation Pause) 451M->451M(512M) 1.649ms
[3.235s] GC(225) Concurrent Mark Cycle
[3.244s] GC(226) Pause Young (Normal) (G1 Evacuation Pause) 472M->473M(512M) 1.450ms
[3.251s] GC(225) Pause Remark 492M->251M(512M) 0.957ms
[3.253s] GC(227) Pause Young (Normal) (G1 Evacuation Pause) 253M->253M(512M) 1.410ms
[3.282s] GC(228) Pause Young (Normal) (G1 Evacuation Pause) 333M->333M(512M) 3.138ms
[3.283s] GC(225) Pause Cleanup 336M->336M(512M) 0.103ms
[3.284s] GC(225) Concurrent Mark Cycle 48.115ms
[3.304s] GC(229) Pause Young (Prepare Mixed) (G1 Evacuation Pause) 388M->389M(512M) 2.580ms
[3.318s] GC(230) Pause Young (Mixed) (G1 Evacuation Pause) 426M->424M(512M) 2.227ms
[3.328s] GC(231) Pause Young (Concurrent Start) (G1 Evacuation Pause) 450M->451M(512M) 1.577ms
[3.328s] GC(232) Concurrent Mark Cycle
[3.336s] GC(233) Pause Young (Normal) (G1 Evacuation Pause) 472M->472M(512M) 1.433ms
[3.344s] GC(232) Pause Remark 492M->254M(512M) 1.148ms
[3.346s] GC(234) Pause Young (Normal) (G1 Evacuation Pause) 255M->255M(512M) 1.379ms
[3.374s] GC(235) Pause Young (Normal) (G1 Evacuation Pause) 334M->334M(512M) 2.930ms
[3.376s] GC(232) Pause Cleanup 337M->337M(512M) 0.110ms
[3.376s] GC(232) Concurrent Mark Cycle 47.427ms
[3.396s] GC(236) Pause Young (Prepare Mixed) (G1 Evacuation Pause) 388M->389M(512M) 2.480ms
[3.410s] GC(237) Pause Young (Mixed) (G1 Evacuation Pause) 426M->424M(512M) 1.968ms
[3.420s] GC(238) Pause Young (Concurrent Start) (G1 Evacuation Pause) 450M->451M(512M) 1.576ms
[3.420s] GC(239) Concurrent Mark Cycle
[3.428s] GC(240) Pause Young (Normal) (G1 Evacuation Pause) 472M->472M(512M) 1.525ms
[3.435s] GC(239) Pause Remark 491M->252M(512M) 1.232ms
[3.438s] GC(241) Pause Young (Normal) (G1 Evacuation Pause) 254M->255M(512M) 1.408ms
[3.467s] GC(242) Pause Young (Normal) (G1 Evacuation Pause) 334M->334M(512M) 3.032ms
[3.468s] GC(239) Pause Cleanup 337M->337M(512M) 0.136ms
[3.468s] GC(239) Concurrent Mark Cycle 47.862ms
[3.488s] GC(243) Pause Young (Prepare Mixed) (G1 Evacuation Pause) 388M->388M(512M) 3.094ms
[3.503s] GC(244) Pause Young (Mixed) (G1 Evacuation Pause) 425M->423M(512M) 2.077ms
[3.513s] GC(245) Pause Young (Concurrent Start) (G1 Evacuation Pause) 449M->450M(512M) 1.628ms
[3.513s] GC(246) Concurrent Mark Cycle
[3.521s] GC(247) Pause Young (Normal) (G1 Evacuation Pause) 471M->471M(512M) 1.460ms
[3.528s] GC(246) Pause Remark 491M->253M(512M) 0.862ms
[3.530s] GC(248) Pause Young (Normal) (G1 Evacuation Pause) 254M->254M(512M) 1.426ms
[3.559s] GC(249) Pause Young (Normal) (G1 Evacuation Pause) 333M->334M(512M) 3.055ms
[3.561s] GC(246) Pause Cleanup 338M->338M(512M) 0.123ms
[3.561s] GC(246) Concurrent Mark Cycle 48.096ms
[3.581s] GC(250) Pause Young (Prepare Mixed) (G1 Evacuation Pause) 389M->389M(512M) 2.643ms
[3.595s] GC(251) Pause Young (Mixed) (G1 Evacuation Pause) 426M->424M(512M) 2.159ms
[3.606s] GC(252) Pause Young (Concurrent Start) (G1 Evacuation Pause) 450M->451M(512M) 1.786ms
[3.606s] GC(253) Concurrent Mark Cycle
[3.614s] GC(254) Pause Young (Normal) (G1 Evacuation Pause) 472M->472M(512M) 1.454ms
[3.621s] GC(253) Pause Remark 491M->252M(512M) 0.867ms
[3.623s] GC(255) Pause Young (Normal) (G1 Evacuation Pause) 254M->255M(512M) 1.603ms
[3.652s] GC(256) Pause Young (Normal) (G1 Evacuation Pause) 334M->334M(512M) 3.129ms
[3.653s] GC(253) Pause Cleanup 335M->335M(512M) 0.100ms
[3.653s] GC(253) Concurrent Mark Cycle 47.409ms
[3.673s] GC(257) Pause Young (Prepare Mixed) (G1 Evacuation Pause) 388M->389M(512M) 2.472ms
[3.688s] GC(258) Pause Young (Mixed) (G1 Evacuation Pause) 426M->424M(512M) 1.851ms
[3.698s] GC(259) Pause Young (Concurrent Start) (G1 Evacuation Pause) 450M->451M(512M) 1.535ms
[3.698s] GC(260) Concurrent Mark Cycle
[3.706s] GC(261) Pause Young (Normal) (G1 Evacuation Pause) 472M->472M(512M) 1.384ms
[3.713s] GC(260) Pause Remark 492M->252M(512M) 0.971ms
[3.715s] GC(262) Pause Young (Normal) (G1 Evacuation Pause) 253M->254M(512M) 1.429ms
[3.744s] GC(263) Pause Young (Normal) (G1 Evacuation Pause) 334M->334M(512M) 3.110ms
[3.745s] GC(260) Pause Cleanup 335M->335M(512M) 0.132ms
[3.745s] GC(260) Concurrent Mark Cycle 47.012ms
[3.765s] GC(264) Pause Young (Prepare Mixed) (G1 Evacuation Pause) 388M->389M(512M) 2.518ms
[3.780s] GC(265) Pause Young (Mixed) (G1 Evacuation Pause) 426M->424M(512M) 2.106ms
[3.790s] GC(266) Pause Young (Concurrent Start) (G1 Evacuation Pause) 450M->451M(512M) 1.602ms
[3.790s] GC(267) Concurrent Mark Cycle
[3.798s] GC(268) Pause Young (Normal) (G1 Evacuation Pause) 472M->472M(512M) 1.464ms
[3.805s] GC(267) Pause Remark 491M->253M(512M) 1.127ms
[3.807s] GC(269) Pause Young (Normal) (G1 Evacuation Pause) 255M->256M(512M) 1.279ms
[3.836s] GC(270) Pause Young (Normal) (G1 Evacuation Pause) 335M->335M(512M) 3.022ms
[3.837s] GC(267) Pause Cleanup 337M->337M(512M) 0.116ms
[3.837s] GC(267) Concurrent Mark Cycle 47.422ms
[3.857s] GC(271) Pause Young (Prepare Mixed) (G1 Evacuation Pause) 389M->389M(512M) 2.574ms
[3.872s] GC(272) Pause Young (Mixed) (G1 Evacuation Pause) 426M->424M(512M) 1.891ms
[3.882s] GC(273) Pause Young (Concurrent Start) (G1 Evacuation Pause) 450M->450M(512M) 1.579ms
[3.882s] GC(274) Concurrent Mark Cycle
[3.890s] GC(275) Pause Young (Normal) (G1 Evacuation Pause) 471M->472M(512M) 1.587ms
[3.897s] GC(274) Pause Remark 490M->254M(512M) 1.255ms
[3.900s] GC(276) Pause Young (Normal) (G1 Evacuation Pause) 257M->257M(512M) 1.529ms
[3.928s] GC(277) Pause Young (Normal) (G1 Evacuation Pause) 335M->336M(512M) 2.997ms
[3.930s] GC(274) Pause Cleanup 340M->340M(512M) 0.165ms
[3.930s] GC(274) Concurrent Mark Cycle 47.756ms
[3.949s] GC(278) Pause Young (Prepare Mixed) (G1 Evacuation Pause) 390M->390M(512M) 3.017ms
[3.964s] GC(279) Pause Young (Mixed) (G1 Evacuation Pause) 427M->425M(512M) 2.067ms
[3.974s] GC(280) Pause Young (Concurrent Start) (G1 Evacuation Pause) 451M->451M(512M) 1.594ms
[3.974s] GC(281) Concurrent Mark Cycle
[3.982s] GC(282) Pause Young (Normal) (G1 Evacuation Pause) 472M->473M(512M) 1.304ms
[3.989s] GC(281) Pause Remark 493M->255M(512M) 0.879ms
[3.991s] GC(283) Pause Young (Normal) (G1 Evacuation Pause) 256M->256M(512M) 1.435ms
[4.020s] GC(284) Pause Young (Normal) (G1 Evacuation Pause) 335M->336M(512M) 3.321ms
[4.022s] GC(281) Pause Cleanup 341M->341M(512M) 0.126ms
[4.022s] GC(281) Concurrent Mark Cycle 48.013ms
[4.041s] GC(285) Pause Young (Prepare Mixed) (G1 Evacuation Pause) 390M->390M(512M) 2.548ms
[4.055s] GC(286) Pause Young (Mixed) (G1 Evacuation Pause) 427M->425M(512M) 1.912ms
[4.065s] GC(287) Pause Young (Concurrent Start) (G1 Evacuation Pause) 451M->451M(512M) 1.570ms
[4.065s] GC(288) Concurrent Mark Cycle
[4.074s] GC(289) Pause Young (Normal) (G1 Evacuation Pause) 472M->473M(512M) 1.405ms
[4.080s] GC(288) Pause Remark 492M->250M(512M) 0.858ms
[4.083s] GC(290) Pause Young (Normal) (G1 Evacuation Pause) 252M->252M(512M) 1.307ms
[4.112s] GC(291) Pause Young (Normal) (G1 Evacuation Pause) 332M->333M(512M) 3.340ms
[4.113s] GC(288) Pause Cleanup 335M->335M(512M) 0.115ms
[4.113s] GC(288) Concurrent Mark Cycle 47.878ms
[4.134s] GC(292) Pause Young (Prepare Mixed) (G1 Evacuation Pause) 388M->388M(512M) 2.631ms
[4.148s] GC(293) Pause Young (Mixed) (G1 Evacuation Pause) 425M->424M(512M) 1.916ms
[4.158s] GC(294) Pause Young (Concurrent Start) (G1 Evacuation Pause) 450M->450M(512M) 1.723ms
[4.158s] GC(295) Concurrent Mark Cycle
[4.166s] GC(296) Pause Young (Normal) (G1 Evacuation Pause) 471M->471M(512M) 1.395ms
[4.173s] GC(295) Pause Remark 491M->251M(512M) 0.928ms
[4.176s] GC(297) Pause Young (Normal) (G1 Evacuation Pause) 252M->253M(512M) 1.409ms
[4.205s] GC(298) Pause Young (Normal) (G1 Evacuation Pause) 333M->333M(512M) 3.290ms
[4.206s] GC(295) Pause Cleanup 335M->335M(512M) 0.107ms
[4.206s] GC(295) Concurrent Mark Cycle 47.836ms
[4.227s] GC(299) Pause Young (Prepare Mixed) (G1 Evacuation Pause) 388M->388M(512M) 2.635ms
[4.241s] GC(300) Pause Young (Mixed) (G1 Evacuation Pause) 425M->424M(512M) 2.204ms
[4.251s] GC(301) Pause Young (Concurrent Start) (G1 Evacuation Pause) 450M->450M(512M) 1.629ms
[4.251s] GC(302) Concurrent Mark Cycle
[4.259s] GC(303) Pause Young (Normal) (G1 Evacuation Pause) 471M->472M(512M) 1.371ms
[4.266s] GC(302) Pause Remark 491M->253M(512M) 1.110ms
[4.268s] GC(304) Pause Young (Normal) (G1 Evacuation Pause) 255M->255M(512M) 1.320ms
[4.297s] GC(305) Pause Young (Normal) (G1 Evacuation Pause) 334M->334M(512M) 2.958ms
[4.298s] GC(302) Pause Cleanup 336M->336M(512M) 0.124ms
[4.298s] GC(302) Concurrent Mark Cycle 47.001ms
[4.318s] GC(306) Pause Young (Prepare Mixed) (G1 Evacuation Pause) 388M->389M(512M) 2.494ms
[4.333s] GC(307) Pause Young (Mixed) (G1 Evacuation Pause) 426M->424M(512M) 1.952ms
[4.343s] GC(308) Pause Young (Concurrent Start) (G1 Evacuation Pause) 450M->450M(512M) 1.593ms
[4.343s] GC(309) Concurrent Mark Cycle
[4.351s] GC(310) Pause Young (Normal) (G1 Evacuation Pause) 471M->471M(512M) 1.580ms
[4.358s] GC(309) Pause Remark 489M->252M(512M) 1.269ms
[4.360s] GC(311) Pause Young (Normal) (G1 Evacuation Pause) 255M->256M(512M) 1.417ms
[4.389s] GC(312) Pause Young (Normal) (G1 Evacuation Pause) 335M->335M(512M) 3.100ms
[4.390s] GC(309) Pause Cleanup 337M->337M(512M) 0.104ms
[4.390s] GC(309) Concurrent Mark Cycle 47.659ms
[4.411s] GC(313) Pause Young (Prepare Mixed) (G1 Evacuation Pause) 389M->390M(512M) 2.729ms
[4.425s] GC(314) Pause Young (Mixed) (G1 Evacuation Pause) 427M->424M(512M) 2.175ms
[4.435s] GC(315) Pause Young (Concurrent Start) (G1 Evacuation Pause) 450M->451M(512M) 1.606ms
[4.435s] GC(316) Concurrent Mark Cycle
[4.444s] GC(317) Pause Young (Normal) (G1 Evacuation Pause) 472M->472M(512M) 1.559ms
[4.451s] GC(316) Pause Remark 492M->254M(512M) 0.860ms
[4.453s] GC(318) Pause Young (Normal) (G1 Evacuation Pause) 255M->256M(512M) 1.718ms
[4.482s] GC(319) Pause Young (Normal) (G1 Evacuation Pause) 335M->335M(512M) 3.047ms
[4.484s] GC(316) Pause Cleanup 341M->341M(512M) 0.127ms
[4.484s] GC(316) Concurrent Mark Cycle 48.796ms
[4.503s] GC(320) Pause Young (Prepare Mixed) (G1 Evacuation Pause) 389M->390M(512M) 2.411ms
[4.518s] GC(321) Pause Young (Mixed) (G1 Evacuation Pause) 427M->424M(512M) 2.064ms
[4.528s] GC(322) Pause Young (Concurrent Start) (G1 Evacuation Pause) 450M->450M(512M) 1.618ms
[4.528s] GC(323) Concurrent Mark Cycle
[4.536s] GC(324) Pause Young (Normal) (G1 Evacuation Pause) 471M->472M(512M) 1.318ms
[4.543s] GC(323) Pause Remark 490M->251M(512M) 0.905ms
[4.545s] GC(325) Pause Young (Normal) (G1 Evacuation Pause) 254M->254M(512M) 1.369ms
[4.575s] GC(326) Pause Young (Normal) (G1 Evacuation Pause) 333M->334M(512M) 3.339ms
[4.576s] GC(323) Pause Cleanup 336M->336M(512M) 0.114ms
[4.576s] GC(323) Concurrent Mark Cycle 48.169ms
[4.596s] GC(327) Pause Young (Prepare Mixed) (G1 Evacuation Pause) 389M->389M(512M) 2.717ms
[4.611s] GC(328) Pause Young (Mixed) (G1 Evacuation Pause) 426M->424M(512M) 1.920ms
[4.621s] GC(329) Pause Young (Concurrent Start) (G1 Evacuation Pause) 450M->451M(512M) 1.636ms
[4.621s] GC(330) Concurrent Mark Cycle
[4.629s] GC(331) Pause Young (Normal) (G1 Evacuation Pause) 472M->472M(512M) 1.396ms
[4.636s] GC(330) Pause Remark 492M->251M(512M) 0.989ms
[4.638s] GC(332) Pause Young (Normal) (G1 Evacuation Pause) 252M->253M(512M) 1.416ms
[4.668s] GC(333) Pause Young (Normal) (G1 Evacuation Pause) 333M->333M(512M) 3.238ms
[4.669s] GC(330) Pause Cleanup 335M->335M(512M) 0.144ms
[4.669s] GC(330) Concurrent Mark Cycle 47.813ms
[4.689s] GC(334) Pause Young (Prepare Mixed) (G1 Evacuation Pause) 388M->389M(512M) 2.687ms
[4.704s] GC(335) Pause Young (Mixed) (G1 Evacuation Pause) 426M->424M(512M) 2.168ms
[4.714s] GC(336) Pause Young (Concurrent Start) (G1 Evacuation Pause) 450M->451M(512M) 1.629ms
[4.714s] GC(337) Concurrent Mark Cycle
[4.722s] GC(338) Pause Young (Normal) (G1 Evacuation Pause) 472M->472M(512M) 1.331ms
[4.729s] GC(337) Pause Remark 492M->253M(512M) 1.087ms
[4.731s] GC(339) Pause Young (Normal) (G1 Evacuation Pause) 254M->255M(512M) 1.329ms
[4.760s] GC(340) Pause Young (Normal) (G1 Evacuation Pause) 334M->334M(512M) 2.979ms
[4.761s] GC(337) Pause Cleanup 337M->337M(512M) 0.126ms
[4.762s] GC(337) Concurrent Mark Cycle 47.387ms
[4.782s] GC(341) Pause Young (Prepare Mixed) (G1 Evacuation Pause) 389M->389M(512M) 2.855ms
[4.796s] GC(342) Pause Young (Mixed) (G1 Evacuation Pause) 426M->424M(512M) 1.989ms
[4.807s] GC(343) Pause Young (Concurrent Start) (G1 Evacuation Pause) 450M->450M(512M) 1.779ms
[4.807s] GC(344) Concurrent Mark Cycle
[4.815s] GC(345) Pause Young (Normal) (G1 Evacuation Pause) 471M->472M(512M) 1.432ms
[4.823s] GC(344) Pause Remark 491M->253M(512M) 1.322ms
[4.826s] GC(346) Pause Young (Normal) (G1 Evacuation Pause) 255M->255M(512M) 1.569ms
[4.853s] GC(344) Pause Cleanup 333M->333M(512M) 0.130ms
[4.853s] GC(344) Concurrent Mark Cycle 45.982ms
[4.856s] GC(347) Pause Young (Prepare Mixed) (G1 Evacuation Pause) 334M->335M(512M) 3.244ms
[4.877s] GC(348) Pause Young (Mixed) (G1 Evacuation Pause) 389M->386M(512M) 2.678ms
[4.892s] GC(349) Pause Young (Concurrent Start) (G1 Evacuation Pause) 424M->425M(512M) 2.388ms
[4.892s] GC(350) Concurrent Mark Cycle
[4.903s] GC(351) Pause Young (Normal) (G1 Evacuation Pause) 451M->451M(512M) 1.624ms
[4.909s] GC(350) Pause Remark 466M->254M(512M) 1.136ms
[4.913s] GC(352) Pause Young (Normal) (G1 Evacuation Pause) 260M->261M(512M) 1.585ms
[4.941s] GC(353) Pause Young (Normal) (G1 Evacuation Pause) 338M->338M(512M) 2.972ms
[4.942s] GC(350) Pause Cleanup 339M->339M(512M) 0.105ms
[4.942s] GC(350) Concurrent Mark Cycle 50.193ms
[4.962s] GC(354) Pause Young (Prepare Mixed) (G1 Evacuation Pause) 391M->392M(512M) 2.402ms
[4.976s] GC(355) Pause Young (Mixed) (G1 Evacuation Pause) 428M->426M(512M) 1.960ms
[4.986s] GC(356) Pause Young (Concurrent Start) (G1 Evacuation Pause) 451M->452M(512M) 1.552ms
[4.986s] GC(357) Concurrent Mark Cycle
[4.994s] GC(358) Pause Young (Normal) (G1 Evacuation Pause) 473M->473M(512M) 1.291ms
[5.001s] GC(357) Pause Remark 493M->252M(512M) 0.885ms
[5.003s] GC(359) Pause Young (Normal) (G1 Evacuation Pause) 253M->254M(512M) 1.534ms
[5.032s] GC(360) Pause Young (Normal) (G1 Evacuation Pause) 334M->334M(512M) 3.152ms
[5.034s] GC(357) Pause Cleanup 337M->337M(512M) 0.118ms
[5.034s] GC(357) Concurrent Mark Cycle 47.978ms
[5.054s] GC(361) Pause Young (Prepare Mixed) (G1 Evacuation Pause) 388M->389M(512M) 2.521ms
[5.068s] GC(362) Pause Young (Mixed) (G1 Evacuation Pause) 426M->424M(512M) 2.080ms
[5.078s] GC(363) Pause Young (Concurrent Start) (G1 Evacuation Pause) 450M->451M(512M) 1.671ms
[5.078s] GC(364) Concurrent Mark Cycle
[5.086s] GC(365) Pause Young (Normal) (G1 Evacuation Pause) 472M->472M(512M) 1.311ms
[5.093s] GC(364) Pause Remark 492M->252M(512M) 0.861ms
[5.095s] GC(366) Pause Young (Normal) (G1 Evacuation Pause) 253M->254M(512M) 1.481ms
[5.124s] GC(367) Pause Young (Normal) (G1 Evacuation Pause) 334M->334M(512M) 3.097ms
[5.126s] GC(364) Pause Cleanup 338M->338M(512M) 0.129ms
[5.126s] GC(364) Concurrent Mark Cycle 47.808ms
[5.145s] GC(368) Pause Young (Prepare Mixed) (G1 Evacuation Pause) 388M->389M(512M) 2.445ms
[5.160s] GC(369) Pause Young (Mixed) (G1 Evacuation Pause) 426M->424M(512M) 2.068ms
[5.170s] GC(370) Pause Young (Concurrent Start) (G1 Evacuation Pause) 450M->450M(512M) 1.602ms
[5.170s] GC(371) Concurrent Mark Cycle
[5.178s] GC(372) Pause Young (Normal) (G1 Evacuation Pause) 471M->472M(512M) 1.321ms
[5.185s] GC(371) Pause Remark 492M->254M(512M) 1.034ms
[5.187s] GC(373) Pause Young (Normal) (G1 Evacuation Pause) 255M->255M(512M) 1.263ms
[5.216s] GC(374) Pause Young (Normal) (G1 Evacuation Pause) 334M->334M(512M) 3.013ms
[5.217s] GC(371) Pause Cleanup 336M->336M(512M) 0.131ms
[5.217s] GC(371) Concurrent Mark Cycle 47.110ms
[5.237s] GC(375) Pause Young (Prepare Mixed) (G1 Evacuation Pause) 388M->389M(512M) 2.465ms
[5.251s] GC(376) Pause Young (Mixed) (G1 Evacuation Pause) 426M->424M(512M) 1.948ms
[5.262s] GC(377) Pause Young (Concurrent Start) (G1 Evacuation Pause) 450M->451M(512M) 1.558ms
[5.262s] GC(378) Concurrent Mark Cycle
[5.270s] GC(379) Pause Young (Normal) (G1 Evacuation Pause) 472M->472M(512M) 1.661ms
[5.277s] GC(378) Pause Remark 491M->252M(512M) 1.142ms
[5.279s] GC(380) Pause Young (Normal) (G1 Evacuation Pause) 254M->255M(512M) 1.534ms
[5.308s] GC(381) Pause Young (Normal) (G1 Evacuation Pause) 334M->334M(512M) 3.013ms
[5.309s] GC(378) Pause Cleanup 336M->336M(512M) 0.120ms
[5.310s] GC(378) Concurrent Mark Cycle 47.899ms
[5.330s] GC(382) Pause Young (Prepare Mixed) (G1 Evacuation Pause) 388M->388M(512M) 2.733ms
[5.344s] GC(383) Pause Young (Mixed) (G1 Evacuation Pause) 425M->424M(512M) 2.136ms
[5.355s] GC(384) Pause Young (Concurrent Start) (G1 Evacuation Pause) 450M->450M(512M) 1.653ms
[5.355s] GC(385) Concurrent Mark Cycle
[5.363s] GC(386) Pause Young (Normal) (G1 Evacuation Pause) 471M->472M(512M) 1.265ms
[5.370s] GC(385) Pause Remark 489M->252M(512M) 1.289ms
[5.372s] GC(387) Pause Young (Normal) (G1 Evacuation Pause) 256M->256M(512M) 1.276ms
[5.401s] GC(388) Pause Young (Normal) (G1 Evacuation Pause) 335M->336M(512M) 2.981ms
[5.402s] GC(385) Pause Cleanup 337M->337M(512M) 0.108ms
[5.402s] GC(385) Concurrent Mark Cycle 47.104ms
[5.422s] GC(389) Pause Young (Prepare Mixed) (G1 Evacuation Pause) 390M->390M(512M) 2.413ms
[5.436s] GC(390) Pause Young (Mixed) (G1 Evacuation Pause) 427M->425M(512M) 2.014ms
[5.446s] GC(391) Pause Young (Concurrent Start) (G1 Evacuation Pause) 451M->451M(512M) 1.564ms
[5.447s] GC(392) Concurrent Mark Cycle
[5.455s] GC(393) Pause Young (Normal) (G1 Evacuation Pause) 472M->473M(512M) 1.413ms
[5.462s] GC(392) Pause Remark 492M->249M(512M) 1.011ms
[5.464s] GC(394) Pause Young (Normal) (G1 Evacuation Pause) 251M->251M(512M) 1.232ms
[5.494s] GC(395) Pause Young (Normal) (G1 Evacuation Pause) 331M->332M(512M) 3.157ms
[5.495s] GC(392) Pause Cleanup 334M->334M(512M) 0.113ms
[5.495s] GC(392) Concurrent Mark Cycle 48.803ms
[5.516s] GC(396) Pause Young (Prepare Mixed) (G1 Evacuation Pause) 387M->387M(512M) 2.519ms
[5.531s] GC(397) Pause Young (Mixed) (G1 Evacuation Pause) 425M->424M(512M) 2.153ms
[5.541s] GC(398) Pause Young (Concurrent Start) (G1 Evacuation Pause) 450M->450M(512M) 1.750ms
[5.541s] GC(399) Concurrent Mark Cycle
[5.549s] GC(400) Pause Young (Normal) (G1 Evacuation Pause) 471M->472M(512M) 1.585ms
[5.557s] GC(399) Pause Remark 492M->250M(512M) 0.897ms
[5.559s] GC(401) Pause Young (Normal) (G1 Evacuation Pause) 251M->251M(512M) 1.645ms
[5.588s] GC(402) Pause Young (Normal) (G1 Evacuation Pause) 332M->332M(512M) 3.109ms
[5.589s] GC(399) Pause Cleanup 334M->334M(512M) 0.098ms
[5.590s] GC(399) Concurrent Mark Cycle 48.495ms
[5.610s] GC(403) Pause Young (Prepare Mixed) (G1 Evacuation Pause) 387M->388M(512M) 2.419ms
[5.624s] GC(404) Pause Young (Mixed) (G1 Evacuation Pause) 426M->424M(512M) 2.041ms
[5.634s] GC(405) Pause Young (Concurrent Start) (G1 Evacuation Pause) 450M->450M(512M) 1.561ms
[5.634s] GC(406) Concurrent Mark Cycle
[5.642s] GC(407) Pause Young (Normal) (G1 Evacuation Pause) 471M->472M(512M) 1.422ms
[5.649s] GC(406) Pause Remark 491M->251M(512M) 1.070ms
[5.652s] GC(408) Pause Young (Normal) (G1 Evacuation Pause) 253M->253M(512M) 1.300ms
[5.681s] GC(409) Pause Young (Normal) (G1 Evacuation Pause) 333M->334M(512M) 3.268ms
[5.682s] GC(406) Pause Cleanup 334M->334M(512M) 0.124ms
[5.682s] GC(406) Concurrent Mark Cycle 48.216ms
[5.703s] GC(410) Pause Young (Prepare Mixed) (G1 Evacuation Pause) 389M->389M(512M) 2.586ms
[5.718s] GC(411) Pause Young (Mixed) (G1 Evacuation Pause) 426M->425M(512M) 2.290ms
[5.728s] GC(412) Pause Young (Concurrent Start) (G1 Evacuation Pause) 451M->451M(512M) 1.670ms
[5.728s] GC(413) Concurrent Mark Cycle
[5.736s] GC(414) Pause Young (Normal) (G1 Evacuation Pause) 472M->472M(512M) 1.326ms
[5.743s] GC(413) Pause Remark 491M->251M(512M) 1.205ms
[5.745s] GC(415) Pause Young (Normal) (G1 Evacuation Pause) 253M->254M(512M) 1.414ms
[5.775s] GC(416) Pause Young (Normal) (G1 Evacuation Pause) 334M->334M(512M) 3.267ms
[5.776s] GC(413) Pause Cleanup 336M->336M(512M) 0.122ms
[5.776s] GC(413) Concurrent Mark Cycle 47.662ms
[5.796s] GC(417) Pause Young (Prepare Mixed) (G1 Evacuation Pause) 388M->389M(512M) 2.569ms
[5.810s] GC(418) Pause Young (Mixed) (G1 Evacuation Pause) 426M->424M(512M) 2.101ms
[5.820s] GC(419) Pause Young (Concurrent Start) (G1 Evacuation Pause) 450M->451M(512M) 1.590ms
[5.821s] GC(420) Concurrent Mark Cycle
[5.829s] GC(421) Pause Young (Normal) (G1 Evacuation Pause) 472M->472M(512M) 1.335ms
[5.836s] GC(420) Pause Remark 491M->253M(512M) 1.129ms
[5.838s] GC(422) Pause Young (Normal) (G1 Evacuation Pause) 255M->256M(512M) 1.301ms
[5.867s] GC(423) Pause Young (Normal) (G1 Evacuation Pause) 335M->335M(512M) 3.113ms
[5.868s] GC(420) Pause Cleanup 338M->338M(512M) 0.114ms
[5.868s] GC(420) Concurrent Mark Cycle 47.660ms
[5.888s] GC(424) Pause Young (Prepare Mixed) (G1 Evacuation Pause) 389M->390M(512M) 2.554ms
[5.902s] GC(425) Pause Young (Mixed) (G1 Evacuation Pause) 427M->424M(512M) 1.853ms
[5.913s] GC(426) Pause Young (Concurrent Start) (G1 Evacuation Pause) 450M->451M(512M) 1.566ms
[5.913s] GC(427) Concurrent Mark Cycle
[5.920s] GC(428) Pause Young (Normal) (G1 Evacuation Pause) 472M->472M(512M) 1.406ms
[5.928s] GC(429) Pause Young (Normal) (G1 Evacuation Pause) (Evacuation Failure) 493M->496M(512M) 1.532ms
[5.929s] GC(427) Pause Remark 496M->256M(512M) 0.831ms
[5.936s] GC(430) Pause Young (Normal) (G1 Evacuation Pause) 272M->272M(512M) 1.336ms
[5.963s] GC(431) Pause Young (Normal) (G1 Evacuation Pause) 346M->347M(512M) 2.985ms
[5.964s] GC(427) Pause Cleanup 349M->349M(512M) 0.143ms
[5.965s] GC(427) Concurrent Mark Cycle 51.862ms
[5.983s] GC(432) Pause Young (Prepare Mixed) (G1 Evacuation Pause) 397M->397M(512M) 2.411ms
[5.996s] GC(433) Pause Young (Mixed) (G1 Evacuation Pause) 431M->430M(512M) 1.815ms
[6.005s] GC(434) Pause Young (Concurrent Start) (G1 Evacuation Pause) 454M->454M(512M) 1.698ms
[6.006s] GC(435) Concurrent Mark Cycle
[6.013s] GC(436) Pause Young (Normal) (G1 Evacuation Pause) 475M->476M(512M) 1.358ms
[6.021s] GC(435) Pause Remark 496M->250M(512M) 0.892ms
[6.022s] GC(437) Pause Young (Normal) (G1 Evacuation Pause) 251M->251M(512M) 1.313ms
[6.052s] GC(438) Pause Young (Normal) (G1 Evacuation Pause) 331M->332M(512M) 3.277ms
[6.053s] GC(435) Pause Cleanup 335M->335M(512M) 0.121ms
[6.053s] GC(435) Concurrent Mark Cycle 47.888ms
[6.073s] GC(439) Pause Young (Prepare Mixed) (G1 Evacuation Pause) 387M->387M(512M) 2.615ms
[6.088s] GC(440) Pause Young (Mixed) (G1 Evacuation Pause) 425M->424M(512M) 2.204ms
[6.098s] GC(441) Pause Young (Concurrent Start) (G1 Evacuation Pause) 450M->451M(512M) 1.611ms
[6.098s] GC(442) Concurrent Mark Cycle
[6.106s] GC(443) Pause Young (Normal) (G1 Evacuation Pause) 472M->472M(512M) 1.340ms
[6.113s] GC(442) Pause Remark 492M->252M(512M) 1.077ms
[6.116s] GC(444) Pause Young (Normal) (G1 Evacuation Pause) 253M->254M(512M) 1.430ms
[6.145s] GC(445) Pause Young (Normal) (G1 Evacuation Pause) 334M->334M(512M) 3.072ms
[6.146s] GC(442) Pause Cleanup 336M->336M(512M) 0.113ms
[6.146s] GC(442) Concurrent Mark Cycle 47.599ms
[6.166s] GC(446) Pause Young (Prepare Mixed) (G1 Evacuation Pause) 388M->389M(512M) 2.614ms
[6.180s] GC(447) Pause Young (Mixed) (G1 Evacuation Pause) 426M->424M(512M) 2.232ms
[6.191s] GC(448) Pause Young (Concurrent Start) (G1 Evacuation Pause) 450M->451M(512M) 1.687ms
[6.191s] GC(449) Concurrent Mark Cycle
[6.199s] GC(450) Pause Young (Normal) (G1 Evacuation Pause) 472M->472M(512M) 1.322ms
[6.206s] GC(449) Pause Remark 491M->253M(512M) 1.151ms
[6.208s] GC(451) Pause Young (Normal) (G1 Evacuation Pause) 255M->256M(512M) 1.395ms
[6.237s] GC(452) Pause Young (Normal) (G1 Evacuation Pause) 335M->335M(512M) 2.994ms
[6.238s] GC(449) Pause Cleanup 337M->337M(512M) 0.101ms
[6.238s] GC(449) Concurrent Mark Cycle 47.303ms
[6.258s] GC(453) Pause Young (Prepare Mixed) (G1 Evacuation Pause) 389M->389M(512M) 2.437ms
[6.272s] GC(454) Pause Young (Mixed) (G1 Evacuation Pause) 426M->424M(512M) 1.891ms
[6.282s] GC(455) Pause Young (Concurrent Start) (G1 Evacuation Pause) 450M->450M(512M) 1.536ms
[6.282s] GC(456) Concurrent Mark Cycle
[6.290s] GC(457) Pause Young (Normal) (G1 Evacuation Pause) 471M->472M(512M) 1.715ms
[6.298s] GC(456) Pause Remark 491M->251M(512M) 1.076ms
[6.300s] GC(458) Pause Young (Normal) (G1 Evacuation Pause) 253M->253M(512M) 1.431ms
[6.329s] GC(459) Pause Young (Normal) (G1 Evacuation Pause) 333M->334M(512M) 3.140ms
[6.330s] GC(456) Pause Cleanup 336M->336M(512M) 0.106ms
[6.330s] GC(456) Concurrent Mark Cycle 48.125ms
[6.350s] GC(460) Pause Young (Prepare Mixed) (G1 Evacuation Pause) 389M->389M(512M) 2.512ms
[6.365s] GC(461) Pause Young (Mixed) (G1 Evacuation Pause) 426M->425M(512M) 1.974ms
[6.375s] GC(462) Pause Young (Concurrent Start) (G1 Evacuation Pause) 451M->451M(512M) 1.817ms
[6.375s] GC(463) Concurrent Mark Cycle
[6.383s] GC(464) Pause Young (Normal) (G1 Evacuation Pause) 472M->472M(512M) 1.310ms
[6.391s] GC(465) Pause Young (Normal) (G1 Evacuation Pause) (Evacuation Failure) 493M->497M(512M) 1.721ms
[6.393s] GC(463) Pause Remark 497M->256M(512M) 0.833ms
[6.398s] GC(466) Pause Young (Normal) (G1 Evacuation Pause) 271M->271M(512M) 1.143ms
[6.425s] GC(467) Pause Young (Normal) (G1 Evacuation Pause) 345M->345M(512M) 2.950ms
[6.427s] GC(463) Pause Cleanup 349M->349M(512M) 0.102ms
[6.427s] GC(463) Concurrent Mark Cycle 51.550ms
[6.445s] GC(468) Pause Young (Prepare Mixed) (G1 Evacuation Pause) 396M->396M(512M) 2.385ms
[6.459s] GC(469) Pause Young (Mixed) (G1 Evacuation Pause) 431M->430M(512M) 2.126ms
[6.469s] GC(470) Pause Young (Concurrent Start) (G1 Evacuation Pause) 454M->454M(512M) 1.604ms
[6.469s] GC(471) Concurrent Mark Cycle
[6.477s] GC(472) Pause Young (Normal) (G1 Evacuation Pause) 475M->475M(512M) 1.437ms
[6.484s] GC(471) Pause Remark 495M->248M(512M) 0.956ms
[6.486s] GC(473) Pause Young (Normal) (G1 Evacuation Pause) 249M->250M(512M) 1.634ms
[6.516s] GC(474) Pause Young (Normal) (G1 Evacuation Pause) 331M->331M(512M) 3.100ms
[6.517s] GC(471) Pause Cleanup 332M->332M(512M) 0.118ms
[6.517s] GC(471) Concurrent Mark Cycle 48.185ms
[6.538s] GC(475) Pause Young (Prepare Mixed) (G1 Evacuation Pause) 386M->387M(512M) 2.724ms
[6.552s] GC(476) Pause Young (Mixed) (G1 Evacuation Pause) 425M->424M(512M) 2.056ms
[6.562s] GC(477) Pause Young (Concurrent Start) (G1 Evacuation Pause) 450M->450M(512M) 1.594ms
[6.562s] GC(478) Concurrent Mark Cycle
[6.570s] GC(479) Pause Young (Normal) (G1 Evacuation Pause) 471M->472M(512M) 1.384ms
[6.577s] GC(478) Pause Remark 491M->251M(512M) 1.093ms
[6.579s] GC(480) Pause Young (Normal) (G1 Evacuation Pause) 253M->253M(512M) 1.237ms
[6.608s] GC(481) Pause Young (Normal) (G1 Evacuation Pause) 333M->334M(512M) 3.054ms
[6.609s] GC(478) Pause Cleanup 335M->335M(512M) 0.123ms
[6.609s] GC(478) Concurrent Mark Cycle 47.239ms
[6.630s] GC(482) Pause Young (Prepare Mixed) (G1 Evacuation Pause) 389M->389M(512M) 2.506ms
[6.645s] GC(483) Pause Young (Mixed) (G1 Evacuation Pause) 426M->425M(512M) 2.151ms
[6.655s] GC(484) Pause Young (Concurrent Start) (G1 Evacuation Pause) 451M->451M(512M) 1.630ms
[6.655s] GC(485) Concurrent Mark Cycle
[6.663s] GC(486) Pause Young (Normal) (G1 Evacuation Pause) 472M->472M(512M) 1.354ms
[6.670s] GC(485) Pause Remark 490M->251M(512M) 1.301ms
[6.673s] GC(487) Pause Young (Normal) (G1 Evacuation Pause) 254M->255M(512M) 1.484ms
[6.704s] GC(488) Pause Young (Normal) (G1 Evacuation Pause) 334M->334M(512M) 3.815ms
[6.705s] GC(485) Pause Cleanup 335M->335M(512M) 0.111ms
[6.705s] GC(485) Concurrent Mark Cycle 49.939ms
[6.725s] GC(489) Pause Young (Prepare Mixed) (G1 Evacuation Pause) 388M->389M(512M) 2.544ms
[6.740s] GC(490) Pause Young (Mixed) (G1 Evacuation Pause) 426M->423M(512M) 1.974ms
[6.750s] GC(491) Pause Young (Concurrent Start) (G1 Evacuation Pause) 450M->450M(512M) 1.581ms
[6.750s] GC(492) Concurrent Mark Cycle
[6.758s] GC(493) Pause Young (Normal) (G1 Evacuation Pause) 470M->471M(512M) 1.361ms
[6.765s] GC(492) Pause Remark 492M->254M(512M) 0.882ms
[6.767s] GC(494) Pause Young (Normal) (G1 Evacuation Pause) 254M->254M(512M) 1.258ms
[6.795s] GC(495) Pause Young (Normal) (G1 Evacuation Pause) 333M->334M(512M) 3.053ms
[6.797s] GC(492) Pause Cleanup 338M->338M(512M) 0.117ms
[6.798s] GC(492) Concurrent Mark Cycle 47.495ms
[6.817s] GC(496) Pause Young (Prepare Mixed) (G1 Evacuation Pause) 389M->389M(512M) 2.608ms
[6.832s] GC(497) Pause Young (Mixed) (G1 Evacuation Pause) 426M->425M(512M) 1.878ms
[6.842s] GC(498) Pause Young (Concurrent Start) (G1 Evacuation Pause) 451M->451M(512M) 1.887ms
[6.842s] GC(499) Concurrent Mark Cycle
[6.850s] GC(500) Pause Young (Normal) (G1 Evacuation Pause) 472M->473M(512M) 1.538ms
[6.857s] GC(499) Pause Remark 493M->252M(512M) 0.906ms
[6.859s] GC(501) Pause Young (Normal) (G1 Evacuation Pause) 253M->253M(512M) 1.316ms
[6.888s] GC(502) Pause Young (Normal) (G1 Evacuation Pause) 333M->334M(512M) 3.096ms
[6.889s] GC(499) Pause Cleanup 337M->337M(512M) 0.120ms
[6.890s] GC(499) Concurrent Mark Cycle 47.891ms
[6.910s] GC(503) Pause Young (Prepare Mixed) (G1 Evacuation Pause) 389M->389M(512M) 2.609ms
[6.924s] GC(504) Pause Young (Mixed) (G1 Evacuation Pause) 426M->425M(512M) 1.860ms
[6.935s] GC(505) Pause Young (Concurrent Start) (G1 Evacuation Pause) 451M->451M(512M) 1.615ms
[6.935s] GC(506) Concurrent Mark Cycle
[6.943s] GC(507) Pause Young (Normal) (G1 Evacuation Pause) 472M->472M(512M) 1.368ms
[6.950s] GC(506) Pause Remark 492M->251M(512M) 0.970ms
[6.952s] GC(508) Pause Young (Normal) (G1 Evacuation Pause) 252M->253M(512M) 1.370ms
[6.982s] GC(509) Pause Young (Normal) (G1 Evacuation Pause) 333M->333M(512M) 3.342ms
[6.983s] GC(506) Pause Cleanup 335M->335M(512M) 0.132ms
[6.983s] GC(506) Concurrent Mark Cycle 48.020ms
[7.003s] GC(510) Pause Young (Prepare Mixed) (G1 Evacuation Pause) 388M->389M(512M) 2.421ms
[7.017s] GC(511) Pause Young (Mixed) (G1 Evacuation Pause) 426M->424M(512M) 2.131ms
[7.028s] GC(512) Pause Young (Concurrent Start) (G1 Evacuation Pause) 450M->450M(512M) 1.646ms
[7.028s] GC(513) Concurrent Mark Cycle
[7.036s] GC(514) Pause Young (Normal) (G1 Evacuation Pause) 471M->472M(512M) 1.418ms
[7.043s] GC(513) Pause Remark 491M->252M(512M) 1.101ms
[7.045s] GC(515) Pause Young (Normal) (G1 Evacuation Pause) 254M->254M(512M) 1.305ms
[7.074s] GC(516) Pause Young (Normal) (G1 Evacuation Pause) 333M->334M(512M) 3.054ms
[7.075s] GC(513) Pause Cleanup 336M->336M(512M) 0.122ms
[7.075s] GC(513) Concurrent Mark Cycle 47.489ms
[7.096s] GC(517) Pause Young (Prepare Mixed) (G1 Evacuation Pause) 389M->389M(512M) 3.064ms
[7.111s] GC(518) Pause Young (Mixed) (G1 Evacuation Pause) 426M->424M(512M) 2.034ms
[7.121s] GC(519) Pause Young (Concurrent Start) (G1 Evacuation Pause) 450M->450M(512M) 1.586ms
[7.121s] GC(520) Concurrent Mark Cycle
[7.129s] GC(521) Pause Young (Normal) (G1 Evacuation Pause) 471M->472M(512M) 1.402ms
[7.136s] GC(520) Pause Remark 490M->250M(512M) 1.214ms
[7.138s] GC(522) Pause Young (Normal) (G1 Evacuation Pause) 253M->253M(512M) 1.299ms
[7.167s] GC(523) Pause Young (Normal) (G1 Evacuation Pause) 333M->334M(512M) 3.125ms
[7.168s] GC(520) Pause Cleanup 336M->336M(512M) 0.114ms
[7.169s] GC(520) Concurrent Mark Cycle 47.509ms
[7.188s] GC(524) Pause Young (Prepare Mixed) (G1 Evacuation Pause) 389M->389M(512M) 2.449ms
[7.203s] GC(525) Pause Young (Mixed) (G1 Evacuation Pause) 426M->425M(512M) 2.214ms
[7.213s] GC(526) Pause Young (Concurrent Start) (G1 Evacuation Pause) 451M->451M(512M) 1.631ms
[7.213s] GC(527) Concurrent Mark Cycle
[7.221s] GC(528) Pause Young (Normal) (G1 Evacuation Pause) 472M->473M(512M) 1.285ms
[7.229s] GC(529) Pause Young (Normal) (G1 Evacuation Pause) (Evacuation Failure) 494M->498M(512M) 1.699ms
[7.231s] GC(527) Pause Remark 498M->259M(512M) 0.832ms
[7.236s] GC(530) Pause Young (Normal) (G1 Evacuation Pause) 273M->273M(512M) 1.305ms
[7.263s] GC(531) Pause Young (Normal) (G1 Evacuation Pause) 347M->347M(512M) 2.810ms
[7.265s] GC(527) Pause Cleanup 351M->351M(512M) 0.117ms
[7.265s] GC(527) Concurrent Mark Cycle 51.881ms
[7.283s] GC(532) Pause Young (Prepare Mixed) (G1 Evacuation Pause) 397M->398M(512M) 2.384ms
[7.297s] GC(533) Pause Young (Mixed) (G1 Evacuation Pause) 432M->430M(512M) 1.848ms
[7.307s] GC(534) Pause Young (Concurrent Start) (G1 Evacuation Pause) 454M->454M(512M) 1.584ms
[7.307s] GC(535) Concurrent Mark Cycle
[7.315s] GC(536) Pause Young (Normal) (G1 Evacuation Pause) 475M->476M(512M) 1.493ms
[7.322s] GC(535) Pause Remark 496M->249M(512M) 0.866ms
[7.324s] GC(537) Pause Young (Normal) (G1 Evacuation Pause) 250M->250M(512M) 1.333ms
[7.354s] GC(538) Pause Young (Normal) (G1 Evacuation Pause) 330M->331M(512M) 3.103ms
[7.354s] GC(535) Pause Cleanup 331M->331M(512M) 0.125ms
[7.355s] GC(535) Concurrent Mark Cycle 47.999ms
[7.375s] GC(539) Pause Young (Prepare Mixed) (G1 Evacuation Pause) 386M->386M(512M) 2.492ms
[7.390s] GC(540) Pause Young (Mixed) (G1 Evacuation Pause) 424M->424M(512M) 2.004ms
[7.401s] GC(541) Pause Young (Concurrent Start) (G1 Evacuation Pause) 450M->450M(512M) 1.703ms
[7.401s] GC(542) Concurrent Mark Cycle
[7.409s] GC(543) Pause Young (Normal) (G1 Evacuation Pause) 471M->471M(512M) 1.424ms
[7.416s] GC(542) Pause Remark 491M->250M(512M) 1.089ms
[7.418s] GC(544) Pause Young (Normal) (G1 Evacuation Pause) 251M->251M(512M) 1.315ms
[7.445s] GC(542) Pause Cleanup 330M->330M(512M) 0.142ms
[7.446s] GC(542) Concurrent Mark Cycle 44.932ms
[7.449s] GC(545) Pause Young (Prepare Mixed) (G1 Evacuation Pause) 331M->331M(512M) 3.078ms
[7.470s] GC(546) Pause Young (Mixed) (G1 Evacuation Pause) 386M->384M(512M) 2.569ms
[7.485s] GC(547) Pause Young (Concurrent Start) (G1 Evacuation Pause) 423M->423M(512M) 2.215ms
[7.485s] GC(548) Concurrent Mark Cycle
[7.495s] GC(549) Pause Young (Normal) (G1 Evacuation Pause) 449M->449M(512M) 1.645ms
[7.502s] GC(548) Pause Remark 465M->252M(512M) 1.035ms
[7.505s] GC(550) Pause Young (Normal) (G1 Evacuation Pause) 257M->258M(512M) 1.634ms
[7.535s] GC(551) Pause Young (Normal) (G1 Evacuation Pause) 336M->336M(512M) 3.192ms
[7.535s] GC(548) Pause Cleanup 336M->336M(512M) 0.143ms
[7.536s] GC(548) Concurrent Mark Cycle 50.705ms
[7.556s] GC(552) Pause Young (Prepare Mixed) (G1 Evacuation Pause) 390M->390M(512M) 2.420ms
[7.571s] GC(553) Pause Young (Mixed) (G1 Evacuation Pause) 427M->425M(512M) 2.158ms
[7.581s] GC(554) Pause Young (Concurrent Start) (G1 Evacuation Pause) 451M->452M(512M) 1.615ms
[7.581s] GC(555) Concurrent Mark Cycle
[7.589s] GC(556) Pause Young (Normal) (G1 Evacuation Pause) 473M->473M(512M) 1.477ms
[7.596s] GC(555) Pause Remark 492M->251M(512M) 1.175ms
[7.598s] GC(557) Pause Young (Normal) (G1 Evacuation Pause) 253M->254M(512M) 1.274ms
[7.628s] GC(558) Pause Young (Normal) (G1 Evacuation Pause) 334M->334M(512M) 3.185ms
[7.629s] GC(555) Pause Cleanup 336M->336M(512M) 0.149ms
[7.629s] GC(555) Concurrent Mark Cycle 47.807ms
[7.649s] GC(559) Pause Young (Prepare Mixed) (G1 Evacuation Pause) 388M->389M(512M) 2.417ms
[7.663s] GC(560) Pause Young (Mixed) (G1 Evacuation Pause) 426M->424M(512M) 2.020ms
[7.673s] GC(561) Pause Young (Concurrent Start) (G1 Evacuation Pause) 450M->451M(512M) 1.565ms
[7.673s] GC(562) Concurrent Mark Cycle
[7.681s] GC(563) Pause Young (Normal) (G1 Evacuation Pause) 472M->472M(512M) 1.436ms
[7.689s] GC(562) Pause Remark 491M->253M(512M) 1.205ms
[7.691s] GC(564) Pause Young (Normal) (G1 Evacuation Pause) 255M->256M(512M) 1.359ms
[7.720s] GC(565) Pause Young (Normal) (G1 Evacuation Pause) 335M->335M(512M) 3.088ms
[7.721s] GC(562) Pause Cleanup 338M->338M(512M) 0.126ms
[7.722s] GC(562) Concurrent Mark Cycle 48.059ms
[7.741s] GC(566) Pause Young (Prepare Mixed) (G1 Evacuation Pause) 389M->389M(512M) 2.552ms
[7.756s] GC(567) Pause Young (Mixed) (G1 Evacuation Pause) 426M->424M(512M) 1.988ms
[7.766s] GC(568) Pause Young (Concurrent Start) (G1 Evacuation Pause) 450M->450M(512M) 1.644ms
[7.766s] GC(569) Concurrent Mark Cycle
[7.774s] GC(570) Pause Young (Normal) (G1 Evacuation Pause) 471M->472M(512M) 1.502ms
[7.781s] GC(569) Pause Remark 492M->253M(512M) 0.904ms
[7.783s] GC(571) Pause Young (Normal) (G1 Evacuation Pause) 254M->254M(512M) 1.432ms
[7.812s] GC(572) Pause Young (Normal) (G1 Evacuation Pause) 333M->334M(512M) 3.126ms
[7.814s] GC(569) Pause Cleanup 339M->339M(512M) 0.118ms
[7.815s] GC(569) Concurrent Mark Cycle 48.680ms
[7.834s] GC(573) Pause Young (Prepare Mixed) (G1 Evacuation Pause) 389M->389M(512M) 2.694ms
[7.848s] GC(574) Pause Young (Mixed) (G1 Evacuation Pause) 426M->425M(512M) 1.882ms
[7.858s] GC(575) Pause Young (Concurrent Start) (G1 Evacuation Pause) 451M->451M(512M) 1.745ms
[7.858s] GC(576) Concurrent Mark Cycle
[7.866s] GC(577) Pause Young (Normal) (G1 Evacuation Pause) 472M->473M(512M) 1.569ms
[7.874s] GC(576) Pause Remark 493M->252M(512M) 0.920ms
[7.876s] GC(578) Pause Young (Normal) (G1 Evacuation Pause) 253M->253M(512M) 1.551ms
[7.905s] GC(579) Pause Young (Normal) (G1 Evacuation Pause) 333M->334M(512M) 3.073ms
[7.906s] GC(576) Pause Cleanup 337M->337M(512M) 0.102ms
[7.906s] GC(576) Concurrent Mark Cycle 48.078ms
[7.926s] GC(580) Pause Young (Prepare Mixed) (G1 Evacuation Pause) 389M->389M(512M) 2.617ms
[7.940s] GC(581) Pause Young (Mixed) (G1 Evacuation Pause) 426M->424M(512M) 2.075ms
[7.951s] GC(582) Pause Young (Concurrent Start) (G1 Evacuation Pause) 450M->450M(512M) 1.615ms
[7.951s] GC(583) Concurrent Mark Cycle
[7.959s] GC(584) Pause Young (Normal) (G1 Evacuation Pause) 471M->471M(512M) 1.515ms
[7.966s] GC(583) Pause Remark 491M->252M(512M) 1.072ms
[7.968s] GC(585) Pause Young (Normal) (G1 Evacuation Pause) 253M->254M(512M) 1.464ms
[8.001s] GC(583) Pause Cleanup 333M->333M(512M) 0.146ms
[8.002s] GC(583) Concurrent Mark Cycle 50.753ms
[8.005s] GC(586) Pause Young (Prepare Mixed) (G1 Evacuation Pause) 334M->334M(512M) 3.166ms
[8.026s] GC(587) Pause Young (Mixed) (G1 Evacuation Pause) 389M->387M(512M) 2.445ms
[8.041s] GC(588) Pause Young (Concurrent Start) (G1 Evacuation Pause) 425M->426M(512M) 2.188ms
[8.041s] GC(589) Concurrent Mark Cycle
[8.051s] GC(590) Pause Young (Normal) (G1 Evacuation Pause) 452M->452M(512M) 1.516ms
[8.057s] GC(589) Pause Remark 467M->252M(512M) 1.043ms
[8.061s] GC(591) Pause Young (Normal) (G1 Evacuation Pause) 258M->259M(512M) 1.371ms
[8.089s] GC(592) Pause Young (Normal) (G1 Evacuation Pause) 337M->337M(512M) 3.083ms
[8.090s] GC(589) Pause Cleanup 338M->338M(512M) 0.141ms
[8.090s] GC(589) Concurrent Mark Cycle 49.182ms
[8.110s] GC(593) Pause Young (Prepare Mixed) (G1 Evacuation Pause) 390M->391M(512M) 2.423ms
[8.125s] GC(594) Pause Young (Mixed) (G1 Evacuation Pause) 428M->426M(512M) 2.277ms
[8.135s] GC(595) Pause Young (Concurrent Start) (G1 Evacuation Pause) 451M->452M(512M) 1.757ms
[8.135s] GC(596) Concurrent Mark Cycle
[8.143s] GC(597) Pause Young (Normal) (G1 Evacuation Pause) 473M->473M(512M) 1.542ms
[8.150s] GC(596) Pause Remark 491M->252M(512M) 1.243ms
[8.152s] GC(598) Pause Young (Normal) (G1 Evacuation Pause) 255M->256M(512M) 1.406ms
[8.181s] GC(599) Pause Young (Normal) (G1 Evacuation Pause) 335M->335M(512M) 3.110ms
[8.182s] GC(596) Pause Cleanup 336M->336M(512M) 0.104ms
[8.182s] GC(596) Concurrent Mark Cycle 47.370ms
[8.203s] GC(600) Pause Young (Prepare Mixed) (G1 Evacuation Pause) 389M->390M(512M) 2.717ms
[8.217s] GC(601) Pause Young (Mixed) (G1 Evacuation Pause) 427M->424M(512M) 2.015ms
[8.227s] GC(602) Pause Young (Concurrent Start) (G1 Evacuation Pause) 450M->451M(512M) 1.606ms
[8.227s] GC(603) Concurrent Mark Cycle
[8.236s] GC(604) Pause Young (Normal) (G1 Evacuation Pause) 472M->472M(512M) 1.493ms
[8.243s] GC(603) Pause Remark 492M->254M(512M) 0.901ms
[8.245s] GC(605) Pause Young (Normal) (G1 Evacuation Pause) 255M->256M(512M) 1.482ms
[8.268s] GC(603) Concurrent Mark Cycle 40.494ms
