[0.002s] Using G1
[0.279s] GC(0) Pause Young (Normal) (G1 Evacuation Pause) 27M->4M(512M) 2.934ms
[0.284s] GC(1) Pause Young (Normal) (G1 Evacuation Pause) 26M->6M(512M) 2.370ms
[0.286s] GC(2) Pause Young (Normal) (G1 Evacuation Pause) 29M->7M(512M) 0.912ms
[0.288s] GC(3) Pause Young (Normal) (G1 Evacuation Pause) 29M->8M(512M) 0.933ms
[0.296s] GC(4) Pause Young (Normal) (G1 Evacuation Pause) 30M->26M(512M) 1.508ms
[0.305s] GC(5) Pause Young (Normal) (G1 Evacuation Pause) 47M->47M(512M) 1.799ms
[0.314s] GC(6) Pause Young (Normal) (G1 Evacuation Pause) 68M->69M(512M) 1.933ms
[0.322s] GC(7) Pause Young (Normal) (G1 Evacuation Pause) 90M->90M(512M) 1.570ms
[0.330s] GC(8) Pause Young (Normal) (G1 Evacuation Pause) 111M->112M(512M) 1.569ms
[0.339s] GC(9) Pause Young (Normal) (G1 Evacuation Pause) 133M->133M(512M) 1.775ms
[0.348s] GC(10) Pause Young (Normal) (G1 Evacuation Pause) 154M->154M(512M) 1.856ms
[0.356s] GC(11) Pause Young (Normal) (G1 Evacuation Pause) 175M->176M(512M) 1.739ms
[0.365s] GC(12) Pause Young (Normal) (G1 Evacuation Pause) 197M->197M(512M) 1.772ms
[0.373s] GC(13) Pause Young (Normal) (G1 Evacuation Pause) 218M->219M(512M) 1.583ms
[0.383s] GC(14) Pause Young (Normal) (G1 Evacuation Pause) 242M->242M(512M) 1.775ms
[0.395s] GC(15) Pause Young (Concurrent Start) (G1 Evacuation Pause) 272M->272M(512M) 2.134ms
[0.395s] GC(16) Concurrent Mark Cycle
[0.410s] GC(17) Pause Young (Normal) (G1 Evacuation Pause) 309M->310M(512M) 2.364ms
[0.416s] GC(16) Pause Remark 322M->259M(512M) 1.105ms
[0.428s] GC(18) Pause Young (Normal) (G1 Evacuation Pause) 290M->290M(512M) 2.497ms
[0.449s] GC(19) Pause Young (Normal) (G1 Evacuation Pause) 341M->341M(512M) 3.438ms
[0.452s] GC(16) Pause Cleanup 347M->347M(512M) 0.100ms
[0.452s] GC(16) Concurrent Mark Cycle 56.477ms
[0.470s] GC(20) Pause Young (Prepare Mixed) (G1 Evacuation Pause) 393M->394M(512M) 3.118ms
[0.484s] GC(21) Pause Young (Mixed) (G1 Evacuation Pause) 429M->428M(512M) 2.248ms
[0.495s] GC(22) Pause Young (Concurrent Start) (G1 Evacuation Pause) 453M->454M(512M) 1.862ms
[0.495s] GC(23) Concurrent Mark Cycle
[0.503s] GC(24) Pause Young (Normal) (G1 Evacuation Pause) 475M->475M(512M) 1.336ms
[0.510s] GC(23) Pause Remark 492M->249M(512M) 1.300ms
[0.513s] GC(25) Pause Young (Normal) (G1 Evacuation Pause) 253M->254M(512M) 1.328ms
[0.543s] GC(26) Pause Young (Normal) (G1 Evacuation Pause) 333M->333M(512M) 3.036ms
[0.544s] GC(23) Pause Cleanup 335M->335M(512M) 0.117ms
[0.544s] GC(23) Concurrent Mark Cycle 49.280ms
[0.564s] GC(27) Pause Young (Prepare Mixed) (G1 Evacuation Pause) 387M->388M(512M) 2.595ms
[0.579s] GC(28) Pause Young (Mixed) (G1 Evacuation Pause) 426M->424M(512M) 2.011ms
[0.589s] GC(29) Pause Young (Concurrent Start) (G1 Evacuation Pause) 450M->451M(512M) 1.577ms
[0.590s] GC(30) Concurrent Mark Cycle
[0.598s] GC(31) Pause Young (Normal) (G1 Evacuation Pause) 472M->472M(512M) 1.517ms
[0.606s] GC(30) Pause Remark 490M->253M(512M) 1.289ms
[0.609s] GC(32) Pause Young (Normal) (G1 Evacuation Pause) 256M->257M(512M) 1.362ms
[0.638s] GC(33) Pause Young (Normal) (G1 Evacuation Pause) 336M->336M(512M) 3.171ms
[0.639s] GC(30) Pause Cleanup 339M->339M(512M) 0.134ms
[0.639s] GC(30) Concurrent Mark Cycle 49.586ms
[0.659s] GC(34) Pause Young (Prepare Mixed) (G1 Evacuation Pause) 390M->391M(512M) 2.506ms
[0.673s] GC(35) Pause Young (Mixed) (G1 Evacuation Pause) 428M->425M(512M) 1.948ms
[0.684s] GC(36) Pause Young (Concurrent Start) (G1 Evacuation Pause) 451M->452M(512M) 1.581ms
[0.684s] GC(37) Concurrent Mark Cycle
[0.692s] GC(38) Pause Young (Normal) (G1 Evacuation Pause) 473M->473M(512M) 1.571ms
[0.700s] GC(37) Pause Remark 493M->255M(512M) 0.944ms
[0.701s] GC(39) Pause Young (Normal) (G1 Evacuation Pause) 256M->257M(512M) 1.314ms
[0.731s] GC(40) Pause Young (Normal) (G1 Evacuation Pause) 336M->336M(512M) 3.297ms
[0.733s] GC(37) Pause Cleanup 340M->340M(512M) 0.115ms
[0.733s] GC(37) Concurrent Mark Cycle 48.887ms
[0.752s] GC(41) Pause Young (Prepare Mixed) (G1 Evacuation Pause) 390M->390M(512M) 2.685ms
[0.767s] GC(42) Pause Young (Mixed) (G1 Evacuation Pause) 427M->425M(512M) 2.140ms
[0.777s] GC(43) Pause Young (Concurrent Start) (G1 Evacuation Pause) 451M->451M(512M) 1.672ms
[0.777s] GC(44) Concurrent Mark Cycle
[0.786s] GC(45) Pause Young (Normal) (G1 Evacuation Pause) 472M->473M(512M) 1.486ms
[0.793s] GC(44) Pause Remark 492M->252M(512M) 0.896ms
[0.795s] GC(46) Pause Young (Normal) (G1 Evacuation Pause) 254M->254M(512M) 1.720ms
[0.825s] GC(47) Pause Young (Normal) (G1 Evacuation Pause) 333M->334M(512M) 3.140ms
[0.826s] GC(44) Pause Cleanup 336M->336M(512M) 0.148ms
[0.826s] GC(44) Concurrent Mark Cycle 48.775ms
[0.847s] GC(48) Pause Young (Prepare Mixed) (G1 Evacuation Pause) 389M->389M(512M) 3.124ms
[0.861s] GC(49) Pause Young (Mixed) (G1 Evacuation Pause) 426M->424M(512M) 1.967ms
[0.872s] GC(50) Pause Young (Concurrent Start) (G1 Evacuation Pause) 450M->451M(512M) 1.726ms
[0.872s] GC(51) Concurrent Mark Cycle
[0.881s] GC(52) Pause Young (Normal) (G1 Evacuation Pause) 472M->472M(512M) 1.365ms
[0.888s] GC(51) Pause Remark 491M->250M(512M) 1.040ms
[0.891s] GC(53) Pause Young (Normal) (G1 Evacuation Pause) 252M->253M(512M) 1.681ms
[0.918s] GC(51) Pause Cleanup 332M->332M(512M) 0.142ms
[0.922s] GC(54) Pause Young (Prepare Mixed) (G1 Evacuation Pause) 333M->333M(512M) 3.112ms
[0.922s] GC(51) Concurrent Mark Cycle 49.691ms
[0.943s] GC(55) Pause Young (Mixed) (G1 Evacuation Pause) 388M->387M(512M) 2.591ms
[0.958s] GC(56) Pause Young (Concurrent Start) (G1 Evacuation Pause) 425M->425M(512M) 2.211ms
[0.958s] GC(57) Concurrent Mark Cycle
[0.969s] GC(58) Pause Young (Normal) (G1 Evacuation Pause) 451M->452M(512M) 1.542ms
[0.975s] GC(57) Pause Remark 467M->255M(512M) 1.007ms
[0.978s] GC(59) Pause Young (Normal) (G1 Evacuation Pause) 261M->261M(512M) 1.382ms
[1.005s] GC(57) Pause Cleanup 338M->338M(512M) 0.157ms
[1.008s] GC(60) Pause Young (Prepare Mixed) (G1 Evacuation Pause) 338M->338M(512M) 3.140ms
[1.008s] GC(57) Concurrent Mark Cycle 50.246ms
[1.029s] GC(61) Pause Young (Mixed) (G1 Evacuation Pause) 391M->389M(512M) 2.691ms
[1.044s] GC(62) Pause Young (Concurrent Start) (G1 Evacuation Pause) 426M->426M(512M) 2.044ms
[1.044s] GC(63) Concurrent Mark Cycle
[1.054s] GC(64) Pause Young (Normal) (G1 Evacuation Pause) 451M->452M(512M) 1.528ms
[1.061s] GC(63) Pause Remark 469M->254M(512M) 1.127ms
[1.064s] GC(65) Pause Young (Normal) (G1 Evacuation Pause) 258M->258M(512M) 1.530ms
[1.094s] GC(66) Pause Young (Normal) (G1 Evacuation Pause) 336M->336M(512M) 3.371ms
[1.094s] GC(63) Pause Cleanup 337M->337M(512M) 0.102ms
[1.095s] GC(63) Concurrent Mark Cycle 50.746ms
[1.115s] GC(67) Pause Young (Prepare Mixed) (G1 Evacuation Pause) 390M->391M(512M) 2.711ms
[1.130s] GC(68) Pause Young (Mixed) (G1 Evacuation Pause) 428M->426M(512M) 2.076ms
[1.140s] GC(69) Pause Young (Concurrent Start) (G1 Evacuation Pause) 452M->452M(512M) 1.648ms
[1.141s] GC(70) Concurrent Mark Cycle
[1.149s] GC(71) Pause Young (Normal) (G1 Evacuation Pause) 473M->473M(512M) 1.568ms
[1.156s] GC(70) Pause Remark 491M->251M(512M) 1.284ms
[1.159s] GC(72) Pause Young (Normal) (G1 Evacuation Pause) 254M->255M(512M) 1.714ms
[1.186s] GC(70) Pause Cleanup 331M->331M(512M) 0.148ms
[1.186s] GC(70) Concurrent Mark Cycle 45.615ms
[1.190s] GC(73) Pause Young (Prepare Mixed) (G1 Evacuation Pause) 334M->334M(512M) 3.119ms
[1.211s] GC(74) Pause Young (Mixed) (G1 Evacuation Pause) 388M->386M(512M) 2.759ms
[1.226s] GC(75) Pause Young (Concurrent Start) (G1 Evacuation Pause) 424M->425M(512M) 2.246ms
[1.226s] GC(76) Concurrent Mark Cycle
[1.237s] GC(77) Pause Young (Normal) (G1 Evacuation Pause) 451M->451M(512M) 1.662ms
[1.243s] GC(76) Pause Remark 467M->254M(512M) 1.272ms
[1.247s] GC(78) Pause Young (Normal) (G1 Evacuation Pause) 259M->260M(512M) 1.278ms
[1.273s] GC(76) Pause Cleanup 337M->337M(512M) 0.153ms
[1.276s] GC(79) Pause Young (Prepare Mixed) (G1 Evacuation Pause) 338M->338M(512M) 2.997ms
[1.276s] GC(76) Concurrent Mark Cycle 50.216ms
[1.297s] GC(80) Pause Young (Mixed) (G1 Evacuation Pause) 391M->390M(512M) 2.768ms
[1.312s] GC(81) Pause Young (Concurrent Start) (G1 Evacuation Pause) 427M->427M(512M) 2.047ms
[1.312s] GC(82) Concurrent Mark Cycle
[1.322s] GC(83) Pause Young (Normal) (G1 Evacuation Pause) 452M->453M(512M) 1.512ms
[1.329s] GC(82) Pause Remark 470M->255M(512M) 1.010ms
[1.332s] GC(84) Pause Young (Normal) (G1 Evacuation Pause) 259M->259M(512M) 1.484ms
[1.362s] GC(85) Pause Young (Normal) (G1 Evacuation Pause) 337M->338M(512M) 3.192ms
[1.363s] GC(82) Pause Cleanup 338M->338M(512M) 0.106ms
[1.363s] GC(82) Concurrent Mark Cycle 50.994ms
[1.383s] GC(86) Pause Young (Prepare Mixed) (G1 Evacuation Pause) 391M->391M(512M) 2.680ms
[1.398s] GC(87) Pause Young (Mixed) (G1 Evacuation Pause) 428M->426M(512M) 2.189ms
[1.408s] GC(88) Pause Young (Concurrent Start) (G1 Evacuation Pause) 451M->452M(512M) 1.772ms
[1.409s] GC(89) Concurrent Mark Cycle
[1.416s] GC(90) Pause Young (Normal) (G1 Evacuation Pause) 473M->473M(512M) 1.471ms
[1.425s] GC(91) Pause Young (Normal) (G1 Evacuation Pause) (Evacuation Failure) 494M->498M(512M) 1.647ms
[1.427s] GC(89) Pause Remark 499M->261M(512M) 0.987ms
[1.433s] GC(92) Pause Young (Normal) (G1 Evacuation Pause) 274M->274M(512M) 1.345ms
[1.461s] GC(93) Pause Young (Normal) (G1 Evacuation Pause) 347M->348M(512M) 2.884ms
[1.462s] GC(89) Pause Cleanup 352M->352M(512M) 0.123ms
[1.463s] GC(89) Concurrent Mark Cycle 54.185ms
[1.480s] GC(94) Pause Young (Prepare Mixed) (G1 Evacuation Pause) 398M->398M(512M) 2.324ms
[1.494s] GC(95) Pause Young (Mixed) (G1 Evacuation Pause) 432M->430M(512M) 1.899ms
[1.503s] GC(96) Pause Young (Concurrent Start) (G1 Evacuation Pause) 454M->454M(512M) 1.636ms
[1.504s] GC(97) Concurrent Mark Cycle
[1.511s] GC(98) Pause Young (Normal) (G1 Evacuation Pause) 475M->476M(512M) 1.338ms
[1.519s] GC(97) Pause Remark 495M->250M(512M) 1.082ms
[1.521s] GC(99) Pause Young (Normal) (G1 Evacuation Pause) 252M->252M(512M) 1.480ms
[1.548s] GC(97) Pause Cleanup 331M->331M(512M) 0.174ms
[1.548s] GC(97) Concurrent Mark Cycle 44.915ms
[1.552s] GC(100) Pause Young (Prepare Mixed) (G1 Evacuation Pause) 332M->332M(512M) 3.153ms
[1.573s] GC(101) Pause Young (Mixed) (G1 Evacuation Pause) 387M->385M(512M) 2.472ms
[1.587s] GC(102) Pause Young (Concurrent Start) (G1 Evacuation Pause) 424M->424M(512M) 2.318ms
[1.587s] GC(103) Concurrent Mark Cycle
[1.598s] GC(104) Pause Young (Normal) (G1 Evacuation Pause) 450M->450M(512M) 1.525ms
[1.604s] GC(103) Pause Remark 466M->252M(512M) 1.075ms
[1.608s] GC(105) Pause Young (Normal) (G1 Evacuation Pause) 257M->258M(512M) 1.665ms
[1.635s] GC(103) Pause Cleanup 335M->335M(512M) 0.150ms
[1.635s] GC(103) Concurrent Mark Cycle 48.076ms
[1.639s] GC(106) Pause Young (Prepare Mixed) (G1 Evacuation Pause) 336M->336M(512M) 3.256ms
[1.660s] GC(107) Pause Young (Mixed) (G1 Evacuation Pause) 390M->389M(512M) 3.084ms
[1.675s] GC(108) Pause Young (Concurrent Start) (G1 Evacuation Pause) 426M->426M(512M) 2.377ms
[1.675s] GC(109) Concurrent Mark Cycle
[1.685s] GC(110) Pause Young (Normal) (G1 Evacuation Pause) 451M->452M(512M) 1.707ms
[1.693s] GC(109) Pause Remark 469M->254M(512M) 1.305ms
[1.696s] GC(111) Pause Young (Normal) (G1 Evacuation Pause) 258M->258M(512M) 1.605ms
[1.726s] GC(112) Pause Young (Normal) (G1 Evacuation Pause) 336M->336M(512M) 3.329ms
[1.727s] GC(109) Pause Cleanup 337M->337M(512M) 0.107ms
[1.727s] GC(109) Concurrent Mark Cycle 51.998ms
[1.748s] GC(113) Pause Young (Prepare Mixed) (G1 Evacuation Pause) 390M->391M(512M) 2.605ms
[1.763s] GC(114) Pause Young (Mixed) (G1 Evacuation Pause) 428M->426M(512M) 2.784ms
[1.773s] GC(115) Pause Young (Concurrent Start) (G1 Evacuation Pause) 451M->452M(512M) 1.697ms
[1.773s] GC(116) Concurrent Mark Cycle
[1.782s] GC(117) Pause Young (Normal) (G1 Evacuation Pause) 473M->473M(512M) 1.413ms
[1.789s] GC(116) Pause Remark 492M->251M(512M) 1.263ms
[1.792s] GC(118) Pause Young (Normal) (G1 Evacuation Pause) 253M->254M(512M) 1.372ms
[1.819s] GC(116) Pause Cleanup 331M->331M(512M) 0.142ms
[1.819s] GC(116) Concurrent Mark Cycle 45.444ms
[1.823s] GC(119) Pause Young (Prepare Mixed) (G1 Evacuation Pause) 334M->334M(512M) 3.497ms
[1.844s] GC(120) Pause Young (Mixed) (G1 Evacuation Pause) 388M->387M(512M) 2.848ms
[1.859s] GC(121) Pause Young (Concurrent Start) (G1 Evacuation Pause) 425M->425M(512M) 2.570ms
[1.859s] GC(122) Concurrent Mark Cycle
[1.870s] GC(123) Pause Young (Normal) (G1 Evacuation Pause) 451M->452M(512M) 1.677ms
[1.878s] GC(122) Pause Remark 471M->258M(512M) 1.348ms
[1.881s] GC(124) Pause Young (Normal) (G1 Evacuation Pause) 260M->260M(512M) 1.477ms
[1.910s] GC(125) Pause Young (Normal) (G1 Evacuation Pause) 337M->338M(512M) 3.015ms
[1.912s] GC(122) Pause Cleanup 344M->344M(512M) 0.126ms
[1.912s] GC(122) Concurrent Mark Cycle 52.916ms
[1.930s] GC(126) Pause Young (Prepare Mixed) (G1 Evacuation Pause) 391M->391M(512M) 2.419ms
[1.945s] GC(127) Pause Young (Mixed) (G1 Evacuation Pause) 427M->426M(512M) 1.933ms
[1.955s] GC(128) Pause Young (Concurrent Start) (G1 Evacuation Pause) 452M->452M(512M) 1.642ms
[1.955s] GC(129) Concurrent Mark Cycle
[1.963s] GC(130) Pause Young (Normal) (G1 Evacuation Pause) 473M->474M(512M) 1.291ms
[1.970s] GC(129) Pause Remark 494M->253M(512M) 0.956ms
[1.972s] GC(131) Pause Young (Normal) (G1 Evacuation Pause) 254M->254M(512M) 1.282ms
[2.002s] GC(132) Pause Young (Normal) (G1 Evacuation Pause) 333M->333M(512M) 3.123ms
[2.003s] GC(129) Pause Cleanup 335M->335M(512M) 0.131ms
[2.004s] GC(129) Concurrent Mark Cycle 48.854ms
[2.024s] GC(133) Pause Young (Prepare Mixed) (G1 Evacuation Pause) 388M->388M(512M) 2.921ms
[2.039s] GC(134) Pause Young (Mixed) (G1 Evacuation Pause) 425M->424M(512M) 2.024ms
[2.049s] GC(135) Pause Young (Concurrent Start) (G1 Evacuation Pause) 450M->450M(512M) 1.919ms
[2.050s] GC(136) Concurrent Mark Cycle
[2.058s] GC(137) Pause Young (Normal) (G1 Evacuation Pause) 471M->472M(512M) 1.456ms
[2.066s] GC(136) Pause Remark 491M->254M(512M) 1.103ms
[2.069s] GC(138) Pause Young (Normal) (G1 Evacuation Pause) 256M->256M(512M) 1.731ms
[2.099s] GC(139) Pause Young (Normal) (G1 Evacuation Pause) 335M->336M(512M) 3.197ms
[2.100s] GC(136) Pause Cleanup 336M->336M(512M) 0.173ms
[2.100s] GC(136) Concurrent Mark Cycle 50.302ms
[2.120s] GC(140) Pause Young (Prepare Mixed) (G1 Evacuation Pause) 390M->390M(512M) 2.748ms
[2.135s] GC(141) Pause Young (Mixed) (G1 Evacuation Pause) 427M->424M(512M) 1.933ms
[2.145s] GC(142) Pause Young (Concurrent Start) (G1 Evacuation Pause) 450M->451M(512M) 1.689ms
[2.146s] GC(143) Concurrent Mark Cycle
[2.154s] GC(144) Pause Young (Normal) (G1 Evacuation Pause) 472M->472M(512M) 1.384ms
[2.162s] GC(143) Pause Remark 491M->249M(512M) 1.094ms
[2.164s] GC(145) Pause Young (Normal) (G1 Evacuation Pause) 251M->251M(512M) 1.321ms
[2.194s] GC(146) Pause Young (Normal) (G1 Evacuation Pause) 331M->331M(512M) 3.322ms
[2.195s] GC(143) Pause Cleanup 334M->334M(512M) 0.122ms
[2.195s] GC(143) Concurrent Mark Cycle 49.797ms
[2.215s] GC(147) Pause Young (Prepare Mixed) (G1 Evacuation Pause) 386M->387M(512M) 2.659ms
[2.230s] GC(148) Pause Young (Mixed) (G1 Evacuation Pause) 425M->423M(512M) 2.145ms
[2.240s] GC(149) Pause Young (Concurrent Start) (G1 Evacuation Pause) 449M->450M(512M) 1.719ms
[2.241s] GC(150) Concurrent Mark Cycle
[2.249s] GC(151) Pause Young (Normal) (G1 Evacuation Pause) 471M->471M(512M) 1.446ms
[2.256s] GC(150) Pause Remark 489M->249M(512M) 1.110ms
[2.259s] GC(152) Pause Young (Normal) (G1 Evacuation Pause) 252M->253M(512M) 1.640ms
[2.285s] GC(150) Pause Cleanup 332M->332M(512M) 0.141ms
[2.286s] GC(150) Concurrent Mark Cycle 45.001ms
[2.289s] GC(153) Pause Young (Prepare Mixed) (G1 Evacuation Pause) 333M->333M(512M) 3.346ms
[2.311s] GC(154) Pause Young (Mixed) (G1 Evacuation Pause) 388M->386M(512M) 2.809ms
[2.326s] GC(155) Pause Young (Concurrent Start) (G1 Evacuation Pause) 424M->425M(512M) 2.105ms
[2.326s] GC(156) Concurrent Mark Cycle
[2.336s] GC(157) Pause Young (Normal) (G1 Evacuation Pause) 451M->451M(512M) 1.491ms
[2.342s] GC(156) Pause Remark 466M->252M(512M) 1.115ms
[2.346s] GC(158) Pause Young (Normal) (G1 Evacuation Pause) 258M->259M(512M) 1.677ms
[2.373s] GC(156) Pause Cleanup 336M->336M(512M) 0.160ms
[2.376s] GC(159) Pause Young (Prepare Mixed) (G1 Evacuation Pause) 337M->337M(512M) 3.306ms
[2.376s] GC(156) Concurrent Mark Cycle 50.638ms
[2.398s] GC(160) Pause Young (Mixed) (G1 Evacuation Pause) 391M->389M(512M) 2.817ms
[2.413s] GC(161) Pause Young (Concurrent Start) (G1 Evacuation Pause) 426M->427M(512M) 2.407ms
[2.413s] GC(162) Concurrent Mark Cycle
[2.423s] GC(163) Pause Young (Normal) (G1 Evacuation Pause) 452M->452M(512M) 1.494ms
[2.429s] GC(162) Pause Remark 467M->251M(512M) 1.140ms
[2.432s] GC(164) Pause Young (Normal) (G1 Evacuation Pause) 257M->258M(512M) 1.498ms
[2.458s] GC(162) Pause Cleanup 334M->334M(512M) 0.145ms
[2.458s] GC(162) Concurrent Mark Cycle 45.222ms
[2.462s] GC(165) Pause Young (Prepare Mixed) (G1 Evacuation Pause) 336M->336M(512M) 3.007ms
[2.482s] GC(166) Pause Young (Mixed) (G1 Evacuation Pause) 390M->388M(512M) 2.811ms
[2.497s] GC(167) Pause Young (Concurrent Start) (G1 Evacuation Pause) 425M->426M(512M) 2.194ms
[2.497s] GC(168) Concurrent Mark Cycle
[2.507s] GC(169) Pause Young (Normal) (G1 Evacuation Pause) 452M->452M(512M) 1.532ms
[2.514s] GC(168) Pause Remark 469M->254M(512M) 1.292ms
[2.517s] GC(170) Pause Young (Normal) (G1 Evacuation Pause) 258M->259M(512M) 1.311ms
[2.546s] GC(171) Pause Young (Normal) (G1 Evacuation Pause) 337M->337M(512M) 3.191ms
[2.548s] GC(168) Pause Cleanup 339M->339M(512M) 0.136ms
[2.548s] GC(168) Concurrent Mark Cycle 50.585ms
[2.568s] GC(172) Pause Young (Prepare Mixed) (G1 Evacuation Pause) 391M->391M(512M) 2.707ms
[2.582s] GC(173) Pause Young (Mixed) (G1 Evacuation Pause) 427M->426M(512M) 2.117ms
[2.592s] GC(174) Pause Young (Concurrent Start) (G1 Evacuation Pause) 452M->452M(512M) 1.599ms
[2.593s] GC(175) Concurrent Mark Cycle
[2.601s] GC(176) Pause Young (Normal) (G1 Evacuation Pause) 473M->474M(512M) 1.524ms
[2.608s] GC(175) Pause Remark 492M->250M(512M) 0.906ms
[2.610s] GC(177) Pause Young (Normal) (G1 Evacuation Pause) 253M->253M(512M) 1.461ms
[2.640s] GC(178) Pause Young (Normal) (G1 Evacuation Pause) 333M->334M(512M) 3.251ms
[2.641s] GC(175) Pause Cleanup 334M->334M(512M) 0.099ms
[2.641s] GC(175) Concurrent Mark Cycle 48.673ms
[2.662s] GC(179) Pause Young (Prepare Mixed) (G1 Evacuation Pause) 389M->389M(512M) 2.781ms
[2.677s] GC(180) Pause Young (Mixed) (G1 Evacuation Pause) 426M->424M(512M) 1.893ms
[2.686s] GC(181) Pause Young (Concurrent Start) (G1 Evacuation Pause) 450M->451M(512M) 1.619ms
[2.686s] GC(182) Concurrent Mark Cycle
[2.695s] GC(183) Pause Young (Normal) (G1 Evacuation Pause) 472M->472M(512M) 1.506ms
[2.703s] GC(182) Pause Remark 491M->250M(512M) 0.940ms
[2.705s] GC(184) Pause Young (Normal) (G1 Evacuation Pause) 252M->252M(512M) 1.534ms
[2.734s] GC(185) Pause Young (Normal) (G1 Evacuation Pause) 332M->333M(512M) 3.200ms
[2.735s] GC(182) Pause Cleanup 335M->335M(512M) 0.113ms
[2.736s] GC(182) Concurrent Mark Cycle 49.376ms
[2.756s] GC(186) Pause Young (Prepare Mixed) (G1 Evacuation Pause) 388M->388M(512M) 2.586ms
[2.770s] GC(187) Pause Young (Mixed) (G1 Evacuation Pause) 425M->424M(512M) 2.127ms
[2.781s] GC(188) Pause Young (Concurrent Start) (G1 Evacuation Pause) 450M->450M(512M) 1.770ms
[2.781s] GC(189) Concurrent Mark Cycle
[2.789s] GC(190) Pause Young (Normal) (G1 Evacuation Pause) 471M->471M(512M) 1.470ms
[2.797s] GC(189) Pause Remark 489M->250M(512M) 1.178ms
[2.800s] GC(191) Pause Young (Normal) (G1 Evacuation Pause) 253M->253M(512M) 1.537ms
[2.827s] GC(189) Pause Cleanup 332M->332M(512M) 0.150ms
[2.827s] GC(189) Concurrent Mark Cycle 45.850ms
[2.830s] GC(192) Pause Young (Prepare Mixed) (G1 Evacuation Pause) 333M->334M(512M) 3.125ms
[2.852s] GC(193) Pause Young (Mixed) (G1 Evacuation Pause) 389M->387M(512M) 2.775ms
[2.867s] GC(194) Pause Young (Concurrent Start) (G1 Evacuation Pause) 425M->425M(512M) 2.204ms
[2.867s] GC(195) Concurrent Mark Cycle
[2.877s] GC(196) Pause Young (Normal) (G1 Evacuation Pause) 451M->452M(512M) 1.625ms
[2.884s] GC(195) Pause Remark 469M->255M(512M) 1.093ms
[2.887s] GC(197) Pause Young (Normal) (G1 Evacuation Pause) 259M->259M(512M) 1.519ms
[2.917s] GC(198) Pause Young (Normal) (G1 Evacuation Pause) 337M->338M(512M) 3.105ms
[2.917s] GC(195) Pause Cleanup 338M->338M(512M) 0.102ms
[2.918s] GC(195) Concurrent Mark Cycle 50.798ms
[2.938s] GC(199) Pause Young (Prepare Mixed) (G1 Evacuation Pause) 391M->391M(512M) 2.714ms
[2.952s] GC(200) Pause Young (Mixed) (G1 Evacuation Pause) 427M->426M(512M) 2.191ms
[2.963s] GC(201) Pause Young (Concurrent Start) (G1 Evacuation Pause) 452M->452M(512M) 1.870ms
[2.963s] GC(202) Concurrent Mark Cycle
[2.972s] GC(203) Pause Young (Normal) (G1 Evacuation Pause) 473M->473M(512M) 1.492ms
[2.979s] GC(202) Pause Remark 491M->253M(512M) 1.222ms
[2.982s] GC(204) Pause Young (Normal) (G1 Evacuation Pause) 256M->257M(512M) 1.497ms
[3.007s] GC(202) Pause Cleanup 333M->333M(512M) 0.140ms
[3.008s] GC(202) Concurrent Mark Cycle 44.167ms
[3.011s] GC(205) Pause Young (Prepare Mixed) (G1 Evacuation Pause) 336M->336M(512M) 3.106ms
[3.032s] GC(206) Pause Young (Mixed) (G1 Evacuation Pause) 390M->388M(512M) 2.671ms
[3.047s] GC(207) Pause Young (Concurrent Start) (G1 Evacuation Pause) 426M->426M(512M) 2.283ms
[3.047s] GC(208) Concurrent Mark Cycle
[3.058s] GC(209) Pause Young (Normal) (G1 Evacuation Pause) 452M->452M(512M) 1.643ms
[3.064s] GC(208) Pause Remark 466M->253M(512M) 1.212ms
[3.068s] GC(210) Pause Young (Normal) (G1 Evacuation Pause) 260M->261M(512M) 1.606ms
[3.094s] GC(208) Pause Cleanup 336M->336M(512M) 0.156ms
[3.094s] GC(208) Concurrent Mark Cycle 46.982ms
[3.097s] GC(211) Pause Young (Prepare Mixed) (G1 Evacuation Pause) 338M->338M(512M) 2.948ms
[3.118s] GC(212) Pause Young (Mixed) (G1 Evacuation Pause) 391M->388M(512M) 2.705ms
[3.133s] GC(213) Pause Young (Concurrent Start) (G1 Evacuation Pause) 425M->426M(512M) 2.193ms
[3.133s] GC(214) Concurrent Mark Cycle
[3.143s] GC(215) Pause Young (Normal) (G1 Evacuation Pause) 452M->452M(512M) 1.744ms
[3.150s] GC(214) Pause Remark 469M->254M(512M) 1.072ms
[3.153s] GC(216) Pause Young (Normal) (G1 Evacuation Pause) 258M->259M(512M) 1.478ms
[3.183s] GC(217) Pause Young (Normal) (G1 Evacuation Pause) 337M->337M(512M) 3.282ms
[3.184s] GC(214) Pause Cleanup 338M->338M(512M) 0.111ms
[3.184s] GC(214) Concurrent Mark Cycle 51.757ms
[3.205s] GC(218) Pause Young (Prepare Mixed) (G1 Evacuation Pause) 391M->391M(512M) 2.664ms
[3.219s] GC(219) Pause Young (Mixed) (G1 Evacuation Pause) 427M->426M(512M) 2.159ms
[3.229s] GC(220) Pause Young (Concurrent Start) (G1 Evacuation Pause) 452M->452M(512M) 1.620ms
[3.230s] GC(221) Concurrent Mark Cycle
[3.238s] GC(222) Pause Young (Normal) (G1 Evacuation Pause) 473M->474M(512M) 1.440ms
[3.245s] GC(221) Pause Remark 493M->252M(512M) 0.925ms
[3.248s] GC(223) Pause Young (Normal) (G1 Evacuation Pause) 254M->254M(512M) 1.674ms
[3.278s] GC(224) Pause Young (Normal) (G1 Evacuation Pause) 334M->334M(512M) 3.102ms
[3.278s] GC(221) Pause Cleanup 335M->335M(512M) 0.141ms
[3.279s] GC(221) Concurrent Mark Cycle 49.079ms
[3.299s] GC(225) Pause Young (Prepare Mixed) (G1 Evacuation Pause) 388M->389M(512M) 2.919ms
[3.314s] GC(226) Pause Young (Mixed) (G1 Evacuation Pause) 426M->424M(512M) 2.115ms
[3.325s] GC(227) Pause Young (Concurrent Start) (G1 Evacuation Pause) 450M->450M(512M) 1.735ms
[3.325s] GC(228) Concurrent Mark Cycle
[3.333s] GC(229) Pause Young (Normal) (G1 Evacuation Pause) 471M->472M(512M) 1.373ms
[3.341s] GC(228) Pause Remark 492M->252M(512M) 1.006ms
[3.343s] GC(230) Pause Young (Normal) (G1 Evacuation Pause) 253M->253M(512M) 1.483ms
[3.374s] GC(231) Pause Young (Normal) (G1 Evacuation Pause) 333M->333M(512M) 3.214ms
[3.374s] GC(228) Pause Cleanup 334M->334M(512M) 0.134ms
[3.374s] GC(228) Concurrent Mark Cycle 49.572ms
[3.395s] GC(232) Pause Young (Prepare Mixed) (G1 Evacuation Pause) 388M->389M(512M) 2.663ms
[3.409s] GC(233) Pause Young (Mixed) (G1 Evacuation Pause) 426M->424M(512M) 2.114ms
[3.420s] GC(234) Pause Young (Concurrent Start) (G1 Evacuation Pause) 450M->450M(512M) 1.649ms
[3.420s] GC(235) Concurrent Mark Cycle
[3.429s] GC(236) Pause Young (Normal) (G1 Evacuation Pause) 471M->472M(512M) 1.459ms
[3.436s] GC(235) Pause Remark 492M->252M(512M) 1.132ms
[3.438s] GC(237) Pause Young (Normal) (G1 Evacuation Pause) 253M->253M(512M) 1.400ms
[3.468s] GC(238) Pause Young (Normal) (G1 Evacuation Pause) 333M->334M(512M) 3.136ms
[3.469s] GC(235) Pause Cleanup 335M->335M(512M) 0.125ms
[3.469s] GC(235) Concurrent Mark Cycle 49.430ms
[3.490s] GC(239) Pause Young (Prepare Mixed) (G1 Evacuation Pause) 389M->389M(512M) 2.598ms
[3.505s] GC(240) Pause Young (Mixed) (G1 Evacuation Pause) 426M->425M(512M) 2.106ms
[3.516s] GC(241) Pause Young (Concurrent Start) (G1 Evacuation Pause) 451M->451M(512M) 2.080ms
[3.516s] GC(242) Concurrent Mark Cycle
[3.525s] GC(243) Pause Young (Normal) (G1 Evacuation Pause) 472M->473M(512M) 1.491ms
[3.532s] GC(242) Pause Remark 490M->251M(512M) 1.310ms
[3.535s] GC(244) Pause Young (Normal) (G1 Evacuation Pause) 255M->255M(512M) 1.489ms
[3.562s] GC(242) Pause Cleanup 333M->333M(512M) 0.137ms
[3.562s] GC(242) Concurrent Mark Cycle 45.947ms
[3.565s] GC(245) Pause Young (Prepare Mixed) (G1 Evacuation Pause) 334M->335M(512M) 3.046ms
[3.587s] GC(246) Pause Young (Mixed) (G1 Evacuation Pause) 389M->387M(512M) 3.490ms
[3.602s] GC(247) Pause Young (Concurrent Start) (G1 Evacuation Pause) 425M->425M(512M) 2.479ms
[3.602s] GC(248) Concurrent Mark Cycle
[3.613s] GC(249) Pause Young (Normal) (G1 Evacuation Pause) 451M->451M(512M) 1.664ms
[3.619s] GC(248) Pause Remark 466M->251M(512M) 1.294ms
[3.623s] GC(250) Pause Young (Normal) (G1 Evacuation Pause) 257M->257M(512M) 1.372ms
[3.650s] GC(248) Pause Cleanup 332M->332M(512M) 0.140ms
[3.650s] GC(248) Concurrent Mark Cycle 47.760ms
[3.655s] GC(251) Pause Young (Prepare Mixed) (G1 Evacuation Pause) 335M->336M(512M) 3.690ms
[3.676s] GC(252) Pause Young (Mixed) (G1 Evacuation Pause) 390M->388M(512M) 2.672ms
[3.691s] GC(253) Pause Young (Concurrent Start) (G1 Evacuation Pause) 425M->426M(512M) 2.253ms
[3.691s] GC(254) Concurrent Mark Cycle
[3.702s] GC(255) Pause Young (Normal) (G1 Evacuation Pause) 452M->452M(512M) 1.998ms
[3.709s] GC(254) Pause Remark 468M->253M(512M) 1.158ms
[3.712s] GC(256) Pause Young (Normal) (G1 Evacuation Pause) 258M->259M(512M) 1.286ms
[3.739s] GC(254) Pause Cleanup 335M->335M(512M) 0.169ms
[3.739s] GC(254) Concurrent Mark Cycle 48.400ms
[3.743s] GC(257) Pause Young (Prepare Mixed) (G1 Evacuation Pause) 337M->337M(512M) 3.177ms
[3.764s] GC(258) Pause Young (Mixed) (G1 Evacuation Pause) 391M->389M(512M) 2.742ms
[3.779s] GC(259) Pause Young (Concurrent Start) (G1 Evacuation Pause) 426M->427M(512M) 2.193ms
[3.779s] GC(260) Concurrent Mark Cycle
[3.789s] GC(261) Pause Young (Normal) (G1 Evacuation Pause) 452M->452M(512M) 1.501ms
[3.796s] GC(260) Pause Remark 472M->259M(512M) 0.932ms
[3.799s] GC(262) Pause Young (Normal) (G1 Evacuation Pause) 260M->261M(512M) 1.643ms
[3.828s] GC(263) Pause Young (Normal) (G1 Evacuation Pause) 338M->338M(512M) 3.382ms
[3.830s] GC(260) Pause Cleanup 344M->344M(512M) 0.108ms
[3.830s] GC(260) Concurrent Mark Cycle 51.316ms
[3.849s] GC(264) Pause Young (Prepare Mixed) (G1 Evacuation Pause) 391M->391M(512M) 2.789ms
[3.863s] GC(265) Pause Young (Mixed) (G1 Evacuation Pause) 427M->425M(512M) 2.060ms
[3.873s] GC(266) Pause Young (Concurrent Start) (G1 Evacuation Pause) 451M->451M(512M) 1.866ms
[3.874s] GC(267) Concurrent Mark Cycle
[3.882s] GC(268) Pause Young (Normal) (G1 Evacuation Pause) 472M->473M(512M) 1.539ms
[3.891s] GC(267) Pause Remark 493M->256M(512M) 1.224ms
[3.894s] GC(269) Pause Young (Normal) (G1 Evacuation Pause) 257M->257M(512M) 1.655ms
[3.923s] GC(270) Pause Young (Normal) (G1 Evacuation Pause) 335M->336M(512M) 3.242ms
[3.925s] GC(267) Pause Cleanup 338M->338M(512M) 0.123ms
[3.925s] GC(267) Concurrent Mark Cycle 51.231ms
[3.945s] GC(271) Pause Young (Prepare Mixed) (G1 Evacuation Pause) 390M->390M(512M) 2.712ms
[3.960s] GC(272) Pause Young (Mixed) (G1 Evacuation Pause) 427M->425M(512M) 2.205ms
[3.970s] GC(273) Pause Young (Concurrent Start) (G1 Evacuation Pause) 451M->451M(512M) 1.597ms
[3.970s] GC(274) Concurrent Mark Cycle
[3.979s] GC(275) Pause Young (Normal) (G1 Evacuation Pause) 472M->472M(512M) 1.642ms
[3.987s] GC(274) Pause Remark 491M->251M(512M) 1.126ms
[3.990s] GC(276) Pause Young (Normal) (G1 Evacuation Pause) 253M->254M(512M) 1.765ms
[4.020s] GC(277) Pause Young (Normal) (G1 Evacuation Pause) 334M->334M(512M) 3.495ms
[4.021s] GC(274) Pause Cleanup 335M->335M(512M) 0.104ms
[4.021s] GC(274) Concurrent Mark Cycle 50.899ms
[4.042s] GC(278) Pause Young (Prepare Mixed) (G1 Evacuation Pause) 388M->389M(512M) 2.461ms
[4.056s] GC(279) Pause Young (Mixed) (G1 Evacuation Pause) 426M->424M(512M) 2.205ms
[4.066s] GC(280) Pause Young (Concurrent Start) (G1 Evacuation Pause) 450M->451M(512M) 1.684ms
[4.066s] GC(281) Concurrent Mark Cycle
[4.075s] GC(282) Pause Young (Normal) (G1 Evacuation Pause) 472M->472M(512M) 1.392ms
[4.082s] GC(281) Pause Remark 491M->254M(512M) 1.141ms
[4.085s] GC(283) Pause Young (Normal) (G1 Evacuation Pause) 256M->257M(512M) 1.547ms
[4.114s] GC(284) Pause Young (Normal) (G1 Evacuation Pause) 336M->336M(512M) 3.059ms
[4.115s] GC(281) Pause Cleanup 337M->337M(512M) 0.105ms
[4.115s] GC(281) Concurrent Mark Cycle 48.536ms
[4.136s] GC(285) Pause Young (Prepare Mixed) (G1 Evacuation Pause) 390M->391M(512M) 2.908ms
[4.151s] GC(286) Pause Young (Mixed) (G1 Evacuation Pause) 428M->425M(512M) 2.308ms
[4.161s] GC(287) Pause Young (Concurrent Start) (G1 Evacuation Pause) 451M->452M(512M) 1.710ms
[4.161s] GC(288) Concurrent Mark Cycle
[4.169s] GC(289) Pause Young (Normal) (G1 Evacuation Pause) 473M->473M(512M) 1.355ms
[4.176s] GC(288) Pause Remark 491M->251M(512M) 1.264ms
[4.179s] GC(290) Pause Young (Normal) (G1 Evacuation Pause) 254M->254M(512M) 1.374ms
[4.208s] GC(291) Pause Young (Normal) (G1 Evacuation Pause) 333M->334M(512M) 3.027ms
[4.209s] GC(288) Pause Cleanup 335M->335M(512M) 0.115ms
[4.209s] GC(288) Concurrent Mark Cycle 48.002ms
[4.229s] GC(292) Pause Young (Prepare Mixed) (G1 Evacuation Pause) 389M->389M(512M) 2.679ms
[4.244s] GC(293) Pause Young (Mixed) (G1 Evacuation Pause) 426M->424M(512M) 2.021ms
[4.254s] GC(294) Pause Young (Concurrent Start) (G1 Evacuation Pause) 450M->450M(512M) 1.773ms
[4.254s] GC(295) Concurrent Mark Cycle
[4.263s] GC(296) Pause Young (Normal) (G1 Evacuation Pause) 471M->472M(512M) 1.538ms
[4.272s] GC(297) Pause Young (Normal) (G1 Evacuation Pause) (Evacuation Failure) 493M->496M(512M) 1.613ms
[4.273s] GC(295) Pause Remark 496M->259M(512M) 0.949ms
[4.280s] GC(298) Pause Young (Normal) (G1 Evacuation Pause) 275M->275M(512M) 1.217ms
[4.309s] GC(299) Pause Young (Normal) (G1 Evacuation Pause) 348M->349M(512M) 3.283ms
[4.310s] GC(295) Pause Cleanup 351M->351M(512M) 0.132ms
[4.310s] GC(295) Concurrent Mark Cycle 55.440ms
[4.328s] GC(300) Pause Young (Prepare Mixed) (G1 Evacuation Pause) 399M->399M(512M) 2.438ms
[4.342s] GC(301) Pause Young (Mixed) (G1 Evacuation Pause) 433M->431M(512M) 1.768ms
[4.352s] GC(302) Pause Young (Concurrent Start) (G1 Evacuation Pause) 455M->455M(512M) 1.953ms
[4.352s] GC(303) Concurrent Mark Cycle
[4.360s] GC(304) Pause Young (Normal) (G1 Evacuation Pause) 476M->477M(512M) 1.529ms
[4.367s] GC(303) Pause Remark 497M->251M(512M) 0.872ms
[4.369s] GC(305) Pause Young (Normal) (G1 Evacuation Pause) 252M->252M(512M) 1.368ms
[4.398s] GC(306) Pause Young (Normal) (G1 Evacuation Pause) 332M->332M(512M) 3.203ms
[4.400s] GC(303) Pause Cleanup 335M->335M(512M) 0.109ms
[4.400s] GC(303) Concurrent Mark Cycle 48.400ms
[4.420s] GC(307) Pause Young (Prepare Mixed) (G1 Evacuation Pause) 387M->387M(512M) 2.888ms
[4.436s] GC(308) Pause Young (Mixed) (G1 Evacuation Pause) 425M->423M(512M) 2.106ms
[4.446s] GC(309) Pause Young (Concurrent Start) (G1 Evacuation Pause) 449M->450M(512M) 1.577ms
[4.446s] GC(310) Concurrent Mark Cycle
[4.454s] GC(311) Pause Young (Normal) (G1 Evacuation Pause) 471M->471M(512M) 1.406ms
[4.461s] GC(310) Pause Remark 490M->247M(512M) 0.992ms
[4.464s] GC(312) Pause Young (Normal) (G1 Evacuation Pause) 249M->250M(512M) 1.390ms
[4.494s] GC(313) Pause Young (Normal) (G1 Evacuation Pause) 331M->331M(512M) 3.164ms
[4.495s] GC(310) Pause Cleanup 333M->333M(512M) 0.104ms
[4.495s] GC(310) Concurrent Mark Cycle 48.857ms
[4.515s] GC(314) Pause Young (Prepare Mixed) (G1 Evacuation Pause) 386M->387M(512M) 2.716ms
[4.530s] GC(315) Pause Young (Mixed) (G1 Evacuation Pause) 425M->424M(512M) 1.887ms
[4.540s] GC(316) Pause Young (Concurrent Start) (G1 Evacuation Pause) 450M->451M(512M) 1.694ms
[4.540s] GC(317) Concurrent Mark Cycle
[4.549s] GC(318) Pause Young (Normal) (G1 Evacuation Pause) 472M->472M(512M) 1.618ms
[4.557s] GC(317) Pause Remark 491M->249M(512M) 1.154ms
[4.559s] GC(319) Pause Young (Normal) (G1 Evacuation Pause) 251M->252M(512M) 1.249ms
[4.588s] GC(320) Pause Young (Normal) (G1 Evacuation Pause) 332M->332M(512M) 3.119ms
[4.589s] GC(317) Pause Cleanup 334M->334M(512M) 0.112ms
[4.589s] GC(317) Concurrent Mark Cycle 48.914ms
[4.610s] GC(321) Pause Young (Prepare Mixed) (G1 Evacuation Pause) 387M->387M(512M) 2.470ms
[4.624s] GC(322) Pause Young (Mixed) (G1 Evacuation Pause) 425M->424M(512M) 2.135ms
[4.635s] GC(323) Pause Young (Concurrent Start) (G1 Evacuation Pause) 450M->450M(512M) 1.604ms
[4.635s] GC(324) Concurrent Mark Cycle
[4.644s] GC(325) Pause Young (Normal) (G1 Evacuation Pause) 471M->472M(512M) 1.285ms
[4.651s] GC(324) Pause Remark 490M->250M(512M) 1.256ms
[4.653s] GC(326) Pause Young (Normal) (G1 Evacuation Pause) 253M->253M(512M) 1.418ms
[4.683s] GC(327) Pause Young (Normal) (G1 Evacuation Pause) 333M->334M(512M) 3.120ms
[4.683s] GC(324) Pause Cleanup 336M->336M(512M) 0.137ms
[4.684s] GC(324) Concurrent Mark Cycle 48.323ms
[4.704s] GC(328) Pause Young (Prepare Mixed) (G1 Evacuation Pause) 389M->389M(512M) 2.773ms
[4.719s] GC(329) Pause Young (Mixed) (G1 Evacuation Pause) 426M->425M(512M) 2.187ms
[4.729s] GC(330) Pause Young (Concurrent Start) (G1 Evacuation Pause) 451M->451M(512M) 1.675ms
[4.729s] GC(331) Concurrent Mark Cycle
[4.738s] GC(332) Pause Young (Normal) (G1 Evacuation Pause) 472M->473M(512M) 1.316ms
[4.745s] GC(331) Pause Remark 492M->253M(512M) 0.888ms
[4.747s] GC(333) Pause Young (Normal) (G1 Evacuation Pause) 255M->255M(512M) 1.537ms
[4.777s] GC(334) Pause Young (Normal) (G1 Evacuation Pause) 334M->334M(512M) 3.229ms
[4.778s] GC(331) Pause Cleanup 335M->335M(512M) 0.113ms
[4.778s] GC(331) Concurrent Mark Cycle 48.715ms
[4.798s] GC(335) Pause Young (Prepare Mixed) (G1 Evacuation Pause) 388M->389M(512M) 2.620ms
[4.813s] GC(336) Pause Young (Mixed) (G1 Evacuation Pause) 426M->424M(512M) 2.162ms
[4.824s] GC(337) Pause Young (Concurrent Start) (G1 Evacuation Pause) 450M->451M(512M) 1.598ms
[4.824s] GC(338) Concurrent Mark Cycle
[4.832s] GC(339) Pause Young (Normal) (G1 Evacuation Pause) 472M->472M(512M) 1.527ms
[4.840s] GC(338) Pause Remark 491M->251M(512M) 0.882ms
[4.842s] GC(340) Pause Young (Normal) (G1 Evacuation Pause) 253M->254M(512M) 1.514ms
[4.872s] GC(341) Pause Young (Normal) (G1 Evacuation Pause) 334M->334M(512M) 3.107ms
[4.873s] GC(338) Pause Cleanup 334M->334M(512M) 0.108ms
[4.873s] GC(338) Concurrent Mark Cycle 49.156ms
[4.894s] GC(342) Pause Young (Prepare Mixed) (G1 Evacuation Pause) 389M->389M(512M) 2.587ms
[4.909s] GC(343) Pause Young (Mixed) (G1 Evacuation Pause) 426M->425M(512M) 2.034ms
[4.919s] GC(344) Pause Young (Concurrent Start) (G1 Evacuation Pause) 451M->451M(512M) 1.768ms
[4.919s] GC(345) Concurrent Mark Cycle
[4.928s] GC(346) Pause Young (Normal) (G1 Evacuation Pause) 472M->473M(512M) 1.598ms
[4.936s] GC(345) Pause Remark 493M->249M(512M) 1.099ms
[4.938s] GC(347) Pause Young (Normal) (G1 Evacuation Pause) 250M->250M(512M) 1.683ms
[4.966s] GC(345) Pause Cleanup 330M->330M(512M) 0.188ms
[4.966s] GC(345) Concurrent Mark Cycle 46.767ms
[4.970s] GC(348) Pause Young (Prepare Mixed) (G1 Evacuation Pause) 331M->332M(512M) 3.131ms
[4.991s] GC(349) Pause Young (Mixed) (G1 Evacuation Pause) 387M->385M(512M) 3.096ms
[5.007s] GC(350) Pause Young (Concurrent Start) (G1 Evacuation Pause) 424M->424M(512M) 2.451ms
[5.007s] GC(351) Concurrent Mark Cycle
[5.017s] GC(352) Pause Young (Normal) (G1 Evacuation Pause) 450M->451M(512M) 1.643ms
[5.025s] GC(351) Pause Remark 468M->253M(512M) 1.118ms
[5.028s] GC(353) Pause Young (Normal) (G1 Evacuation Pause) 257M->257M(512M) 1.358ms
[5.057s] GC(354) Pause Young (Normal) (G1 Evacuation Pause) 335M->335M(512M) 3.127ms
[5.058s] GC(351) Pause Cleanup 337M->337M(512M) 0.104ms
[5.059s] GC(351) Concurrent Mark Cycle 51.821ms
[5.079s] GC(355) Pause Young (Prepare Mixed) (G1 Evacuation Pause) 389M->389M(512M) 2.662ms
[5.094s] GC(356) Pause Young (Mixed) (G1 Evacuation Pause) 426M->425M(512M) 2.144ms
[5.104s] GC(357) Pause Young (Concurrent Start) (G1 Evacuation Pause) 451M->451M(512M) 1.594ms
[5.104s] GC(358) Concurrent Mark Cycle
[5.113s] GC(359) Pause Young (Normal) (G1 Evacuation Pause) 472M->473M(512M) 1.366ms
[5.119s] GC(358) Pause Remark 491M->250M(512M) 1.181ms
[5.122s] GC(360) Pause Young (Normal) (G1 Evacuation Pause) 253M->253M(512M) 1.409ms
[5.152s] GC(361) Pause Young (Normal) (G1 Evacuation Pause) 333M->334M(512M) 3.250ms
[5.152s] GC(358) Pause Cleanup 335M->335M(512M) 0.122ms
[5.153s] GC(358) Concurrent Mark Cycle 48.170ms
[5.173s] GC(362) Pause Young (Prepare Mixed) (G1 Evacuation Pause) 389M->389M(512M) 2.701ms
[5.187s] GC(363) Pause Young (Mixed) (G1 Evacuation Pause) 426M->425M(512M) 2.022ms
[5.198s] GC(364) Pause Young (Concurrent Start) (G1 Evacuation Pause) 451M->451M(512M) 1.801ms
[5.198s] GC(365) Concurrent Mark Cycle
[5.207s] GC(366) Pause Young (Normal) (G1 Evacuation Pause) 472M->473M(512M) 1.586ms
[5.215s] GC(365) Pause Remark 493M->255M(512M) 1.074ms
[5.218s] GC(367) Pause Young (Normal) (G1 Evacuation Pause) 256M->256M(512M) 1.612ms
[5.248s] GC(368) Pause Young (Normal) (G1 Evacuation Pause) 335M->335M(512M) 3.377ms
[5.249s] GC(365) Pause Cleanup 336M->336M(512M) 0.128ms
[5.249s] GC(365) Concurrent Mark Cycle 50.690ms
[5.269s] GC(369) Pause Young (Prepare Mixed) (G1 Evacuation Pause) 389M->389M(512M) 2.799ms
[5.285s] GC(370) Pause Young (Mixed) (G1 Evacuation Pause) 426M->425M(512M) 2.286ms
[5.296s] GC(371) Pause Young (Concurrent Start) (G1 Evacuation Pause) 451M->451M(512M) 1.959ms
[5.296s] GC(372) Concurrent Mark Cycle
[5.304s] GC(373) Pause Young (Normal) (G1 Evacuation Pause) 472M->473M(512M) 1.375ms
[5.313s] GC(374) Pause Young (Normal) (G1 Evacuation Pause) (Evacuation Failure) 494M->499M(512M) 1.833ms
[5.314s] GC(372) Pause Remark 499M->260M(512M) 1.067ms
[5.320s] GC(375) Pause Young (Normal) (G1 Evacuation Pause) 273M->273M(512M) 1.540ms
[5.348s] GC(376) Pause Young (Normal) (G1 Evacuation Pause) 346M->347M(512M) 3.032ms
[5.349s] GC(372) Pause Cleanup 350M->350M(512M) 0.126ms
[5.350s] GC(372) Concurrent Mark Cycle 53.593ms
[5.368s] GC(377) Pause Young (Prepare Mixed) (G1 Evacuation Pause) 397M->397M(512M) 2.521ms
[5.381s] GC(378) Pause Young (Mixed) (G1 Evacuation Pause) 431M->430M(512M) 1.837ms
[5.391s] GC(379) Pause Young (Concurrent Start) (G1 Evacuation Pause) 454M->454M(512M) 1.518ms
[5.391s] GC(380) Concurrent Mark Cycle
[5.399s] GC(381) Pause Young (Normal) (G1 Evacuation Pause) 475M->476M(512M) 1.480ms
[5.407s] GC(380) Pause Remark 496M->254M(512M) 0.945ms
[5.409s] GC(382) Pause Young (Normal) (G1 Evacuation Pause) 255M->255M(512M) 1.536ms
[5.436s] GC(380) Pause Cleanup 334M->334M(512M) 0.179ms
[5.439s] GC(383) Pause Young (Prepare Mixed) (G1 Evacuation Pause) 334M->335M(512M) 3.160ms
[5.440s] GC(380) Concurrent Mark Cycle 48.928ms
[5.461s] GC(384) Pause Young (Mixed) (G1 Evacuation Pause) 389M->387M(512M) 3.024ms
[5.476s] GC(385) Pause Young (Concurrent Start) (G1 Evacuation Pause) 425M->425M(512M) 2.296ms
[5.476s] GC(386) Concurrent Mark Cycle
[5.487s] GC(387) Pause Young (Normal) (G1 Evacuation Pause) 451M->452M(512M) 1.532ms
[5.494s] GC(386) Pause Remark 470M->255M(512M) 1.078ms
[5.497s] GC(388) Pause Young (Normal) (G1 Evacuation Pause) 258M->258M(512M) 1.512ms
[5.527s] GC(389) Pause Young (Normal) (G1 Evacuation Pause) 336M->336M(512M) 3.015ms
[5.528s] GC(386) Pause Cleanup 337M->337M(512M) 0.112ms
[5.528s] GC(386) Concurrent Mark Cycle 51.598ms
[5.549s] GC(390) Pause Young (Prepare Mixed) (G1 Evacuation Pause) 390M->391M(512M) 2.446ms
[5.564s] GC(391) Pause Young (Mixed) (G1 Evacuation Pause) 428M->426M(512M) 2.384ms
[5.574s] GC(392) Pause Young (Concurrent Start) (G1 Evacuation Pause) 451M->451M(512M) 1.736ms
[5.575s] GC(393) Concurrent Mark Cycle
[5.583s] GC(394) Pause Young (Normal) (G1 Evacuation Pause) 472M->472M(512M) 1.448ms
[5.591s] GC(393) Pause Remark 493M->255M(512M) 1.143ms
[5.593s] GC(395) Pause Young (Normal) (G1 Evacuation Pause) 255M->256M(512M) 1.445ms
[5.623s] GC(396) Pause Young (Normal) (G1 Evacuation Pause) 335M->335M(512M) 3.253ms
[5.625s] GC(393) Pause Cleanup 338M->338M(512M) 0.135ms
[5.625s] GC(393) Concurrent Mark Cycle 50.438ms
[5.645s] GC(397) Pause Young (Prepare Mixed) (G1 Evacuation Pause) 389M->389M(512M) 3.309ms
[5.660s] GC(398) Pause Young (Mixed) (G1 Evacuation Pause) 426M->424M(512M) 2.197ms
[5.671s] GC(399) Pause Young (Concurrent Start) (G1 Evacuation Pause) 450M->450M(512M) 1.662ms
[5.671s] GC(400) Concurrent Mark Cycle
[5.680s] GC(401) Pause Young (Normal) (G1 Evacuation Pause) 471M->472M(512M) 1.768ms
[5.689s] GC(400) Pause Remark 491M->252M(512M) 1.325ms
[5.691s] GC(402) Pause Young (Normal) (G1 Evacuation Pause) 254M->254M(512M) 1.425ms
[5.720s] GC(403) Pause Young (Normal) (G1 Evacuation Pause) 333M->333M(512M) 3.088ms
[5.722s] GC(400) Pause Cleanup 338M->338M(512M) 0.113ms
[5.722s] GC(400) Concurrent Mark Cycle 51.395ms
[5.741s] GC(404) Pause Young (Prepare Mixed) (G1 Evacuation Pause) 388M->389M(512M) 2.610ms
[5.756s] GC(405) Pause Young (Mixed) (G1 Evacuation Pause) 426M->424M(512M) 1.990ms
[5.766s] GC(406) Pause Young (Concurrent Start) (G1 Evacuation Pause) 450M->450M(512M) 1.585ms
[5.767s] GC(407) Concurrent Mark Cycle
[5.775s] GC(408) Pause Young (Normal) (G1 Evacuation Pause) 471M->472M(512M) 1.554ms
[5.782s] GC(407) Pause Remark 490M->252M(512M) 0.891ms
[5.784s] GC(409) Pause Young (Normal) (G1 Evacuation Pause) 255M->255M(512M) 1.347ms
[5.814s] GC(410) Pause Young (Normal) (G1 Evacuation Pause) 334M->334M(512M) 3.486ms
[5.815s] GC(407) Pause Cleanup 337M->337M(512M) 0.103ms
[5.815s] GC(407) Concurrent Mark Cycle 48.848ms
[5.835s] GC(411) Pause Young (Prepare Mixed) (G1 Evacuation Pause) 388M->389M(512M) 2.686ms
[5.850s] GC(412) Pause Young (Mixed) (G1 Evacuation Pause) 426M->424M(512M) 2.311ms
[5.861s] GC(413) Pause Young (Concurrent Start) (G1 Evacuation Pause) 450M->451M(512M) 1.781ms
[5.861s] GC(414) Concurrent Mark Cycle
[5.869s] GC(415) Pause Young (Normal) (G1 Evacuation Pause) 472M->472M(512M) 1.500ms
[5.877s] GC(414) Pause Remark 491M->251M(512M) 0.918ms
[5.879s] GC(416) Pause Young (Normal) (G1 Evacuation Pause) 253M->254M(512M) 1.620ms
[5.910s] GC(417) Pause Young (Normal) (G1 Evacuation Pause) 334M->334M(512M) 3.541ms
[5.910s] GC(414) Pause Cleanup 335M->335M(512M) 0.119ms
[5.911s] GC(414) Concurrent Mark Cycle 49.791ms
[5.931s] GC(418) Pause Young (Prepare Mixed) (G1 Evacuation Pause) 388M->389M(512M) 3.087ms
[5.946s] GC(419) Pause Young (Mixed) (G1 Evacuation Pause) 426M->424M(512M) 1.933ms
[5.956s] GC(420) Pause Young (Concurrent Start) (G1 Evacuation Pause) 450M->451M(512M) 1.709ms
[5.956s] GC(421) Concurrent Mark Cycle
[5.965s] GC(422) Pause Young (Normal) (G1 Evacuation Pause) 472M->472M(512M) 1.436ms
[5.972s] GC(421) Pause Remark 492M->252M(512M) 0.959ms
[5.974s] GC(423) Pause Young (Normal) (G1 Evacuation Pause) 253M->254M(512M) 1.466ms
[6.003s] GC(424) Pause Young (Normal) (G1 Evacuation Pause) 334M->334M(512M) 3.163ms
[6.005s] GC(421) Pause Cleanup 337M->337M(512M) 0.127ms
[6.005s] GC(421) Concurrent Mark Cycle 48.417ms
[6.025s] GC(425) Pause Young (Prepare Mixed) (G1 Evacuation Pause) 388M->389M(512M) 3.033ms
[6.040s] GC(426) Pause Young (Mixed) (G1 Evacuation Pause) 426M->424M(512M) 2.102ms
[6.050s] GC(427) Pause Young (Concurrent Start) (G1 Evacuation Pause) 450M->451M(512M) 1.537ms
[6.050s] GC(428) Concurrent Mark Cycle
[6.058s] GC(429) Pause Young (Normal) (G1 Evacuation Pause) 472M->472M(512M) 1.371ms
[6.065s] GC(428) Pause Remark 491M->251M(512M) 1.117ms
[6.068s] GC(430) Pause Young (Normal) (G1 Evacuation Pause) 253M->254M(512M) 1.460ms
[6.097s] GC(431) Pause Young (Normal) (G1 Evacuation Pause) 334M->334M(512M) 3.009ms
[6.098s] GC(428) Pause Cleanup 336M->336M(512M) 0.113ms
[6.098s] GC(428) Concurrent Mark Cycle 48.193ms
[6.118s] GC(432) Pause Young (Prepare Mixed) (G1 Evacuation Pause) 388M->389M(512M) 2.539ms
[6.133s] GC(433) Pause Young (Mixed) (G1 Evacuation Pause) 426M->424M(512M) 2.308ms
[6.144s] GC(434) Pause Young (Concurrent Start) (G1 Evacuation Pause) 450M->450M(512M) 1.669ms
[6.144s] GC(435) Concurrent Mark Cycle
[6.152s] GC(436) Pause Young (Normal) (G1 Evacuation Pause) 471M->472M(512M) 1.340ms
[6.159s] GC(435) Pause Remark 490M->251M(512M) 1.274ms
[6.162s] GC(437) Pause Young (Normal) (G1 Evacuation Pause) 254M->254M(512M) 1.355ms
[6.191s] GC(438) Pause Young (Normal) (G1 Evacuation Pause) 333M->333M(512M) 3.035ms
[6.192s] GC(435) Pause Cleanup 335M->335M(512M) 0.107ms
[6.192s] GC(435) Concurrent Mark Cycle 47.796ms
[6.212s] GC(439) Pause Young (Prepare Mixed) (G1 Evacuation Pause) 388M->389M(512M) 2.580ms
[6.227s] GC(440) Pause Young (Mixed) (G1 Evacuation Pause) 426M->424M(512M) 2.144ms
[6.237s] GC(441) Pause Young (Concurrent Start) (G1 Evacuation Pause) 450M->451M(512M) 1.599ms
[6.237s] GC(442) Concurrent Mark Cycle
[6.245s] GC(443) Pause Young (Normal) (G1 Evacuation Pause) 472M->472M(512M) 1.503ms
[6.253s] GC(442) Pause Remark 492M->253M(512M) 1.053ms
[6.255s] GC(444) Pause Young (Normal) (G1 Evacuation Pause) 254M->255M(512M) 1.594ms
[6.285s] GC(445) Pause Young (Normal) (G1 Evacuation Pause) 334M->334M(512M) 3.256ms
[6.287s] GC(442) Pause Cleanup 338M->338M(512M) 0.114ms
[6.287s] GC(442) Concurrent Mark Cycle 49.768ms
[6.306s] GC(446) Pause Young (Prepare Mixed) (G1 Evacuation Pause) 388M->388M(512M) 2.741ms
[6.321s] GC(447) Pause Young (Mixed) (G1 Evacuation Pause) 425M->424M(512M) 1.941ms
[6.331s] GC(448) Pause Young (Concurrent Start) (G1 Evacuation Pause) 450M->450M(512M) 1.687ms
[6.331s] GC(449) Concurrent Mark Cycle
[6.340s] GC(450) Pause Young (Normal) (G1 Evacuation Pause) 471M->472M(512M) 1.392ms
[6.347s] GC(449) Pause Remark 493M->253M(512M) 0.885ms
[6.349s] GC(451) Pause Young (Normal) (G1 Evacuation Pause) 253M->253M(512M) 1.311ms
[6.379s] GC(452) Pause Young (Normal) (G1 Evacuation Pause) 333M->334M(512M) 3.380ms
[6.380s] GC(449) Pause Cleanup 337M->337M(512M) 0.135ms
[6.380s] GC(449) Concurrent Mark Cycle 49.195ms
[6.400s] GC(453) Pause Young (Prepare Mixed) (G1 Evacuation Pause) 389M->389M(512M) 2.456ms
[6.415s] GC(454) Pause Young (Mixed) (G1 Evacuation Pause) 426M->424M(512M) 1.895ms
[6.425s] GC(455) Pause Young (Concurrent Start) (G1 Evacuation Pause) 450M->451M(512M) 1.601ms
[6.425s] GC(456) Concurrent Mark Cycle
[6.434s] GC(457) Pause Young (Normal) (G1 Evacuation Pause) 472M->472M(512M) 1.454ms
[6.441s] GC(456) Pause Remark 490M->248M(512M) 1.064ms
[6.444s] GC(458) Pause Young (Normal) (G1 Evacuation Pause) 251M->252M(512M) 1.423ms
[6.471s] GC(456) Pause Cleanup 331M->331M(512M) 0.136ms
[6.471s] GC(456) Concurrent Mark Cycle 45.806ms
[6.475s] GC(459) Pause Young (Prepare Mixed) (G1 Evacuation Pause) 332M->332M(512M) 3.380ms
[6.496s] GC(460) Pause Young (Mixed) (G1 Evacuation Pause) 387M->386M(512M) 2.495ms
[6.510s] GC(461) Pause Young (Concurrent Start) (G1 Evacuation Pause) 424M->424M(512M) 2.383ms
[6.511s] GC(462) Concurrent Mark Cycle
[6.521s] GC(463) Pause Young (Normal) (G1 Evacuation Pause) 450M->451M(512M) 1.565ms
[6.528s] GC(462) Pause Remark 469M->254M(512M) 1.178ms
[6.531s] GC(464) Pause Young (Normal) (G1 Evacuation Pause) 257M->257M(512M) 1.418ms
[6.561s] GC(465) Pause Young (Normal) (G1 Evacuation Pause) 335M->335M(512M) 3.244ms
[6.562s] GC(462) Pause Cleanup 336M->336M(512M) 0.129ms
[6.562s] GC(462) Concurrent Mark Cycle 51.571ms
[6.582s] GC(466) Pause Young (Prepare Mixed) (G1 Evacuation Pause) 389M->390M(512M) 2.567ms
[6.597s] GC(467) Pause Young (Mixed) (G1 Evacuation Pause) 427M->425M(512M) 2.275ms
[6.608s] GC(468) Pause Young (Concurrent Start) (G1 Evacuation Pause) 451M->452M(512M) 1.671ms
[6.608s] GC(469) Concurrent Mark Cycle
[6.617s] GC(470) Pause Young (Normal) (G1 Evacuation Pause) 473M->473M(512M) 1.660ms
[6.624s] GC(469) Pause Remark 490M->252M(512M) 1.191ms
[6.627s] GC(471) Pause Young (Normal) (G1 Evacuation Pause) 256M->257M(512M) 1.637ms
[6.654s] GC(469) Pause Cleanup 334M->334M(512M) 0.134ms
[6.654s] GC(469) Concurrent Mark Cycle 45.878ms
[6.658s] GC(472) Pause Young (Prepare Mixed) (G1 Evacuation Pause) 336M->336M(512M) 3.257ms
[6.678s] GC(473) Pause Young (Mixed) (G1 Evacuation Pause) 390M->387M(512M) 2.927ms
[6.694s] GC(474) Pause Young (Concurrent Start) (G1 Evacuation Pause) 425M->426M(512M) 2.258ms
[6.694s] GC(475) Concurrent Mark Cycle
[6.705s] GC(476) Pause Young (Normal) (G1 Evacuation Pause) 452M->452M(512M) 1.613ms
[6.711s] GC(475) Pause Remark 467M->255M(512M) 1.218ms
[6.715s] GC(477) Pause Young (Normal) (G1 Evacuation Pause) 261M->262M(512M) 1.813ms
[6.741s] GC(475) Pause Cleanup 337M->337M(512M) 0.142ms
[6.742s] GC(475) Concurrent Mark Cycle 48.038ms
[6.745s] GC(478) Pause Young (Prepare Mixed) (G1 Evacuation Pause) 339M->339M(512M) 3.185ms
[6.766s] GC(479) Pause Young (Mixed) (G1 Evacuation Pause) 392M->389M(512M) 2.774ms
[6.781s] GC(480) Pause Young (Concurrent Start) (G1 Evacuation Pause) 426M->427M(512M) 2.150ms
[6.781s] GC(481) Concurrent Mark Cycle
[6.791s] GC(482) Pause Young (Normal) (G1 Evacuation Pause) 452M->452M(512M) 1.908ms
[6.798s] GC(481) Pause Remark 468M->251M(512M) 1.320ms
[6.801s] GC(483) Pause Young (Normal) (G1 Evacuation Pause) 256M->257M(512M) 1.298ms
[6.828s] GC(481) Pause Cleanup 333M->333M(512M) 0.138ms
[6.828s] GC(481) Concurrent Mark Cycle 47.453ms
[6.832s] GC(484) Pause Young (Prepare Mixed) (G1 Evacuation Pause) 336M->336M(512M) 2.988ms
[6.853s] GC(485) Pause Young (Mixed) (G1 Evacuation Pause) 390M->388M(512M) 2.690ms
[6.868s] GC(486) Pause Young (Concurrent Start) (G1 Evacuation Pause) 425M->426M(512M) 2.312ms
[6.868s] GC(487) Concurrent Mark Cycle
[6.878s] GC(488) Pause Young (Normal) (G1 Evacuation Pause) 452M->452M(512M) 1.492ms
[6.885s] GC(487) Pause Remark 468M->257M(512M) 0.962ms
[6.888s] GC(489) Pause Young (Normal) (G1 Evacuation Pause) 262M->262M(512M) 1.278ms
[6.917s] GC(490) Pause Young (Normal) (G1 Evacuation Pause) 339M->339M(512M) 3.128ms
[6.918s] GC(487) Pause Cleanup 341M->341M(512M) 0.100ms
[6.918s] GC(487) Concurrent Mark Cycle 49.816ms
[6.938s] GC(491) Pause Young (Prepare Mixed) (G1 Evacuation Pause) 392M->393M(512M) 2.660ms
[6.952s] GC(492) Pause Young (Mixed) (G1 Evacuation Pause) 429M->426M(512M) 2.114ms
[6.962s] GC(493) Pause Young (Concurrent Start) (G1 Evacuation Pause) 451M->452M(512M) 1.665ms
[6.962s] GC(494) Concurrent Mark Cycle
[6.971s] GC(495) Pause Young (Normal) (G1 Evacuation Pause) 473M->473M(512M) 1.446ms
[6.979s] GC(496) Pause Young (Normal) (G1 Evacuation Pause) (Evacuation Failure) 494M->499M(512M) 1.581ms
[6.980s] GC(494) Pause Remark 499M->259M(512M) 0.990ms
[6.986s] GC(497) Pause Young (Normal) (G1 Evacuation Pause) 272M->272M(512M) 1.227ms
[7.014s] GC(498) Pause Young (Normal) (G1 Evacuation Pause) 346M->347M(512M) 2.810ms
[7.016s] GC(494) Pause Cleanup 352M->352M(512M) 0.117ms
[7.016s] GC(494) Concurrent Mark Cycle 53.666ms
[7.034s] GC(499) Pause Young (Prepare Mixed) (G1 Evacuation Pause) 397M->397M(512M) 2.597ms
[7.047s] GC(500) Pause Young (Mixed) (G1 Evacuation Pause) 431M->430M(512M) 2.343ms
[7.057s] GC(501) Pause Young (Concurrent Start) (G1 Evacuation Pause) 454M->454M(512M) 1.782ms
[7.057s] GC(502) Concurrent Mark Cycle
[7.066s] GC(503) Pause Young (Normal) (G1 Evacuation Pause) 475M->475M(512M) 1.334ms
[7.073s] GC(502) Pause Remark 495M->250M(512M) 1.142ms
[7.076s] GC(504) Pause Young (Normal) (G1 Evacuation Pause) 251M->252M(512M) 1.581ms
[7.103s] GC(502) Pause Cleanup 331M->331M(512M) 0.153ms
[7.104s] GC(502) Concurrent Mark Cycle 46.313ms
[7.107s] GC(505) Pause Young (Prepare Mixed) (G1 Evacuation Pause) 332M->332M(512M) 3.377ms
[7.129s] GC(506) Pause Young (Mixed) (G1 Evacuation Pause) 387M->385M(512M) 2.925ms
[7.143s] GC(507) Pause Young (Concurrent Start) (G1 Evacuation Pause) 423M->424M(512M) 2.157ms
[7.143s] GC(508) Concurrent Mark Cycle
[7.154s] GC(509) Pause Young (Normal) (G1 Evacuation Pause) 450M->450M(512M) 1.752ms
[7.160s] GC(508) Pause Remark 467M->254M(512M) 0.967ms
[7.164s] GC(510) Pause Young (Normal) (G1 Evacuation Pause) 258M->258M(512M) 1.575ms
[7.193s] GC(511) Pause Young (Normal) (G1 Evacuation Pause) 336M->336M(512M) 3.407ms
[7.194s] GC(508) Pause Cleanup 337M->337M(512M) 0.107ms
[7.194s] GC(508) Concurrent Mark Cycle 51.318ms
[7.215s] GC(512) Pause Young (Prepare Mixed) (G1 Evacuation Pause) 390M->391M(512M) 2.761ms
[7.229s] GC(513) Pause Young (Mixed) (G1 Evacuation Pause) 428M->426M(512M) 2.228ms
[7.240s] GC(514) Pause Young (Concurrent Start) (G1 Evacuation Pause) 451M->452M(512M) 1.552ms
[7.240s] GC(515) Concurrent Mark Cycle
[7.248s] GC(516) Pause Young (Normal) (G1 Evacuation Pause) 473M->473M(512M) 1.517ms
[7.255s] GC(515) Pause Remark 492M->254M(512M) 1.191ms
[7.258s] GC(517) Pause Young (Normal) (G1 Evacuation Pause) 256M->257M(512M) 1.524ms
[7.285s] GC(515) Pause Cleanup 334M->334M(512M) 0.151ms
[7.285s] GC(515) Concurrent Mark Cycle 45.316ms
[7.289s] GC(518) Pause Young (Prepare Mixed) (G1 Evacuation Pause) 336M->336M(512M) 3.150ms
[7.310s] GC(519) Pause Young (Mixed) (G1 Evacuation Pause) 390M->387M(512M) 2.829ms
[7.326s] GC(520) Pause Young (Concurrent Start) (G1 Evacuation Pause) 425M->425M(512M) 2.361ms
[7.326s] GC(521) Concurrent Mark Cycle
[7.336s] GC(522) Pause Young (Normal) (G1 Evacuation Pause) 451M->451M(512M) 1.534ms
[7.343s] GC(521) Pause Remark 467M->253M(512M) 1.237ms
[7.346s] GC(523) Pause Young (Normal) (G1 Evacuation Pause) 258M->259M(512M) 1.534ms
[7.376s] GC(524) Pause Young (Normal) (G1 Evacuation Pause) 337M->337M(512M) 2.956ms
[7.377s] GC(521) Pause Cleanup 338M->338M(512M) 0.139ms
[7.377s] GC(521) Concurrent Mark Cycle 51.065ms
[7.397s] GC(525) Pause Young (Prepare Mixed) (G1 Evacuation Pause) 390M->391M(512M) 2.883ms
[7.412s] GC(526) Pause Young (Mixed) (G1 Evacuation Pause) 428M->426M(512M) 2.166ms
[7.422s] GC(527) Pause Young (Concurrent Start) (G1 Evacuation Pause) 452M->452M(512M) 1.660ms
[7.422s] GC(528) Concurrent Mark Cycle
[7.431s] GC(529) Pause Young (Normal) (G1 Evacuation Pause) 473M->474M(512M) 1.613ms
[7.439s] GC(528) Pause Remark 493M->256M(512M) 1.129ms
[7.441s] GC(530) Pause Young (Normal) (G1 Evacuation Pause) 258M->258M(512M) 1.330ms
[7.470s] GC(531) Pause Young (Normal) (G1 Evacuation Pause) 336M->337M(512M) 3.236ms
[7.472s] GC(528) Pause Cleanup 340M->340M(512M) 0.150ms
[7.472s] GC(528) Concurrent Mark Cycle 50.134ms
[7.492s] GC(532) Pause Young (Prepare Mixed) (G1 Evacuation Pause) 391M->391M(512M) 2.574ms
[7.506s] GC(533) Pause Young (Mixed) (G1 Evacuation Pause) 427M->424M(512M) 2.260ms
[7.517s] GC(534) Pause Young (Concurrent Start) (G1 Evacuation Pause) 450M->451M(512M) 1.614ms
[7.517s] GC(535) Concurrent Mark Cycle
[7.525s] GC(536) Pause Young (Normal) (G1 Evacuation Pause) 472M->472M(512M) 1.677ms
[7.533s] GC(535) Pause Remark 492M->255M(512M) 0.919ms
[7.535s] GC(537) Pause Young (Normal) (G1 Evacuation Pause) 256M->256M(512M) 1.541ms
[7.564s] GC(538) Pause Young (Normal) (G1 Evacuation Pause) 335M->335M(512M) 3.151ms
[7.566s] GC(535) Pause Cleanup 338M->338M(512M) 0.108ms
[7.566s] GC(535) Concurrent Mark Cycle 49.134ms
[7.586s] GC(539) Pause Young (Prepare Mixed) (G1 Evacuation Pause) 389M->390M(512M) 2.601ms
[7.601s] GC(540) Pause Young (Mixed) (G1 Evacuation Pause) 427M->424M(512M) 2.311ms
[7.611s] GC(541) Pause Young (Concurrent Start) (G1 Evacuation Pause) 450M->451M(512M) 1.705ms
[7.611s] GC(542) Concurrent Mark Cycle
[7.619s] GC(543) Pause Young (Normal) (G1 Evacuation Pause) 472M->472M(512M) 1.439ms
[7.627s] GC(542) Pause Remark 492M->252M(512M) 0.943ms
[7.629s] GC(544) Pause Young (Normal) (G1 Evacuation Pause) 253M->254M(512M) 1.347ms
[7.657s] GC(542) Pause Cleanup 333M->333M(512M) 0.159ms
[7.660s] GC(545) Pause Young (Prepare Mixed) (G1 Evacuation Pause) 334M->334M(512M) 3.178ms
[7.660s] GC(542) Concurrent Mark Cycle 49.405ms
[7.681s] GC(546) Pause Young (Mixed) (G1 Evacuation Pause) 388M->387M(512M) 2.614ms
[7.696s] GC(547) Pause Young (Concurrent Start) (G1 Evacuation Pause) 425M->425M(512M) 2.220ms
[7.696s] GC(548) Concurrent Mark Cycle
[7.706s] GC(549) Pause Young (Normal) (G1 Evacuation Pause) 451M->452M(512M) 1.629ms
[7.712s] GC(548) Pause Remark 467M->253M(512M) 0.893ms
[7.716s] GC(550) Pause Young (Normal) (G1 Evacuation Pause) 259M->259M(512M) 1.340ms
[7.746s] GC(551) Pause Young (Normal) (G1 Evacuation Pause) 337M->338M(512M) 3.119ms
[7.746s] GC(548) Pause Cleanup 338M->338M(512M) 0.102ms
[7.746s] GC(548) Concurrent Mark Cycle 50.502ms
[7.767s] GC(552) Pause Young (Prepare Mixed) (G1 Evacuation Pause) 391M->391M(512M) 2.650ms
[7.780s] GC(553) Pause Young (Mixed) (G1 Evacuation Pause) 427M->425M(512M) 2.087ms
[7.790s] GC(554) Pause Young (Concurrent Start) (G1 Evacuation Pause) 451M->452M(512M) 1.602ms
[7.791s] GC(555) Concurrent Mark Cycle
[7.799s] GC(556) Pause Young (Normal) (G1 Evacuation Pause) 473M->473M(512M) 1.394ms
[7.806s] GC(555) Pause Remark 491M->251M(512M) 1.120ms
[7.808s] GC(557) Pause Young (Normal) (G1 Evacuation Pause) 254M->255M(512M) 1.242ms
[7.837s] GC(558) Pause Young (Normal) (G1 Evacuation Pause) 334M->334M(512M) 3.231ms
[7.838s] GC(555) Pause Cleanup 335M->335M(512M) 0.117ms
[7.839s] GC(555) Concurrent Mark Cycle 47.920ms
[7.859s] GC(559) Pause Young (Prepare Mixed) (G1 Evacuation Pause) 388M->389M(512M) 2.593ms
[7.873s] GC(560) Pause Young (Mixed) (G1 Evacuation Pause) 426M->424M(512M) 1.911ms
[7.883s] GC(561) Pause Young (Concurrent Start) (G1 Evacuation Pause) 450M->451M(512M) 1.591ms
[7.884s] GC(562) Concurrent Mark Cycle
[7.892s] GC(563) Pause Young (Normal) (G1 Evacuation Pause) 472M->472M(512M) 1.578ms
[7.900s] GC(562) Pause Remark 489M->251M(512M) 1.276ms
[7.903s] GC(564) Pause Young (Normal) (G1 Evacuation Pause) 255M->255M(512M) 1.464ms
[7.933s] GC(565) Pause Young (Normal) (G1 Evacuation Pause) 334M->335M(512M) 3.018ms
[7.933s] GC(562) Pause Cleanup 335M->335M(512M) 0.109ms
[7.933s] GC(562) Concurrent Mark Cycle 49.688ms
[7.953s] GC(566) Pause Young (Prepare Mixed) (G1 Evacuation Pause) 389M->389M(512M) 2.742ms
[7.968s] GC(567) Pause Young (Mixed) (G1 Evacuation Pause) 426M->423M(512M) 2.123ms
[7.978s] GC(568) Pause Young (Concurrent Start) (G1 Evacuation Pause) 449M->450M(512M) 1.587ms
[7.979s] GC(569) Concurrent Mark Cycle
[7.986s] GC(570) Pause Young (Normal) (G1 Evacuation Pause) 471M->471M(512M) 1.328ms
[7.994s] GC(569) Pause Remark 492M->252M(512M) 0.810ms
[7.995s] GC(571) Pause Young (Normal) (G1 Evacuation Pause) 252M->253M(512M) 1.260ms
[8.025s] GC(572) Pause Young (Normal) (G1 Evacuation Pause) 333M->333M(512M) 3.115ms
[8.027s] GC(569) Pause Cleanup 337M->337M(512M) 0.116ms
[8.027s] GC(569) Concurrent Mark Cycle 48.472ms
[8.047s] GC(573) Pause Young (Prepare Mixed) (G1 Evacuation Pause) 388M->388M(512M) 2.777ms
[8.062s] GC(574) Pause Young (Mixed) (G1 Evacuation Pause) 425M->424M(512M) 1.983ms
[8.072s] GC(575) Pause Young (Concurrent Start) (G1 Evacuation Pause) 450M->450M(512M) 1.777ms
[8.072s] GC(576) Concurrent Mark Cycle
[8.081s] GC(577) Pause Young (Normal) (G1 Evacuation Pause) 471M->472M(512M) 1.688ms
[8.088s] GC(576) Pause Remark 490M->252M(512M) 0.864ms
[8.091s] GC(578) Pause Young (Normal) (G1 Evacuation Pause) 255M->255M(512M) 1.553ms
[8.120s] GC(579) Pause Young (Normal) (G1 Evacuation Pause) 334M->335M(512M) 3.107ms
[8.121s] GC(576) Pause Cleanup 337M->337M(512M) 0.118ms
[8.121s] GC(576) Concurrent Mark Cycle 49.088ms
[8.141s] GC(580) Pause Young (Prepare Mixed) (G1 Evacuation Pause) 389M->389M(512M) 2.688ms
[8.156s] GC(581) Pause Young (Mixed) (G1 Evacuation Pause) 426M->424M(512M) 1.922ms
[8.166s] GC(582) Pause Young (Concurrent Start) (G1 Evacuation Pause) 450M->450M(512M) 1.622ms
[8.166s] GC(583) Concurrent Mark Cycle
[8.174s] GC(584) Pause Young (Normal) (G1 Evacuation Pause) 471M->472M(512M) 1.398ms
[8.182s] GC(583) Pause Remark 490M->249M(512M) 1.061ms
[8.185s] GC(585) Pause Young (Normal) (G1 Evacuation Pause) 252M->252M(512M) 1.390ms
[8.214s] GC(586) Pause Young (Normal) (G1 Evacuation Pause) 332M->333M(512M) 3.167ms
[8.215s] GC(583) Pause Cleanup 333M->333M(512M) 0.096ms
[8.215s] GC(583) Concurrent Mark Cycle 48.932ms
[8.236s] GC(587) Pause Young (Prepare Mixed) (G1 Evacuation Pause) 388M->388M(512M) 2.891ms
[8.250s] GC(588) Pause Young (Mixed) (G1 Evacuation Pause) 425M->425M(512M) 2.153ms
[8.261s] GC(589) Pause Young (Concurrent Start) (G1 Evacuation Pause) 451M->451M(512M) 1.599ms
[8.261s] GC(590) Concurrent Mark Cycle
[8.269s] GC(591) Pause Young (Normal) (G1 Evacuation Pause) 472M->473M(512M) 1.392ms
[8.276s] GC(590) Pause Remark 490M->249M(512M) 1.174ms
[8.287s] GC(590) Concurrent Mark Cycle 26.420ms
