[0.007s] Using G1
[0.345s] GC(0) Pause Young (Normal) (G1 Evacuation Pause) 104M->46M(2048M) 11.355ms
[0.383s] GC(1) Pause Young (Normal) (G1 Evacuation Pause) 135M->136M(2048M) 6.683ms
[0.418s] GC(2) Pause Young (Normal) (G1 Evacuation Pause) 225M->225M(2048M) 4.956ms
[0.454s] GC(3) Pause Young (Normal) (G1 Evacuation Pause) 314M->314M(2048M) 5.265ms
[0.489s] GC(4) Pause Young (Normal) (G1 Evacuation Pause) 403M->403M(2048M) 5.104ms
[0.527s] GC(5) Pause Young (Normal) (G1 Evacuation Pause) 492M->493M(2048M) 7.074ms
[0.562s] GC(6) Pause Young (Normal) (G1 Evacuation Pause) 582M->582M(2048M) 5.176ms
[0.598s] GC(7) Pause Young (Normal) (G1 Evacuation Pause) 671M->671M(2048M) 4.938ms
[0.634s] GC(8) Pause Young (Normal) (G1 Evacuation Pause) 760M->761M(2048M) 4.826ms
[0.669s] GC(9) Pause Young (Normal) (G1 Evacuation Pause) 850M->850M(2048M) 4.916ms
[0.706s] GC(10) Pause Young (Normal) (G1 Evacuation Pause) 939M->939M(2048M) 5.063ms
[0.742s] GC(11) Pause Young (Concurrent Start) (G1 Evacuation Pause) 1028M->1028M(2048M) 6.022ms
[0.743s] GC(12) Concurrent Mark Cycle
[0.766s] GC(12) Pause Remark 1091M->276M(2048M) 1.648ms
[0.780s] GC(13) Pause Young (Normal) (G1 Evacuation Pause) 302M->302M(2048M) 4.132ms
[0.796s] GC(12) Pause Cleanup 348M->348M(2048M) 0.227ms
[0.799s] GC(12) Concurrent Mark Cycle 56.722ms
[0.815s] GC(14) Pause Young (Prepare Mixed) (G1 Evacuation Pause) 391M->391M(2048M) 3.708ms
[0.857s] GC(15) Pause Young (Mixed) (G1 Evacuation Pause) 502M->499M(2048M) 5.064ms
[0.899s] GC(16) Pause Young (Normal) (G1 Evacuation Pause) 611M->596M(2048M) 4.453ms
[0.955s] GC(17) Pause Young (Normal) (G1 Evacuation Pause) 737M->737M(2048M) 7.328ms
[1.019s] GC(18) Pause Young (Normal) (G1 Evacuation Pause) 909M->889M(2048M) 6.631ms
[1.098s] GC(19) Pause Young (Normal) (G1 Evacuation Pause) 1096M->1064M(2048M) 10.449ms
[1.315s] GC(20) Pause Young (Concurrent Start) (G1 Evacuation Pause) 1609M->1234M(2048M) 23.645ms
[1.315s] GC(21) Concurrent Mark Cycle
[1.346s] GC(21) Pause Remark 1317M->291M(2048M) 1.588ms
[1.364s] GC(21) Pause Cleanup 344M->344M(2048M) 0.259ms
[1.365s] GC(21) Concurrent Mark Cycle 50.120ms
[1.455s] GC(22) Pause Young (Prepare Mixed) (G1 Evacuation Pause) 583M->335M(2048M) 7.896ms
[1.898s] GC(23) Pause Young (Mixed) (G1 Evacuation Pause) 1507M->477M(2048M) 7.681ms
[2.322s] GC(24) Pause Young (Normal) (G1 Evacuation Pause) 1551M->521M(2048M) 7.251ms
[2.730s] GC(25) Pause Young (Normal) (G1 Evacuation Pause) 1595M->566M(2048M) 9.391ms
[3.188s] GC(26) Pause Young (Normal) (G1 Evacuation Pause) 1610M->611M(2048M) 8.062ms
[3.535s] GC(27) Pause Young (Normal) (G1 Evacuation Pause) 1611M->659M(2048M) 7.291ms
[3.874s] GC(28) Pause Young (Normal) (G1 Evacuation Pause) 1610M->714M(2048M) 9.149ms
[4.222s] GC(29) Pause Young (Normal) (G1 Evacuation Pause) 1610M->776M(2048M) 7.448ms
[4.546s] GC(30) Pause Young (Normal) (G1 Evacuation Pause) 1610M->845M(2048M) 7.262ms
[4.859s] GC(31) Pause Young (Normal) (G1 Evacuation Pause) 1610M->923M(2048M) 7.051ms
[5.107s] GC(32) Pause Young (Normal) (G1 Evacuation Pause) 1610M->1011M(2048M) 7.111ms
[5.313s] GC(33) Pause Young (Normal) (G1 Evacuation Pause) 1611M->1110M(2048M) 6.968ms
[5.501s] GC(34) Pause Young (Concurrent Start) (G1 Evacuation Pause) 1611M->1221M(2048M) 11.537ms
[5.501s] GC(35) Concurrent Mark Cycle
[5.523s] GC(35) Pause Remark 1278M->265M(2048M) 1.453ms
[5.541s] GC(35) Pause Cleanup 317M->317M(2048M) 0.259ms
[5.542s] GC(35) Concurrent Mark Cycle 40.814ms
[5.643s] GC(36) Pause Young (Prepare Mixed) (G1 Evacuation Pause) 598M->333M(2048M) 7.450ms
[6.164s] GC(37) Pause Young (Mixed) (G1 Evacuation Pause) 1503M->473M(2048M) 10.158ms
[6.559s] GC(38) Pause Young (Normal) (G1 Evacuation Pause) 1547M->517M(2048M) 7.302ms
[6.952s] GC(39) Pause Young (Concurrent Start) (G1 Evacuation Pause) 1591M->562M(2048M) 7.990ms
[6.952s] GC(40) Concurrent Mark Cycle
[6.973s] GC(40) Pause Remark 621M->267M(2048M) 1.103ms
[6.981s] GC(40) Pause Cleanup 290M->290M(2048M) 0.167ms
[6.982s] GC(40) Concurrent Mark Cycle 29.710ms
[7.373s] GC(41) Pause Young (Prepare Mixed) (G1 Evacuation Pause) 1256M->253M(2048M) 7.044ms
[7.829s] GC(42) Pause Young (Mixed) (G1 Evacuation Pause) 1330M->300M(2048M) 7.413ms
[8.288s] GC(43) Pause Young (Normal) (G1 Evacuation Pause) 1374M->345M(2048M) 7.741ms
