[0.002s] Using G1
[0.244s] GC(0) Pause Young (Normal) (G1 Evacuation Pause) 27M->4M(512M) 2.914ms
[0.277s] GC(1) Pause Young (Normal) (G1 Evacuation Pause) 26M->6M(512M) 28.098ms
[0.279s] GC(2) Pause Young (Normal) (G1 Evacuation Pause) 35M->7M(512M) 0.946ms
[0.285s] GC(3) Pause Young (Normal) (G1 Evacuation Pause) 65M->15M(512M) 1.380ms
[0.313s] GC(4) Pause Young (Normal) (G1 Evacuation Pause) 84M->85M(512M) 3.750ms
[0.320s] GC(5) Pause Young (Normal) (G1 Evacuation Pause) 100M->100M(512M) 1.604ms
[0.329s] GC(6) Pause Young (Normal) (G1 Evacuation Pause) 121M->122M(512M) 1.586ms
[0.338s] GC(7) Pause Young (Normal) (G1 Evacuation Pause) 146M->146M(512M) 1.668ms
[0.349s] GC(8) Pause Young (Normal) (G1 Evacuation Pause) 175M->176M(512M) 1.865ms
[0.363s] GC(9) Pause Young (Normal) (G1 Evacuation Pause) 212M->212M(512M) 2.331ms
[0.381s] GC(10) Pause Young (Normal) (G1 Evacuation Pause) 258M->259M(512M) 2.691ms
[0.404s] GC(11) Pause Young (Concurrent Start) (G1 Evacuation Pause) 317M->317M(512M) 3.433ms
[0.405s] GC(12) Concurrent Mark Cycle
[0.424s] GC(12) Pause Remark 372M->268M(512M) 1.147ms
[0.428s] GC(13) Pause Young (Normal) (G1 Evacuation Pause) 272M->272M(512M) 2.547ms
[0.452s] GC(12) Pause Cleanup 341M->341M(512M) 0.148ms
[0.452s] GC(12) Concurrent Mark Cycle 47.785ms
[0.457s] GC(14) Pause Young (Prepare Mixed) (G1 Evacuation Pause) 345M->345M(512M) 3.436ms
[0.477s] GC(15) Pause Young (Mixed) (G1 Evacuation Pause) 395M->394M(512M) 2.986ms
[0.492s] GC(16) Pause Young (Concurrent Start) (G1 Evacuation Pause) 430M->430M(512M) 2.569ms
[0.492s] GC(17) Concurrent Mark Cycle
[0.501s] GC(18) Pause Young (Normal) (G1 Evacuation Pause) 454M->455M(512M) 1.412ms
[0.508s] GC(17) Pause Remark 470M->254M(512M) 1.391ms
[0.511s] GC(19) Pause Young (Normal) (G1 Evacuation Pause) 260M->260M(512M) 1.463ms
[0.540s] GC(20) Pause Young (Normal) (G1 Evacuation Pause) 338M->338M(512M) 3.559ms
[0.541s] GC(17) Pause Cleanup 339M->339M(512M) 0.126ms
[0.541s] GC(17) Concurrent Mark Cycle 49.581ms
[0.561s] GC(21) Pause Young (Prepare Mixed) (G1 Evacuation Pause) 391M->391M(512M) 2.656ms
[0.575s] GC(22) Pause Young (Mixed) (G1 Evacuation Pause) 428M->425M(512M) 1.969ms
[0.586s] GC(23) Pause Young (Concurrent Start) (G1 Evacuation Pause) 451M->452M(512M) 1.574ms
[0.586s] GC(24) Concurrent Mark Cycle
[0.594s] GC(25) Pause Young (Normal) (G1 Evacuation Pause) 473M->473M(512M) 1.461ms
[0.601s] GC(24) Pause Remark 491M->254M(512M) 1.132ms
[0.603s] GC(26) Pause Young (Normal) (G1 Evacuation Pause) 257M->257M(512M) 1.250ms
[0.632s] GC(27) Pause Young (Normal) (G1 Evacuation Pause) 335M->336M(512M) 3.195ms
[0.633s] GC(24) Pause Cleanup 337M->337M(512M) 0.126ms
[0.634s] GC(24) Concurrent Mark Cycle 47.865ms
[0.654s] GC(28) Pause Young (Prepare Mixed) (G1 Evacuation Pause) 390M->390M(512M) 2.515ms
[0.668s] GC(29) Pause Young (Mixed) (G1 Evacuation Pause) 427M->425M(512M) 1.954ms
[0.678s] GC(30) Pause Young (Concurrent Start) (G1 Evacuation Pause) 451M->451M(512M) 1.612ms
[0.679s] GC(31) Concurrent Mark Cycle
[0.686s] GC(32) Pause Young (Normal) (G1 Evacuation Pause) 472M->473M(512M) 1.484ms
[0.694s] GC(31) Pause Remark 494M->254M(512M) 0.912ms
[0.695s] GC(33) Pause Young (Normal) (G1 Evacuation Pause) 254M->254M(512M) 1.311ms
[0.724s] GC(34) Pause Young (Normal) (G1 Evacuation Pause) 333M->334M(512M) 3.148ms
[0.725s] GC(31) Pause Cleanup 334M->334M(512M) 0.112ms
[0.725s] GC(31) Concurrent Mark Cycle 46.617ms
[0.746s] GC(35) Pause Young (Prepare Mixed) (G1 Evacuation Pause) 388M->388M(512M) 2.601ms
[0.760s] GC(36) Pause Young (Mixed) (G1 Evacuation Pause) 425M->424M(512M) 1.948ms
[0.771s] GC(37) Pause Young (Concurrent Start) (G1 Evacuation Pause) 450M->450M(512M) 1.846ms
[0.771s] GC(38) Concurrent Mark Cycle
[0.779s] GC(39) Pause Young (Normal) (G1 Evacuation Pause) 471M->472M(512M) 1.527ms
[0.786s] GC(38) Pause Remark 492M->255M(512M) 0.888ms
[0.789s] GC(40) Pause Young (Normal) (G1 Evacuation Pause) 256M->256M(512M) 1.655ms
[0.818s] GC(41) Pause Young (Normal) (G1 Evacuation Pause) 335M->335M(512M) 3.008ms
[0.819s] GC(38) Pause Cleanup 339M->339M(512M) 0.118ms
[0.820s] GC(38) Concurrent Mark Cycle 48.803ms
[0.839s] GC(42) Pause Young (Prepare Mixed) (G1 Evacuation Pause) 389M->390M(512M) 2.482ms
[0.853s] GC(43) Pause Young (Mixed) (G1 Evacuation Pause) 427M->425M(512M) 2.192ms
[0.863s] GC(44) Pause Young (Concurrent Start) (G1 Evacuation Pause) 451M->452M(512M) 1.584ms
[0.863s] GC(45) Concurrent Mark Cycle
[0.871s] GC(46) Pause Young (Normal) (G1 Evacuation Pause) 473M->473M(512M) 1.246ms
[0.878s] GC(45) Pause Remark 493M->251M(512M) 1.067ms
[0.880s] GC(47) Pause Young (Normal) (G1 Evacuation Pause) 252M->252M(512M) 1.417ms
[0.910s] GC(48) Pause Young (Normal) (G1 Evacuation Pause) 332M->332M(512M) 3.386ms
[0.911s] GC(45) Pause Cleanup 335M->335M(512M) 0.110ms
[0.911s] GC(45) Concurrent Mark Cycle 48.019ms
[0.931s] GC(49) Pause Young (Prepare Mixed) (G1 Evacuation Pause) 387M->388M(512M) 2.522ms
[0.946s] GC(50) Pause Young (Mixed) (G1 Evacuation Pause) 426M->424M(512M) 2.038ms
[0.956s] GC(51) Pause Young (Concurrent Start) (G1 Evacuation Pause) 450M->451M(512M) 1.657ms
[0.956s] GC(52) Concurrent Mark Cycle
[0.965s] GC(53) Pause Young (Normal) (G1 Evacuation Pause) 472M->472M(512M) 1.597ms
[0.972s] GC(52) Pause Remark 491M->250M(512M) 1.191ms
[0.974s] GC(54) Pause Young (Normal) (G1 Evacuation Pause) 252M->253M(512M) 1.481ms
[1.003s] GC(55) Pause Young (Normal) (G1 Evacuation Pause) 333M->333M(512M) 3.147ms
[1.004s] GC(52) Pause Cleanup 335M->335M(512M) 0.101ms
[1.004s] GC(52) Concurrent Mark Cycle 47.970ms
[1.024s] GC(56) Pause Young (Prepare Mixed) (G1 Evacuation Pause) 387M->387M(512M) 2.705ms
[1.039s] GC(57) Pause Young (Mixed) (G1 Evacuation Pause) 425M->424M(512M) 2.017ms
[1.049s] GC(58) Pause Young (Concurrent Start) (G1 Evacuation Pause) 450M->450M(512M) 1.721ms
[1.050s] GC(59) Concurrent Mark Cycle
[1.058s] GC(60) Pause Young (Normal) (G1 Evacuation Pause) 471M->472M(512M) 1.539ms
[1.065s] GC(59) Pause Remark 491M->252M(512M) 1.047ms
[1.067s] GC(61) Pause Young (Normal) (G1 Evacuation Pause) 254M->254M(512M) 1.297ms
[1.096s] GC(62) Pause Young (Normal) (G1 Evacuation Pause) 333M->333M(512M) 2.989ms
[1.097s] GC(59) Pause Cleanup 336M->336M(512M) 0.112ms
[1.097s] GC(59) Concurrent Mark Cycle 47.568ms
[1.117s] GC(63) Pause Young (Prepare Mixed) (G1 Evacuation Pause) 387M->388M(512M) 2.727ms
[1.132s] GC(64) Pause Young (Mixed) (G1 Evacuation Pause) 426M->424M(512M) 2.071ms
[1.142s] GC(65) Pause Young (Concurrent Start) (G1 Evacuation Pause) 450M->451M(512M) 1.844ms
[1.143s] GC(66) Concurrent Mark Cycle
[1.151s] GC(67) Pause Young (Normal) (G1 Evacuation Pause) 472M->472M(512M) 1.449ms
[1.158s] GC(66) Pause Remark 493M->255M(512M) 0.875ms
[1.160s] GC(68) Pause Young (Normal) (G1 Evacuation Pause) 255M->256M(512M) 1.307ms
[1.188s] GC(69) Pause Young (Normal) (G1 Evacuation Pause) 335M->335M(512M) 2.972ms
[1.190s] GC(66) Pause Cleanup 340M->340M(512M) 0.115ms
[1.190s] GC(66) Concurrent Mark Cycle 47.776ms
[1.209s] GC(70) Pause Young (Prepare Mixed) (G1 Evacuation Pause) 389M->390M(512M) 2.595ms
[1.224s] GC(71) Pause Young (Mixed) (G1 Evacuation Pause) 427M->425M(512M) 2.201ms
[1.234s] GC(72) Pause Young (Concurrent Start) (G1 Evacuation Pause) 451M->452M(512M) 1.630ms
[1.235s] GC(73) Concurrent Mark Cycle
[1.243s] GC(74) Pause Young (Normal) (G1 Evacuation Pause) 473M->473M(512M) 1.368ms
[1.250s] GC(73) Pause Remark 493M->253M(512M) 0.908ms
[1.252s] GC(75) Pause Young (Normal) (G1 Evacuation Pause) 254M->255M(512M) 1.484ms
[1.281s] GC(76) Pause Young (Normal) (G1 Evacuation Pause) 334M->334M(512M) 3.176ms
[1.282s] GC(73) Pause Cleanup 338M->338M(512M) 0.122ms
[1.283s] GC(73) Concurrent Mark Cycle 47.927ms
[1.302s] GC(77) Pause Young (Prepare Mixed) (G1 Evacuation Pause) 388M->389M(512M) 2.480ms
[1.316s] GC(78) Pause Young (Mixed) (G1 Evacuation Pause) 426M->424M(512M) 2.028ms
[1.326s] GC(79) Pause Young (Concurrent Start) (G1 Evacuation Pause) 450M->450M(512M) 1.542ms
[1.326s] GC(80) Concurrent Mark Cycle
[1.334s] GC(81) Pause Young (Normal) (G1 Evacuation Pause) 471M->472M(512M) 1.337ms
[1.341s] GC(80) Pause Remark 491M->252M(512M) 1.059ms
[1.343s] GC(82) Pause Young (Normal) (G1 Evacuation Pause) 254M->254M(512M) 1.285ms
[1.368s] GC(80) Pause Cleanup 332M->332M(512M) 0.134ms
[1.369s] GC(80) Concurrent Mark Cycle 43.016ms
[1.372s] GC(83) Pause Young (Prepare Mixed) (G1 Evacuation Pause) 333M->334M(512M) 3.035ms
[1.393s] GC(84) Pause Young (Mixed) (G1 Evacuation Pause) 389M->387M(512M) 2.474ms
[1.408s] GC(85) Pause Young (Concurrent Start) (G1 Evacuation Pause) 425M->425M(512M) 2.354ms
[1.409s] GC(86) Concurrent Mark Cycle
[1.419s] GC(87) Pause Young (Normal) (G1 Evacuation Pause) 451M->452M(512M) 1.517ms
[1.425s] GC(86) Pause Remark 466M->250M(512M) 0.982ms
[1.428s] GC(88) Pause Young (Normal) (G1 Evacuation Pause) 257M->257M(512M) 1.240ms
[1.454s] GC(86) Pause Cleanup 334M->334M(512M) 0.141ms
[1.454s] GC(86) Concurrent Mark Cycle 45.599ms
[1.458s] GC(89) Pause Young (Prepare Mixed) (G1 Evacuation Pause) 336M->336M(512M) 3.190ms
[1.479s] GC(90) Pause Young (Mixed) (G1 Evacuation Pause) 390M->388M(512M) 2.502ms
[1.493s] GC(91) Pause Young (Concurrent Start) (G1 Evacuation Pause) 426M->426M(512M) 2.030ms
[1.494s] GC(92) Concurrent Mark Cycle
[1.504s] GC(93) Pause Young (Normal) (G1 Evacuation Pause) 451M->452M(512M) 1.466ms
[1.510s] GC(92) Pause Remark 467M->251M(512M) 1.071ms
[1.513s] GC(94) Pause Young (Normal) (G1 Evacuation Pause) 257M->257M(512M) 1.559ms
[1.542s] GC(95) Pause Young (Normal) (G1 Evacuation Pause) 335M->335M(512M) 3.257ms
[1.543s] GC(92) Pause Cleanup 336M->336M(512M) 0.098ms
[1.543s] GC(92) Concurrent Mark Cycle 49.311ms
[1.563s] GC(96) Pause Young (Prepare Mixed) (G1 Evacuation Pause) 389M->389M(512M) 2.538ms
[1.577s] GC(97) Pause Young (Mixed) (G1 Evacuation Pause) 426M->425M(512M) 1.994ms
[1.587s] GC(98) Pause Young (Concurrent Start) (G1 Evacuation Pause) 451M->451M(512M) 1.689ms
[1.587s] GC(99) Concurrent Mark Cycle
[1.596s] GC(100) Pause Young (Normal) (G1 Evacuation Pause) 472M->473M(512M) 1.545ms
[1.603s] GC(99) Pause Remark 491M->248M(512M) 1.150ms
[1.605s] GC(101) Pause Young (Normal) (G1 Evacuation Pause) 251M->251M(512M) 1.438ms
[1.635s] GC(102) Pause Young (Normal) (G1 Evacuation Pause) 331M->331M(512M) 3.208ms
[1.636s] GC(99) Pause Cleanup 332M->332M(512M) 0.106ms
[1.636s] GC(99) Concurrent Mark Cycle 48.412ms
[1.657s] GC(103) Pause Young (Prepare Mixed) (G1 Evacuation Pause) 386M->387M(512M) 2.552ms
[1.672s] GC(104) Pause Young (Mixed) (G1 Evacuation Pause) 425M->423M(512M) 2.112ms
[1.682s] GC(105) Pause Young (Concurrent Start) (G1 Evacuation Pause) 449M->450M(512M) 1.539ms
[1.682s] GC(106) Concurrent Mark Cycle
[1.690s] GC(107) Pause Young (Normal) (G1 Evacuation Pause) 471M->471M(512M) 1.359ms
[1.697s] GC(106) Pause Remark 492M->251M(512M) 0.872ms
[1.699s] GC(108) Pause Young (Normal) (G1 Evacuation Pause) 251M->252M(512M) 1.532ms
[1.728s] GC(109) Pause Young (Normal) (G1 Evacuation Pause) 332M->332M(512M) 3.144ms
[1.729s] GC(106) Pause Cleanup 334M->334M(512M) 0.105ms
[1.729s] GC(106) Concurrent Mark Cycle 47.651ms
[1.750s] GC(110) Pause Young (Prepare Mixed) (G1 Evacuation Pause) 387M->387M(512M) 2.697ms
[1.765s] GC(111) Pause Young (Mixed) (G1 Evacuation Pause) 425M->423M(512M) 2.171ms
[1.775s] GC(112) Pause Young (Concurrent Start) (G1 Evacuation Pause) 450M->450M(512M) 1.725ms
[1.775s] GC(113) Concurrent Mark Cycle
[1.784s] GC(114) Pause Young (Normal) (G1 Evacuation Pause) 470M->471M(512M) 1.560ms
[1.791s] GC(113) Pause Remark 491M->248M(512M) 1.020ms
[1.793s] GC(115) Pause Young (Normal) (G1 Evacuation Pause) 249M->249M(512M) 1.291ms
[1.820s] GC(113) Pause Cleanup 328M->328M(512M) 0.135ms
[1.821s] GC(113) Concurrent Mark Cycle 45.193ms
[1.824s] GC(116) Pause Young (Prepare Mixed) (G1 Evacuation Pause) 330M->331M(512M) 3.291ms
[1.845s] GC(117) Pause Young (Mixed) (G1 Evacuation Pause) 386M->385M(512M) 2.424ms
[1.860s] GC(118) Pause Young (Concurrent Start) (G1 Evacuation Pause) 423M->424M(512M) 2.193ms
[1.860s] GC(119) Concurrent Mark Cycle
[1.870s] GC(120) Pause Young (Normal) (G1 Evacuation Pause) 450M->450M(512M) 1.649ms
[1.876s] GC(119) Pause Remark 465M->252M(512M) 0.866ms
[1.880s] GC(121) Pause Young (Normal) (G1 Evacuation Pause) 258M->258M(512M) 1.341ms
[1.908s] GC(122) Pause Young (Normal) (G1 Evacuation Pause) 336M->337M(512M) 3.216ms
[1.909s] GC(119) Pause Cleanup 338M->338M(512M) 0.141ms
[1.910s] GC(119) Concurrent Mark Cycle 49.522ms
[1.930s] GC(123) Pause Young (Prepare Mixed) (G1 Evacuation Pause) 391M->391M(512M) 2.610ms
[1.944s] GC(124) Pause Young (Mixed) (G1 Evacuation Pause) 427M->426M(512M) 1.965ms
[1.954s] GC(125) Pause Young (Concurrent Start) (G1 Evacuation Pause) 452M->452M(512M) 1.568ms
[1.954s] GC(126) Concurrent Mark Cycle
[1.962s] GC(127) Pause Young (Normal) (G1 Evacuation Pause) 473M->474M(512M) 1.441ms
[1.969s] GC(126) Pause Remark 491M->251M(512M) 1.130ms
[1.972s] GC(128) Pause Young (Normal) (G1 Evacuation Pause) 255M->255M(512M) 1.389ms
[2.001s] GC(129) Pause Young (Normal) (G1 Evacuation Pause) 334M->335M(512M) 3.129ms
[2.002s] GC(126) Pause Cleanup 336M->336M(512M) 0.103ms
[2.002s] GC(126) Concurrent Mark Cycle 47.936ms
[2.022s] GC(130) Pause Young (Prepare Mixed) (G1 Evacuation Pause) 389M->389M(512M) 2.521ms
[2.037s] GC(131) Pause Young (Mixed) (G1 Evacuation Pause) 426M->425M(512M) 1.986ms
[2.047s] GC(132) Pause Young (Concurrent Start) (G1 Evacuation Pause) 451M->451M(512M) 1.836ms
[2.047s] GC(133) Concurrent Mark Cycle
[2.055s] GC(134) Pause Young (Normal) (G1 Evacuation Pause) 472M->473M(512M) 1.415ms
[2.062s] GC(133) Pause Remark 491M->253M(512M) 1.258ms
[2.064s] GC(135) Pause Young (Normal) (G1 Evacuation Pause) 256M->256M(512M) 1.287ms
[2.090s] GC(133) Pause Cleanup 333M->333M(512M) 0.141ms
[2.090s] GC(133) Concurrent Mark Cycle 42.931ms
[2.094s] GC(136) Pause Young (Prepare Mixed) (G1 Evacuation Pause) 335M->336M(512M) 3.109ms
[2.114s] GC(137) Pause Young (Mixed) (G1 Evacuation Pause) 390M->387M(512M) 2.667ms
[2.129s] GC(138) Pause Young (Concurrent Start) (G1 Evacuation Pause) 425M->426M(512M) 1.976ms
[2.129s] GC(139) Concurrent Mark Cycle
[2.139s] GC(140) Pause Young (Normal) (G1 Evacuation Pause) 452M->452M(512M) 1.499ms
[2.145s] GC(139) Pause Remark 468M->254M(512M) 1.003ms
[2.148s] GC(141) Pause Young (Normal) (G1 Evacuation Pause) 259M->260M(512M) 1.267ms
[2.177s] GC(142) Pause Young (Normal) (G1 Evacuation Pause) 338M->338M(512M) 2.946ms
[2.178s] GC(139) Pause Cleanup 340M->340M(512M) 0.105ms
[2.178s] GC(139) Concurrent Mark Cycle 48.838ms
[2.198s] GC(143) Pause Young (Prepare Mixed) (G1 Evacuation Pause) 391M->392M(512M) 2.360ms
[2.212s] GC(144) Pause Young (Mixed) (G1 Evacuation Pause) 428M->426M(512M) 1.832ms
[2.222s] GC(145) Pause Young (Concurrent Start) (G1 Evacuation Pause) 451M->452M(512M) 1.644ms
[2.222s] GC(146) Concurrent Mark Cycle
[2.230s] GC(147) Pause Young (Normal) (G1 Evacuation Pause) 473M->473M(512M) 1.429ms
[2.237s] GC(146) Pause Remark 494M->256M(512M) 0.857ms
[2.239s] GC(148) Pause Young (Normal) (G1 Evacuation Pause) 256M->257M(512M) 1.549ms
[2.268s] GC(149) Pause Young (Normal) (G1 Evacuation Pause) 336M->336M(512M) 3.209ms
[2.269s] GC(146) Pause Cleanup 339M->339M(512M) 0.139ms
[2.269s] GC(146) Concurrent Mark Cycle 47.717ms
[2.289s] GC(150) Pause Young (Prepare Mixed) (G1 Evacuation Pause) 390M->391M(512M) 2.420ms
[2.303s] GC(151) Pause Young (Mixed) (G1 Evacuation Pause) 428M->425M(512M) 1.884ms
[2.313s] GC(152) Pause Young (Concurrent Start) (G1 Evacuation Pause) 451M->452M(512M) 1.581ms
[2.313s] GC(153) Concurrent Mark Cycle
[2.321s] GC(154) Pause Young (Normal) (G1 Evacuation Pause) 473M->473M(512M) 1.413ms
[2.329s] GC(153) Pause Remark 494M->253M(512M) 0.976ms
[2.331s] GC(155) Pause Young (Normal) (G1 Evacuation Pause) 253M->254M(512M) 1.540ms
[2.360s] GC(156) Pause Young (Normal) (G1 Evacuation Pause) 334M->334M(512M) 3.238ms
[2.361s] GC(153) Pause Cleanup 336M->336M(512M) 0.115ms
[2.361s] GC(153) Concurrent Mark Cycle 47.867ms
[2.381s] GC(157) Pause Young (Prepare Mixed) (G1 Evacuation Pause) 388M->389M(512M) 2.441ms
[2.395s] GC(158) Pause Young (Mixed) (G1 Evacuation Pause) 426M->424M(512M) 2.308ms
[2.405s] GC(159) Pause Young (Concurrent Start) (G1 Evacuation Pause) 450M->451M(512M) 1.600ms
[2.405s] GC(160) Concurrent Mark Cycle
[2.413s] GC(161) Pause Young (Normal) (G1 Evacuation Pause) 472M->472M(512M) 1.289ms
[2.421s] GC(160) Pause Remark 492M->253M(512M) 1.039ms
[2.422s] GC(162) Pause Young (Normal) (G1 Evacuation Pause) 254M->255M(512M) 1.241ms
[2.451s] GC(163) Pause Young (Normal) (G1 Evacuation Pause) 334M->334M(512M) 3.216ms
[2.453s] GC(160) Pause Cleanup 337M->337M(512M) 0.121ms
[2.453s] GC(160) Concurrent Mark Cycle 47.561ms
[2.473s] GC(164) Pause Young (Prepare Mixed) (G1 Evacuation Pause) 389M->389M(512M) 2.460ms
[2.487s] GC(165) Pause Young (Mixed) (G1 Evacuation Pause) 426M->424M(512M) 1.970ms
[2.497s] GC(166) Pause Young (Concurrent Start) (G1 Evacuation Pause) 450M->451M(512M) 1.697ms
[2.498s] GC(167) Concurrent Mark Cycle
[2.506s] GC(168) Pause Young (Normal) (G1 Evacuation Pause) 472M->472M(512M) 1.374ms
[2.513s] GC(167) Pause Remark 490M->251M(512M) 1.256ms
[2.515s] GC(169) Pause Young (Normal) (G1 Evacuation Pause) 254M->255M(512M) 1.375ms
[2.544s] GC(170) Pause Young (Normal) (G1 Evacuation Pause) 334M->334M(512M) 3.174ms
[2.545s] GC(167) Pause Cleanup 335M->335M(512M) 0.158ms
[2.545s] GC(167) Concurrent Mark Cycle 47.417ms
[2.566s] GC(171) Pause Young (Prepare Mixed) (G1 Evacuation Pause) 388M->389M(512M) 2.762ms
[2.580s] GC(172) Pause Young (Mixed) (G1 Evacuation Pause) 426M->423M(512M) 2.124ms
[2.591s] GC(173) Pause Young (Concurrent Start) (G1 Evacuation Pause) 449M->450M(512M) 1.634ms
[2.591s] GC(174) Concurrent Mark Cycle
[2.599s] GC(175) Pause Young (Normal) (G1 Evacuation Pause) 471M->471M(512M) 1.550ms
[2.606s] GC(174) Pause Remark 490M->253M(512M) 1.203ms
[2.608s] GC(176) Pause Young (Normal) (G1 Evacuation Pause) 255M->256M(512M) 1.538ms
[2.638s] GC(177) Pause Young (Normal) (G1 Evacuation Pause) 335M->335M(512M) 3.040ms
[2.639s] GC(174) Pause Cleanup 337M->337M(512M) 0.126ms
[2.639s] GC(174) Concurrent Mark Cycle 48.152ms
[2.659s] GC(178) Pause Young (Prepare Mixed) (G1 Evacuation Pause) 389M->389M(512M) 2.562ms
[2.674s] GC(179) Pause Young (Mixed) (G1 Evacuation Pause) 426M->424M(512M) 2.236ms
[2.684s] GC(180) Pause Young (Concurrent Start) (G1 Evacuation Pause) 450M->450M(512M) 1.857ms
[2.684s] GC(181) Concurrent Mark Cycle
[2.692s] GC(182) Pause Young (Normal) (G1 Evacuation Pause) 471M->472M(512M) 1.266ms
[2.700s] GC(183) Pause Young (Normal) (G1 Evacuation Pause) (Evacuation Failure) 493M->498M(512M) 1.714ms
[2.701s] GC(181) Pause Remark 498M->258M(512M) 0.858ms
[2.706s] GC(184) Pause Young (Normal) (G1 Evacuation Pause) 272M->272M(512M) 1.244ms
[2.733s] GC(185) Pause Young (Normal) (G1 Evacuation Pause) 346M->347M(512M) 2.832ms
[2.736s] GC(181) Pause Cleanup 352M->352M(512M) 0.114ms
[2.736s] GC(181) Concurrent Mark Cycle 51.750ms
[2.753s] GC(186) Pause Young (Prepare Mixed) (G1 Evacuation Pause) 397M->397M(512M) 2.768ms
[2.767s] GC(187) Pause Young (Mixed) (G1 Evacuation Pause) 431M->430M(512M) 1.968ms
[2.776s] GC(188) Pause Young (Concurrent Start) (G1 Evacuation Pause) 454M->454M(512M) 1.615ms
[2.776s] GC(189) Concurrent Mark Cycle
[2.784s] GC(190) Pause Young (Normal) (G1 Evacuation Pause) 475M->476M(512M) 1.510ms
[2.793s] GC(191) Pause Young (Normal) (G1 Evacuation Pause) (Evacuation Failure) 497M->500M(512M) 2.092ms
[2.794s] GC(189) Pause Remark 500M->254M(512M) 0.896ms
[2.799s] GC(192) Pause Young (Normal) (G1 Evacuation Pause) 266M->266M(512M) 1.039ms
[2.827s] GC(193) Pause Young (Normal) (G1 Evacuation Pause) 342M->343M(512M) 3.001ms
[2.828s] GC(189) Pause Cleanup 346M->346M(512M) 0.160ms
[2.829s] GC(189) Concurrent Mark Cycle 52.413ms
[2.847s] GC(194) Pause Young (Prepare Mixed) (G1 Evacuation Pause) 395M->395M(512M) 2.301ms
[2.861s] GC(195) Pause Young (Mixed) (G1 Evacuation Pause) 430M->430M(512M) 1.968ms
[2.870s] GC(196) Pause Young (Concurrent Start) (G1 Evacuation Pause) 454M->454M(512M) 1.649ms
[2.870s] GC(197) Concurrent Mark Cycle
[2.878s] GC(198) Pause Young (Normal) (G1 Evacuation Pause) 475M->476M(512M) 1.239ms
[2.885s] GC(197) Pause Remark 496M->250M(512M) 1.055ms
[2.887s] GC(199) Pause Young (Normal) (G1 Evacuation Pause) 251M->251M(512M) 1.752ms
[2.917s] GC(200) Pause Young (Normal) (G1 Evacuation Pause) 331M->332M(512M) 3.268ms
[2.918s] GC(197) Pause Cleanup 334M->334M(512M) 0.141ms
[2.918s] GC(197) Concurrent Mark Cycle 47.914ms
[2.938s] GC(201) Pause Young (Prepare Mixed) (G1 Evacuation Pause) 387M->387M(512M) 2.540ms
[2.953s] GC(202) Pause Young (Mixed) (G1 Evacuation Pause) 425M->425M(512M) 2.053ms
[2.963s] GC(203) Pause Young (Concurrent Start) (G1 Evacuation Pause) 451M->451M(512M) 1.647ms
[2.963s] GC(204) Concurrent Mark Cycle
[2.972s] GC(205) Pause Young (Normal) (G1 Evacuation Pause) 472M->473M(512M) 1.553ms
[2.979s] GC(204) Pause Remark 491M->249M(512M) 1.230ms
[2.981s] GC(206) Pause Young (Normal) (G1 Evacuation Pause) 252M->252M(512M) 1.497ms
[3.010s] GC(207) Pause Young (Normal) (G1 Evacuation Pause) 332M->333M(512M) 3.208ms
[3.011s] GC(204) Pause Cleanup 334M->334M(512M) 0.145ms
[3.011s] GC(204) Concurrent Mark Cycle 47.948ms
[3.032s] GC(208) Pause Young (Prepare Mixed) (G1 Evacuation Pause) 388M->388M(512M) 2.619ms
[3.047s] GC(209) Pause Young (Mixed) (G1 Evacuation Pause) 425M->424M(512M) 1.938ms
[3.056s] GC(210) Pause Young (Concurrent Start) (G1 Evacuation Pause) 450M->450M(512M) 1.607ms
[3.057s] GC(211) Concurrent Mark Cycle
[3.065s] GC(212) Pause Young (Normal) (G1 Evacuation Pause) 471M->472M(512M) 1.588ms
[3.072s] GC(211) Pause Remark 491M->253M(512M) 1.071ms
[3.074s] GC(213) Pause Young (Normal) (G1 Evacuation Pause) 255M->255M(512M) 1.312ms
[3.103s] GC(214) Pause Young (Normal) (G1 Evacuation Pause) 334M->335M(512M) 3.028ms
[3.104s] GC(211) Pause Cleanup 337M->337M(512M) 0.106ms
[3.104s] GC(211) Concurrent Mark Cycle 47.327ms
[3.124s] GC(215) Pause Young (Prepare Mixed) (G1 Evacuation Pause) 389M->389M(512M) 2.757ms
[3.139s] GC(216) Pause Young (Mixed) (G1 Evacuation Pause) 426M->424M(512M) 2.139ms
[3.149s] GC(217) Pause Young (Concurrent Start) (G1 Evacuation Pause) 450M->451M(512M) 1.688ms
[3.149s] GC(218) Concurrent Mark Cycle
[3.157s] GC(219) Pause Young (Normal) (G1 Evacuation Pause) 472M->472M(512M) 1.359ms
[3.165s] GC(220) Pause Young (Normal) (G1 Evacuation Pause) (Evacuation Failure) 493M->499M(512M) 1.975ms
[3.166s] GC(218) Pause Remark 499M->258M(512M) 0.873ms
[3.171s] GC(221) Pause Young (Normal) (G1 Evacuation Pause) 271M->271M(512M) 1.352ms
[3.198s] GC(222) Pause Young (Normal) (G1 Evacuation Pause) 345M->346M(512M) 2.797ms
[3.200s] GC(218) Pause Cleanup 351M->351M(512M) 0.122ms
[3.200s] GC(218) Concurrent Mark Cycle 51.478ms
[3.218s] GC(223) Pause Young (Prepare Mixed) (G1 Evacuation Pause) 397M->397M(512M) 2.483ms
[3.232s] GC(224) Pause Young (Mixed) (G1 Evacuation Pause) 432M->430M(512M) 1.885ms
[3.241s] GC(225) Pause Young (Concurrent Start) (G1 Evacuation Pause) 454M->455M(512M) 1.726ms
[3.242s] GC(226) Concurrent Mark Cycle
[3.250s] GC(227) Pause Young (Normal) (G1 Evacuation Pause) 476M->476M(512M) 1.437ms
[3.257s] GC(226) Pause Remark 497M->250M(512M) 0.917ms
[3.259s] GC(228) Pause Young (Normal) (G1 Evacuation Pause) 250M->251M(512M) 1.374ms
[3.288s] GC(229) Pause Young (Normal) (G1 Evacuation Pause) 331M->331M(512M) 3.154ms
[3.289s] GC(226) Pause Cleanup 333M->333M(512M) 0.113ms
[3.289s] GC(226) Concurrent Mark Cycle 47.840ms
[3.310s] GC(230) Pause Young (Prepare Mixed) (G1 Evacuation Pause) 386M->386M(512M) 2.477ms
[3.324s] GC(231) Pause Young (Mixed) (G1 Evacuation Pause) 424M->424M(512M) 2.024ms
[3.334s] GC(232) Pause Young (Concurrent Start) (G1 Evacuation Pause) 450M->450M(512M) 1.613ms
[3.334s] GC(233) Concurrent Mark Cycle
[3.342s] GC(234) Pause Young (Normal) (G1 Evacuation Pause) 471M->472M(512M) 1.570ms
[3.349s] GC(233) Pause Remark 491M->251M(512M) 1.023ms
[3.351s] GC(235) Pause Young (Normal) (G1 Evacuation Pause) 253M->253M(512M) 1.439ms
[3.378s] GC(233) Pause Cleanup 333M->333M(512M) 0.122ms
[3.381s] GC(236) Pause Young (Prepare Mixed) (G1 Evacuation Pause) 333M->333M(512M) 2.995ms
[3.381s] GC(233) Concurrent Mark Cycle 47.004ms
[3.402s] GC(237) Pause Young (Mixed) (G1 Evacuation Pause) 388M->387M(512M) 2.563ms
[3.417s] GC(238) Pause Young (Concurrent Start) (G1 Evacuation Pause) 425M->425M(512M) 2.091ms
[3.417s] GC(239) Concurrent Mark Cycle
[3.428s] GC(240) Pause Young (Normal) (G1 Evacuation Pause) 451M->451M(512M) 1.505ms
[3.433s] GC(239) Pause Remark 466M->251M(512M) 0.988ms
[3.437s] GC(241) Pause Young (Normal) (G1 Evacuation Pause) 257M->258M(512M) 1.341ms
[3.462s] GC(239) Pause Cleanup 334M->334M(512M) 0.134ms
[3.462s] GC(239) Concurrent Mark Cycle 44.823ms
[3.466s] GC(242) Pause Young (Prepare Mixed) (G1 Evacuation Pause) 336M->336M(512M) 2.971ms
[3.486s] GC(243) Pause Young (Mixed) (G1 Evacuation Pause) 390M->388M(512M) 2.572ms
[3.501s] GC(244) Pause Young (Concurrent Start) (G1 Evacuation Pause) 425M->426M(512M) 2.287ms
[3.501s] GC(245) Concurrent Mark Cycle
[3.512s] GC(246) Pause Young (Normal) (G1 Evacuation Pause) 452M->452M(512M) 1.534ms
[3.517s] GC(245) Pause Remark 467M->250M(512M) 1.041ms
[3.521s] GC(247) Pause Young (Normal) (G1 Evacuation Pause) 256M->256M(512M) 1.328ms
[3.547s] GC(245) Pause Cleanup 334M->334M(512M) 0.110ms
[3.547s] GC(245) Concurrent Mark Cycle 45.778ms
[3.550s] GC(248) Pause Young (Prepare Mixed) (G1 Evacuation Pause) 335M->335M(512M) 2.999ms
[3.571s] GC(249) Pause Young (Mixed) (G1 Evacuation Pause) 389M->387M(512M) 2.472ms
[3.586s] GC(250) Pause Young (Concurrent Start) (G1 Evacuation Pause) 425M->425M(512M) 2.121ms
[3.586s] GC(251) Concurrent Mark Cycle
[3.596s] GC(252) Pause Young (Normal) (G1 Evacuation Pause) 451M->452M(512M) 1.473ms
[3.602s] GC(251) Pause Remark 466M->251M(512M) 1.135ms
[3.605s] GC(253) Pause Young (Normal) (G1 Evacuation Pause) 258M->258M(512M) 1.288ms
[3.631s] GC(251) Pause Cleanup 336M->336M(512M) 0.136ms
[3.634s] GC(254) Pause Young (Prepare Mixed) (G1 Evacuation Pause) 336M->336M(512M) 3.105ms
[3.635s] GC(251) Concurrent Mark Cycle 48.957ms
[3.655s] GC(255) Pause Young (Mixed) (G1 Evacuation Pause) 390M->389M(512M) 2.558ms
[3.670s] GC(256) Pause Young (Concurrent Start) (G1 Evacuation Pause) 426M->426M(512M) 2.309ms
[3.670s] GC(257) Concurrent Mark Cycle
[3.680s] GC(258) Pause Young (Normal) (G1 Evacuation Pause) 451M->451M(512M) 1.450ms
[3.686s] GC(257) Pause Remark 467M->251M(512M) 1.143ms
[3.689s] GC(259) Pause Young (Normal) (G1 Evacuation Pause) 256M->257M(512M) 1.320ms
[3.715s] GC(257) Pause Cleanup 335M->335M(512M) 0.133ms
[3.716s] GC(257) Concurrent Mark Cycle 45.453ms
[3.719s] GC(260) Pause Young (Prepare Mixed) (G1 Evacuation Pause) 336M->336M(512M) 3.125ms
[3.740s] GC(261) Pause Young (Mixed) (G1 Evacuation Pause) 390M->389M(512M) 2.649ms
[3.755s] GC(262) Pause Young (Concurrent Start) (G1 Evacuation Pause) 426M->426M(512M) 2.173ms
[3.755s] GC(263) Concurrent Mark Cycle
[3.765s] GC(264) Pause Young (Normal) (G1 Evacuation Pause) 451M->452M(512M) 1.628ms
[3.771s] GC(263) Pause Remark 469M->255M(512M) 0.868ms
[3.774s] GC(265) Pause Young (Normal) (G1 Evacuation Pause) 259M->259M(512M) 1.426ms
[3.803s] GC(266) Pause Young (Normal) (G1 Evacuation Pause) 337M->338M(512M) 3.269ms
[3.804s] GC(263) Pause Cleanup 341M->341M(512M) 0.137ms
[3.804s] GC(263) Concurrent Mark Cycle 49.545ms
[3.824s] GC(267) Pause Young (Prepare Mixed) (G1 Evacuation Pause) 391M->391M(512M) 2.878ms
[3.838s] GC(268) Pause Young (Mixed) (G1 Evacuation Pause) 427M->425M(512M) 2.054ms
[3.848s] GC(269) Pause Young (Concurrent Start) (G1 Evacuation Pause) 451M->451M(512M) 1.830ms
[3.848s] GC(270) Concurrent Mark Cycle
[3.856s] GC(271) Pause Young (Normal) (G1 Evacuation Pause) 472M->473M(512M) 1.281ms
[3.863s] GC(270) Pause Remark 493M->254M(512M) 0.876ms
[3.865s] GC(272) Pause Young (Normal) (G1 Evacuation Pause) 255M->255M(512M) 1.405ms
[3.894s] GC(273) Pause Young (Normal) (G1 Evacuation Pause) 334M->335M(512M) 3.232ms
[3.896s] GC(270) Pause Cleanup 337M->337M(512M) 0.115ms
[3.896s] GC(270) Concurrent Mark Cycle 47.518ms
[3.916s] GC(274) Pause Young (Prepare Mixed) (G1 Evacuation Pause) 389M->389M(512M) 2.511ms
[3.930s] GC(275) Pause Young (Mixed) (G1 Evacuation Pause) 426M->425M(512M) 1.991ms
[3.940s] GC(276) Pause Young (Concurrent Start) (G1 Evacuation Pause) 451M->451M(512M) 1.607ms
[3.940s] GC(277) Concurrent Mark Cycle
[3.949s] GC(278) Pause Young (Normal) (G1 Evacuation Pause) 472M->473M(512M) 1.605ms
[3.956s] GC(277) Pause Remark 493M->252M(512M) 0.979ms
[3.958s] GC(279) Pause Young (Normal) (G1 Evacuation Pause) 253M->253M(512M) 1.494ms
[3.987s] GC(280) Pause Young (Normal) (G1 Evacuation Pause) 333M->333M(512M) 3.128ms
[3.988s] GC(277) Pause Cleanup 337M->337M(512M) 0.115ms
[3.989s] GC(277) Concurrent Mark Cycle 48.212ms
[4.008s] GC(281) Pause Young (Prepare Mixed) (G1 Evacuation Pause) 388M->389M(512M) 2.418ms
[4.022s] GC(282) Pause Young (Mixed) (G1 Evacuation Pause) 426M->424M(512M) 1.969ms
[4.032s] GC(283) Pause Young (Concurrent Start) (G1 Evacuation Pause) 450M->451M(512M) 1.569ms
[4.033s] GC(284) Concurrent Mark Cycle
[4.041s] GC(285) Pause Young (Normal) (G1 Evacuation Pause) 472M->472M(512M) 1.550ms
[4.048s] GC(284) Pause Remark 492M->253M(512M) 1.087ms
[4.050s] GC(286) Pause Young (Normal) (G1 Evacuation Pause) 254M->255M(512M) 1.308ms
[4.078s] GC(287) Pause Young (Normal) (G1 Evacuation Pause) 334M->334M(512M) 3.009ms
[4.080s] GC(284) Pause Cleanup 337M->337M(512M) 0.119ms
[4.080s] GC(284) Concurrent Mark Cycle 47.535ms
[4.100s] GC(288) Pause Young (Prepare Mixed) (G1 Evacuation Pause) 388M->389M(512M) 2.641ms
[4.115s] GC(289) Pause Young (Mixed) (G1 Evacuation Pause) 426M->424M(512M) 2.104ms
[4.125s] GC(290) Pause Young (Concurrent Start) (G1 Evacuation Pause) 450M->451M(512M) 1.588ms
[4.125s] GC(291) Concurrent Mark Cycle
[4.133s] GC(292) Pause Young (Normal) (G1 Evacuation Pause) 472M->472M(512M) 1.660ms
[4.140s] GC(291) Pause Remark 491M->252M(512M) 1.207ms
[4.143s] GC(293) Pause Young (Normal) (G1 Evacuation Pause) 254M->255M(512M) 1.742ms
[4.171s] GC(294) Pause Young (Normal) (G1 Evacuation Pause) 334M->334M(512M) 3.006ms
[4.172s] GC(291) Pause Cleanup 336M->336M(512M) 0.121ms
[4.173s] GC(291) Concurrent Mark Cycle 48.033ms
[4.192s] GC(295) Pause Young (Prepare Mixed) (G1 Evacuation Pause) 388M->389M(512M) 2.765ms
[4.207s] GC(296) Pause Young (Mixed) (G1 Evacuation Pause) 426M->424M(512M) 2.163ms
[4.217s] GC(297) Pause Young (Concurrent Start) (G1 Evacuation Pause) 450M->451M(512M) 1.692ms
[4.218s] GC(298) Concurrent Mark Cycle
[4.226s] GC(299) Pause Young (Normal) (G1 Evacuation Pause) 472M->472M(512M) 1.485ms
[4.233s] GC(298) Pause Remark 493M->254M(512M) 0.907ms
[4.234s] GC(300) Pause Young (Normal) (G1 Evacuation Pause) 254M->254M(512M) 1.287ms
[4.263s] GC(301) Pause Young (Normal) (G1 Evacuation Pause) 333M->333M(512M) 3.235ms
[4.265s] GC(298) Pause Cleanup 338M->338M(512M) 0.106ms
[4.266s] GC(298) Concurrent Mark Cycle 48.043ms
[4.285s] GC(302) Pause Young (Prepare Mixed) (G1 Evacuation Pause) 388M->388M(512M) 2.426ms
[4.299s] GC(303) Pause Young (Mixed) (G1 Evacuation Pause) 425M->424M(512M) 2.011ms
[4.310s] GC(304) Pause Young (Concurrent Start) (G1 Evacuation Pause) 450M->450M(512M) 1.802ms
[4.310s] GC(305) Concurrent Mark Cycle
[4.318s] GC(306) Pause Young (Normal) (G1 Evacuation Pause) 471M->472M(512M) 1.318ms
[4.325s] GC(305) Pause Remark 490M->250M(512M) 0.864ms
[4.327s] GC(307) Pause Young (Normal) (G1 Evacuation Pause) 253M->253M(512M) 1.379ms
[4.356s] GC(308) Pause Young (Normal) (G1 Evacuation Pause) 333M->333M(512M) 3.096ms
[4.357s] GC(305) Pause Cleanup 335M->335M(512M) 0.114ms
[4.358s] GC(305) Concurrent Mark Cycle 47.669ms
[4.378s] GC(309) Pause Young (Prepare Mixed) (G1 Evacuation Pause) 388M->388M(512M) 2.495ms
[4.392s] GC(310) Pause Young (Mixed) (G1 Evacuation Pause) 425M->424M(512M) 1.933ms
[4.403s] GC(311) Pause Young (Concurrent Start) (G1 Evacuation Pause) 450M->450M(512M) 1.644ms
[4.403s] GC(312) Concurrent Mark Cycle
[4.411s] GC(313) Pause Young (Normal) (G1 Evacuation Pause) 471M->472M(512M) 1.329ms
[4.418s] GC(312) Pause Remark 492M->251M(512M) 0.958ms
[4.420s] GC(314) Pause Young (Normal) (G1 Evacuation Pause) 252M->252M(512M) 1.421ms
[4.449s] GC(315) Pause Young (Normal) (G1 Evacuation Pause) 332M->332M(512M) 3.197ms
[4.450s] GC(312) Pause Cleanup 335M->335M(512M) 0.128ms
[4.451s] GC(312) Concurrent Mark Cycle 47.783ms
[4.471s] GC(316) Pause Young (Prepare Mixed) (G1 Evacuation Pause) 387M->388M(512M) 2.557ms
[4.485s] GC(317) Pause Young (Mixed) (G1 Evacuation Pause) 426M->424M(512M) 2.029ms
[4.496s] GC(318) Pause Young (Concurrent Start) (G1 Evacuation Pause) 450M->451M(512M) 1.643ms
[4.496s] GC(319) Concurrent Mark Cycle
[4.504s] GC(320) Pause Young (Normal) (G1 Evacuation Pause) 472M->472M(512M) 1.543ms
[4.511s] GC(319) Pause Remark 491M->248M(512M) 1.047ms
[4.514s] GC(321) Pause Young (Normal) (G1 Evacuation Pause) 250M->251M(512M) 1.931ms
[4.540s] GC(319) Pause Cleanup 330M->330M(512M) 0.153ms
[4.541s] GC(319) Concurrent Mark Cycle 44.647ms
[4.544s] GC(322) Pause Young (Prepare Mixed) (G1 Evacuation Pause) 332M->332M(512M) 3.382ms
[4.565s] GC(323) Pause Young (Mixed) (G1 Evacuation Pause) 387M->385M(512M) 2.437ms
[4.581s] GC(324) Pause Young (Concurrent Start) (G1 Evacuation Pause) 423M->424M(512M) 2.241ms
[4.581s] GC(325) Concurrent Mark Cycle
[4.591s] GC(326) Pause Young (Normal) (G1 Evacuation Pause) 450M->450M(512M) 1.515ms
[4.597s] GC(325) Pause Remark 466M->252M(512M) 1.070ms
[4.600s] GC(327) Pause Young (Normal) (G1 Evacuation Pause) 257M->258M(512M) 1.352ms
[4.629s] GC(328) Pause Young (Normal) (G1 Evacuation Pause) 336M->336M(512M) 3.208ms
[4.629s] GC(325) Pause Cleanup 337M->337M(512M) 0.114ms
[4.630s] GC(325) Concurrent Mark Cycle 49.106ms
[4.650s] GC(329) Pause Young (Prepare Mixed) (G1 Evacuation Pause) 390M->390M(512M) 2.646ms
[4.665s] GC(330) Pause Young (Mixed) (G1 Evacuation Pause) 427M->425M(512M) 2.036ms
[4.675s] GC(331) Pause Young (Concurrent Start) (G1 Evacuation Pause) 451M->452M(512M) 1.624ms
[4.675s] GC(332) Concurrent Mark Cycle
[4.683s] GC(333) Pause Young (Normal) (G1 Evacuation Pause) 473M->473M(512M) 1.589ms
[4.690s] GC(332) Pause Remark 492M->252M(512M) 1.156ms
[4.693s] GC(334) Pause Young (Normal) (G1 Evacuation Pause) 254M->254M(512M) 1.595ms
[4.721s] GC(335) Pause Young (Normal) (G1 Evacuation Pause) 333M->334M(512M) 3.120ms
[4.723s] GC(332) Pause Cleanup 337M->337M(512M) 0.115ms
[4.723s] GC(332) Concurrent Mark Cycle 48.067ms
[4.743s] GC(336) Pause Young (Prepare Mixed) (G1 Evacuation Pause) 389M->389M(512M) 3.050ms
[4.758s] GC(337) Pause Young (Mixed) (G1 Evacuation Pause) 426M->424M(512M) 2.165ms
[4.768s] GC(338) Pause Young (Concurrent Start) (G1 Evacuation Pause) 450M->451M(512M) 1.777ms
[4.768s] GC(339) Concurrent Mark Cycle
[4.776s] GC(340) Pause Young (Normal) (G1 Evacuation Pause) 472M->472M(512M) 1.505ms
[4.785s] GC(341) Pause Young (Normal) (G1 Evacuation Pause) (Evacuation Failure) 493M->498M(512M) 1.870ms
[4.786s] GC(339) Pause Remark 498M->259M(512M) 0.844ms
[4.791s] GC(342) Pause Young (Normal) (G1 Evacuation Pause) 273M->273M(512M) 1.203ms
[4.818s] GC(343) Pause Young (Normal) (G1 Evacuation Pause) 346M->346M(512M) 2.847ms
[4.820s] GC(339) Pause Cleanup 351M->351M(512M) 0.117ms
[4.821s] GC(339) Concurrent Mark Cycle 52.157ms
[4.838s] GC(344) Pause Young (Prepare Mixed) (G1 Evacuation Pause) 396M->397M(512M) 2.281ms
[4.852s] GC(345) Pause Young (Mixed) (G1 Evacuation Pause) 432M->430M(512M) 2.042ms
[4.861s] GC(346) Pause Young (Concurrent Start) (G1 Evacuation Pause) 454M->455M(512M) 1.617ms
[4.862s] GC(347) Concurrent Mark Cycle
[4.869s] GC(348) Pause Young (Normal) (G1 Evacuation Pause) 476M->476M(512M) 1.353ms
[4.877s] GC(347) Pause Remark 497M->250M(512M) 0.926ms
[4.878s] GC(349) Pause Young (Normal) (G1 Evacuation Pause) 250M->251M(512M) 1.269ms
[4.908s] GC(350) Pause Young (Normal) (G1 Evacuation Pause) 331M->331M(512M) 3.294ms
[4.909s] GC(347) Pause Cleanup 334M->334M(512M) 0.106ms
[4.909s] GC(347) Concurrent Mark Cycle 47.923ms
[4.929s] GC(351) Pause Young (Prepare Mixed) (G1 Evacuation Pause) 386M->386M(512M) 2.516ms
[4.943s] GC(352) Pause Young (Mixed) (G1 Evacuation Pause) 424M->424M(512M) 2.136ms
[4.954s] GC(353) Pause Young (Concurrent Start) (G1 Evacuation Pause) 450M->450M(512M) 1.548ms
[4.954s] GC(354) Concurrent Mark Cycle
[4.962s] GC(355) Pause Young (Normal) (G1 Evacuation Pause) 471M->472M(512M) 1.532ms
[4.969s] GC(354) Pause Remark 491M->249M(512M) 1.071ms
[4.971s] GC(356) Pause Young (Normal) (G1 Evacuation Pause) 251M->251M(512M) 1.649ms
[5.001s] GC(357) Pause Young (Normal) (G1 Evacuation Pause) 331M->331M(512M) 3.234ms
[5.002s] GC(354) Pause Cleanup 333M->333M(512M) 0.111ms
[5.002s] GC(354) Concurrent Mark Cycle 48.160ms
[5.022s] GC(358) Pause Young (Prepare Mixed) (G1 Evacuation Pause) 386M->387M(512M) 2.465ms
[5.037s] GC(359) Pause Young (Mixed) (G1 Evacuation Pause) 425M->423M(512M) 1.953ms
[5.047s] GC(360) Pause Young (Concurrent Start) (G1 Evacuation Pause) 449M->450M(512M) 1.583ms
[5.047s] GC(361) Concurrent Mark Cycle
[5.055s] GC(362) Pause Young (Normal) (G1 Evacuation Pause) 471M->471M(512M) 1.546ms
[5.062s] GC(361) Pause Remark 490M->249M(512M) 1.201ms
[5.065s] GC(363) Pause Young (Normal) (G1 Evacuation Pause) 251M->252M(512M) 1.406ms
[5.094s] GC(364) Pause Young (Normal) (G1 Evacuation Pause) 332M->332M(512M) 3.078ms
[5.095s] GC(361) Pause Cleanup 334M->334M(512M) 0.127ms
[5.095s] GC(361) Concurrent Mark Cycle 47.854ms
[5.115s] GC(365) Pause Young (Prepare Mixed) (G1 Evacuation Pause) 387M->387M(512M) 2.460ms
[5.130s] GC(366) Pause Young (Mixed) (G1 Evacuation Pause) 425M->425M(512M) 2.084ms
[5.140s] GC(367) Pause Young (Concurrent Start) (G1 Evacuation Pause) 451M->451M(512M) 1.609ms
[5.140s] GC(368) Concurrent Mark Cycle
[5.148s] GC(369) Pause Young (Normal) (G1 Evacuation Pause) 472M->473M(512M) 1.322ms
[5.156s] GC(368) Pause Remark 492M->251M(512M) 1.070ms
[5.158s] GC(370) Pause Young (Normal) (G1 Evacuation Pause) 253M->253M(512M) 1.382ms
[5.187s] GC(371) Pause Young (Normal) (G1 Evacuation Pause) 333M->334M(512M) 3.172ms
[5.188s] GC(368) Pause Cleanup 336M->336M(512M) 0.116ms
[5.188s] GC(368) Concurrent Mark Cycle 48.328ms
[5.209s] GC(372) Pause Young (Prepare Mixed) (G1 Evacuation Pause) 389M->389M(512M) 2.659ms
[5.224s] GC(373) Pause Young (Mixed) (G1 Evacuation Pause) 426M->425M(512M) 2.055ms
[5.234s] GC(374) Pause Young (Concurrent Start) (G1 Evacuation Pause) 451M->451M(512M) 1.694ms
[5.234s] GC(375) Concurrent Mark Cycle
[5.242s] GC(376) Pause Young (Normal) (G1 Evacuation Pause) 472M->473M(512M) 1.474ms
[5.250s] GC(377) Pause Young (Normal) (G1 Evacuation Pause) (Evacuation Failure) 494M->499M(512M) 1.816ms
[5.251s] GC(375) Pause Remark 499M->257M(512M) 0.889ms
[5.256s] GC(378) Pause Young (Normal) (G1 Evacuation Pause) 270M->270M(512M) 1.284ms
[5.283s] GC(379) Pause Young (Normal) (G1 Evacuation Pause) 344M->344M(512M) 2.760ms
[5.285s] GC(375) Pause Cleanup 349M->349M(512M) 0.124ms
[5.286s] GC(375) Concurrent Mark Cycle 51.688ms
[5.303s] GC(380) Pause Young (Prepare Mixed) (G1 Evacuation Pause) 395M->395M(512M) 2.334ms
[5.317s] GC(381) Pause Young (Mixed) (G1 Evacuation Pause) 430M->429M(512M) 2.013ms
[5.327s] GC(382) Pause Young (Concurrent Start) (G1 Evacuation Pause) 454M->454M(512M) 1.488ms
[5.327s] GC(383) Concurrent Mark Cycle
[5.335s] GC(384) Pause Young (Normal) (G1 Evacuation Pause) 475M->476M(512M) 1.560ms
[5.342s] GC(383) Pause Remark 496M->249M(512M) 0.906ms
[5.344s] GC(385) Pause Young (Normal) (G1 Evacuation Pause) 250M->250M(512M) 1.535ms
[5.370s] GC(383) Pause Cleanup 329M->329M(512M) 0.139ms
[5.371s] GC(383) Concurrent Mark Cycle 43.921ms
[5.374s] GC(386) Pause Young (Prepare Mixed) (G1 Evacuation Pause) 330M->331M(512M) 3.347ms
[5.396s] GC(387) Pause Young (Mixed) (G1 Evacuation Pause) 386M->385M(512M) 2.556ms
[5.410s] GC(388) Pause Young (Concurrent Start) (G1 Evacuation Pause) 423M->424M(512M) 2.035ms
[5.410s] GC(389) Concurrent Mark Cycle
[5.421s] GC(390) Pause Young (Normal) (G1 Evacuation Pause) 450M->450M(512M) 1.483ms
[5.427s] GC(389) Pause Remark 467M->255M(512M) 0.935ms
[5.430s] GC(391) Pause Young (Normal) (G1 Evacuation Pause) 259M->260M(512M) 1.336ms
[5.458s] GC(392) Pause Young (Normal) (G1 Evacuation Pause) 338M->338M(512M) 2.967ms
[5.459s] GC(389) Pause Cleanup 340M->340M(512M) 0.106ms
[5.460s] GC(389) Concurrent Mark Cycle 49.510ms
[5.479s] GC(393) Pause Young (Prepare Mixed) (G1 Evacuation Pause) 391M->391M(512M) 2.421ms
[5.493s] GC(394) Pause Young (Mixed) (G1 Evacuation Pause) 427M->426M(512M) 1.823ms
[5.503s] GC(395) Pause Young (Concurrent Start) (G1 Evacuation Pause) 452M->452M(512M) 1.583ms
[5.503s] GC(396) Concurrent Mark Cycle
[5.512s] GC(397) Pause Young (Normal) (G1 Evacuation Pause) 473M->474M(512M) 1.633ms
[5.519s] GC(396) Pause Remark 492M->253M(512M) 1.223ms
[5.522s] GC(398) Pause Young (Normal) (G1 Evacuation Pause) 256M->256M(512M) 1.489ms
[5.551s] GC(399) Pause Young (Normal) (G1 Evacuation Pause) 335M->335M(512M) 3.225ms
[5.552s] GC(396) Pause Cleanup 338M->338M(512M) 0.125ms
[5.553s] GC(396) Concurrent Mark Cycle 49.453ms
[5.573s] GC(400) Pause Young (Prepare Mixed) (G1 Evacuation Pause) 389M->390M(512M) 2.712ms
[5.587s] GC(401) Pause Young (Mixed) (G1 Evacuation Pause) 427M->424M(512M) 2.151ms
[5.598s] GC(402) Pause Young (Concurrent Start) (G1 Evacuation Pause) 450M->451M(512M) 1.579ms
[5.598s] GC(403) Concurrent Mark Cycle
[5.606s] GC(404) Pause Young (Normal) (G1 Evacuation Pause) 472M->472M(512M) 1.302ms
[5.613s] GC(403) Pause Remark 491M->252M(512M) 1.270ms
[5.615s] GC(405) Pause Young (Normal) (G1 Evacuation Pause) 254M->255M(512M) 1.435ms
[5.644s] GC(406) Pause Young (Normal) (G1 Evacuation Pause) 334M->334M(512M) 3.263ms
[5.645s] GC(403) Pause Cleanup 337M->337M(512M) 0.118ms
[5.646s] GC(403) Concurrent Mark Cycle 47.811ms
[5.665s] GC(407) Pause Young (Prepare Mixed) (G1 Evacuation Pause) 388M->389M(512M) 2.428ms
[5.680s] GC(408) Pause Young (Mixed) (G1 Evacuation Pause) 426M->423M(512M) 1.924ms
[5.690s] GC(409) Pause Young (Concurrent Start) (G1 Evacuation Pause) 449M->450M(512M) 1.565ms
[5.690s] GC(410) Concurrent Mark Cycle
[5.698s] GC(411) Pause Young (Normal) (G1 Evacuation Pause) 471M->471M(512M) 1.248ms
[5.705s] GC(410) Pause Remark 491M->253M(512M) 0.851ms
[5.707s] GC(412) Pause Young (Normal) (G1 Evacuation Pause) 254M->255M(512M) 1.323ms
[5.736s] GC(413) Pause Young (Normal) (G1 Evacuation Pause) 334M->334M(512M) 3.260ms
[5.737s] GC(410) Pause Cleanup 338M->338M(512M) 0.138ms
[5.738s] GC(410) Concurrent Mark Cycle 47.848ms
[5.757s] GC(414) Pause Young (Prepare Mixed) (G1 Evacuation Pause) 389M->389M(512M) 2.421ms
[5.771s] GC(415) Pause Young (Mixed) (G1 Evacuation Pause) 426M->423M(512M) 2.000ms
[5.781s] GC(416) Pause Young (Concurrent Start) (G1 Evacuation Pause) 449M->450M(512M) 1.661ms
[5.781s] GC(417) Concurrent Mark Cycle
[5.789s] GC(418) Pause Young (Normal) (G1 Evacuation Pause) 471M->471M(512M) 1.421ms
[5.797s] GC(417) Pause Remark 492M->251M(512M) 0.946ms
[5.798s] GC(419) Pause Young (Normal) (G1 Evacuation Pause) 251M->252M(512M) 1.332ms
[5.828s] GC(420) Pause Young (Normal) (G1 Evacuation Pause) 332M->332M(512M) 3.286ms
[5.829s] GC(417) Pause Cleanup 336M->336M(512M) 0.149ms
[5.830s] GC(417) Concurrent Mark Cycle 48.239ms
[5.849s] GC(421) Pause Young (Prepare Mixed) (G1 Evacuation Pause) 387M->388M(512M) 2.584ms
[5.864s] GC(422) Pause Young (Mixed) (G1 Evacuation Pause) 426M->424M(512M) 1.948ms
[5.874s] GC(423) Pause Young (Concurrent Start) (G1 Evacuation Pause) 450M->451M(512M) 1.584ms
[5.874s] GC(424) Concurrent Mark Cycle
[5.882s] GC(425) Pause Young (Normal) (G1 Evacuation Pause) 472M->472M(512M) 1.407ms
[5.889s] GC(424) Pause Remark 493M->253M(512M) 0.990ms
[5.891s] GC(426) Pause Young (Normal) (G1 Evacuation Pause) 253M->254M(512M) 1.482ms
[5.920s] GC(427) Pause Young (Normal) (G1 Evacuation Pause) 334M->334M(512M) 3.247ms
[5.921s] GC(424) Pause Cleanup 336M->336M(512M) 0.120ms
[5.922s] GC(424) Concurrent Mark Cycle 47.565ms
[5.941s] GC(428) Pause Young (Prepare Mixed) (G1 Evacuation Pause) 388M->389M(512M) 2.508ms
[5.956s] GC(429) Pause Young (Mixed) (G1 Evacuation Pause) 426M->424M(512M) 2.305ms
[5.966s] GC(430) Pause Young (Concurrent Start) (G1 Evacuation Pause) 450M->451M(512M) 1.599ms
[5.966s] GC(431) Concurrent Mark Cycle
[5.974s] GC(432) Pause Young (Normal) (G1 Evacuation Pause) 472M->472M(512M) 1.313ms
[5.982s] GC(431) Pause Remark 491M->254M(512M) 1.183ms
[5.984s] GC(433) Pause Young (Normal) (G1 Evacuation Pause) 256M->256M(512M) 1.407ms
[6.013s] GC(434) Pause Young (Normal) (G1 Evacuation Pause) 335M->335M(512M) 2.955ms
[6.014s] GC(431) Pause Cleanup 338M->338M(512M) 0.112ms
[6.014s] GC(431) Concurrent Mark Cycle 47.610ms
[6.034s] GC(435) Pause Young (Prepare Mixed) (G1 Evacuation Pause) 389M->390M(512M) 2.397ms
[6.048s] GC(436) Pause Young (Mixed) (G1 Evacuation Pause) 427M->424M(512M) 2.006ms
[6.058s] GC(437) Pause Young (Concurrent Start) (G1 Evacuation Pause) 450M->451M(512M) 1.602ms
[6.058s] GC(438) Concurrent Mark Cycle
[6.066s] GC(439) Pause Young (Normal) (G1 Evacuation Pause) 472M->472M(512M) 1.550ms
[6.073s] GC(438) Pause Remark 490M->251M(512M) 1.312ms
[6.076s] GC(440) Pause Young (Normal) (G1 Evacuation Pause) 254M->255M(512M) 1.311ms
[6.105s] GC(441) Pause Young (Normal) (G1 Evacuation Pause) 334M->334M(512M) 3.060ms
[6.106s] GC(438) Pause Cleanup 336M->336M(512M) 0.122ms
[6.106s] GC(438) Concurrent Mark Cycle 47.494ms
[6.126s] GC(442) Pause Young (Prepare Mixed) (G1 Evacuation Pause) 388M->389M(512M) 2.735ms
[6.141s] GC(443) Pause Young (Mixed) (G1 Evacuation Pause) 426M->424M(512M) 2.033ms
[6.151s] GC(444) Pause Young (Concurrent Start) (G1 Evacuation Pause) 450M->451M(512M) 1.607ms
[6.151s] GC(445) Concurrent Mark Cycle
[6.159s] GC(446) Pause Young (Normal) (G1 Evacuation Pause) 472M->472M(512M) 1.584ms
[6.166s] GC(445) Pause Remark 492M->254M(512M) 0.883ms
[6.169s] GC(447) Pause Young (Normal) (G1 Evacuation Pause) 255M->255M(512M) 1.461ms
[6.197s] GC(448) Pause Young (Normal) (G1 Evacuation Pause) 334M->334M(512M) 3.061ms
[6.198s] GC(445) Pause Cleanup 336M->336M(512M) 0.116ms
[6.199s] GC(445) Concurrent Mark Cycle 47.716ms
[6.219s] GC(449) Pause Young (Prepare Mixed) (G1 Evacuation Pause) 388M->389M(512M) 2.528ms
[6.233s] GC(450) Pause Young (Mixed) (G1 Evacuation Pause) 426M->423M(512M) 2.069ms
[6.243s] GC(451) Pause Young (Concurrent Start) (G1 Evacuation Pause) 449M->449M(512M) 1.708ms
[6.243s] GC(452) Concurrent Mark Cycle
[6.251s] GC(453) Pause Young (Normal) (G1 Evacuation Pause) 470M->471M(512M) 1.393ms
[6.259s] GC(452) Pause Remark 491M->252M(512M) 0.880ms
[6.260s] GC(454) Pause Young (Normal) (G1 Evacuation Pause) 253M->253M(512M) 1.416ms
[6.290s] GC(455) Pause Young (Normal) (G1 Evacuation Pause) 333M->334M(512M) 3.076ms
[6.291s] GC(452) Pause Cleanup 337M->337M(512M) 0.128ms
[6.291s] GC(452) Concurrent Mark Cycle 47.756ms
[6.311s] GC(456) Pause Young (Prepare Mixed) (G1 Evacuation Pause) 389M->389M(512M) 2.578ms
[6.326s] GC(457) Pause Young (Mixed) (G1 Evacuation Pause) 426M->425M(512M) 2.121ms
[6.336s] GC(458) Pause Young (Concurrent Start) (G1 Evacuation Pause) 451M->451M(512M) 1.561ms
[6.336s] GC(459) Concurrent Mark Cycle
[6.344s] GC(460) Pause Young (Normal) (G1 Evacuation Pause) 472M->473M(512M) 1.486ms
[6.351s] GC(459) Pause Remark 493M->255M(512M) 1.018ms
[6.353s] GC(461) Pause Young (Normal) (G1 Evacuation Pause) 256M->256M(512M) 1.522ms
[6.382s] GC(462) Pause Young (Normal) (G1 Evacuation Pause) 335M->335M(512M) 3.152ms
[6.383s] GC(459) Pause Cleanup 338M->338M(512M) 0.125ms
[6.384s] GC(459) Concurrent Mark Cycle 47.982ms
[6.403s] GC(463) Pause Young (Prepare Mixed) (G1 Evacuation Pause) 389M->390M(512M) 2.635ms
[6.418s] GC(464) Pause Young (Mixed) (G1 Evacuation Pause) 427M->424M(512M) 2.133ms
[6.428s] GC(465) Pause Young (Concurrent Start) (G1 Evacuation Pause) 450M->451M(512M) 1.577ms
[6.428s] GC(466) Concurrent Mark Cycle
[6.436s] GC(467) Pause Young (Normal) (G1 Evacuation Pause) 472M->472M(512M) 1.363ms
[6.443s] GC(466) Pause Remark 491M->252M(512M) 1.138ms
[6.445s] GC(468) Pause Young (Normal) (G1 Evacuation Pause) 254M->255M(512M) 1.241ms
[6.474s] GC(469) Pause Young (Normal) (G1 Evacuation Pause) 334M->334M(512M) 3.004ms
[6.475s] GC(466) Pause Cleanup 336M->336M(512M) 0.120ms
[6.475s] GC(466) Concurrent Mark Cycle 47.220ms
[6.495s] GC(470) Pause Young (Prepare Mixed) (G1 Evacuation Pause) 388M->389M(512M) 2.538ms
[6.510s] GC(471) Pause Young (Mixed) (G1 Evacuation Pause) 426M->423M(512M) 1.909ms
[6.520s] GC(472) Pause Young (Concurrent Start) (G1 Evacuation Pause) 449M->450M(512M) 1.532ms
[6.520s] GC(473) Concurrent Mark Cycle
[6.528s] GC(474) Pause Young (Normal) (G1 Evacuation Pause) 471M->471M(512M) 1.509ms
[6.535s] GC(473) Pause Remark 489M->254M(512M) 1.376ms
[6.538s] GC(475) Pause Young (Normal) (G1 Evacuation Pause) 257M->258M(512M) 1.590ms
[6.567s] GC(476) Pause Young (Normal) (G1 Evacuation Pause) 336M->336M(512M) 3.215ms
[6.568s] GC(473) Pause Cleanup 338M->338M(512M) 0.113ms
[6.568s] GC(473) Concurrent Mark Cycle 48.362ms
[6.588s] GC(477) Pause Young (Prepare Mixed) (G1 Evacuation Pause) 390M->390M(512M) 2.627ms
[6.603s] GC(478) Pause Young (Mixed) (G1 Evacuation Pause) 427M->425M(512M) 2.070ms
[6.613s] GC(479) Pause Young (Concurrent Start) (G1 Evacuation Pause) 451M->451M(512M) 1.569ms
[6.613s] GC(480) Concurrent Mark Cycle
[6.621s] GC(481) Pause Young (Normal) (G1 Evacuation Pause) 472M->472M(512M) 1.309ms
[6.629s] GC(480) Pause Remark 491M->251M(512M) 0.856ms
[6.631s] GC(482) Pause Young (Normal) (G1 Evacuation Pause) 253M->254M(512M) 1.370ms
[6.660s] GC(483) Pause Young (Normal) (G1 Evacuation Pause) 334M->334M(512M) 3.222ms
[6.661s] GC(480) Pause Cleanup 336M->336M(512M) 0.112ms
[6.661s] GC(480) Concurrent Mark Cycle 48.374ms
[6.681s] GC(484) Pause Young (Prepare Mixed) (G1 Evacuation Pause) 388M->388M(512M) 2.562ms
[6.696s] GC(485) Pause Young (Mixed) (G1 Evacuation Pause) 425M->424M(512M) 2.083ms
[6.706s] GC(486) Pause Young (Concurrent Start) (G1 Evacuation Pause) 450M->450M(512M) 1.529ms
[6.706s] GC(487) Concurrent Mark Cycle
[6.714s] GC(488) Pause Young (Normal) (G1 Evacuation Pause) 471M->472M(512M) 1.506ms
[6.721s] GC(487) Pause Remark 492M->253M(512M) 0.919ms
[6.723s] GC(489) Pause Young (Normal) (G1 Evacuation Pause) 254M->254M(512M) 1.308ms
[6.752s] GC(490) Pause Young (Normal) (G1 Evacuation Pause) 333M->334M(512M) 3.258ms
[6.754s] GC(487) Pause Cleanup 338M->338M(512M) 0.119ms
[6.754s] GC(487) Concurrent Mark Cycle 48.038ms
[6.774s] GC(491) Pause Young (Prepare Mixed) (G1 Evacuation Pause) 389M->389M(512M) 2.643ms
[6.788s] GC(492) Pause Young (Mixed) (G1 Evacuation Pause) 426M->425M(512M) 1.985ms
[6.798s] GC(493) Pause Young (Concurrent Start) (G1 Evacuation Pause) 451M->451M(512M) 1.614ms
[6.798s] GC(494) Concurrent Mark Cycle
[6.806s] GC(495) Pause Young (Normal) (G1 Evacuation Pause) 472M->473M(512M) 1.420ms
[6.813s] GC(494) Pause Remark 493M->255M(512M) 0.964ms
[6.815s] GC(496) Pause Young (Normal) (G1 Evacuation Pause) 256M->256M(512M) 1.248ms
[6.844s] GC(497) Pause Young (Normal) (G1 Evacuation Pause) 335M->336M(512M) 3.261ms
[6.845s] GC(494) Pause Cleanup 340M->340M(512M) 0.106ms
[6.846s] GC(494) Concurrent Mark Cycle 47.704ms
[6.865s] GC(498) Pause Young (Prepare Mixed) (G1 Evacuation Pause) 390M->390M(512M) 2.776ms
[6.880s] GC(499) Pause Young (Mixed) (G1 Evacuation Pause) 427M->425M(512M) 1.972ms
[6.890s] GC(500) Pause Young (Concurrent Start) (G1 Evacuation Pause) 451M->451M(512M) 1.580ms
[6.890s] GC(501) Concurrent Mark Cycle
[6.898s] GC(502) Pause Young (Normal) (G1 Evacuation Pause) 472M->473M(512M) 1.483ms
[6.905s] GC(501) Pause Remark 492M->254M(512M) 1.110ms
[6.907s] GC(503) Pause Young (Normal) (G1 Evacuation Pause) 256M->256M(512M) 1.532ms
[6.932s] GC(501) Pause Cleanup 333M->333M(512M) 0.142ms
[6.933s] GC(501) Concurrent Mark Cycle 42.949ms
[6.936s] GC(504) Pause Young (Prepare Mixed) (G1 Evacuation Pause) 335M->336M(512M) 2.925ms
[6.957s] GC(505) Pause Young (Mixed) (G1 Evacuation Pause) 390M->387M(512M) 2.728ms
[6.972s] GC(506) Pause Young (Concurrent Start) (G1 Evacuation Pause) 425M->425M(512M) 2.266ms
[6.972s] GC(507) Concurrent Mark Cycle
[6.983s] GC(508) Pause Young (Normal) (G1 Evacuation Pause) 451M->452M(512M) 1.520ms
[6.989s] GC(507) Pause Remark 467M->254M(512M) 1.103ms
[6.992s] GC(509) Pause Young (Normal) (G1 Evacuation Pause) 260M->260M(512M) 1.330ms
[7.020s] GC(510) Pause Young (Normal) (G1 Evacuation Pause) 337M->338M(512M) 2.916ms
[7.021s] GC(507) Pause Cleanup 339M->339M(512M) 0.113ms
[7.021s] GC(507) Concurrent Mark Cycle 48.383ms
[7.041s] GC(511) Pause Young (Prepare Mixed) (G1 Evacuation Pause) 391M->391M(512M) 2.651ms
[7.055s] GC(512) Pause Young (Mixed) (G1 Evacuation Pause) 428M->425M(512M) 2.083ms
[7.065s] GC(513) Pause Young (Concurrent Start) (G1 Evacuation Pause) 451M->452M(512M) 1.596ms
[7.065s] GC(514) Concurrent Mark Cycle
[7.073s] GC(515) Pause Young (Normal) (G1 Evacuation Pause) 473M->473M(512M) 1.362ms
[7.082s] GC(514) Pause Remark 494M->257M(512M) 1.241ms
[7.083s] GC(516) Pause Young (Normal) (G1 Evacuation Pause) 257M->258M(512M) 1.367ms
[7.113s] GC(517) Pause Young (Normal) (G1 Evacuation Pause) 336M->336M(512M) 3.667ms
[7.115s] GC(514) Pause Cleanup 340M->340M(512M) 0.113ms
[7.115s] GC(514) Concurrent Mark Cycle 49.971ms
[7.134s] GC(518) Pause Young (Prepare Mixed) (G1 Evacuation Pause) 390M->390M(512M) 2.645ms
[7.149s] GC(519) Pause Young (Mixed) (G1 Evacuation Pause) 427M->425M(512M) 2.055ms
[7.159s] GC(520) Pause Young (Concurrent Start) (G1 Evacuation Pause) 451M->451M(512M) 1.925ms
[7.159s] GC(521) Concurrent Mark Cycle
[7.168s] GC(522) Pause Young (Normal) (G1 Evacuation Pause) 472M->473M(512M) 1.558ms
[7.175s] GC(521) Pause Remark 493M->253M(512M) 0.933ms
[7.177s] GC(523) Pause Young (Normal) (G1 Evacuation Pause) 254M->254M(512M) 1.526ms
[7.207s] GC(524) Pause Young (Normal) (G1 Evacuation Pause) 333M->334M(512M) 3.149ms
[7.208s] GC(521) Pause Cleanup 336M->336M(512M) 0.131ms
[7.208s] GC(521) Concurrent Mark Cycle 48.668ms
[7.228s] GC(525) Pause Young (Prepare Mixed) (G1 Evacuation Pause) 389M->389M(512M) 2.817ms
[7.243s] GC(526) Pause Young (Mixed) (G1 Evacuation Pause) 426M->425M(512M) 2.113ms
[7.253s] GC(527) Pause Young (Concurrent Start) (G1 Evacuation Pause) 451M->451M(512M) 1.661ms
[7.253s] GC(528) Concurrent Mark Cycle
[7.261s] GC(529) Pause Young (Normal) (G1 Evacuation Pause) 472M->473M(512M) 1.571ms
[7.269s] GC(528) Pause Remark 493M->252M(512M) 0.949ms
[7.271s] GC(530) Pause Young (Normal) (G1 Evacuation Pause) 253M->253M(512M) 1.657ms
[7.298s] GC(528) Pause Cleanup 333M->333M(512M) 0.144ms
[7.298s] GC(528) Concurrent Mark Cycle 45.204ms
[7.301s] GC(531) Pause Young (Prepare Mixed) (G1 Evacuation Pause) 333M->334M(512M) 3.102ms
[7.323s] GC(532) Pause Young (Mixed) (G1 Evacuation Pause) 389M->387M(512M) 2.717ms
[7.338s] GC(533) Pause Young (Concurrent Start) (G1 Evacuation Pause) 425M->426M(512M) 2.532ms
[7.338s] GC(534) Concurrent Mark Cycle
[7.348s] GC(535) Pause Young (Normal) (G1 Evacuation Pause) 452M->452M(512M) 1.599ms
[7.355s] GC(534) Pause Remark 470M->256M(512M) 1.006ms
[7.358s] GC(536) Pause Young (Normal) (G1 Evacuation Pause) 259M->260M(512M) 1.432ms
[7.388s] GC(537) Pause Young (Normal) (G1 Evacuation Pause) 338M->338M(512M) 3.197ms
[7.389s] GC(534) Pause Cleanup 339M->339M(512M) 0.128ms
[7.389s] GC(534) Concurrent Mark Cycle 51.062ms
[7.409s] GC(538) Pause Young (Prepare Mixed) (G1 Evacuation Pause) 391M->392M(512M) 2.626ms
[7.423s] GC(539) Pause Young (Mixed) (G1 Evacuation Pause) 428M->426M(512M) 2.604ms
[7.434s] GC(540) Pause Young (Concurrent Start) (G1 Evacuation Pause) 451M->452M(512M) 1.736ms
[7.434s] GC(541) Concurrent Mark Cycle
[7.443s] GC(542) Pause Young (Normal) (G1 Evacuation Pause) 473M->473M(512M) 1.587ms
[7.450s] GC(541) Pause Remark 492M->255M(512M) 1.229ms
[7.453s] GC(543) Pause Young (Normal) (G1 Evacuation Pause) 257M->258M(512M) 1.660ms
[7.480s] GC(541) Pause Cleanup 336M->336M(512M) 0.156ms
[7.483s] GC(544) Pause Young (Prepare Mixed) (G1 Evacuation Pause) 336M->336M(512M) 3.135ms
[7.483s] GC(541) Concurrent Mark Cycle 49.415ms
[7.505s] GC(545) Pause Young (Mixed) (G1 Evacuation Pause) 390M->387M(512M) 2.766ms
[7.520s] GC(546) Pause Young (Concurrent Start) (G1 Evacuation Pause) 425M->425M(512M) 2.351ms
[7.520s] GC(547) Concurrent Mark Cycle
[7.530s] GC(548) Pause Young (Normal) (G1 Evacuation Pause) 451M->451M(512M) 1.642ms
[7.537s] GC(547) Pause Remark 468M->254M(512M) 1.110ms
[7.540s] GC(549) Pause Young (Normal) (G1 Evacuation Pause) 258M->259M(512M) 1.512ms
[7.571s] GC(550) Pause Young (Normal) (G1 Evacuation Pause) 337M->337M(512M) 3.361ms
[7.571s] GC(547) Pause Cleanup 338M->338M(512M) 0.127ms
[7.571s] GC(547) Concurrent Mark Cycle 51.472ms
[7.592s] GC(551) Pause Young (Prepare Mixed) (G1 Evacuation Pause) 390M->391M(512M) 2.840ms
[7.607s] GC(552) Pause Young (Mixed) (G1 Evacuation Pause) 428M->426M(512M) 2.281ms
[7.617s] GC(553) Pause Young (Concurrent Start) (G1 Evacuation Pause) 451M->452M(512M) 1.711ms
[7.617s] GC(554) Concurrent Mark Cycle
[7.626s] GC(555) Pause Young (Normal) (G1 Evacuation Pause) 473M->473M(512M) 1.762ms
[7.633s] GC(554) Pause Remark 489M->249M(512M) 1.444ms
[7.637s] GC(556) Pause Young (Normal) (G1 Evacuation Pause) 254M->254M(512M) 1.666ms
[7.663s] GC(554) Pause Cleanup 331M->331M(512M) 0.145ms
[7.664s] GC(554) Concurrent Mark Cycle 46.396ms
[7.667s] GC(557) Pause Young (Prepare Mixed) (G1 Evacuation Pause) 333M->333M(512M) 3.271ms
[7.689s] GC(558) Pause Young (Mixed) (G1 Evacuation Pause) 388M->387M(512M) 3.059ms
[7.705s] GC(559) Pause Young (Concurrent Start) (G1 Evacuation Pause) 425M->425M(512M) 2.396ms
[7.705s] GC(560) Concurrent Mark Cycle
[7.716s] GC(561) Pause Young (Normal) (G1 Evacuation Pause) 451M->451M(512M) 1.608ms
[7.723s] GC(560) Pause Remark 469M->253M(512M) 0.940ms
[7.726s] GC(562) Pause Young (Normal) (G1 Evacuation Pause) 256M->257M(512M) 1.409ms
[7.757s] GC(563) Pause Young (Normal) (G1 Evacuation Pause) 336M->336M(512M) 3.539ms
[7.757s] GC(560) Pause Cleanup 337M->337M(512M) 0.149ms
[7.758s] GC(560) Concurrent Mark Cycle 52.464ms
[7.779s] GC(564) Pause Young (Prepare Mixed) (G1 Evacuation Pause) 390M->391M(512M) 2.909ms
[7.794s] GC(565) Pause Young (Mixed) (G1 Evacuation Pause) 428M->426M(512M) 2.999ms
[7.805s] GC(566) Pause Young (Concurrent Start) (G1 Evacuation Pause) 451M->452M(512M) 1.830ms
[7.805s] GC(567) Concurrent Mark Cycle
[7.814s] GC(568) Pause Young (Normal) (G1 Evacuation Pause) 473M->473M(512M) 1.458ms
[7.822s] GC(567) Pause Remark 493M->251M(512M) 1.055ms
[7.825s] GC(569) Pause Young (Normal) (G1 Evacuation Pause) 252M->253M(512M) 1.620ms
[7.852s] GC(567) Pause Cleanup 331M->331M(512M) 0.168ms
[7.852s] GC(567) Concurrent Mark Cycle 47.286ms
[7.856s] GC(570) Pause Young (Prepare Mixed) (G1 Evacuation Pause) 333M->333M(512M) 3.420ms
[7.878s] GC(571) Pause Young (Mixed) (G1 Evacuation Pause) 388M->386M(512M) 2.890ms
[7.894s] GC(572) Pause Young (Concurrent Start) (G1 Evacuation Pause) 424M->425M(512M) 2.546ms
[7.894s] GC(573) Concurrent Mark Cycle
[7.905s] GC(574) Pause Young (Normal) (G1 Evacuation Pause) 451M->451M(512M) 1.766ms
[7.912s] GC(573) Pause Remark 470M->256M(512M) 0.963ms
[7.915s] GC(575) Pause Young (Normal) (G1 Evacuation Pause) 258M->259M(512M) 1.738ms
[7.945s] GC(576) Pause Young (Normal) (G1 Evacuation Pause) 337M->337M(512M) 3.367ms
[7.946s] GC(573) Pause Cleanup 338M->338M(512M) 0.174ms
[7.946s] GC(573) Concurrent Mark Cycle 52.044ms
[7.966s] GC(577) Pause Young (Prepare Mixed) (G1 Evacuation Pause) 390M->391M(512M) 2.558ms
[7.980s] GC(578) Pause Young (Mixed) (G1 Evacuation Pause) 428M->426M(512M) 2.386ms
[7.990s] GC(579) Pause Young (Concurrent Start) (G1 Evacuation Pause) 451M->452M(512M) 1.675ms
[7.991s] GC(580) Concurrent Mark Cycle
[7.999s] GC(581) Pause Young (Normal) (G1 Evacuation Pause) 473M->473M(512M) 1.524ms
[8.007s] GC(580) Pause Remark 492M->256M(512M) 1.169ms
[8.009s] GC(582) Pause Young (Normal) (G1 Evacuation Pause) 258M->259M(512M) 1.640ms
[8.035s] GC(580) Pause Cleanup 334M->334M(512M) 0.136ms
[8.036s] GC(580) Concurrent Mark Cycle 44.977ms
[8.040s] GC(583) Pause Young (Prepare Mixed) (G1 Evacuation Pause) 337M->337M(512M) 3.663ms
[8.061s] GC(584) Pause Young (Mixed) (G1 Evacuation Pause) 391M->388M(512M) 3.021ms
[8.076s] GC(585) Pause Young (Concurrent Start) (G1 Evacuation Pause) 425M->426M(512M) 2.278ms
[8.076s] GC(586) Concurrent Mark Cycle
[8.087s] GC(587) Pause Young (Normal) (G1 Evacuation Pause) 452M->452M(512M) 1.690ms
[8.094s] GC(586) Pause Remark 469M->256M(512M) 1.051ms
[8.097s] GC(588) Pause Young (Normal) (G1 Evacuation Pause) 260M->261M(512M) 1.520ms
[8.126s] GC(589) Pause Young (Normal) (G1 Evacuation Pause) 338M->338M(512M) 3.179ms
[8.127s] GC(586) Pause Cleanup 340M->340M(512M) 0.134ms
[8.128s] GC(586) Concurrent Mark Cycle 51.209ms
[8.147s] GC(590) Pause Young (Prepare Mixed) (G1 Evacuation Pause) 391M->391M(512M) 2.603ms
[8.162s] GC(591) Pause Young (Mixed) (G1 Evacuation Pause) 427M->425M(512M) 2.435ms
[8.173s] GC(592) Pause Young (Concurrent Start) (G1 Evacuation Pause) 451M->451M(512M) 1.794ms
[8.173s] GC(593) Concurrent Mark Cycle
[8.181s] GC(594) Pause Young (Normal) (G1 Evacuation Pause) 472M->473M(512M) 1.491ms
[8.190s] GC(593) Pause Remark 492M->255M(512M) 1.429ms
[8.192s] GC(595) Pause Young (Normal) (G1 Evacuation Pause) 257M->257M(512M) 1.637ms
[8.223s] GC(596) Pause Young (Normal) (G1 Evacuation Pause) 335M->336M(512M) 3.504ms
[8.224s] GC(593) Pause Cleanup 337M->337M(512M) 0.150ms
[8.224s] GC(593) Concurrent Mark Cycle 51.580ms
