1402:C 24 Sep 2026 02:40:00.068 * oO0OoO0OoO0Oo Redis is starting oO0OoO0OoO0Oo
1402:C 24 Sep 2026 02:40:00.068 * Redis version=8.10.1, bits=64, commit=00000000, modified=1, pid=1402, just started
1402:C 24 Sep 2026 02:40:00.068 * Configuration loaded
1402:M 24 Sep 2026 02:40:00.068 * monotonic clock: ARM CNTVCT @ 24 ticks/us
1402:M 24 Sep 2026 02:40:00.069 * Running mode=standalone, port=6379.
1402:M 24 Sep 2026 02:40:00.069 * Server initialized
1402:M 24 Sep 2026 02:40:00.070 * BGSAVE done, 0 keys saved, 0 keys skipped, 89 bytes written.
1402:M 24 Sep 2026 02:40:00.070 * Creating AOF base file appendonly.aof.1.base.rdb on server start
1402:M 24 Sep 2026 02:40:00.072 * Creating AOF incr file appendonly.aof.1.incr.aof on server start
1402:M 24 Sep 2026 02:40:00.072 * Ready to accept connections tcp
1402:M 24 Sep 2026 02:40:00.072 # WARNING: Redis does not require authentication and is not protected by network restrictions. Redis will accept connections from any IP address on any network interface.
1516:C 24 Sep 2026 02:40:06.919 * oO0OoO0OoO0Oo Redis is starting oO0OoO0OoO0Oo
1516:C 24 Sep 2026 02:40:06.919 * Redis version=8.10.1, bits=64, commit=00000000, modified=1, pid=1516, just started
1516:C 24 Sep 2026 02:40:06.919 * Configuration loaded
1516:M 24 Sep 2026 02:40:06.920 * monotonic clock: ARM CNTVCT @ 24 ticks/us
1516:M 24 Sep 2026 02:40:06.921 * Running mode=standalone, port=6379.
1516:M 24 Sep 2026 02:40:06.921 * Server initialized
1516:M 24 Sep 2026 02:40:06.922 * Reading RDB base file on AOF loading...
1516:M 24 Sep 2026 02:40:06.922 * Loading RDB produced by version 8.10.1
1516:M 24 Sep 2026 02:40:06.922 * RDB age 6 seconds
1516:M 24 Sep 2026 02:40:06.922 * RDB memory usage when created 0.71 Mb
1516:M 24 Sep 2026 02:40:06.922 * RDB is base AOF
1516:M 24 Sep 2026 02:40:06.922 * Done loading RDB, keys loaded: 0, keys expired: 0.
1516:M 24 Sep 2026 02:40:06.922 * DB loaded from base file appendonly.aof.1.base.rdb: 0.000 seconds
1516:M 24 Sep 2026 02:40:06.928 * DB loaded from incr file appendonly.aof.1.incr.aof: 0.006 seconds
1516:M 24 Sep 2026 02:40:06.928 * DB loaded from append only file: 0.006 seconds
1516:M 24 Sep 2026 02:40:06.929 * Opening AOF incr file appendonly.aof.1.incr.aof on server start
1516:M 24 Sep 2026 02:40:06.929 * Ready to accept connections tcp
1516:M 24 Sep 2026 02:40:06.929 # WARNING: Redis does not require authentication and is not protected by network restrictions. Redis will accept connections from any IP address on any network interface.
