2507:C 24 Sep 2026 02:40:47.282 * oO0OoO0OoO0Oo Redis is starting oO0OoO0OoO0Oo
2507:C 24 Sep 2026 02:40:47.282 * Redis version=8.10.1, bits=64, commit=00000000, modified=1, pid=2507, just started
2507:C 24 Sep 2026 02:40:47.282 * Configuration loaded
2507:M 24 Sep 2026 02:40:47.282 * monotonic clock: ARM CNTVCT @ 24 ticks/us
2507:M 24 Sep 2026 02:40:47.283 * Running mode=standalone, port=6379.
2507:M 24 Sep 2026 02:40:47.283 * Server initialized
2507:M 24 Sep 2026 02:40:47.284 * BGSAVE done, 0 keys saved, 0 keys skipped, 89 bytes written.
2507:M 24 Sep 2026 02:40:47.284 * Creating AOF base file appendonly.aof.1.base.rdb on server start
2507:M 24 Sep 2026 02:40:47.285 * Creating AOF incr file appendonly.aof.1.incr.aof on server start
2507:M 24 Sep 2026 02:40:47.285 * Ready to accept connections tcp
2507:M 24 Sep 2026 02:40:47.285 # WARNING: Redis does not require authentication and is not protected by network restrictions. Redis will accept connections from any IP address on any network interface.
2629:C 24 Sep 2026 02:40:54.137 * oO0OoO0OoO0Oo Redis is starting oO0OoO0OoO0Oo
2629:C 24 Sep 2026 02:40:54.138 * Redis version=8.10.1, bits=64, commit=00000000, modified=1, pid=2629, just started
2629:C 24 Sep 2026 02:40:54.138 * Configuration loaded
2629:M 24 Sep 2026 02:40:54.138 * monotonic clock: ARM CNTVCT @ 24 ticks/us
2629:M 24 Sep 2026 02:40:54.139 * Running mode=standalone, port=6379.
2629:M 24 Sep 2026 02:40:54.139 * Server initialized
2629:M 24 Sep 2026 02:40:54.141 * Reading RDB base file on AOF loading...
2629:M 24 Sep 2026 02:40:54.141 * Loading RDB produced by version 8.10.1
2629:M 24 Sep 2026 02:40:54.141 * RDB age 7 seconds
2629:M 24 Sep 2026 02:40:54.141 * RDB memory usage when created 0.71 Mb
2629:M 24 Sep 2026 02:40:54.141 * RDB is base AOF
2629:M 24 Sep 2026 02:40:54.141 * Done loading RDB, keys loaded: 0, keys expired: 0.
2629:M 24 Sep 2026 02:40:54.141 * DB loaded from base file appendonly.aof.1.base.rdb: 0.001 seconds
2629:M 24 Sep 2026 02:40:54.147 * DB loaded from incr file appendonly.aof.1.incr.aof: 0.006 seconds
2629:M 24 Sep 2026 02:40:54.147 * DB loaded from append only file: 0.007 seconds
2629:M 24 Sep 2026 02:40:54.148 * Opening AOF incr file appendonly.aof.1.incr.aof on server start
2629:M 24 Sep 2026 02:40:54.148 * Ready to accept connections tcp
2629:M 24 Sep 2026 02:40:54.148 # WARNING: Redis does not require authentication and is not protected by network restrictions. Redis will accept connections from any IP address on any network interface.
