691:C 24 Sep 2026 02:39:28.852 * oO0OoO0OoO0Oo Redis is starting oO0OoO0OoO0Oo
691:C 24 Sep 2026 02:39:28.852 * Redis version=8.10.1, bits=64, commit=00000000, modified=1, pid=691, just started
691:C 24 Sep 2026 02:39:28.852 * Configuration loaded
691:M 24 Sep 2026 02:39:28.853 * monotonic clock: ARM CNTVCT @ 24 ticks/us
691:M 24 Sep 2026 02:39:28.853 * Running mode=standalone, port=6379.
691:M 24 Sep 2026 02:39:28.854 * Server initialized
691:M 24 Sep 2026 02:39:28.854 * BGSAVE done, 0 keys saved, 0 keys skipped, 89 bytes written.
691:M 24 Sep 2026 02:39:28.855 * Creating AOF base file appendonly.aof.1.base.rdb on server start
691:M 24 Sep 2026 02:39:28.857 * Creating AOF incr file appendonly.aof.1.incr.aof on server start
691:M 24 Sep 2026 02:39:28.857 * Ready to accept connections tcp
691:M 24 Sep 2026 02:39:28.857 # WARNING: Redis does not require authentication and is not protected by network restrictions. Redis will accept connections from any IP address on any network interface.
783:C 24 Sep 2026 02:39:35.485 * oO0OoO0OoO0Oo Redis is starting oO0OoO0OoO0Oo
783:C 24 Sep 2026 02:39:35.485 * Redis version=8.10.1, bits=64, commit=00000000, modified=1, pid=783, just started
783:C 24 Sep 2026 02:39:35.485 * Configuration loaded
783:M 24 Sep 2026 02:39:35.485 * monotonic clock: ARM CNTVCT @ 24 ticks/us
783:M 24 Sep 2026 02:39:35.486 * Running mode=standalone, port=6379.
783:M 24 Sep 2026 02:39:35.486 * Server initialized
783:M 24 Sep 2026 02:39:35.487 * Reading RDB base file on AOF loading...
783:M 24 Sep 2026 02:39:35.487 * Loading RDB produced by version 8.10.1
783:M 24 Sep 2026 02:39:35.487 * RDB age 7 seconds
783:M 24 Sep 2026 02:39:35.487 * RDB memory usage when created 0.71 Mb
783:M 24 Sep 2026 02:39:35.487 * RDB is base AOF
783:M 24 Sep 2026 02:39:35.487 * Done loading RDB, keys loaded: 0, keys expired: 0.
783:M 24 Sep 2026 02:39:35.487 * DB loaded from base file appendonly.aof.1.base.rdb: 0.001 seconds
783:M 24 Sep 2026 02:39:35.490 * DB loaded from incr file appendonly.aof.1.incr.aof: 0.003 seconds
783:M 24 Sep 2026 02:39:35.490 * DB loaded from append only file: 0.004 seconds
783:M 24 Sep 2026 02:39:35.490 * Opening AOF incr file appendonly.aof.1.incr.aof on server start
783:M 24 Sep 2026 02:39:35.490 * Ready to accept connections tcp
783:M 24 Sep 2026 02:39:35.490 # WARNING: Redis does not require authentication and is not protected by network restrictions. Redis will accept connections from any IP address on any network interface.
