2140:C 24 Sep 2026 02:40:31.540 * oO0OoO0OoO0Oo Redis is starting oO0OoO0OoO0Oo
2140:C 24 Sep 2026 02:40:31.540 * Redis version=8.10.1, bits=64, commit=00000000, modified=1, pid=2140, just started
2140:C 24 Sep 2026 02:40:31.540 * Configuration loaded
2140:M 24 Sep 2026 02:40:31.540 * monotonic clock: ARM CNTVCT @ 24 ticks/us
2140:M 24 Sep 2026 02:40:31.541 * Running mode=standalone, port=6379.
2140:M 24 Sep 2026 02:40:31.542 * Server initialized
2140:M 24 Sep 2026 02:40:31.542 * BGSAVE done, 0 keys saved, 0 keys skipped, 89 bytes written.
2140:M 24 Sep 2026 02:40:31.543 * Creating AOF base file appendonly.aof.1.base.rdb on server start
2140:M 24 Sep 2026 02:40:31.544 * Creating AOF incr file appendonly.aof.1.incr.aof on server start
2140:M 24 Sep 2026 02:40:31.544 * Ready to accept connections tcp
2140:M 24 Sep 2026 02:40:31.544 # WARNING: Redis does not require authentication and is not protected by network restrictions. Redis will accept connections from any IP address on any network interface.
2254:C 24 Sep 2026 02:40:38.394 * oO0OoO0OoO0Oo Redis is starting oO0OoO0OoO0Oo
2254:C 24 Sep 2026 02:40:38.394 * Redis version=8.10.1, bits=64, commit=00000000, modified=1, pid=2254, just started
2254:C 24 Sep 2026 02:40:38.394 * Configuration loaded
2254:M 24 Sep 2026 02:40:38.395 * monotonic clock: ARM CNTVCT @ 24 ticks/us
2254:M 24 Sep 2026 02:40:38.396 * Running mode=standalone, port=6379.
2254:M 24 Sep 2026 02:40:38.396 * Server initialized
2254:M 24 Sep 2026 02:40:38.398 * Reading RDB base file on AOF loading...
2254:M 24 Sep 2026 02:40:38.398 * Loading RDB produced by version 8.10.1
2254:M 24 Sep 2026 02:40:38.398 * RDB age 7 seconds
2254:M 24 Sep 2026 02:40:38.398 * RDB memory usage when created 0.71 Mb
2254:M 24 Sep 2026 02:40:38.398 * RDB is base AOF
2254:M 24 Sep 2026 02:40:38.398 * Done loading RDB, keys loaded: 0, keys expired: 0.
2254:M 24 Sep 2026 02:40:38.398 * DB loaded from base file appendonly.aof.1.base.rdb: 0.001 seconds
2254:M 24 Sep 2026 02:40:38.407 * DB loaded from incr file appendonly.aof.1.incr.aof: 0.009 seconds
2254:M 24 Sep 2026 02:40:38.407 * DB loaded from append only file: 0.011 seconds
2254:M 24 Sep 2026 02:40:38.408 * Opening AOF incr file appendonly.aof.1.incr.aof on server start
2254:M 24 Sep 2026 02:40:38.408 * Ready to accept connections tcp
2254:M 24 Sep 2026 02:40:38.408 # WARNING: Redis does not require authentication and is not protected by network restrictions. Redis will accept connections from any IP address on any network interface.
