2321:C 24 Sep 2026 02:40:39.409 * oO0OoO0OoO0Oo Redis is starting oO0OoO0OoO0Oo
2321:C 24 Sep 2026 02:40:39.409 * Redis version=8.10.1, bits=64, commit=00000000, modified=1, pid=2321, just started
2321:C 24 Sep 2026 02:40:39.409 * Configuration loaded
2321:M 24 Sep 2026 02:40:39.410 * monotonic clock: ARM CNTVCT @ 24 ticks/us
2321:M 24 Sep 2026 02:40:39.410 * Running mode=standalone, port=6379.
2321:M 24 Sep 2026 02:40:39.411 * Server initialized
2321:M 24 Sep 2026 02:40:39.411 * BGSAVE done, 0 keys saved, 0 keys skipped, 89 bytes written.
2321:M 24 Sep 2026 02:40:39.412 * Creating AOF base file appendonly.aof.1.base.rdb on server start
2321:M 24 Sep 2026 02:40:39.413 * Creating AOF incr file appendonly.aof.1.incr.aof on server start
2321:M 24 Sep 2026 02:40:39.413 * Ready to accept connections tcp
2321:M 24 Sep 2026 02:40:39.413 # WARNING: Redis does not require authentication and is not protected by network restrictions. Redis will accept connections from any IP address on any network interface.
2441:C 24 Sep 2026 02:40:46.258 * oO0OoO0OoO0Oo Redis is starting oO0OoO0OoO0Oo
2441:C 24 Sep 2026 02:40:46.258 * Redis version=8.10.1, bits=64, commit=00000000, modified=1, pid=2441, just started
2441:C 24 Sep 2026 02:40:46.258 * Configuration loaded
2441:M 24 Sep 2026 02:40:46.258 * monotonic clock: ARM CNTVCT @ 24 ticks/us
2441:M 24 Sep 2026 02:40:46.259 * Running mode=standalone, port=6379.
2441:M 24 Sep 2026 02:40:46.259 * Server initialized
2441:M 24 Sep 2026 02:40:46.261 * Reading RDB base file on AOF loading...
2441:M 24 Sep 2026 02:40:46.261 * Loading RDB produced by version 8.10.1
2441:M 24 Sep 2026 02:40:46.261 * RDB age 7 seconds
2441:M 24 Sep 2026 02:40:46.261 * RDB memory usage when created 0.71 Mb
2441:M 24 Sep 2026 02:40:46.261 * RDB is base AOF
2441:M 24 Sep 2026 02:40:46.261 * Done loading RDB, keys loaded: 0, keys expired: 0.
2441:M 24 Sep 2026 02:40:46.261 * DB loaded from base file appendonly.aof.1.base.rdb: 0.001 seconds
2441:M 24 Sep 2026 02:40:46.267 * DB loaded from incr file appendonly.aof.1.incr.aof: 0.006 seconds
2441:M 24 Sep 2026 02:40:46.267 * DB loaded from append only file: 0.007 seconds
2441:M 24 Sep 2026 02:40:46.268 * Opening AOF incr file appendonly.aof.1.incr.aof on server start
2441:M 24 Sep 2026 02:40:46.268 * Ready to accept connections tcp
2441:M 24 Sep 2026 02:40:46.268 # WARNING: Redis does not require authentication and is not protected by network restrictions. Redis will accept connections from any IP address on any network interface.
