382:C 24 Sep 2026 02:39:13.549 * oO0OoO0OoO0Oo Redis is starting oO0OoO0OoO0Oo
382:C 24 Sep 2026 02:39:13.549 * Redis version=8.10.1, bits=64, commit=00000000, modified=1, pid=382, just started
382:C 24 Sep 2026 02:39:13.549 * Configuration loaded
382:M 24 Sep 2026 02:39:13.549 * monotonic clock: ARM CNTVCT @ 24 ticks/us
382:M 24 Sep 2026 02:39:13.550 * Running mode=standalone, port=6379.
382:M 24 Sep 2026 02:39:13.550 * Server initialized
382:M 24 Sep 2026 02:39:13.550 * BGSAVE done, 0 keys saved, 0 keys skipped, 89 bytes written.
382:M 24 Sep 2026 02:39:13.552 * Creating AOF base file appendonly.aof.1.base.rdb on server start
382:M 24 Sep 2026 02:39:13.554 * Creating AOF incr file appendonly.aof.1.incr.aof on server start
382:M 24 Sep 2026 02:39:13.554 * Ready to accept connections tcp
382:M 24 Sep 2026 02:39:13.554 # WARNING: Redis does not require authentication and is not protected by network restrictions. Redis will accept connections from any IP address on any network interface.
467:C 24 Sep 2026 02:39:20.200 * oO0OoO0OoO0Oo Redis is starting oO0OoO0OoO0Oo
467:C 24 Sep 2026 02:39:20.200 * Redis version=8.10.1, bits=64, commit=00000000, modified=1, pid=467, just started
467:C 24 Sep 2026 02:39:20.200 * Configuration loaded
467:M 24 Sep 2026 02:39:20.201 * monotonic clock: ARM CNTVCT @ 24 ticks/us
467:M 24 Sep 2026 02:39:20.201 * Running mode=standalone, port=6379.
467:M 24 Sep 2026 02:39:20.202 * Server initialized
467:M 24 Sep 2026 02:39:20.202 * Reading RDB base file on AOF loading...
467:M 24 Sep 2026 02:39:20.202 * Loading RDB produced by version 8.10.1
467:M 24 Sep 2026 02:39:20.202 * RDB age 7 seconds
467:M 24 Sep 2026 02:39:20.202 * RDB memory usage when created 0.71 Mb
467:M 24 Sep 2026 02:39:20.202 * RDB is base AOF
467:M 24 Sep 2026 02:39:20.202 * Done loading RDB, keys loaded: 0, keys expired: 0.
467:M 24 Sep 2026 02:39:20.202 * DB loaded from base file appendonly.aof.1.base.rdb: 0.000 seconds
467:M 24 Sep 2026 02:39:20.205 * DB loaded from incr file appendonly.aof.1.incr.aof: 0.003 seconds
467:M 24 Sep 2026 02:39:20.205 * DB loaded from append only file: 0.004 seconds
467:M 24 Sep 2026 02:39:20.205 * Opening AOF incr file appendonly.aof.1.incr.aof on server start
467:M 24 Sep 2026 02:39:20.205 * Ready to accept connections tcp
467:M 24 Sep 2026 02:39:20.205 # WARNING: Redis does not require authentication and is not protected by network restrictions. Redis will accept connections from any IP address on any network interface.
