534:C 24 Sep 2026 02:39:21.218 * oO0OoO0OoO0Oo Redis is starting oO0OoO0OoO0Oo
534:C 24 Sep 2026 02:39:21.218 * Redis version=8.10.1, bits=64, commit=00000000, modified=1, pid=534, just started
534:C 24 Sep 2026 02:39:21.218 * Configuration loaded
534:M 24 Sep 2026 02:39:21.218 * monotonic clock: ARM CNTVCT @ 24 ticks/us
534:M 24 Sep 2026 02:39:21.219 * Running mode=standalone, port=6379.
534:M 24 Sep 2026 02:39:21.220 * Server initialized
534:M 24 Sep 2026 02:39:21.220 * BGSAVE done, 0 keys saved, 0 keys skipped, 89 bytes written.
534:M 24 Sep 2026 02:39:21.221 * Creating AOF base file appendonly.aof.1.base.rdb on server start
534:M 24 Sep 2026 02:39:21.223 * Creating AOF incr file appendonly.aof.1.incr.aof on server start
534:M 24 Sep 2026 02:39:21.223 * Ready to accept connections tcp
534:M 24 Sep 2026 02:39:21.223 # WARNING: Redis does not require authentication and is not protected by network restrictions. Redis will accept connections from any IP address on any network interface.
625:C 24 Sep 2026 02:39:27.846 * oO0OoO0OoO0Oo Redis is starting oO0OoO0OoO0Oo
625:C 24 Sep 2026 02:39:27.846 * Redis version=8.10.1, bits=64, commit=00000000, modified=1, pid=625, just started
625:C 24 Sep 2026 02:39:27.846 * Configuration loaded
625:M 24 Sep 2026 02:39:27.846 * monotonic clock: ARM CNTVCT @ 24 ticks/us
625:M 24 Sep 2026 02:39:27.847 * Running mode=standalone, port=6379.
625:M 24 Sep 2026 02:39:27.848 * Server initialized
625:M 24 Sep 2026 02:39:27.849 * Reading RDB base file on AOF loading...
625:M 24 Sep 2026 02:39:27.849 * Loading RDB produced by version 8.10.1
625:M 24 Sep 2026 02:39:27.849 * RDB age 6 seconds
625:M 24 Sep 2026 02:39:27.849 * RDB memory usage when created 0.71 Mb
625:M 24 Sep 2026 02:39:27.849 * RDB is base AOF
625:M 24 Sep 2026 02:39:27.849 * Done loading RDB, keys loaded: 0, keys expired: 0.
625:M 24 Sep 2026 02:39:27.849 * DB loaded from base file appendonly.aof.1.base.rdb: 0.001 seconds
625:M 24 Sep 2026 02:39:27.852 * DB loaded from incr file appendonly.aof.1.incr.aof: 0.003 seconds
625:M 24 Sep 2026 02:39:27.852 * DB loaded from append only file: 0.004 seconds
625:M 24 Sep 2026 02:39:27.852 * Opening AOF incr file appendonly.aof.1.incr.aof on server start
625:M 24 Sep 2026 02:39:27.852 * Ready to accept connections tcp
625:M 24 Sep 2026 02:39:27.852 # WARNING: Redis does not require authentication and is not protected by network restrictions. Redis will accept connections from any IP address on any network interface.
