1582:C 24 Sep 2026 02:40:07.946 * oO0OoO0OoO0Oo Redis is starting oO0OoO0OoO0Oo
1582:C 24 Sep 2026 02:40:07.946 * Redis version=8.10.1, bits=64, commit=00000000, modified=1, pid=1582, just started
1582:C 24 Sep 2026 02:40:07.946 * Configuration loaded
1582:M 24 Sep 2026 02:40:07.946 * monotonic clock: ARM CNTVCT @ 24 ticks/us
1582:M 24 Sep 2026 02:40:07.947 * Running mode=standalone, port=6379.
1582:M 24 Sep 2026 02:40:07.947 * Server initialized
1582:M 24 Sep 2026 02:40:07.948 * BGSAVE done, 0 keys saved, 0 keys skipped, 89 bytes written.
1582:M 24 Sep 2026 02:40:07.949 * Creating AOF base file appendonly.aof.1.base.rdb on server start
1582:M 24 Sep 2026 02:40:07.950 * Creating AOF incr file appendonly.aof.1.incr.aof on server start
1582:M 24 Sep 2026 02:40:07.950 * Ready to accept connections tcp
1582:M 24 Sep 2026 02:40:07.950 # WARNING: Redis does not require authentication and is not protected by network restrictions. Redis will accept connections from any IP address on any network interface.
1703:C 24 Sep 2026 02:40:14.787 * oO0OoO0OoO0Oo Redis is starting oO0OoO0OoO0Oo
1703:C 24 Sep 2026 02:40:14.787 * Redis version=8.10.1, bits=64, commit=00000000, modified=1, pid=1703, just started
1703:C 24 Sep 2026 02:40:14.787 * Configuration loaded
1703:M 24 Sep 2026 02:40:14.787 * monotonic clock: ARM CNTVCT @ 24 ticks/us
1703:M 24 Sep 2026 02:40:14.788 * Running mode=standalone, port=6379.
1703:M 24 Sep 2026 02:40:14.788 * Server initialized
1703:M 24 Sep 2026 02:40:14.790 * Reading RDB base file on AOF loading...
1703:M 24 Sep 2026 02:40:14.790 * Loading RDB produced by version 8.10.1
1703:M 24 Sep 2026 02:40:14.790 * RDB age 7 seconds
1703:M 24 Sep 2026 02:40:14.790 * RDB memory usage when created 0.71 Mb
1703:M 24 Sep 2026 02:40:14.790 * RDB is base AOF
1703:M 24 Sep 2026 02:40:14.790 * Done loading RDB, keys loaded: 0, keys expired: 0.
1703:M 24 Sep 2026 02:40:14.790 * DB loaded from base file appendonly.aof.1.base.rdb: 0.001 seconds
1703:M 24 Sep 2026 02:40:14.796 * DB loaded from incr file appendonly.aof.1.incr.aof: 0.005 seconds
1703:M 24 Sep 2026 02:40:14.796 * DB loaded from append only file: 0.006 seconds
1703:M 24 Sep 2026 02:40:14.796 * Opening AOF incr file appendonly.aof.1.incr.aof on server start
1703:M 24 Sep 2026 02:40:14.796 * Ready to accept connections tcp
1703:M 24 Sep 2026 02:40:14.796 # WARNING: Redis does not require authentication and is not protected by network restrictions. Redis will accept connections from any IP address on any network interface.
