1954:C 24 Sep 2026 02:40:23.669 * oO0OoO0OoO0Oo Redis is starting oO0OoO0OoO0Oo
1954:C 24 Sep 2026 02:40:23.669 * Redis version=8.10.1, bits=64, commit=00000000, modified=1, pid=1954, just started
1954:C 24 Sep 2026 02:40:23.669 * Configuration loaded
1954:M 24 Sep 2026 02:40:23.670 * monotonic clock: ARM CNTVCT @ 24 ticks/us
1954:M 24 Sep 2026 02:40:23.670 * Running mode=standalone, port=6379.
1954:M 24 Sep 2026 02:40:23.671 * Server initialized
1954:M 24 Sep 2026 02:40:23.671 * BGSAVE done, 0 keys saved, 0 keys skipped, 89 bytes written.
1954:M 24 Sep 2026 02:40:23.672 * Creating AOF base file appendonly.aof.1.base.rdb on server start
1954:M 24 Sep 2026 02:40:23.673 * Creating AOF incr file appendonly.aof.1.incr.aof on server start
1954:M 24 Sep 2026 02:40:23.673 * Ready to accept connections tcp
1954:M 24 Sep 2026 02:40:23.673 # WARNING: Redis does not require authentication and is not protected by network restrictions. Redis will accept connections from any IP address on any network interface.
2075:C 24 Sep 2026 02:40:30.525 * oO0OoO0OoO0Oo Redis is starting oO0OoO0OoO0Oo
2075:C 24 Sep 2026 02:40:30.525 * Redis version=8.10.1, bits=64, commit=00000000, modified=1, pid=2075, just started
2075:C 24 Sep 2026 02:40:30.525 * Configuration loaded
2075:M 24 Sep 2026 02:40:30.525 * monotonic clock: ARM CNTVCT @ 24 ticks/us
2075:M 24 Sep 2026 02:40:30.526 * Running mode=standalone, port=6379.
2075:M 24 Sep 2026 02:40:30.527 * Server initialized
2075:M 24 Sep 2026 02:40:30.528 * Reading RDB base file on AOF loading...
2075:M 24 Sep 2026 02:40:30.528 * Loading RDB produced by version 8.10.1
2075:M 24 Sep 2026 02:40:30.528 * RDB age 7 seconds
2075:M 24 Sep 2026 02:40:30.528 * RDB memory usage when created 0.71 Mb
2075:M 24 Sep 2026 02:40:30.528 * RDB is base AOF
2075:M 24 Sep 2026 02:40:30.528 * Done loading RDB, keys loaded: 0, keys expired: 0.
2075:M 24 Sep 2026 02:40:30.529 * DB loaded from base file appendonly.aof.1.base.rdb: 0.001 seconds
2075:M 24 Sep 2026 02:40:30.534 * DB loaded from incr file appendonly.aof.1.incr.aof: 0.005 seconds
2075:M 24 Sep 2026 02:40:30.534 * DB loaded from append only file: 0.006 seconds
2075:M 24 Sep 2026 02:40:30.534 * Opening AOF incr file appendonly.aof.1.incr.aof on server start
2075:M 24 Sep 2026 02:40:30.534 * Ready to accept connections tcp
2075:M 24 Sep 2026 02:40:30.534 # WARNING: Redis does not require authentication and is not protected by network restrictions. Redis will accept connections from any IP address on any network interface.
