[0.276s][info][gc] Using The Z Garbage Collector
[0.598s][info][gc] GC(0) Major Collection (Warmup)
[0.599s][info][gc,phases] GC(0) Y: Young Generation
[0.600s][info][gc,phases] GC(0) Y: Pause Mark Start (Major) 0.012ms
[0.616s][info][gc,phases] GC(0) Y: Concurrent Mark 15.637ms
[0.616s][info][gc,phases] GC(0) Y: Pause Mark End 0.015ms
[0.617s][info][gc,phases] GC(0) Y: Concurrent Mark Free 0.000ms
[0.617s][info][gc,phases] GC(0) Y: Concurrent Reset Relocation Set 0.000ms
[0.617s][info][gc,phases] GC(0) Y: Concurrent Select Relocation Set 0.232ms
[0.617s][info][gc,phases] GC(0) Y: Pause Relocate Start 0.008ms
[0.619s][info][gc,phases] GC(0) Y: Concurrent Relocate 2.362ms
[0.620s][info][gc,phases] GC(0) Y: Young Generation 226M(11%)->276M(13%) 0.020s
[0.620s][info][gc,phases] GC(0) O: Old Generation
[0.620s][info][gc,phases] GC(0) O: Concurrent Mark 0.210ms
[0.620s][info][gc,phases] GC(0) O: Pause Mark End 0.010ms
[0.620s][info][gc,phases] GC(0) O: Concurrent Mark Free 0.000ms
[0.624s][info][gc,phases] GC(0) O: Concurrent Process Non-Strong 3.887ms
[0.624s][info][gc,phases] GC(0) O: Concurrent Reset Relocation Set 0.000ms
[0.624s][info][gc,phases] GC(0) O: Concurrent Select Relocation Set 0.048ms
[0.627s][info][gc,phases] GC(0) O: Concurrent Remap Roots 2.931ms
[0.627s][info][gc,phases] GC(0) O: Pause Relocate Start 0.008ms
[0.628s][info][gc,phases] GC(0) O: Concurrent Relocate 0.061ms
[0.628s][info][gc,phases] GC(0) O: Old Generation 276M(13%)->316M(15%) 0.008s
[0.628s][info][gc       ] GC(0) Major Collection (Warmup) 218M(11%)->318M(16%) 0.029s
[0.652s][info][gc       ] GC(1) Major Collection (Warmup)
[0.652s][info][gc,phases] GC(1) Y: Young Generation
[0.652s][info][gc,phases] GC(1) Y: Pause Mark Start (Major) 0.013ms
[0.683s][info][gc,phases] GC(1) Y: Concurrent Mark 30.820ms
[0.684s][info][gc,phases] GC(1) Y: Pause Mark End 0.011ms
[0.684s][info][gc,phases] GC(1) Y: Concurrent Mark Free 0.001ms
[0.684s][info][gc,phases] GC(1) Y: Concurrent Reset Relocation Set 0.001ms
[0.689s][info][gc,phases] GC(1) Y: Concurrent Select Relocation Set 5.597ms
[0.690s][info][gc,phases] GC(1) Y: Pause Relocate Start 0.014ms
[0.700s][info][gc,phases] GC(1) Y: Concurrent Relocate 9.782ms
[0.700s][info][gc,phases] GC(1) Y: Young Generation 424M(21%)->616M(30%) 0.047s
[0.700s][info][gc,phases] GC(1) O: Old Generation
[0.700s][info][gc,phases] GC(1) O: Concurrent Mark 0.245ms
[0.700s][info][gc,phases] GC(1) O: Pause Mark End 0.009ms
[0.700s][info][gc,phases] GC(1) O: Concurrent Mark Free 0.001ms
[0.704s][info][gc,phases] GC(1) O: Concurrent Process Non-Strong 3.297ms
[0.704s][info][gc,phases] GC(1) O: Concurrent Reset Relocation Set 0.001ms
[0.704s][info][gc,phases] GC(1) O: Concurrent Select Relocation Set 0.048ms
[0.708s][info][gc,phases] GC(1) O: Concurrent Remap Roots 4.124ms
[0.708s][info][gc,phases] GC(1) O: Pause Relocate Start 0.010ms
[0.708s][info][gc,phases] GC(1) O: Concurrent Relocate 0.071ms
[0.709s][info][gc,phases] GC(1) O: Old Generation 618M(30%)->650M(32%) 0.009s
[0.709s][info][gc       ] GC(1) Major Collection (Warmup) 424M(21%)->650M(32%) 0.056s
[0.710s][info][gc       ] GC(2) Major Collection (Warmup)
[0.710s][info][gc,phases] GC(2) Y: Young Generation
[0.710s][info][gc,phases] GC(2) Y: Pause Mark Start (Major) 0.008ms
[0.740s][info][gc,phases] GC(2) Y: Concurrent Mark 29.069ms
[0.740s][info][gc,phases] GC(2) Y: Pause Mark End 0.011ms
[0.740s][info][gc,phases] GC(2) Y: Concurrent Mark Free 0.001ms
[0.740s][info][gc,phases] GC(2) Y: Concurrent Reset Relocation Set 0.017ms
[0.744s][info][gc,phases] GC(2) Y: Concurrent Select Relocation Set 3.691ms
[0.744s][info][gc,phases] GC(2) Y: Pause Relocate Start 0.010ms
[0.748s][info][gc,phases] GC(2) Y: Concurrent Relocate 3.453ms
[0.748s][info][gc,phases] GC(2) Y: Young Generation 658M(32%)->778M(38%) 0.037s
[0.748s][info][gc,phases] GC(2) O: Old Generation
[0.754s][info][gc,phases] GC(2) O: Concurrent Mark 5.958ms
[0.754s][info][gc,phases] GC(2) O: Pause Mark End 0.013ms
[0.754s][info][gc,phases] GC(2) O: Concurrent Mark Free 0.001ms
[0.757s][info][gc,phases] GC(2) O: Concurrent Process Non-Strong 2.999ms
[0.757s][info][gc,phases] GC(2) O: Concurrent Reset Relocation Set 0.000ms
[0.757s][info][gc,phases] GC(2) O: Concurrent Select Relocation Set 0.117ms
[0.763s][info][gc,phases] GC(2) O: Concurrent Remap Roots 5.712ms
[0.763s][info][gc,phases] GC(2) O: Pause Relocate Start 0.011ms
[0.765s][info][gc,phases] GC(2) O: Concurrent Relocate 1.044ms
[0.765s][info][gc,phases] GC(2) O: Old Generation 780M(38%)->728M(36%) 0.017s
[0.765s][info][gc       ] GC(2) Major Collection (Warmup) 658M(32%)->728M(36%) 0.054s
[0.890s][info][gc       ] GC(3) Major Collection (Allocation Rate)
[0.890s][info][gc,phases] GC(3) Y: Young Generation
[0.891s][info][gc,phases] GC(3) Y: Pause Mark Start (Major) 0.009ms
[0.919s][info][gc,phases] GC(3) Y: Concurrent Mark 27.807ms
[0.919s][info][gc,phases] GC(3) Y: Pause Mark End 0.014ms
[0.919s][info][gc,phases] GC(3) Y: Concurrent Mark Free 0.001ms
[0.919s][info][gc,phases] GC(3) Y: Concurrent Reset Relocation Set 0.017ms
[0.919s][info][gc,phases] GC(3) Y: Concurrent Select Relocation Set 0.320ms
[0.919s][info][gc,phases] GC(3) Y: Pause Relocate Start 0.004ms
[0.920s][info][gc,phases] GC(3) Y: Concurrent Relocate 0.083ms
[0.920s][info][gc,phases] GC(3) Y: Young Generation 1312M(64%)->710M(35%) 0.029s
[0.920s][info][gc,phases] GC(3) O: Old Generation
[0.926s][info][gc,phases] GC(3) O: Concurrent Mark 5.996ms
[0.926s][info][gc,phases] GC(3) O: Pause Mark End 0.010ms
[0.926s][info][gc,phases] GC(3) O: Concurrent Mark Free 0.001ms
[0.929s][info][gc,phases] GC(3) O: Concurrent Process Non-Strong 3.264ms
[0.929s][info][gc,phases] GC(3) O: Concurrent Reset Relocation Set 0.001ms
[0.930s][info][gc,phases] GC(3) O: Concurrent Select Relocation Set 0.106ms
[0.935s][info][gc,phases] GC(3) O: Concurrent Remap Roots 4.976ms
[0.935s][info][gc,phases] GC(3) O: Pause Relocate Start 0.008ms
[0.936s][info][gc,phases] GC(3) O: Concurrent Relocate 0.987ms
[0.936s][info][gc,phases] GC(3) O: Old Generation 712M(35%)->706M(34%) 0.016s
[0.936s][info][gc       ] GC(3) Major Collection (Allocation Rate) 1312M(64%)->706M(34%) 0.046s
[0.960s][info][gc       ] GC(4) Minor Collection (Allocation Rate)
[0.960s][info][gc,phases] GC(4) y: Young Generation
[0.960s][info][gc,phases] GC(4) y: Pause Mark Start 0.007ms
[0.994s][info][gc,phases] GC(4) y: Concurrent Mark 33.522ms
[0.994s][info][gc,phases] GC(4) y: Pause Mark End 0.013ms
[0.994s][info][gc,phases] GC(4) y: Concurrent Mark Free 0.001ms
[0.994s][info][gc,phases] GC(4) y: Concurrent Reset Relocation Set 0.000ms
[0.994s][info][gc,phases] GC(4) y: Concurrent Select Relocation Set 0.335ms
[0.994s][info][gc,phases] GC(4) y: Pause Relocate Start 0.008ms
[0.995s][info][gc,phases] GC(4) y: Concurrent Relocate 0.081ms
[0.995s][info][gc,phases] GC(4) y: Young Generation 942M(46%)->758M(37%) 0.035s
[0.995s][info][gc       ] GC(4) Minor Collection (Allocation Rate) 942M(46%)->760M(37%) 0.035s
[1.000s][info][gc       ] GC(5) Minor Collection (Allocation Rate)
[1.000s][info][gc,phases] GC(5) y: Young Generation
[1.001s][info][gc,phases] GC(5) y: Pause Mark Start 0.006ms
[1.037s][info][gc,phases] GC(5) y: Concurrent Mark 36.359ms
[1.037s][info][gc,phases] GC(5) y: Pause Mark End 0.013ms
[1.037s][info][gc,phases] GC(5) y: Concurrent Mark Free 0.001ms
[1.038s][info][gc,phases] GC(5) y: Concurrent Reset Relocation Set 0.000ms
[1.038s][info][gc,phases] GC(5) y: Concurrent Select Relocation Set 0.242ms
[1.038s][info][gc,phases] GC(5) y: Pause Relocate Start 0.007ms
[1.038s][info][gc,phases] GC(5) y: Concurrent Relocate 0.087ms
[1.038s][info][gc,phases] GC(5) y: Young Generation 818M(40%)->778M(38%) 0.038s
[1.038s][info][gc       ] GC(5) Minor Collection (Allocation Rate) 816M(40%)->778M(38%) 0.038s
[1.038s][info][gc       ] GC(6) Minor Collection (Allocation Rate)
[1.038s][info][gc,phases] GC(6) y: Young Generation
[1.039s][info][gc,phases] GC(6) y: Pause Mark Start 0.008ms
[1.072s][info][gc,phases] GC(6) y: Concurrent Mark 33.418ms
[1.072s][info][gc,phases] GC(6) y: Pause Mark End 0.014ms
[1.072s][info][gc,phases] GC(6) y: Concurrent Mark Free 0.001ms
[1.073s][info][gc,phases] GC(6) y: Concurrent Reset Relocation Set 0.000ms
[1.073s][info][gc,phases] GC(6) y: Concurrent Select Relocation Set 0.233ms
[1.073s][info][gc,phases] GC(6) y: Pause Relocate Start 0.004ms
[1.073s][info][gc,phases] GC(6) y: Concurrent Relocate 0.137ms
[1.073s][info][gc,phases] GC(6) y: Young Generation 780M(38%)->758M(37%) 0.035s
[1.073s][info][gc       ] GC(6) Minor Collection (Allocation Rate) 780M(38%)->760M(37%) 0.035s
[1.088s][info][gc       ] GC(7) Minor Collection (Allocation Rate)
[1.089s][info][gc,phases] GC(7) y: Young Generation
[1.089s][info][gc,phases] GC(7) y: Pause Mark Start 0.005ms
[1.122s][info][gc,phases] GC(7) y: Concurrent Mark 33.356ms
[1.122s][info][gc,phases] GC(7) y: Pause Mark End 0.011ms
[1.123s][info][gc,phases] GC(7) y: Concurrent Mark Free 0.001ms
[1.123s][info][gc,phases] GC(7) y: Concurrent Reset Relocation Set 0.001ms
[1.123s][info][gc,phases] GC(7) y: Concurrent Select Relocation Set 0.399ms
[1.123s][info][gc,phases] GC(7) y: Pause Relocate Start 0.003ms
[1.123s][info][gc,phases] GC(7) y: Concurrent Relocate 0.198ms
[1.124s][info][gc,phases] GC(7) y: Young Generation 914M(45%)->524M(26%) 0.035s
[1.124s][info][gc       ] GC(7) Minor Collection (Allocation Rate) 914M(45%)->524M(26%) 0.035s
[2.119s][info][gc       ] GC(8) Major Collection (System.gc())
[2.119s][info][gc,phases] GC(8) Y: Young Generation (Promote All)
[2.119s][info][gc,phases] GC(8) Y: Pause Mark Start 0.015ms
[2.162s][info][gc,phases] GC(8) Y: Concurrent Mark 42.837ms
[2.162s][info][gc,phases] GC(8) Y: Pause Mark End 0.010ms
[2.162s][info][gc,phases] GC(8) Y: Concurrent Mark Free 0.003ms
[2.162s][info][gc,phases] GC(8) Y: Concurrent Reset Relocation Set 0.000ms
[2.171s][info][gc,phases] GC(8) Y: Concurrent Select Relocation Set 8.379ms
[2.171s][info][gc,phases] GC(8) Y: Pause Relocate Start 0.003ms
[2.179s][info][gc,phases] GC(8) Y: Concurrent Relocate 7.656ms
[2.179s][info][gc,phases] GC(8) Y: Young Generation (Promote All) 526M(26%)->432M(21%) 0.060s
[2.179s][info][gc,phases] GC(8) Y: Young Generation (Collect Roots)
[2.179s][info][gc,phases] GC(8) Y: Pause Mark Start (Major) 0.004ms
[2.184s][info][gc,phases] GC(8) Y: Concurrent Mark 5.115ms
[2.184s][info][gc,phases] GC(8) Y: Pause Mark End 0.005ms
[2.184s][info][gc,phases] GC(8) Y: Concurrent Mark Free 0.000ms
[2.184s][info][gc,phases] GC(8) Y: Concurrent Reset Relocation Set 0.044ms
[2.184s][info][gc,phases] GC(8) Y: Concurrent Select Relocation Set 0.195ms
[2.184s][info][gc,phases] GC(8) Y: Pause Relocate Start 0.002ms
[2.185s][info][gc,phases] GC(8) Y: Concurrent Relocate 0.140ms
[2.185s][info][gc,phases] GC(8) Y: Young Generation (Collect Roots) 432M(21%)->432M(21%) 0.006s
[2.185s][info][gc,phases] GC(8) O: Old Generation
[2.220s][info][gc,phases] GC(8) O: Concurrent Mark 35.761ms
[2.221s][info][gc,phases] GC(8) O: Pause Mark End 0.016ms
[2.221s][info][gc,phases] GC(8) O: Concurrent Mark Free 0.001ms
[2.224s][info][gc,phases] GC(8) O: Concurrent Process Non-Strong 3.112ms
[2.224s][info][gc,phases] GC(8) O: Concurrent Reset Relocation Set 0.001ms
[2.224s][info][gc,phases] GC(8) O: Concurrent Select Relocation Set 0.068ms
[2.226s][info][gc,phases] GC(8) O: Concurrent Remap Roots 2.395ms
[2.227s][info][gc,phases] GC(8) O: Pause Relocate Start 0.005ms
[2.227s][info][gc,phases] GC(8) O: Concurrent Relocate 0.217ms
[2.227s][info][gc,phases] GC(8) O: Old Generation 432M(21%)->430M(21%) 0.042s
[2.227s][info][gc       ] GC(8) Major Collection (System.gc()) 526M(26%)->430M(21%) 0.108s
