[0.003s][info][gc] Using Parallel
[0.444s][info][gc] GC(0) Pause Young (Allocation Failure) 513M->461M(1963M) 36.350ms
[0.549s][info][gc] GC(1) Pause Young (Allocation Failure) 974M->794M(1963M) 33.000ms
[0.585s][info][gc] GC(2) Pause Young (Allocation Failure) 1307M->800M(1963M) 7.419ms
[0.619s][info][gc] GC(3) Pause Young (Allocation Failure) 1313M->800M(1963M) 6.671ms
[0.654s][info][gc] GC(4) Pause Young (Allocation Failure) 1313M->800M(1963M) 6.712ms
[0.691s][info][gc] GC(5) Pause Young (Allocation Failure) 1313M->800M(1678M) 7.022ms
[0.713s][info][gc] GC(6) Pause Young (Allocation Failure) 1028M->797M(1820M) 8.851ms
[0.728s][info][gc] GC(7) Pause Young (Allocation Failure) 1025M->801M(1820M) 2.837ms
[0.743s][info][gc] GC(8) Pause Young (Allocation Failure) 1029M->805M(1820M) 2.656ms
[0.758s][info][gc] GC(9) Pause Young (Allocation Failure) 1032M->809M(1820M) 2.091ms
[0.773s][info][gc] GC(10) Pause Young (Allocation Failure) 1036M->812M(1820M) 2.385ms
[0.787s][info][gc] GC(11) Pause Young (Allocation Failure) 1040M->816M(1820M) 2.091ms
[0.800s][info][gc] GC(12) Pause Young (Allocation Failure) 1044M->820M(1820M) 1.413ms
[0.815s][info][gc] GC(13) Pause Young (Allocation Failure) 1047M->824M(1820M) 1.678ms
[0.829s][info][gc] GC(14) Pause Young (Allocation Failure) 1051M->827M(1820M) 1.970ms
[0.844s][info][gc] GC(15) Pause Young (Allocation Failure) 1055M->831M(1820M) 1.986ms
[0.857s][info][gc] GC(16) Pause Young (Allocation Failure) 1059M->835M(1820M) 1.434ms
[0.872s][info][gc] GC(17) Pause Young (Allocation Failure) 1062M->838M(1820M) 1.787ms
[0.886s][info][gc] GC(18) Pause Young (Allocation Failure) 1066M->842M(1820M) 2.003ms
[0.901s][info][gc] GC(19) Pause Young (Allocation Failure) 1070M->846M(1820M) 1.986ms
[0.915s][info][gc] GC(20) Pause Young (Allocation Failure) 1073M->850M(1820M) 1.858ms
[0.929s][info][gc] GC(21) Pause Young (Allocation Failure) 1077M->853M(1820M) 1.673ms
[0.943s][info][gc] GC(22) Pause Young (Allocation Failure) 1081M->857M(1820M) 1.975ms
[0.958s][info][gc] GC(23) Pause Young (Allocation Failure) 1085M->861M(1820M) 1.979ms
[0.972s][info][gc] GC(24) Pause Young (Allocation Failure) 1088M->865M(1820M) 1.733ms
[0.986s][info][gc] GC(25) Pause Young (Allocation Failure) 1092M->868M(1837M) 1.558ms
[1.001s][info][gc] GC(26) Pause Young (Allocation Failure) 1113M->872M(1821M) 1.996ms
[1.017s][info][gc] GC(27) Pause Young (Allocation Failure) 1117M->876M(1864M) 2.131ms
[1.035s][info][gc] GC(28) Pause Young (Allocation Failure) 1178M->881M(1851M) 1.904ms
[1.053s][info][gc] GC(29) Pause Young (Allocation Failure) 1183M->886M(1889M) 1.679ms
[1.074s][info][gc] GC(30) Pause Young (Allocation Failure) 1240M->892M(1877M) 2.255ms
[1.095s][info][gc] GC(31) Pause Young (Allocation Failure) 1246M->898M(1912M) 2.183ms
[1.118s][info][gc] GC(32) Pause Young (Allocation Failure) 1297M->905M(1901M) 2.112ms
[1.142s][info][gc] GC(33) Pause Young (Allocation Failure) 1304M->911M(1931M) 2.699ms
[1.168s][info][gc] GC(34) Pause Young (Allocation Failure) 1351M->918M(1922M) 2.035ms
[1.194s][info][gc] GC(35) Pause Young (Allocation Failure) 1358M->926M(1948M) 2.650ms
[1.222s][info][gc] GC(36) Pause Young (Allocation Failure) 1400M->933M(1940M) 2.353ms
[1.250s][info][gc] GC(37) Pause Young (Allocation Failure) 1408M->941M(1963M) 2.658ms
[1.279s][info][gc] GC(38) Pause Young (Allocation Failure) 1447M->949M(1956M) 2.638ms
[1.309s][info][gc] GC(39) Pause Young (Allocation Failure) 1455M->958M(1975M) 2.803ms
[1.340s][info][gc] GC(40) Pause Young (Allocation Failure) 1489M->966M(1969M) 2.812ms
[1.372s][info][gc] GC(41) Pause Young (Allocation Failure) 1498M->975M(1986M) 3.052ms
[1.406s][info][gc] GC(42) Pause Young (Allocation Failure) 1529M->984M(1981M) 3.279ms
[1.442s][info][gc] GC(43) Pause Young (Allocation Failure) 1538M->993M(1995M) 3.180ms
[1.477s][info][gc] GC(44) Pause Young (Allocation Failure) 1566M->1003M(1991M) 2.629ms
[1.514s][info][gc] GC(45) Pause Young (Allocation Failure) 1575M->1012M(2002M) 3.555ms
[1.552s][info][gc] GC(46) Pause Young (Allocation Failure) 1600M->1022M(1999M) 3.084ms
[1.588s][info][gc] GC(47) Pause Young (Allocation Failure) 1610M->1031M(2009M) 3.740ms
[1.625s][info][gc] GC(48) Pause Young (Allocation Failure) 1633M->1041M(2006M) 4.378ms
[1.660s][info][gc] GC(49) Pause Young (Allocation Failure) 1643M->1051M(2014M) 2.581ms
[1.698s][info][gc] GC(50) Pause Young (Allocation Failure) 1663M->1061M(2011M) 3.331ms
[1.741s][info][gc] GC(51) Pause Young (Allocation Failure) 1673M->1071M(2018M) 5.649ms
[1.779s][info][gc] GC(52) Pause Young (Allocation Failure) 1693M->1081M(2016M) 3.343ms
[1.820s][info][gc] GC(53) Pause Young (Allocation Failure) 1703M->1091M(2022M) 3.787ms
[1.861s][info][gc] GC(54) Pause Young (Allocation Failure) 1720M->1102M(2020M) 3.626ms
[1.898s][info][gc] GC(55) Pause Young (Allocation Failure) 1731M->1112M(2025M) 2.914ms
[1.935s][info][gc] GC(56) Pause Young (Allocation Failure) 1747M->1122M(2023M) 3.240ms
[1.972s][info][gc] GC(57) Pause Young (Allocation Failure) 1757M->1133M(2027M) 2.824ms
[2.011s][info][gc] GC(58) Pause Young (Allocation Failure) 1772M->1143M(2026M) 3.123ms
[2.049s][info][gc] GC(59) Pause Young (Allocation Failure) 1783M->1154M(2029M) 3.526ms
[2.086s][info][gc] GC(60) Pause Young (Allocation Failure) 1797M->1164M(2028M) 2.988ms
[2.125s][info][gc] GC(61) Pause Young (Allocation Failure) 1808M->1175M(2030M) 3.704ms
[2.163s][info][gc] GC(62) Pause Young (Allocation Failure) 1822M->1185M(2030M) 3.450ms
[2.201s][info][gc] GC(63) Pause Young (Allocation Failure) 1832M->1196M(2031M) 2.869ms
[2.240s][info][gc] GC(64) Pause Young (Allocation Failure) 1845M->1207M(2031M) 3.556ms
[2.280s][info][gc] GC(65) Pause Young (Allocation Failure) 1856M->1217M(2032M) 3.607ms
[2.317s][info][gc] GC(66) Pause Young (Allocation Failure) 1868M->1228M(2032M) 2.997ms
[2.356s][info][gc] GC(67) Pause Young (Allocation Failure) 1879M->1239M(2033M) 3.832ms
[2.395s][info][gc] GC(68) Pause Young (Allocation Failure) 1891M->1249M(2033M) 3.709ms
[2.433s][info][gc] GC(69) Pause Young (Allocation Failure) 1902M->1260M(2034M) 2.956ms
[2.471s][info][gc] GC(70) Pause Young (Allocation Failure) 1914M->1271M(2033M) 3.481ms
[2.510s][info][gc] GC(71) Pause Young (Allocation Failure) 1925M->1281M(2034M) 3.586ms
[2.548s][info][gc] GC(72) Pause Young (Allocation Failure) 1936M->1292M(2034M) 2.985ms
[2.587s][info][gc] GC(73) Pause Young (Allocation Failure) 1947M->1303M(2035M) 3.749ms
[2.627s][info][gc] GC(74) Pause Young (Allocation Failure) 1959M->1314M(2034M) 3.621ms
[2.664s][info][gc] GC(75) Pause Young (Allocation Failure) 1970M->1324M(2035M) 2.994ms
[2.702s][info][gc] GC(76) Pause Young (Allocation Failure) 1981M->1335M(2035M) 3.071ms
[2.741s][info][gc] GC(77) Pause Young (Allocation Failure) 1992M->1346M(2035M) 3.610ms
[2.779s][info][gc] GC(78) Pause Young (Allocation Failure) 2003M->1357M(2035M) 3.098ms
[2.818s][info][gc] GC(79) Pause Young (Allocation Failure) 2014M->1367M(2035M) 3.784ms
[2.867s][info][gc,phases] GC(80) Marking Phase 12.548ms
[2.867s][info][gc,phases] GC(80) Summary Phase 0.028ms
[2.883s][info][gc,phases] GC(80) Forward 15.839ms
[2.894s][info][gc,phases] GC(80) Adjust Pointers 11.407ms
[2.922s][info][gc,phases] GC(80) Compaction Phase 27.629ms
[2.923s][info][gc,phases] GC(80) Post Compact 0.823ms
[2.923s][info][gc       ] GC(80) Pause Full (Allocation Failure) 2025M->856M(2035M) 69.187ms
[2.960s][info][gc       ] GC(81) Pause Young (Allocation Failure) 1513M->867M(2035M) 2.007ms
[2.998s][info][gc       ] GC(82) Pause Young (Allocation Failure) 1524M->877M(2035M) 3.123ms
[3.036s][info][gc       ] GC(83) Pause Young (Allocation Failure) 1535M->888M(2036M) 2.771ms
[3.074s][info][gc       ] GC(84) Pause Young (Allocation Failure) 1547M->899M(2036M) 2.854ms
[3.112s][info][gc       ] GC(85) Pause Young (Allocation Failure) 1557M->910M(2036M) 3.172ms
[3.150s][info][gc       ] GC(86) Pause Young (Allocation Failure) 1568M->920M(2036M) 2.897ms
[3.188s][info][gc       ] GC(87) Pause Young (Allocation Failure) 1579M->931M(2036M) 2.846ms
[3.226s][info][gc       ] GC(88) Pause Young (Allocation Failure) 1590M->942M(2036M) 3.185ms
[3.264s][info][gc       ] GC(89) Pause Young (Allocation Failure) 1601M->953M(2036M) 2.833ms
[3.303s][info][gc       ] GC(90) Pause Young (Allocation Failure) 1612M->964M(2036M) 2.833ms
[3.341s][info][gc       ] GC(91) Pause Young (Allocation Failure) 1623M->974M(2036M) 3.132ms
[3.379s][info][gc       ] GC(92) Pause Young (Allocation Failure) 1634M->985M(2036M) 2.996ms
[3.417s][info][gc       ] GC(93) Pause Young (Allocation Failure) 1645M->996M(2036M) 2.641ms
[3.456s][info][gc       ] GC(94) Pause Young (Allocation Failure) 1656M->1007M(2036M) 3.375ms
[3.504s][info][gc       ] GC(95) Pause Young (Allocation Failure) 1666M->1018M(2036M) 3.288ms
[3.546s][info][gc       ] GC(96) Pause Young (Allocation Failure) 1677M->1028M(2036M) 3.764ms
[3.589s][info][gc       ] GC(97) Pause Young (Allocation Failure) 1688M->1039M(2036M) 3.590ms
[3.630s][info][gc       ] GC(98) Pause Young (Allocation Failure) 1699M->1050M(2036M) 2.691ms
[3.671s][info][gc       ] GC(99) Pause Young (Allocation Failure) 1710M->1061M(2036M) 3.286ms
[3.713s][info][gc       ] GC(100) Pause Young (Allocation Failure) 1720M->1072M(2036M) 3.356ms
[3.755s][info][gc       ] GC(101) Pause Young (Allocation Failure) 1731M->1082M(2036M) 2.725ms
[3.797s][info][gc       ] GC(102) Pause Young (Allocation Failure) 1742M->1093M(2036M) 3.278ms
[3.839s][info][gc       ] GC(103) Pause Young (Allocation Failure) 1753M->1104M(2036M) 3.361ms
[3.881s][info][gc       ] GC(104) Pause Young (Allocation Failure) 1764M->1115M(2036M) 2.708ms
[3.922s][info][gc       ] GC(105) Pause Young (Allocation Failure) 1774M->1126M(2036M) 2.976ms
[3.963s][info][gc       ] GC(106) Pause Young (Allocation Failure) 1785M->1137M(2036M) 3.340ms
[4.005s][info][gc       ] GC(107) Pause Young (Allocation Failure) 1796M->1147M(2036M) 3.489ms
[4.048s][info][gc       ] GC(108) Pause Young (Allocation Failure) 1807M->1158M(2036M) 3.269ms
[4.090s][info][gc       ] GC(109) Pause Young (Allocation Failure) 1818M->1169M(2036M) 3.131ms
[4.130s][info][gc       ] GC(110) Pause Young (Allocation Failure) 1828M->1180M(2036M) 2.821ms
[4.172s][info][gc       ] GC(111) Pause Young (Allocation Failure) 1839M->1191M(2036M) 2.857ms
[4.212s][info][gc       ] GC(112) Pause Young (Allocation Failure) 1850M->1201M(2036M) 3.065ms
[4.253s][info][gc       ] GC(113) Pause Young (Allocation Failure) 1861M->1212M(2037M) 2.939ms
[4.294s][info][gc       ] GC(114) Pause Young (Allocation Failure) 1873M->1223M(2037M) 2.862ms
[4.336s][info][gc       ] GC(115) Pause Young (Allocation Failure) 1884M->1234M(2037M) 3.089ms
[4.377s][info][gc       ] GC(116) Pause Young (Allocation Failure) 1894M->1245M(2037M) 3.250ms
[4.417s][info][gc       ] GC(117) Pause Young (Allocation Failure) 1905M->1255M(2037M) 2.953ms
[4.459s][info][gc       ] GC(118) Pause Young (Allocation Failure) 1916M->1266M(2037M) 3.347ms
[4.500s][info][gc       ] GC(119) Pause Young (Allocation Failure) 1927M->1277M(2037M) 3.120ms
[4.541s][info][gc       ] GC(120) Pause Young (Allocation Failure) 1938M->1288M(2037M) 3.129ms
[4.581s][info][gc       ] GC(121) Pause Young (Allocation Failure) 1948M->1299M(2037M) 3.292ms
[4.622s][info][gc       ] GC(122) Pause Young (Allocation Failure) 1959M->1310M(2037M) 3.115ms
[4.664s][info][gc       ] GC(123) Pause Young (Allocation Failure) 1970M->1320M(2037M) 2.841ms
[4.705s][info][gc       ] GC(124) Pause Young (Allocation Failure) 1981M->1331M(2037M) 3.181ms
[4.746s][info][gc       ] GC(125) Pause Young (Allocation Failure) 1992M->1342M(2037M) 3.248ms
[4.787s][info][gc       ] GC(126) Pause Young (Allocation Failure) 2003M->1353M(2037M) 3.010ms
[4.828s][info][gc       ] GC(127) Pause Young (Allocation Failure) 2013M->1364M(2037M) 3.304ms
[4.869s][info][gc       ] GC(128) Pause Young (Allocation Failure) 2024M->1375M(2037M) 3.382ms
[4.917s][info][gc,phases] GC(129) Marking Phase 9.657ms
[4.917s][info][gc,phases] GC(129) Summary Phase 0.014ms
[4.933s][info][gc,phases] GC(129) Forward 15.808ms
[4.945s][info][gc,phases] GC(129) Adjust Pointers 11.592ms
[4.966s][info][gc,phases] GC(129) Compaction Phase 21.066ms
[4.967s][info][gc,phases] GC(129) Post Compact 0.466ms
[4.967s][info][gc       ] GC(129) Pause Full (Allocation Failure) 2035M->856M(2037M) 59.544ms
[5.025s][info][gc       ] GC(130) Pause Young (Allocation Failure) 1516M->867M(2037M) 2.092ms
[5.078s][info][gc       ] GC(131) Pause Young (Allocation Failure) 1527M->877M(2037M) 3.075ms
[5.137s][info][gc       ] GC(132) Pause Young (Allocation Failure) 1538M->888M(2037M) 2.436ms
[5.197s][info][gc       ] GC(133) Pause Young (Allocation Failure) 1549M->899M(2037M) 3.011ms
[5.258s][info][gc       ] GC(134) Pause Young (Allocation Failure) 1560M->910M(2037M) 3.388ms
[5.324s][info][gc       ] GC(135) Pause Young (Allocation Failure) 1570M->921M(2037M) 2.678ms
[5.381s][info][gc       ] GC(136) Pause Young (Allocation Failure) 1581M->931M(2037M) 3.139ms
[5.440s][info][gc       ] GC(137) Pause Young (Allocation Failure) 1592M->942M(2037M) 3.091ms
[5.500s][info][gc       ] GC(138) Pause Young (Allocation Failure) 1603M->953M(2037M) 2.690ms
[5.552s][info][gc       ] GC(139) Pause Young (Allocation Failure) 1614M->964M(2037M) 3.064ms
[5.607s][info][gc       ] GC(140) Pause Young (Allocation Failure) 1624M->975M(2037M) 3.216ms
[5.665s][info][gc       ] GC(141) Pause Young (Allocation Failure) 1635M->986M(2037M) 2.602ms
[5.723s][info][gc       ] GC(142) Pause Young (Allocation Failure) 1646M->996M(2037M) 2.915ms
[5.783s][info][gc       ] GC(143) Pause Young (Allocation Failure) 1657M->1007M(2037M) 3.151ms
[5.848s][info][gc       ] GC(144) Pause Young (Allocation Failure) 1668M->1018M(2037M) 2.722ms
[5.906s][info][gc       ] GC(145) Pause Young (Allocation Failure) 1679M->1029M(2037M) 2.911ms
[5.965s][info][gc       ] GC(146) Pause Young (Allocation Failure) 1689M->1040M(2037M) 3.130ms
[6.024s][info][gc       ] GC(147) Pause Young (Allocation Failure) 1700M->1051M(2037M) 2.818ms
[6.082s][info][gc       ] GC(148) Pause Young (Allocation Failure) 1711M->1061M(2037M) 2.816ms
[6.140s][info][gc       ] GC(149) Pause Young (Allocation Failure) 1722M->1072M(2037M) 2.866ms
[6.205s][info][gc       ] GC(150) Pause Young (Allocation Failure) 1733M->1083M(2037M) 2.951ms
[6.263s][info][gc       ] GC(151) Pause Young (Allocation Failure) 1743M->1094M(2037M) 2.859ms
[6.321s][info][gc       ] GC(152) Pause Young (Allocation Failure) 1754M->1105M(2037M) 3.176ms
[6.379s][info][gc       ] GC(153) Pause Young (Allocation Failure) 1765M->1115M(2037M) 2.977ms
[6.437s][info][gc       ] GC(154) Pause Young (Allocation Failure) 1776M->1126M(2037M) 2.999ms
[6.496s][info][gc       ] GC(155) Pause Young (Allocation Failure) 1787M->1137M(2037M) 3.183ms
[6.554s][info][gc       ] GC(156) Pause Young (Allocation Failure) 1798M->1148M(2037M) 2.943ms
[6.613s][info][gc       ] GC(157) Pause Young (Allocation Failure) 1808M->1159M(2037M) 2.853ms
[6.671s][info][gc       ] GC(158) Pause Young (Allocation Failure) 1819M->1169M(2037M) 3.095ms
[6.729s][info][gc       ] GC(159) Pause Young (Allocation Failure) 1830M->1180M(2037M) 3.034ms
[6.787s][info][gc       ] GC(160) Pause Young (Allocation Failure) 1841M->1191M(2037M) 2.874ms
[6.846s][info][gc       ] GC(161) Pause Young (Allocation Failure) 1852M->1202M(2037M) 3.242ms
[6.904s][info][gc       ] GC(162) Pause Young (Allocation Failure) 1862M->1213M(2037M) 3.225ms
[6.970s][info][gc       ] GC(163) Pause Young (Allocation Failure) 1873M->1224M(2037M) 2.918ms
[7.029s][info][gc       ] GC(164) Pause Young (Allocation Failure) 1884M->1234M(2037M) 3.331ms
[7.095s][info][gc       ] GC(165) Pause Young (Allocation Failure) 1895M->1245M(2037M) 3.209ms
[7.151s][info][gc       ] GC(166) Pause Young (Allocation Failure) 1906M->1256M(2037M) 2.794ms
[7.210s][info][gc       ] GC(167) Pause Young (Allocation Failure) 1917M->1267M(2037M) 3.326ms
[7.269s][info][gc       ] GC(168) Pause Young (Allocation Failure) 1927M->1278M(2037M) 3.280ms
[7.336s][info][gc       ] GC(169) Pause Young (Allocation Failure) 1938M->1289M(2037M) 3.841ms
[7.394s][info][gc       ] GC(170) Pause Young (Allocation Failure) 1949M->1299M(2037M) 3.294ms
[7.460s][info][gc       ] GC(171) Pause Young (Allocation Failure) 1960M->1310M(2037M) 3.080ms
[7.525s][info][gc       ] GC(172) Pause Young (Allocation Failure) 1971M->1321M(2037M) 3.108ms
[7.584s][info][gc       ] GC(173) Pause Young (Allocation Failure) 1982M->1332M(2037M) 3.251ms
[7.643s][info][gc       ] GC(174) Pause Young (Allocation Failure) 1992M->1343M(2037M) 2.959ms
[7.702s][info][gc       ] GC(175) Pause Young (Allocation Failure) 2003M->1354M(2037M) 2.987ms
[7.760s][info][gc       ] GC(176) Pause Young (Allocation Failure) 2014M->1364M(2037M) 3.268ms
[7.818s][info][gc       ] GC(177) Pause Young (Allocation Failure) 2025M->1375M(2037M) 3.065ms
[7.882s][info][gc,phases] GC(178) Marking Phase 9.159ms
[7.883s][info][gc,phases] GC(178) Summary Phase 0.019ms
[7.905s][info][gc,phases] GC(178) Forward 21.907ms
[7.920s][info][gc,phases] GC(178) Adjust Pointers 15.055ms
[7.939s][info][gc,phases] GC(178) Compaction Phase 18.828ms
[7.940s][info][gc,phases] GC(178) Post Compact 0.456ms
[7.940s][info][gc       ] GC(178) Pause Full (Allocation Failure) 2036M->856M(2037M) 66.297ms
[8.003s][info][gc       ] GC(179) Pause Young (Allocation Failure) 1516M->867M(2037M) 1.937ms
[8.061s][info][gc       ] GC(180) Pause Young (Allocation Failure) 1527M->877M(2037M) 2.847ms
[8.125s][info][gc       ] GC(181) Pause Young (Allocation Failure) 1538M->888M(2037M) 2.643ms
[8.169s][info][gc       ] GC(182) Pause Young (Allocation Failure) 1549M->899M(2037M) 2.883ms
[8.228s][info][gc       ] GC(183) Pause Young (Allocation Failure) 1559M->910M(2037M) 2.935ms
[8.286s][info][gc       ] GC(184) Pause Young (Allocation Failure) 1570M->921M(2037M) 2.813ms
[8.344s][info][gc       ] GC(185) Pause Young (Allocation Failure) 1581M->931M(2037M) 2.957ms
[8.403s][info][gc       ] GC(186) Pause Young (Allocation Failure) 1592M->942M(2037M) 2.968ms
[8.468s][info][gc       ] GC(187) Pause Young (Allocation Failure) 1603M->953M(2037M) 2.779ms
[8.526s][info][gc       ] GC(188) Pause Young (Allocation Failure) 1614M->964M(2037M) 3.075ms
[8.581s][info][gc       ] GC(189) Pause Young (Allocation Failure) 1624M->975M(2037M) 3.021ms
[8.646s][info][gc       ] GC(190) Pause Young (Allocation Failure) 1635M->986M(2037M) 2.697ms
[8.704s][info][gc       ] GC(191) Pause Young (Allocation Failure) 1646M->996M(2037M) 3.191ms
[8.764s][info][gc       ] GC(192) Pause Young (Allocation Failure) 1657M->1007M(2037M) 3.208ms
[8.816s][info][gc       ] GC(193) Pause Young (Allocation Failure) 1668M->1018M(2037M) 2.661ms
[8.874s][info][gc       ] GC(194) Pause Young (Allocation Failure) 1679M->1029M(2037M) 3.135ms
[8.933s][info][gc       ] GC(195) Pause Young (Allocation Failure) 1689M->1040M(2037M) 3.147ms
[8.991s][info][gc       ] GC(196) Pause Young (Allocation Failure) 1700M->1051M(2037M) 2.595ms
[9.056s][info][gc       ] GC(197) Pause Young (Allocation Failure) 1711M->1061M(2037M) 3.076ms
[9.118s][info][gc       ] GC(198) Pause Young (Allocation Failure) 1722M->1072M(2037M) 3.218ms
[9.170s][info][gc       ] GC(199) Pause Young (Allocation Failure) 1733M->1083M(2037M) 2.648ms
[9.228s][info][gc       ] GC(200) Pause Young (Allocation Failure) 1744M->1094M(2037M) 3.239ms
[9.291s][info][gc       ] GC(201) Pause Young (Allocation Failure) 1754M->1105M(2037M) 3.214ms
[9.349s][info][gc       ] GC(202) Pause Young (Allocation Failure) 1765M->1116M(2037M) 2.800ms
[9.407s][info][gc       ] GC(203) Pause Young (Allocation Failure) 1776M->1126M(2037M) 3.025ms
[9.461s][info][gc       ] GC(204) Pause Young (Allocation Failure) 1787M->1137M(2037M) 3.119ms
[9.520s][info][gc       ] GC(205) Pause Young (Allocation Failure) 1798M->1148M(2037M) 2.889ms
[9.578s][info][gc       ] GC(206) Pause Young (Allocation Failure) 1808M->1159M(2037M) 2.865ms
[9.636s][info][gc       ] GC(207) Pause Young (Allocation Failure) 1819M->1170M(2037M) 3.180ms
[9.688s][info][gc       ] GC(208) Pause Young (Allocation Failure) 1830M->1180M(2037M) 2.929ms
[9.746s][info][gc       ] GC(209) Pause Young (Allocation Failure) 1841M->1191M(2037M) 2.872ms
[9.805s][info][gc       ] GC(210) Pause Young (Allocation Failure) 1852M->1202M(2037M) 3.216ms
[9.863s][info][gc       ] GC(211) Pause Young (Allocation Failure) 1863M->1213M(2037M) 3.019ms
[9.922s][info][gc       ] GC(212) Pause Young (Allocation Failure) 1873M->1224M(2037M) 3.106ms
[9.987s][info][gc       ] GC(213) Pause Young (Allocation Failure) 1884M->1235M(2037M) 3.078ms
[10.053s][info][gc       ] GC(214) Pause Young (Allocation Failure) 1895M->1245M(2037M) 3.056ms
[10.111s][info][gc       ] GC(215) Pause Young (Allocation Failure) 1906M->1256M(2037M) 2.942ms
[10.159s][info][gc       ] GC(216) Pause Young (Allocation Failure) 1917M->1267M(2037M) 3.385ms
[10.218s][info][gc       ] GC(217) Pause Young (Allocation Failure) 1927M->1278M(2037M) 3.061ms
[10.277s][info][gc       ] GC(218) Pause Young (Allocation Failure) 1938M->1289M(2037M) 3.145ms
[10.338s][info][gc       ] GC(219) Pause Young (Allocation Failure) 1949M->1300M(2037M) 3.317ms
[10.404s][info][gc       ] GC(220) Pause Young (Allocation Failure) 1960M->1310M(2037M) 3.149ms
[10.462s][info][gc       ] GC(221) Pause Young (Allocation Failure) 1971M->1321M(2037M) 2.995ms
[10.527s][info][gc       ] GC(222) Pause Young (Allocation Failure) 1982M->1332M(2037M) 3.422ms
[10.581s][info][gc       ] GC(223) Pause Young (Allocation Failure) 1992M->1343M(2037M) 3.278ms
[10.640s][info][gc       ] GC(224) Pause Young (Allocation Failure) 2003M->1354M(2037M) 3.115ms
[10.699s][info][gc       ] GC(225) Pause Young (Allocation Failure) 2014M->1364M(2037M) 3.303ms
[10.757s][info][gc       ] GC(226) Pause Young (Allocation Failure) 2025M->1375M(2037M) 3.176ms
[10.822s][info][gc,phases] GC(227) Marking Phase 9.143ms
[10.822s][info][gc,phases] GC(227) Summary Phase 0.017ms
[10.844s][info][gc,phases] GC(227) Forward 21.709ms
[10.859s][info][gc,phases] GC(227) Adjust Pointers 15.732ms
[10.879s][info][gc,phases] GC(227) Compaction Phase 19.099ms
[10.879s][info][gc,phases] GC(227) Post Compact 0.428ms
[10.879s][info][gc       ] GC(227) Pause Full (Allocation Failure) 2036M->856M(2037M) 66.908ms
[10.936s][info][gc       ] GC(228) Pause Young (Allocation Failure) 1516M->867M(2037M) 1.916ms
[10.995s][info][gc       ] GC(229) Pause Young (Allocation Failure) 1527M->877M(2037M) 3.070ms
[11.052s][info][gc       ] GC(230) Pause Young (Allocation Failure) 1538M->888M(2037M) 2.337ms
[11.110s][info][gc       ] GC(231) Pause Young (Allocation Failure) 1549M->899M(2037M) 3.108ms
[11.159s][info][gc       ] GC(232) Pause Young (Allocation Failure) 1560M->910M(2037M) 3.042ms
[11.219s][info][gc       ] GC(233) Pause Young (Allocation Failure) 1570M->921M(2037M) 2.421ms
[11.277s][info][gc       ] GC(234) Pause Young (Allocation Failure) 1581M->932M(2037M) 2.999ms
[11.335s][info][gc       ] GC(235) Pause Young (Allocation Failure) 1592M->942M(2037M) 3.051ms
[11.393s][info][gc       ] GC(236) Pause Young (Allocation Failure) 1603M->953M(2037M) 2.580ms
[11.451s][info][gc       ] GC(237) Pause Young (Allocation Failure) 1614M->964M(2037M) 3.189ms
[11.510s][info][gc       ] GC(238) Pause Young (Allocation Failure) 1624M->975M(2037M) 3.149ms
[11.568s][info][gc       ] GC(239) Pause Young (Allocation Failure) 1635M->986M(2037M) 2.633ms
[11.626s][info][gc       ] GC(240) Pause Young (Allocation Failure) 1646M->996M(2037M) 2.939ms
[11.687s][info][gc       ] GC(241) Pause Young (Allocation Failure) 1657M->1007M(2037M) 3.114ms
[11.754s][info][gc       ] GC(242) Pause Young (Allocation Failure) 1668M->1018M(2037M) 3.577ms
[11.813s][info][gc       ] GC(243) Pause Young (Allocation Failure) 1679M->1029M(2037M) 3.194ms
[11.867s][info][gc       ] GC(244) Pause Young (Allocation Failure) 1689M->1040M(2037M) 3.211ms
[11.931s][info][gc       ] GC(245) Pause Young (Allocation Failure) 1700M->1051M(2037M) 2.837ms
[11.990s][info][gc       ] GC(246) Pause Young (Allocation Failure) 1711M->1061M(2037M) 3.076ms
[12.056s][info][gc       ] GC(247) Pause Young (Allocation Failure) 1722M->1072M(2037M) 3.147ms
[12.111s][info][gc       ] GC(248) Pause Young (Allocation Failure) 1733M->1083M(2037M) 2.840ms
[12.163s][info][gc       ] GC(249) Pause Young (Allocation Failure) 1743M->1094M(2037M) 3.257ms
[12.217s][info][gc       ] GC(250) Pause Young (Allocation Failure) 1754M->1105M(2037M) 3.152ms
[12.275s][info][gc       ] GC(251) Pause Young (Allocation Failure) 1765M->1115M(2037M) 2.859ms
[12.334s][info][gc       ] GC(252) Pause Young (Allocation Failure) 1776M->1126M(2037M) 3.100ms
[12.392s][info][gc       ] GC(253) Pause Young (Allocation Failure) 1787M->1137M(2037M) 3.260ms
[12.457s][info][gc       ] GC(254) Pause Young (Allocation Failure) 1798M->1148M(2037M) 2.738ms
[12.515s][info][gc       ] GC(255) Pause Young (Allocation Failure) 1808M->1159M(2037M) 3.221ms
[12.573s][info][gc       ] GC(256) Pause Young (Allocation Failure) 1819M->1169M(2037M) 3.097ms
[12.638s][info][gc       ] GC(257) Pause Young (Allocation Failure) 1830M->1180M(2037M) 2.576ms
[12.697s][info][gc       ] GC(258) Pause Young (Allocation Failure) 1841M->1191M(2037M) 3.125ms
[12.755s][info][gc       ] GC(259) Pause Young (Allocation Failure) 1852M->1202M(2037M) 3.246ms
[12.815s][info][gc       ] GC(260) Pause Young (Allocation Failure) 1862M->1213M(2037M) 2.610ms
[12.874s][info][gc       ] GC(261) Pause Young (Allocation Failure) 1873M->1224M(2037M) 3.253ms
[12.932s][info][gc       ] GC(262) Pause Young (Allocation Failure) 1884M->1234M(2037M) 3.363ms
[12.990s][info][gc       ] GC(263) Pause Young (Allocation Failure) 1895M->1245M(2037M) 2.827ms
[13.050s][info][gc       ] GC(264) Pause Young (Allocation Failure) 1906M->1256M(2037M) 3.223ms
[13.115s][info][gc       ] GC(265) Pause Young (Allocation Failure) 1917M->1267M(2037M) 3.385ms
[13.169s][info][gc       ] GC(266) Pause Young (Allocation Failure) 1927M->1278M(2037M) 3.053ms
[13.227s][info][gc       ] GC(267) Pause Young (Allocation Failure) 1938M->1288M(2037M) 3.152ms
[13.286s][info][gc       ] GC(268) Pause Young (Allocation Failure) 1949M->1299M(2037M) 3.226ms
[13.344s][info][gc       ] GC(269) Pause Young (Allocation Failure) 1960M->1310M(2037M) 2.924ms
[13.396s][info][gc       ] GC(270) Pause Young (Allocation Failure) 1971M->1321M(2037M) 2.952ms
[13.458s][info][gc       ] GC(271) Pause Young (Allocation Failure) 1981M->1332M(2037M) 3.376ms
[13.517s][info][gc       ] GC(272) Pause Young (Allocation Failure) 1992M->1343M(2037M) 2.995ms
[13.575s][info][gc       ] GC(273) Pause Young (Allocation Failure) 2003M->1353M(2037M) 3.055ms
[13.634s][info][gc       ] GC(274) Pause Young (Allocation Failure) 2014M->1364M(2037M) 3.211ms
[13.693s][info][gc       ] GC(275) Pause Young (Allocation Failure) 2025M->1375M(2037M) 2.986ms
[13.758s][info][gc,phases] GC(276) Marking Phase 9.190ms
[13.758s][info][gc,phases] GC(276) Summary Phase 0.016ms
[13.780s][info][gc,phases] GC(276) Forward 22.019ms
[13.796s][info][gc,phases] GC(276) Adjust Pointers 15.466ms
[13.816s][info][gc,phases] GC(276) Compaction Phase 20.125ms
[13.817s][info][gc,phases] GC(276) Post Compact 0.455ms
[13.817s][info][gc       ] GC(276) Pause Full (Allocation Failure) 2035M->856M(2037M) 68.176ms
[13.874s][info][gc       ] GC(277) Pause Young (Allocation Failure) 1516M->867M(2037M) 2.156ms
[13.939s][info][gc       ] GC(278) Pause Young (Allocation Failure) 1527M->877M(2037M) 2.799ms
[13.997s][info][gc       ] GC(279) Pause Young (Allocation Failure) 1538M->888M(2037M) 2.766ms
[14.055s][info][gc       ] GC(280) Pause Young (Allocation Failure) 1549M->899M(2037M) 3.058ms
[14.113s][info][gc       ] GC(281) Pause Young (Allocation Failure) 1560M->910M(2037M) 2.790ms
[14.176s][info][gc       ] GC(282) Pause Young (Allocation Failure) 1570M->921M(2037M) 2.603ms
[14.240s][info][gc       ] GC(283) Pause Young (Allocation Failure) 1581M->931M(2037M) 3.044ms
[14.298s][info][gc       ] GC(284) Pause Young (Allocation Failure) 1592M->942M(2037M) 2.860ms
[14.356s][info][gc       ] GC(285) Pause Young (Allocation Failure) 1603M->953M(2037M) 2.626ms
[14.414s][info][gc       ] GC(286) Pause Young (Allocation Failure) 1614M->964M(2037M) 2.971ms
[14.479s][info][gc       ] GC(287) Pause Young (Allocation Failure) 1624M->975M(2037M) 2.943ms
[14.537s][info][gc       ] GC(288) Pause Young (Allocation Failure) 1635M->986M(2037M) 2.704ms
[14.595s][info][gc       ] GC(289) Pause Young (Allocation Failure) 1646M->996M(2037M) 2.986ms
[14.653s][info][gc       ] GC(290) Pause Young (Allocation Failure) 1657M->1007M(2037M) 2.950ms
[14.711s][info][gc       ] GC(291) Pause Young (Allocation Failure) 1668M->1018M(2037M) 2.854ms
[14.770s][info][gc       ] GC(292) Pause Young (Allocation Failure) 1679M->1029M(2037M) 3.132ms
[14.828s][info][gc       ] GC(293) Pause Young (Allocation Failure) 1689M->1040M(2037M) 3.104ms
[14.887s][info][gc       ] GC(294) Pause Young (Allocation Failure) 1700M->1051M(2037M) 2.818ms
[14.946s][info][gc       ] GC(295) Pause Young (Allocation Failure) 1711M->1061M(2037M) 3.175ms
[15.004s][info][gc       ] GC(296) Pause Young (Allocation Failure) 1722M->1072M(2037M) 3.156ms
[15.069s][info][gc       ] GC(297) Pause Young (Allocation Failure) 1733M->1083M(2037M) 2.692ms
[15.122s][info][gc       ] GC(298) Pause Young (Allocation Failure) 1743M->1094M(2037M) 3.327ms
[15.170s][info][gc       ] GC(299) Pause Young (Allocation Failure) 1754M->1105M(2037M) 3.254ms
[15.235s][info][gc       ] GC(300) Pause Young (Allocation Failure) 1765M->1115M(2037M) 2.828ms
[15.294s][info][gc       ] GC(301) Pause Young (Allocation Failure) 1776M->1126M(2037M) 3.131ms
[15.360s][info][gc       ] GC(302) Pause Young (Allocation Failure) 1787M->1137M(2037M) 3.380ms
[15.420s][info][gc       ] GC(303) Pause Young (Allocation Failure) 1798M->1148M(2037M) 2.788ms
[15.479s][info][gc       ] GC(304) Pause Young (Allocation Failure) 1808M->1159M(2037M) 3.163ms
[15.537s][info][gc       ] GC(305) Pause Young (Allocation Failure) 1819M->1170M(2037M) 3.226ms
[15.595s][info][gc       ] GC(306) Pause Young (Allocation Failure) 1830M->1180M(2037M) 2.729ms
[15.654s][info][gc       ] GC(307) Pause Young (Allocation Failure) 1841M->1191M(2037M) 2.962ms
[15.712s][info][gc       ] GC(308) Pause Young (Allocation Failure) 1852M->1202M(2037M) 3.205ms
[15.771s][info][gc       ] GC(309) Pause Young (Allocation Failure) 1863M->1213M(2037M) 2.942ms
[15.829s][info][gc       ] GC(310) Pause Young (Allocation Failure) 1873M->1224M(2037M) 2.962ms
[15.887s][info][gc       ] GC(311) Pause Young (Allocation Failure) 1884M->1234M(2037M) 3.212ms
[15.945s][info][gc       ] GC(312) Pause Young (Allocation Failure) 1895M->1245M(2037M) 2.961ms
[16.004s][info][gc       ] GC(313) Pause Young (Allocation Failure) 1906M->1256M(2037M) 2.960ms
[16.062s][info][gc       ] GC(314) Pause Young (Allocation Failure) 1917M->1267M(2037M) 3.305ms
[16.121s][info][gc       ] GC(315) Pause Young (Allocation Failure) 1927M->1278M(2037M) 3.694ms
[16.174s][info][gc       ] GC(316) Pause Young (Allocation Failure) 1938M->1289M(2037M) 3.220ms
[16.232s][info][gc       ] GC(317) Pause Young (Allocation Failure) 1949M->1299M(2037M) 3.222ms
[16.290s][info][gc       ] GC(318) Pause Young (Allocation Failure) 1960M->1310M(2037M) 2.785ms
[16.349s][info][gc       ] GC(319) Pause Young (Allocation Failure) 1971M->1321M(2037M) 3.322ms
[16.407s][info][gc       ] GC(320) Pause Young (Allocation Failure) 1982M->1332M(2037M) 3.397ms
[16.460s][info][gc       ] GC(321) Pause Young (Allocation Failure) 1992M->1343M(2037M) 2.812ms
[16.518s][info][gc       ] GC(322) Pause Young (Allocation Failure) 2003M->1354M(2037M) 3.441ms
[16.577s][info][gc       ] GC(323) Pause Young (Allocation Failure) 2014M->1364M(2037M) 3.395ms
[16.635s][info][gc       ] GC(324) Pause Young (Allocation Failure) 2025M->1375M(2037M) 2.659ms
[16.695s][info][gc,phases] GC(325) Marking Phase 9.004ms
[16.695s][info][gc,phases] GC(325) Summary Phase 0.017ms
[16.717s][info][gc,phases] GC(325) Forward 21.483ms
[16.733s][info][gc,phases] GC(325) Adjust Pointers 15.637ms
[16.751s][info][gc,phases] GC(325) Compaction Phase 18.625ms
[16.752s][info][gc,phases] GC(325) Post Compact 0.454ms
[16.752s][info][gc       ] GC(325) Pause Full (Allocation Failure) 2036M->856M(2037M) 66.140ms
[16.810s][info][gc       ] GC(326) Pause Young (Allocation Failure) 1516M->867M(2037M) 2.270ms
[16.873s][info][gc       ] GC(327) Pause Young (Allocation Failure) 1527M->877M(2037M) 2.582ms
[16.932s][info][gc       ] GC(328) Pause Young (Allocation Failure) 1538M->888M(2037M) 3.038ms
[16.991s][info][gc       ] GC(329) Pause Young (Allocation Failure) 1549M->899M(2037M) 3.187ms
[17.051s][info][gc       ] GC(330) Pause Young (Allocation Failure) 1560M->910M(2037M) 2.604ms
[17.104s][info][gc       ] GC(331) Pause Young (Allocation Failure) 1570M->921M(2037M) 2.956ms
[17.161s][info][gc       ] GC(332) Pause Young (Allocation Failure) 1581M->931M(2037M) 3.156ms
[17.222s][info][gc       ] GC(333) Pause Young (Allocation Failure) 1592M->942M(2037M) 2.737ms
[17.280s][info][gc       ] GC(334) Pause Young (Allocation Failure) 1603M->953M(2037M) 2.925ms
[17.334s][info][gc       ] GC(335) Pause Young (Allocation Failure) 1614M->964M(2037M) 3.100ms
[17.392s][info][gc       ] GC(336) Pause Young (Allocation Failure) 1624M->975M(2037M) 2.728ms
[17.450s][info][gc       ] GC(337) Pause Young (Allocation Failure) 1635M->986M(2037M) 2.758ms
[17.508s][info][gc       ] GC(338) Pause Young (Allocation Failure) 1646M->996M(2037M) 2.917ms
[17.572s][info][gc       ] GC(339) Pause Young (Allocation Failure) 1657M->1007M(2037M) 2.820ms
[17.630s][info][gc       ] GC(340) Pause Young (Allocation Failure) 1668M->1018M(2037M) 2.790ms
[17.686s][info][gc       ] GC(341) Pause Young (Allocation Failure) 1679M->1029M(2037M) 3.091ms
[17.750s][info][gc       ] GC(342) Pause Young (Allocation Failure) 1689M->1040M(2037M) 2.874ms
[17.807s][info][gc       ] GC(343) Pause Young (Allocation Failure) 1700M->1050M(2037M) 2.774ms
[17.871s][info][gc       ] GC(344) Pause Young (Allocation Failure) 1711M->1061M(2037M) 2.933ms
[17.930s][info][gc       ] GC(345) Pause Young (Allocation Failure) 1722M->1072M(2037M) 3.049ms
[17.988s][info][gc       ] GC(346) Pause Young (Allocation Failure) 1733M->1083M(2037M) 2.746ms
[18.046s][info][gc       ] GC(347) Pause Young (Allocation Failure) 1743M->1094M(2037M) 3.008ms
[18.104s][info][gc       ] GC(348) Pause Young (Allocation Failure) 1754M->1105M(2037M) 3.205ms
[18.164s][info][gc       ] GC(349) Pause Young (Allocation Failure) 1765M->1115M(2037M) 2.784ms
[18.217s][info][gc       ] GC(350) Pause Young (Allocation Failure) 1776M->1126M(2037M) 3.321ms
[18.275s][info][gc       ] GC(351) Pause Young (Allocation Failure) 1787M->1137M(2037M) 3.106ms
[18.334s][info][gc       ] GC(352) Pause Young (Allocation Failure) 1798M->1148M(2037M) 2.766ms
[18.393s][info][gc       ] GC(353) Pause Young (Allocation Failure) 1808M->1159M(2037M) 3.160ms
[18.451s][info][gc       ] GC(354) Pause Young (Allocation Failure) 1819M->1170M(2037M) 3.196ms
[18.509s][info][gc       ] GC(355) Pause Young (Allocation Failure) 1830M->1180M(2037M) 2.650ms
[18.563s][info][gc       ] GC(356) Pause Young (Allocation Failure) 1841M->1191M(2037M) 3.221ms
[18.628s][info][gc       ] GC(357) Pause Young (Allocation Failure) 1852M->1202M(2037M) 3.223ms
[18.691s][info][gc       ] GC(358) Pause Young (Allocation Failure) 1863M->1213M(2037M) 2.868ms
[18.756s][info][gc       ] GC(359) Pause Young (Allocation Failure) 1873M->1224M(2037M) 3.381ms
[18.811s][info][gc       ] GC(360) Pause Young (Allocation Failure) 1884M->1234M(2037M) 3.272ms
[18.870s][info][gc       ] GC(361) Pause Young (Allocation Failure) 1895M->1245M(2037M) 2.903ms
[18.936s][info][gc       ] GC(362) Pause Young (Allocation Failure) 1906M->1256M(2037M) 3.327ms
[18.987s][info][gc       ] GC(363) Pause Young (Allocation Failure) 1917M->1267M(2037M) 3.459ms
[19.045s][info][gc       ] GC(364) Pause Young (Allocation Failure) 1927M->1278M(2037M) 2.700ms
[19.103s][info][gc       ] GC(365) Pause Young (Allocation Failure) 1938M->1289M(2037M) 3.207ms
[19.157s][info][gc       ] GC(366) Pause Young (Allocation Failure) 1949M->1299M(2037M) 3.304ms
[19.215s][info][gc       ] GC(367) Pause Young (Allocation Failure) 1960M->1310M(2037M) 2.961ms
[19.274s][info][gc       ] GC(368) Pause Young (Allocation Failure) 1971M->1321M(2037M) 3.039ms
[19.332s][info][gc       ] GC(369) Pause Young (Allocation Failure) 1982M->1332M(2037M) 3.241ms
[19.390s][info][gc       ] GC(370) Pause Young (Allocation Failure) 1992M->1343M(2037M) 2.956ms
[19.442s][info][gc       ] GC(371) Pause Young (Allocation Failure) 2003M->1353M(2037M) 3.063ms
[19.500s][info][gc       ] GC(372) Pause Young (Allocation Failure) 2014M->1364M(2037M) 3.340ms
[19.559s][info][gc       ] GC(373) Pause Young (Allocation Failure) 2025M->1375M(2037M) 2.951ms
[19.624s][info][gc,phases] GC(374) Marking Phase 9.062ms
[19.624s][info][gc,phases] GC(374) Summary Phase 0.017ms
[19.645s][info][gc,phases] GC(374) Forward 21.195ms
[19.661s][info][gc,phases] GC(374) Adjust Pointers 15.873ms
[19.682s][info][gc,phases] GC(374) Compaction Phase 20.855ms
[19.683s][info][gc,phases] GC(374) Post Compact 0.475ms
[19.683s][info][gc       ] GC(374) Pause Full (Allocation Failure) 2036M->856M(2037M) 68.336ms
[19.740s][info][gc       ] GC(375) Pause Young (Allocation Failure) 1516M->867M(2037M) 2.018ms
[19.797s][info][gc       ] GC(376) Pause Young (Allocation Failure) 1527M->877M(2037M) 2.718ms
[19.855s][info][gc       ] GC(377) Pause Young (Allocation Failure) 1538M->888M(2037M) 2.675ms
[19.914s][info][gc       ] GC(378) Pause Young (Allocation Failure) 1549M->899M(2037M) 3.015ms
[19.973s][info][gc       ] GC(379) Pause Young (Allocation Failure) 1560M->910M(2037M) 2.774ms
[20.038s][info][gc       ] GC(380) Pause Young (Allocation Failure) 1570M->921M(2037M) 2.871ms
[20.096s][info][gc       ] GC(381) Pause Young (Allocation Failure) 1581M->931M(2037M) 2.865ms
[20.154s][info][gc       ] GC(382) Pause Young (Allocation Failure) 1592M->942M(2037M) 2.885ms
[20.212s][info][gc       ] GC(383) Pause Young (Allocation Failure) 1603M->953M(2037M) 2.836ms
[20.277s][info][gc       ] GC(384) Pause Young (Allocation Failure) 1614M->964M(2037M) 3.121ms
[20.328s][info][gc       ] GC(385) Pause Young (Allocation Failure) 1624M->975M(2037M) 2.909ms
[20.387s][info][gc       ] GC(386) Pause Young (Allocation Failure) 1635M->986M(2037M) 2.795ms
[20.445s][info][gc       ] GC(387) Pause Young (Allocation Failure) 1646M->996M(2037M) 3.158ms
[20.504s][info][gc       ] GC(388) Pause Young (Allocation Failure) 1657M->1007M(2037M) 3.496ms
[20.564s][info][gc       ] GC(389) Pause Young (Allocation Failure) 1668M->1018M(2037M) 3.135ms
[20.622s][info][gc       ] GC(390) Pause Young (Allocation Failure) 1679M->1029M(2037M) 3.181ms
[20.681s][info][gc       ] GC(391) Pause Young (Allocation Failure) 1689M->1040M(2037M) 2.736ms
[20.746s][info][gc       ] GC(392) Pause Young (Allocation Failure) 1700M->1051M(2037M) 3.028ms
[20.804s][info][gc       ] GC(393) Pause Young (Allocation Failure) 1711M->1061M(2037M) 3.161ms
[20.863s][info][gc       ] GC(394) Pause Young (Allocation Failure) 1722M->1072M(2037M) 2.678ms
[20.921s][info][gc       ] GC(395) Pause Young (Allocation Failure) 1733M->1083M(2037M) 2.871ms
[20.986s][info][gc       ] GC(396) Pause Young (Allocation Failure) 1743M->1094M(2037M) 3.230ms
[21.044s][info][gc       ] GC(397) Pause Young (Allocation Failure) 1754M->1105M(2037M) 2.782ms
[21.102s][info][gc       ] GC(398) Pause Young (Allocation Failure) 1765M->1115M(2037M) 2.857ms
[21.160s][info][gc       ] GC(399) Pause Young (Allocation Failure) 1776M->1126M(2037M) 3.077ms
[21.218s][info][gc       ] GC(400) Pause Young (Allocation Failure) 1787M->1137M(2037M) 2.900ms
[21.276s][info][gc       ] GC(401) Pause Young (Allocation Failure) 1798M->1148M(2037M) 2.887ms
[21.334s][info][gc       ] GC(402) Pause Young (Allocation Failure) 1808M->1159M(2037M) 3.212ms
[21.392s][info][gc       ] GC(403) Pause Young (Allocation Failure) 1819M->1170M(2037M) 2.960ms
[21.450s][info][gc       ] GC(404) Pause Young (Allocation Failure) 1830M->1180M(2037M) 2.854ms
[21.515s][info][gc       ] GC(405) Pause Young (Allocation Failure) 1841M->1191M(2037M) 2.968ms
[21.573s][info][gc       ] GC(406) Pause Young (Allocation Failure) 1852M->1202M(2037M) 2.878ms
[21.639s][info][gc       ] GC(407) Pause Young (Allocation Failure) 1863M->1213M(2037M) 2.990ms
[21.697s][info][gc       ] GC(408) Pause Young (Allocation Failure) 1873M->1224M(2037M) 3.217ms
[21.755s][info][gc       ] GC(409) Pause Young (Allocation Failure) 1884M->1234M(2037M) 3.022ms
[21.813s][info][gc       ] GC(410) Pause Young (Allocation Failure) 1895M->1245M(2037M) 2.888ms
[21.872s][info][gc       ] GC(411) Pause Young (Allocation Failure) 1906M->1256M(2037M) 3.307ms
[21.930s][info][gc       ] GC(412) Pause Young (Allocation Failure) 1917M->1267M(2037M) 3.193ms
[21.989s][info][gc       ] GC(413) Pause Young (Allocation Failure) 1927M->1278M(2037M) 3.049ms
[22.048s][info][gc       ] GC(414) Pause Young (Allocation Failure) 1938M->1289M(2037M) 3.281ms
[22.106s][info][gc       ] GC(415) Pause Young (Allocation Failure) 1949M->1299M(2037M) 3.090ms
[22.164s][info][gc       ] GC(416) Pause Young (Allocation Failure) 1960M->1310M(2037M) 2.852ms
[22.223s][info][gc       ] GC(417) Pause Young (Allocation Failure) 1971M->1321M(2037M) 3.436ms
[22.273s][info][gc       ] GC(418) Pause Young (Allocation Failure) 1981M->1332M(2037M) 3.235ms
[22.335s][info][gc       ] GC(419) Pause Young (Allocation Failure) 1992M->1343M(2037M) 2.857ms
[22.402s][info][gc       ] GC(420) Pause Young (Allocation Failure) 2003M->1353M(2037M) 3.305ms
[22.460s][info][gc       ] GC(421) Pause Young (Allocation Failure) 2014M->1364M(2037M) 3.075ms
[22.519s][info][gc       ] GC(422) Pause Young (Allocation Failure) 2025M->1375M(2037M) 2.980ms
[22.579s][info][gc,phases] GC(423) Marking Phase 9.527ms
[22.579s][info][gc,phases] GC(423) Summary Phase 0.013ms
[22.601s][info][gc,phases] GC(423) Forward 21.618ms
[22.617s][info][gc,phases] GC(423) Adjust Pointers 15.928ms
[22.637s][info][gc,phases] GC(423) Compaction Phase 20.328ms
[22.638s][info][gc,phases] GC(423) Post Compact 0.439ms
[22.638s][info][gc       ] GC(423) Pause Full (Allocation Failure) 2036M->856M(2037M) 68.674ms
[22.697s][info][gc       ] GC(424) Pause Young (Allocation Failure) 1516M->867M(2037M) 2.280ms
[22.755s][info][gc       ] GC(425) Pause Young (Allocation Failure) 1527M->877M(2037M) 2.501ms
[22.813s][info][gc       ] GC(426) Pause Young (Allocation Failure) 1538M->888M(2037M) 3.145ms
[22.871s][info][gc       ] GC(427) Pause Young (Allocation Failure) 1549M->899M(2037M) 3.204ms
[22.929s][info][gc       ] GC(428) Pause Young (Allocation Failure) 1560M->910M(2037M) 2.602ms
[22.987s][info][gc       ] GC(429) Pause Young (Allocation Failure) 1570M->921M(2037M) 3.030ms
[23.045s][info][gc       ] GC(430) Pause Young (Allocation Failure) 1581M->932M(2037M) 3.168ms
[23.103s][info][gc       ] GC(431) Pause Young (Allocation Failure) 1592M->942M(2037M) 2.522ms
[23.159s][info][gc       ] GC(432) Pause Young (Allocation Failure) 1603M->953M(2037M) 2.946ms
[23.217s][info][gc       ] GC(433) Pause Young (Allocation Failure) 1614M->964M(2037M) 3.124ms
[23.274s][info][gc       ] GC(434) Pause Young (Allocation Failure) 1624M->975M(2037M) 2.843ms
[23.339s][info][gc       ] GC(435) Pause Young (Allocation Failure) 1635M->986M(2037M) 2.885ms
[23.397s][info][gc       ] GC(436) Pause Young (Allocation Failure) 1646M->996M(2037M) 2.840ms
[23.456s][info][gc       ] GC(437) Pause Young (Allocation Failure) 1657M->1007M(2037M) 2.775ms
