[0.003s][info][gc] Using Parallel
[0.364s][info][gc] GC(0) Pause Young (Allocation Failure) 513M->438M(1963M) 36.637ms
[0.471s][info][gc] GC(1) Pause Young (Allocation Failure) 950M->803M(1963M) 36.614ms
[0.504s][info][gc] GC(2) Pause Young (Allocation Failure) 1316M->809M(1963M) 7.225ms
[0.540s][info][gc] GC(3) Pause Young (Allocation Failure) 1321M->820M(1963M) 7.132ms
[0.573s][info][gc] GC(4) Pause Young (Allocation Failure) 1333M->825M(1963M) 6.452ms
[0.607s][info][gc] GC(5) Pause Young (Allocation Failure) 1338M->834M(1678M) 6.681ms
[0.629s][info][gc] GC(6) Pause Young (Allocation Failure) 1061M->835M(1820M) 9.975ms
[0.643s][info][gc] GC(7) Pause Young (Allocation Failure) 1062M->838M(1820M) 1.598ms
[0.657s][info][gc] GC(8) Pause Young (Allocation Failure) 1066M->842M(1820M) 2.203ms
[0.672s][info][gc] GC(9) Pause Young (Allocation Failure) 1070M->846M(1820M) 2.466ms
[0.687s][info][gc] GC(10) Pause Young (Allocation Failure) 1073M->850M(1820M) 2.357ms
[0.700s][info][gc] GC(11) Pause Young (Allocation Failure) 1077M->853M(1820M) 1.391ms
[0.714s][info][gc] GC(12) Pause Young (Allocation Failure) 1081M->857M(1820M) 1.772ms
[0.728s][info][gc] GC(13) Pause Young (Allocation Failure) 1084M->861M(1820M) 1.763ms
[0.742s][info][gc] GC(14) Pause Young (Allocation Failure) 1088M->864M(1820M) 1.808ms
[0.756s][info][gc] GC(15) Pause Young (Allocation Failure) 1092M->868M(1820M) 1.371ms
[0.770s][info][gc] GC(16) Pause Young (Allocation Failure) 1096M->872M(1820M) 1.849ms
[0.784s][info][gc] GC(17) Pause Young (Allocation Failure) 1099M->876M(1820M) 1.847ms
[0.798s][info][gc] GC(18) Pause Young (Allocation Failure) 1103M->879M(1820M) 1.890ms
[0.811s][info][gc] GC(19) Pause Young (Allocation Failure) 1107M->883M(1820M) 1.528ms
[0.825s][info][gc] GC(20) Pause Young (Allocation Failure) 1111M->887M(1820M) 1.684ms
[0.839s][info][gc] GC(21) Pause Young (Allocation Failure) 1114M->891M(1820M) 1.805ms
[0.853s][info][gc] GC(22) Pause Young (Allocation Failure) 1118M->894M(1820M) 1.805ms
[0.867s][info][gc] GC(23) Pause Young (Allocation Failure) 1122M->898M(1820M) 1.811ms
[0.881s][info][gc] GC(24) Pause Young (Allocation Failure) 1126M->902M(1820M) 1.507ms
[0.895s][info][gc] GC(25) Pause Young (Allocation Failure) 1129M->906M(1836M) 1.862ms
[0.910s][info][gc] GC(26) Pause Young (Allocation Failure) 1150M->910M(1821M) 1.924ms
[0.925s][info][gc] GC(27) Pause Young (Allocation Failure) 1154M->914M(1864M) 1.777ms
[0.943s][info][gc] GC(28) Pause Young (Allocation Failure) 1216M->919M(1851M) 1.662ms
[0.962s][info][gc] GC(29) Pause Young (Allocation Failure) 1221M->923M(1889M) 2.332ms
[0.983s][info][gc] GC(30) Pause Young (Allocation Failure) 1277M->929M(1877M) 2.303ms
[1.003s][info][gc] GC(31) Pause Young (Allocation Failure) 1283M->935M(1912M) 1.776ms
[1.027s][info][gc] GC(32) Pause Young (Allocation Failure) 1335M->942M(1901M) 2.672ms
[1.051s][info][gc] GC(33) Pause Young (Allocation Failure) 1341M->948M(1931M) 2.398ms
[1.076s][info][gc] GC(34) Pause Young (Allocation Failure) 1388M->955M(1922M) 2.370ms
[1.102s][info][gc] GC(35) Pause Young (Allocation Failure) 1395M->963M(1948M) 2.706ms
[1.130s][info][gc] GC(36) Pause Young (Allocation Failure) 1438M->970M(1940M) 2.313ms
[1.158s][info][gc] GC(37) Pause Young (Allocation Failure) 1446M->978M(1963M) 2.976ms
[1.187s][info][gc] GC(38) Pause Young (Allocation Failure) 1484M->987M(1956M) 2.395ms
[1.217s][info][gc] GC(39) Pause Young (Allocation Failure) 1492M->995M(1975M) 3.251ms
[1.249s][info][gc] GC(40) Pause Young (Allocation Failure) 1526M->1004M(1969M) 2.603ms
[1.280s][info][gc] GC(41) Pause Young (Allocation Failure) 1535M->1012M(1986M) 3.182ms
[1.312s][info][gc] GC(42) Pause Young (Allocation Failure) 1566M->1021M(1981M) 2.869ms
[1.344s][info][gc] GC(43) Pause Young (Allocation Failure) 1575M->1030M(1995M) 2.901ms
[1.377s][info][gc] GC(44) Pause Young (Allocation Failure) 1603M->1040M(1991M) 3.226ms
[1.411s][info][gc] GC(45) Pause Young (Allocation Failure) 1612M->1049M(2002M) 2.757ms
[1.445s][info][gc] GC(46) Pause Young (Allocation Failure) 1637M->1059M(1999M) 3.271ms
[1.478s][info][gc] GC(47) Pause Young (Allocation Failure) 1647M->1068M(2009M) 2.734ms
[1.513s][info][gc] GC(48) Pause Young (Allocation Failure) 1670M->1078M(2006M) 3.188ms
[1.548s][info][gc] GC(49) Pause Young (Allocation Failure) 1680M->1088M(2014M) 3.184ms
[1.583s][info][gc] GC(50) Pause Young (Allocation Failure) 1701M->1098M(2012M) 2.612ms
[1.619s][info][gc] GC(51) Pause Young (Allocation Failure) 1711M->1108M(2018M) 3.562ms
[1.654s][info][gc] GC(52) Pause Young (Allocation Failure) 1730M->1119M(2016M) 3.036ms
[1.690s][info][gc] GC(53) Pause Young (Allocation Failure) 1740M->1129M(2022M) 3.005ms
[1.726s][info][gc] GC(54) Pause Young (Allocation Failure) 1758M->1139M(2020M) 3.361ms
[1.762s][info][gc] GC(55) Pause Young (Allocation Failure) 1769M->1149M(2025M) 2.930ms
[1.798s][info][gc] GC(56) Pause Young (Allocation Failure) 1784M->1160M(2023M) 3.065ms
[1.835s][info][gc] GC(57) Pause Young (Allocation Failure) 1795M->1170M(2027M) 3.419ms
[1.872s][info][gc] GC(58) Pause Young (Allocation Failure) 1810M->1181M(2026M) 2.876ms
[1.909s][info][gc] GC(59) Pause Young (Allocation Failure) 1821M->1191M(2029M) 3.489ms
[1.946s][info][gc] GC(60) Pause Young (Allocation Failure) 1835M->1202M(2028M) 3.429ms
[1.983s][info][gc] GC(61) Pause Young (Allocation Failure) 1845M->1212M(2030M) 2.746ms
[2.020s][info][gc] GC(62) Pause Young (Allocation Failure) 1859M->1223M(2030M) 3.432ms
[2.057s][info][gc] GC(63) Pause Young (Allocation Failure) 1870M->1234M(2031M) 3.423ms
[2.094s][info][gc] GC(64) Pause Young (Allocation Failure) 1883M->1244M(2031M) 2.795ms
[2.132s][info][gc] GC(65) Pause Young (Allocation Failure) 1893M->1255M(2032M) 3.347ms
[2.170s][info][gc] GC(66) Pause Young (Allocation Failure) 1906M->1266M(2032M) 3.567ms
[2.207s][info][gc] GC(67) Pause Young (Allocation Failure) 1917M->1276M(2033M) 2.765ms
[2.244s][info][gc] GC(68) Pause Young (Allocation Failure) 1929M->1287M(2033M) 3.525ms
[2.282s][info][gc] GC(69) Pause Young (Allocation Failure) 1940M->1298M(2034M) 3.549ms
[2.320s][info][gc] GC(70) Pause Young (Allocation Failure) 1952M->1308M(2033M) 2.891ms
[2.357s][info][gc] GC(71) Pause Young (Allocation Failure) 1962M->1319M(2034M) 3.470ms
[2.395s][info][gc] GC(72) Pause Young (Allocation Failure) 1974M->1330M(2034M) 3.612ms
[2.433s][info][gc] GC(73) Pause Young (Allocation Failure) 1985M->1340M(2035M) 2.843ms
[2.471s][info][gc] GC(74) Pause Young (Allocation Failure) 1996M->1351M(2034M) 3.549ms
[2.508s][info][gc] GC(75) Pause Young (Allocation Failure) 2007M->1362M(2035M) 3.587ms
[2.546s][info][gc] GC(76) Pause Young (Allocation Failure) 2018M->1373M(2035M) 2.998ms
[2.603s][info][gc,phases] GC(77) Marking Phase 22.151ms
[2.603s][info][gc,phases] GC(77) Summary Phase 0.051ms
[2.604s][info][gc,phases] GC(77) Adjust Roots 1.447ms
[2.630s][info][gc,phases] GC(77) Compaction Phase 25.469ms
[2.632s][info][gc,phases] GC(77) Post Compact 2.035ms
[2.632s][info][gc       ] GC(77) Pause Full (Ergonomics) 2029M->788M(2035M) 51.694ms
[2.669s][info][gc       ] GC(78) Pause Young (Allocation Failure) 1446M->799M(2035M) 2.236ms
[2.706s][info][gc       ] GC(79) Pause Young (Allocation Failure) 1457M->810M(2035M) 2.539ms
[2.743s][info][gc       ] GC(80) Pause Young (Allocation Failure) 1467M->821M(2035M) 3.204ms
[2.781s][info][gc       ] GC(81) Pause Young (Allocation Failure) 1478M->831M(2036M) 3.176ms
[2.817s][info][gc       ] GC(82) Pause Young (Allocation Failure) 1489M->842M(2035M) 2.517ms
[2.855s][info][gc       ] GC(83) Pause Young (Allocation Failure) 1500M->853M(2036M) 3.006ms
[2.892s][info][gc       ] GC(84) Pause Young (Allocation Failure) 1512M->864M(2036M) 3.130ms
[2.930s][info][gc       ] GC(85) Pause Young (Allocation Failure) 1522M->875M(2036M) 2.605ms
[2.967s][info][gc       ] GC(86) Pause Young (Allocation Failure) 1533M->885M(2036M) 2.934ms
[3.005s][info][gc       ] GC(87) Pause Young (Allocation Failure) 1544M->896M(2036M) 3.191ms
[3.042s][info][gc       ] GC(88) Pause Young (Allocation Failure) 1555M->907M(2036M) 2.652ms
[3.079s][info][gc       ] GC(89) Pause Young (Allocation Failure) 1566M->918M(2036M) 2.893ms
[3.116s][info][gc       ] GC(90) Pause Young (Allocation Failure) 1577M->929M(2036M) 2.971ms
[3.153s][info][gc       ] GC(91) Pause Young (Allocation Failure) 1588M->939M(2036M) 2.734ms
[3.191s][info][gc       ] GC(92) Pause Young (Allocation Failure) 1599M->950M(2036M) 2.757ms
[3.229s][info][gc       ] GC(93) Pause Young (Allocation Failure) 1610M->961M(2036M) 3.075ms
[3.266s][info][gc       ] GC(94) Pause Young (Allocation Failure) 1621M->972M(2036M) 2.815ms
[3.303s][info][gc       ] GC(95) Pause Young (Allocation Failure) 1631M->983M(2036M) 2.647ms
[3.341s][info][gc       ] GC(96) Pause Young (Allocation Failure) 1642M->993M(2036M) 3.007ms
[3.378s][info][gc       ] GC(97) Pause Young (Allocation Failure) 1653M->1004M(2036M) 3.265ms
[3.446s][info][gc       ] GC(98) Pause Young (Allocation Failure) 1664M->1015M(2036M) 3.277ms
[3.514s][info][gc       ] GC(99) Pause Young (Allocation Failure) 1674M->1026M(2036M) 3.134ms
[3.574s][info][gc       ] GC(100) Pause Young (Allocation Failure) 1685M->1036M(2036M) 2.780ms
[3.634s][info][gc       ] GC(101) Pause Young (Allocation Failure) 1696M->1047M(2036M) 3.323ms
[3.695s][info][gc       ] GC(102) Pause Young (Allocation Failure) 1707M->1058M(2036M) 3.225ms
[3.755s][info][gc       ] GC(103) Pause Young (Allocation Failure) 1718M->1069M(2036M) 2.721ms
[3.824s][info][gc       ] GC(104) Pause Young (Allocation Failure) 1728M->1080M(2036M) 3.410ms
[3.876s][info][gc       ] GC(105) Pause Young (Allocation Failure) 1739M->1090M(2036M) 3.266ms
[3.936s][info][gc       ] GC(106) Pause Young (Allocation Failure) 1750M->1101M(2036M) 2.503ms
[3.997s][info][gc       ] GC(107) Pause Young (Allocation Failure) 1761M->1112M(2036M) 3.383ms
[4.057s][info][gc       ] GC(108) Pause Young (Allocation Failure) 1772M->1123M(2036M) 3.317ms
[4.117s][info][gc       ] GC(109) Pause Young (Allocation Failure) 1782M->1134M(2036M) 2.578ms
[4.178s][info][gc       ] GC(110) Pause Young (Allocation Failure) 1793M->1144M(2036M) 3.353ms
[4.239s][info][gc       ] GC(111) Pause Young (Allocation Failure) 1804M->1155M(2037M) 3.357ms
[4.299s][info][gc       ] GC(112) Pause Young (Allocation Failure) 1815M->1166M(2036M) 2.642ms
[4.360s][info][gc       ] GC(113) Pause Young (Allocation Failure) 1826M->1177M(2037M) 3.253ms
[4.420s][info][gc       ] GC(114) Pause Young (Allocation Failure) 1837M->1188M(2037M) 3.365ms
[4.481s][info][gc       ] GC(115) Pause Young (Allocation Failure) 1848M->1199M(2037M) 2.797ms
[4.541s][info][gc       ] GC(116) Pause Young (Allocation Failure) 1859M->1209M(2037M) 3.213ms
[4.602s][info][gc       ] GC(117) Pause Young (Allocation Failure) 1870M->1220M(2037M) 3.210ms
[4.662s][info][gc       ] GC(118) Pause Young (Allocation Failure) 1881M->1231M(2037M) 2.829ms
[4.716s][info][gc       ] GC(119) Pause Young (Allocation Failure) 1892M->1242M(2037M) 2.979ms
[4.777s][info][gc       ] GC(120) Pause Young (Allocation Failure) 1902M->1253M(2037M) 3.384ms
[4.837s][info][gc       ] GC(121) Pause Young (Allocation Failure) 1913M->1264M(2037M) 2.992ms
[4.898s][info][gc       ] GC(122) Pause Young (Allocation Failure) 1924M->1274M(2037M) 3.092ms
[4.959s][info][gc       ] GC(123) Pause Young (Allocation Failure) 1935M->1285M(2037M) 3.274ms
[5.019s][info][gc       ] GC(124) Pause Young (Allocation Failure) 1946M->1296M(2037M) 2.995ms
[5.076s][info][gc       ] GC(125) Pause Young (Allocation Failure) 1957M->1307M(2037M) 3.111ms
[5.144s][info][gc       ] GC(126) Pause Young (Allocation Failure) 1967M->1318M(2037M) 3.021ms
[5.204s][info][gc       ] GC(127) Pause Young (Allocation Failure) 1978M->1328M(2037M) 3.223ms
[5.265s][info][gc       ] GC(128) Pause Young (Allocation Failure) 1989M->1339M(2037M) 2.838ms
[5.325s][info][gc       ] GC(129) Pause Young (Allocation Failure) 2000M->1350M(2037M) 3.504ms
[5.386s][info][gc       ] GC(130) Pause Young (Allocation Failure) 2011M->1361M(2037M) 3.173ms
[5.446s][info][gc       ] GC(131) Pause Young (Allocation Failure) 2022M->1372M(2037M) 3.062ms
[5.525s][info][gc,phases] GC(132) Marking Phase 21.076ms
[5.525s][info][gc,phases] GC(132) Summary Phase 0.018ms
[5.527s][info][gc,phases] GC(132) Adjust Roots 1.406ms
[5.553s][info][gc,phases] GC(132) Compaction Phase 26.058ms
[5.554s][info][gc,phases] GC(132) Post Compact 0.840ms
[5.554s][info][gc       ] GC(132) Pause Full (Ergonomics) 2032M->788M(2037M) 49.975ms
[5.619s][info][gc       ] GC(133) Pause Young (Allocation Failure) 1449M->799M(2037M) 2.045ms
[5.673s][info][gc       ] GC(134) Pause Young (Allocation Failure) 1460M->810M(2037M) 3.114ms
[5.739s][info][gc       ] GC(135) Pause Young (Allocation Failure) 1471M->821M(2037M) 2.992ms
[5.797s][info][gc       ] GC(136) Pause Young (Allocation Failure) 1481M->832M(2037M) 2.435ms
[5.856s][info][gc       ] GC(137) Pause Young (Allocation Failure) 1492M->842M(2037M) 3.121ms
[5.916s][info][gc       ] GC(138) Pause Young (Allocation Failure) 1503M->853M(2037M) 3.038ms
[5.975s][info][gc       ] GC(139) Pause Young (Allocation Failure) 1514M->864M(2037M) 2.429ms
[6.034s][info][gc       ] GC(140) Pause Young (Allocation Failure) 1525M->875M(2037M) 3.215ms
[6.101s][info][gc       ] GC(141) Pause Young (Allocation Failure) 1535M->886M(2037M) 3.113ms
[6.160s][info][gc       ] GC(142) Pause Young (Allocation Failure) 1546M->897M(2037M) 2.358ms
[6.219s][info][gc       ] GC(143) Pause Young (Allocation Failure) 1557M->907M(2037M) 3.234ms
[6.279s][info][gc       ] GC(144) Pause Young (Allocation Failure) 1568M->918M(2037M) 3.212ms
[6.338s][info][gc       ] GC(145) Pause Young (Allocation Failure) 1579M->929M(2037M) 2.428ms
[6.404s][info][gc       ] GC(146) Pause Young (Allocation Failure) 1590M->940M(2037M) 3.264ms
[6.463s][info][gc       ] GC(147) Pause Young (Allocation Failure) 1601M->951M(2037M) 3.210ms
[6.522s][info][gc       ] GC(148) Pause Young (Allocation Failure) 1611M->962M(2037M) 2.577ms
[6.582s][info][gc       ] GC(149) Pause Young (Allocation Failure) 1622M->972M(2037M) 3.195ms
[6.641s][info][gc       ] GC(150) Pause Young (Allocation Failure) 1633M->983M(2037M) 3.290ms
[6.699s][info][gc       ] GC(151) Pause Young (Allocation Failure) 1644M->994M(2037M) 2.698ms
[6.759s][info][gc       ] GC(152) Pause Young (Allocation Failure) 1655M->1005M(2037M) 3.021ms
[6.818s][info][gc       ] GC(153) Pause Young (Allocation Failure) 1665M->1016M(2037M) 3.247ms
[6.877s][info][gc       ] GC(154) Pause Young (Allocation Failure) 1676M->1027M(2037M) 2.698ms
[6.936s][info][gc       ] GC(155) Pause Young (Allocation Failure) 1687M->1037M(2037M) 2.919ms
[6.995s][info][gc       ] GC(156) Pause Young (Allocation Failure) 1698M->1048M(2037M) 3.031ms
[7.054s][info][gc       ] GC(157) Pause Young (Allocation Failure) 1709M->1059M(2037M) 2.798ms
[7.114s][info][gc       ] GC(158) Pause Young (Allocation Failure) 1720M->1070M(2037M) 3.061ms
[7.173s][info][gc       ] GC(159) Pause Young (Allocation Failure) 1730M->1081M(2037M) 3.347ms
[7.233s][info][gc       ] GC(160) Pause Young (Allocation Failure) 1741M->1092M(2037M) 2.942ms
[7.292s][info][gc       ] GC(161) Pause Young (Allocation Failure) 1752M->1102M(2037M) 2.735ms
[7.351s][info][gc       ] GC(162) Pause Young (Allocation Failure) 1763M->1113M(2037M) 3.374ms
[7.410s][info][gc       ] GC(163) Pause Young (Allocation Failure) 1774M->1124M(2037M) 2.962ms
[7.470s][info][gc       ] GC(164) Pause Young (Allocation Failure) 1785M->1135M(2037M) 2.709ms
[7.529s][info][gc       ] GC(165) Pause Young (Allocation Failure) 1795M->1146M(2037M) 3.260ms
[7.588s][info][gc       ] GC(166) Pause Young (Allocation Failure) 1806M->1157M(2037M) 3.050ms
[7.650s][info][gc       ] GC(167) Pause Young (Allocation Failure) 1817M->1167M(2037M) 2.721ms
[7.712s][info][gc       ] GC(168) Pause Young (Allocation Failure) 1828M->1178M(2037M) 3.358ms
[7.772s][info][gc       ] GC(169) Pause Young (Allocation Failure) 1839M->1189M(2037M) 3.336ms
[7.831s][info][gc       ] GC(170) Pause Young (Allocation Failure) 1850M->1200M(2037M) 3.065ms
[7.890s][info][gc       ] GC(171) Pause Young (Allocation Failure) 1860M->1211M(2037M) 3.436ms
[7.949s][info][gc       ] GC(172) Pause Young (Allocation Failure) 1871M->1222M(2037M) 2.719ms
[8.009s][info][gc       ] GC(173) Pause Young (Allocation Failure) 1882M->1232M(2037M) 3.285ms
[8.068s][info][gc       ] GC(174) Pause Young (Allocation Failure) 1893M->1243M(2037M) 3.359ms
[8.128s][info][gc       ] GC(175) Pause Young (Allocation Failure) 1904M->1254M(2037M) 2.827ms
[8.194s][info][gc       ] GC(176) Pause Young (Allocation Failure) 1915M->1265M(2037M) 3.176ms
[8.253s][info][gc       ] GC(177) Pause Young (Allocation Failure) 1925M->1276M(2037M) 3.486ms
[8.312s][info][gc       ] GC(178) Pause Young (Allocation Failure) 1936M->1286M(2037M) 2.886ms
[8.372s][info][gc       ] GC(179) Pause Young (Allocation Failure) 1947M->1297M(2037M) 3.236ms
[8.438s][info][gc       ] GC(180) Pause Young (Allocation Failure) 1958M->1308M(2037M) 3.184ms
[8.497s][info][gc       ] GC(181) Pause Young (Allocation Failure) 1969M->1319M(2037M) 2.992ms
[8.557s][info][gc       ] GC(182) Pause Young (Allocation Failure) 1979M->1330M(2037M) 3.036ms
[8.616s][info][gc       ] GC(183) Pause Young (Allocation Failure) 1990M->1341M(2037M) 3.219ms
[8.675s][info][gc       ] GC(184) Pause Young (Allocation Failure) 2001M->1351M(2037M) 3.113ms
[8.734s][info][gc       ] GC(185) Pause Young (Allocation Failure) 2012M->1362M(2037M) 2.985ms
[8.794s][info][gc       ] GC(186) Pause Young (Allocation Failure) 2023M->1373M(2037M) 3.507ms
[8.878s][info][gc,phases] GC(187) Marking Phase 20.561ms
[8.878s][info][gc,phases] GC(187) Summary Phase 0.012ms
[8.880s][info][gc,phases] GC(187) Adjust Roots 1.492ms
[8.904s][info][gc,phases] GC(187) Compaction Phase 24.473ms
[8.905s][info][gc,phases] GC(187) Post Compact 0.933ms
[8.905s][info][gc       ] GC(187) Pause Full (Ergonomics) 2034M->788M(2037M) 47.979ms
[8.961s][info][gc       ] GC(188) Pause Young (Allocation Failure) 1449M->799M(2037M) 1.955ms
[9.019s][info][gc       ] GC(189) Pause Young (Allocation Failure) 1460M->810M(2037M) 3.114ms
[9.076s][info][gc       ] GC(190) Pause Young (Allocation Failure) 1471M->821M(2037M) 2.852ms
[9.133s][info][gc       ] GC(191) Pause Young (Allocation Failure) 1481M->832M(2037M) 2.514ms
[9.191s][info][gc       ] GC(192) Pause Young (Allocation Failure) 1492M->843M(2037M) 3.201ms
[9.244s][info][gc       ] GC(193) Pause Young (Allocation Failure) 1503M->853M(2037M) 2.907ms
[9.301s][info][gc       ] GC(194) Pause Young (Allocation Failure) 1514M->864M(2037M) 2.488ms
[9.353s][info][gc       ] GC(195) Pause Young (Allocation Failure) 1525M->875M(2037M) 3.208ms
[9.411s][info][gc       ] GC(196) Pause Young (Allocation Failure) 1535M->886M(2037M) 2.950ms
[9.468s][info][gc       ] GC(197) Pause Young (Allocation Failure) 1546M->897M(2037M) 2.473ms
[9.526s][info][gc       ] GC(198) Pause Young (Allocation Failure) 1557M->907M(2037M) 3.192ms
[9.583s][info][gc       ] GC(199) Pause Young (Allocation Failure) 1568M->918M(2037M) 3.099ms
[9.640s][info][gc       ] GC(200) Pause Young (Allocation Failure) 1579M->929M(2037M) 2.489ms
[9.698s][info][gc       ] GC(201) Pause Young (Allocation Failure) 1590M->940M(2037M) 3.238ms
[9.755s][info][gc       ] GC(202) Pause Young (Allocation Failure) 1600M->951M(2037M) 3.165ms
[9.812s][info][gc       ] GC(203) Pause Young (Allocation Failure) 1611M->962M(2037M) 2.438ms
[9.870s][info][gc       ] GC(204) Pause Young (Allocation Failure) 1622M->972M(2037M) 3.283ms
[9.928s][info][gc       ] GC(205) Pause Young (Allocation Failure) 1633M->983M(2037M) 3.250ms
[9.985s][info][gc       ] GC(206) Pause Young (Allocation Failure) 1644M->994M(2037M) 2.552ms
[10.042s][info][gc       ] GC(207) Pause Young (Allocation Failure) 1655M->1005M(2037M) 3.125ms
[10.106s][info][gc       ] GC(208) Pause Young (Allocation Failure) 1665M->1016M(2037M) 3.270ms
[10.164s][info][gc       ] GC(209) Pause Young (Allocation Failure) 1676M->1027M(2037M) 2.594ms
[10.222s][info][gc       ] GC(210) Pause Young (Allocation Failure) 1687M->1037M(2037M) 3.176ms
[10.279s][info][gc       ] GC(211) Pause Young (Allocation Failure) 1698M->1048M(2037M) 3.369ms
[10.336s][info][gc       ] GC(212) Pause Young (Allocation Failure) 1709M->1059M(2037M) 2.693ms
[10.394s][info][gc       ] GC(213) Pause Young (Allocation Failure) 1719M->1070M(2037M) 3.046ms
[10.458s][info][gc       ] GC(214) Pause Young (Allocation Failure) 1730M->1081M(2037M) 3.299ms
[10.516s][info][gc       ] GC(215) Pause Young (Allocation Failure) 1741M->1091M(2037M) 2.733ms
[10.573s][info][gc       ] GC(216) Pause Young (Allocation Failure) 1752M->1102M(2037M) 3.081ms
[10.631s][info][gc       ] GC(217) Pause Young (Allocation Failure) 1763M->1113M(2037M) 3.303ms
[10.688s][info][gc       ] GC(218) Pause Young (Allocation Failure) 1774M->1124M(2037M) 2.821ms
[10.746s][info][gc       ] GC(219) Pause Young (Allocation Failure) 1784M->1135M(2037M) 2.832ms
[10.803s][info][gc       ] GC(220) Pause Young (Allocation Failure) 1795M->1145M(2037M) 3.144ms
[10.861s][info][gc       ] GC(221) Pause Young (Allocation Failure) 1806M->1156M(2037M) 2.749ms
[10.918s][info][gc       ] GC(222) Pause Young (Allocation Failure) 1817M->1167M(2037M) 2.831ms
[10.975s][info][gc       ] GC(223) Pause Young (Allocation Failure) 1828M->1178M(2037M) 3.378ms
[11.033s][info][gc       ] GC(224) Pause Young (Allocation Failure) 1839M->1189M(2037M) 3.037ms
[11.091s][info][gc       ] GC(225) Pause Young (Allocation Failure) 1849M->1200M(2037M) 3.009ms
[11.149s][info][gc       ] GC(226) Pause Young (Allocation Failure) 1860M->1211M(2037M) 3.337ms
[11.207s][info][gc       ] GC(227) Pause Young (Allocation Failure) 1871M->1221M(2037M) 3.107ms
[11.263s][info][gc       ] GC(228) Pause Young (Allocation Failure) 1882M->1232M(2037M) 3.027ms
[11.321s][info][gc       ] GC(229) Pause Young (Allocation Failure) 1893M->1243M(2037M) 3.473ms
[11.379s][info][gc       ] GC(230) Pause Young (Allocation Failure) 1903M->1254M(2037M) 3.112ms
[11.437s][info][gc       ] GC(231) Pause Young (Allocation Failure) 1914M->1265M(2037M) 2.753ms
[11.490s][info][gc       ] GC(232) Pause Young (Allocation Failure) 1925M->1275M(2037M) 3.427ms
[11.548s][info][gc       ] GC(233) Pause Young (Allocation Failure) 1936M->1286M(2037M) 3.266ms
[11.606s][info][gc       ] GC(234) Pause Young (Allocation Failure) 1947M->1297M(2037M) 2.767ms
[11.664s][info][gc       ] GC(235) Pause Young (Allocation Failure) 1958M->1308M(2037M) 3.521ms
[11.722s][info][gc       ] GC(236) Pause Young (Allocation Failure) 1968M->1319M(2037M) 3.369ms
[11.779s][info][gc       ] GC(237) Pause Young (Allocation Failure) 1979M->1330M(2037M) 2.805ms
[11.837s][info][gc       ] GC(238) Pause Young (Allocation Failure) 1990M->1340M(2037M) 3.501ms
[11.895s][info][gc       ] GC(239) Pause Young (Allocation Failure) 2001M->1351M(2037M) 3.378ms
[11.953s][info][gc       ] GC(240) Pause Young (Allocation Failure) 2012M->1362M(2037M) 2.773ms
[12.010s][info][gc       ] GC(241) Pause Young (Allocation Failure) 2023M->1373M(2037M) 3.399ms
[12.086s][info][gc,phases] GC(242) Marking Phase 20.883ms
[12.086s][info][gc,phases] GC(242) Summary Phase 0.018ms
[12.087s][info][gc,phases] GC(242) Adjust Roots 0.967ms
[12.103s][info][gc,phases] GC(242) Compaction Phase 16.460ms
[12.104s][info][gc,phases] GC(242) Post Compact 0.872ms
[12.105s][info][gc       ] GC(242) Pause Full (Ergonomics) 2033M->788M(2037M) 39.777ms
[12.160s][info][gc       ] GC(243) Pause Young (Allocation Failure) 1449M->799M(2037M) 1.797ms
[12.218s][info][gc       ] GC(244) Pause Young (Allocation Failure) 1460M->810M(2037M) 3.092ms
[12.276s][info][gc       ] GC(245) Pause Young (Allocation Failure) 1470M->821M(2037M) 2.667ms
[12.333s][info][gc       ] GC(246) Pause Young (Allocation Failure) 1481M->832M(2037M) 2.873ms
[12.390s][info][gc       ] GC(247) Pause Young (Allocation Failure) 1492M->842M(2037M) 3.149ms
[12.448s][info][gc       ] GC(248) Pause Young (Allocation Failure) 1503M->853M(2037M) 2.764ms
[12.512s][info][gc       ] GC(249) Pause Young (Allocation Failure) 1514M->864M(2037M) 2.561ms
[12.569s][info][gc       ] GC(250) Pause Young (Allocation Failure) 1525M->875M(2037M) 3.098ms
[12.626s][info][gc       ] GC(251) Pause Young (Allocation Failure) 1535M->886M(2037M) 2.844ms
[12.683s][info][gc       ] GC(252) Pause Young (Allocation Failure) 1546M->897M(2037M) 2.595ms
[12.741s][info][gc       ] GC(253) Pause Young (Allocation Failure) 1557M->908M(2037M) 3.089ms
[12.798s][info][gc       ] GC(254) Pause Young (Allocation Failure) 1568M->918M(2037M) 2.978ms
[12.855s][info][gc       ] GC(255) Pause Young (Allocation Failure) 1579M->929M(2037M) 2.594ms
[12.913s][info][gc       ] GC(256) Pause Young (Allocation Failure) 1590M->940M(2037M) 3.238ms
[12.970s][info][gc       ] GC(257) Pause Young (Allocation Failure) 1601M->951M(2037M) 3.044ms
[13.028s][info][gc       ] GC(258) Pause Young (Allocation Failure) 1611M->962M(2037M) 2.505ms
[13.085s][info][gc       ] GC(259) Pause Young (Allocation Failure) 1622M->973M(2037M) 3.241ms
[13.143s][info][gc       ] GC(260) Pause Young (Allocation Failure) 1633M->983M(2037M) 3.092ms
[13.201s][info][gc       ] GC(261) Pause Young (Allocation Failure) 1644M->994M(2037M) 2.757ms
[13.258s][info][gc       ] GC(262) Pause Young (Allocation Failure) 1655M->1005M(2037M) 3.194ms
[13.315s][info][gc       ] GC(263) Pause Young (Allocation Failure) 1666M->1016M(2037M) 3.227ms
[13.373s][info][gc       ] GC(264) Pause Young (Allocation Failure) 1676M->1027M(2037M) 2.547ms
[13.437s][info][gc       ] GC(265) Pause Young (Allocation Failure) 1687M->1037M(2037M) 3.314ms
[13.495s][info][gc       ] GC(266) Pause Young (Allocation Failure) 1698M->1048M(2037M) 3.267ms
[13.552s][info][gc       ] GC(267) Pause Young (Allocation Failure) 1709M->1059M(2037M) 2.493ms
[13.610s][info][gc       ] GC(268) Pause Young (Allocation Failure) 1720M->1070M(2037M) 3.180ms
[13.667s][info][gc       ] GC(269) Pause Young (Allocation Failure) 1730M->1081M(2037M) 3.342ms
[13.725s][info][gc       ] GC(270) Pause Young (Allocation Failure) 1741M->1092M(2037M) 2.629ms
[13.783s][info][gc       ] GC(271) Pause Young (Allocation Failure) 1752M->1102M(2037M) 3.119ms
[13.847s][info][gc       ] GC(272) Pause Young (Allocation Failure) 1763M->1113M(2037M) 3.366ms
[13.905s][info][gc       ] GC(273) Pause Young (Allocation Failure) 1774M->1124M(2037M) 2.709ms
[13.962s][info][gc       ] GC(274) Pause Young (Allocation Failure) 1785M->1135M(2037M) 3.113ms
[14.020s][info][gc       ] GC(275) Pause Young (Allocation Failure) 1795M->1146M(2037M) 3.183ms
[14.077s][info][gc       ] GC(276) Pause Young (Allocation Failure) 1806M->1157M(2037M) 2.834ms
[14.135s][info][gc       ] GC(277) Pause Young (Allocation Failure) 1817M->1167M(2037M) 3.013ms
[14.192s][info][gc       ] GC(278) Pause Young (Allocation Failure) 1828M->1178M(2037M) 3.085ms
[14.255s][info][gc       ] GC(279) Pause Young (Allocation Failure) 1839M->1189M(2037M) 2.883ms
[14.313s][info][gc       ] GC(280) Pause Young (Allocation Failure) 1850M->1200M(2037M) 3.005ms
[14.370s][info][gc       ] GC(281) Pause Young (Allocation Failure) 1860M->1211M(2037M) 3.214ms
[14.410s][info][gc       ] GC(282) Pause Young (Allocation Failure) 1871M->1221M(2037M) 3.053ms
[14.474s][info][gc       ] GC(283) Pause Young (Allocation Failure) 1882M->1232M(2037M) 2.892ms
[14.532s][info][gc       ] GC(284) Pause Young (Allocation Failure) 1893M->1243M(2037M) 3.430ms
[14.590s][info][gc       ] GC(285) Pause Young (Allocation Failure) 1904M->1254M(2037M) 3.035ms
[14.648s][info][gc       ] GC(286) Pause Young (Allocation Failure) 1914M->1265M(2037M) 2.829ms
[14.713s][info][gc       ] GC(287) Pause Young (Allocation Failure) 1925M->1276M(2037M) 3.378ms
[14.771s][info][gc       ] GC(288) Pause Young (Allocation Failure) 1936M->1287M(2037M) 3.130ms
[14.828s][info][gc       ] GC(289) Pause Young (Allocation Failure) 1947M->1297M(2037M) 2.792ms
[14.886s][info][gc       ] GC(290) Pause Young (Allocation Failure) 1958M->1308M(2037M) 3.402ms
[14.944s][info][gc       ] GC(291) Pause Young (Allocation Failure) 1969M->1319M(2037M) 3.223ms
[15.002s][info][gc       ] GC(292) Pause Young (Allocation Failure) 1979M->1330M(2037M) 2.787ms
[15.060s][info][gc       ] GC(293) Pause Young (Allocation Failure) 1990M->1341M(2037M) 3.535ms
[15.118s][info][gc       ] GC(294) Pause Young (Allocation Failure) 2001M->1352M(2037M) 3.340ms
[15.175s][info][gc       ] GC(295) Pause Young (Allocation Failure) 2012M->1362M(2037M) 2.744ms
[15.230s][info][gc       ] GC(296) Pause Young (Allocation Failure) 2023M->1373M(2037M) 3.500ms
[15.306s][info][gc,phases] GC(297) Marking Phase 20.700ms
[15.306s][info][gc,phases] GC(297) Summary Phase 0.018ms
[15.307s][info][gc,phases] GC(297) Adjust Roots 1.014ms
[15.323s][info][gc,phases] GC(297) Compaction Phase 16.079ms
[15.324s][info][gc,phases] GC(297) Post Compact 0.859ms
[15.324s][info][gc       ] GC(297) Pause Full (Ergonomics) 2034M->788M(2037M) 39.218ms
[15.381s][info][gc       ] GC(298) Pause Young (Allocation Failure) 1449M->799M(2037M) 2.206ms
[15.445s][info][gc       ] GC(299) Pause Young (Allocation Failure) 1460M->810M(2037M) 3.206ms
[15.495s][info][gc       ] GC(300) Pause Young (Allocation Failure) 1471M->821M(2037M) 3.108ms
[15.552s][info][gc       ] GC(301) Pause Young (Allocation Failure) 1481M->832M(2037M) 2.417ms
[15.610s][info][gc       ] GC(302) Pause Young (Allocation Failure) 1492M->843M(2037M) 3.310ms
[15.668s][info][gc       ] GC(303) Pause Young (Allocation Failure) 1503M->853M(2037M) 3.118ms
[15.731s][info][gc       ] GC(304) Pause Young (Allocation Failure) 1514M->864M(2037M) 2.452ms
[15.788s][info][gc       ] GC(305) Pause Young (Allocation Failure) 1525M->875M(2037M) 3.236ms
[15.846s][info][gc       ] GC(306) Pause Young (Allocation Failure) 1536M->886M(2037M) 3.208ms
[15.903s][info][gc       ] GC(307) Pause Young (Allocation Failure) 1546M->897M(2037M) 2.553ms
[15.961s][info][gc       ] GC(308) Pause Young (Allocation Failure) 1557M->908M(2037M) 3.121ms
[16.019s][info][gc       ] GC(309) Pause Young (Allocation Failure) 1568M->918M(2037M) 3.186ms
[16.077s][info][gc       ] GC(310) Pause Young (Allocation Failure) 1579M->929M(2037M) 2.643ms
[16.135s][info][gc       ] GC(311) Pause Young (Allocation Failure) 1590M->940M(2037M) 2.991ms
[16.192s][info][gc       ] GC(312) Pause Young (Allocation Failure) 1600M->951M(2037M) 3.213ms
[16.249s][info][gc       ] GC(313) Pause Young (Allocation Failure) 1611M->962M(2037M) 2.760ms
[16.313s][info][gc       ] GC(314) Pause Young (Allocation Failure) 1622M->972M(2037M) 2.903ms
[16.370s][info][gc       ] GC(315) Pause Young (Allocation Failure) 1633M->983M(2037M) 2.959ms
[16.428s][info][gc       ] GC(316) Pause Young (Allocation Failure) 1644M->994M(2037M) 2.652ms
[16.491s][info][gc       ] GC(317) Pause Young (Allocation Failure) 1655M->1005M(2037M) 3.177ms
[16.548s][info][gc       ] GC(318) Pause Young (Allocation Failure) 1665M->1016M(2037M) 3.118ms
[16.612s][info][gc       ] GC(319) Pause Young (Allocation Failure) 1676M->1027M(2037M) 2.818ms
[16.677s][info][gc       ] GC(320) Pause Young (Allocation Failure) 1687M->1037M(2037M) 3.187ms
[16.735s][info][gc       ] GC(321) Pause Young (Allocation Failure) 1698M->1048M(2037M) 3.170ms
[16.792s][info][gc       ] GC(322) Pause Young (Allocation Failure) 1709M->1059M(2037M) 2.542ms
[16.850s][info][gc       ] GC(323) Pause Young (Allocation Failure) 1720M->1070M(2037M) 3.402ms
[16.908s][info][gc       ] GC(324) Pause Young (Allocation Failure) 1730M->1081M(2037M) 3.287ms
[16.971s][info][gc       ] GC(325) Pause Young (Allocation Failure) 1741M->1092M(2037M) 2.490ms
[17.029s][info][gc       ] GC(326) Pause Young (Allocation Failure) 1752M->1102M(2037M) 3.398ms
[17.087s][info][gc       ] GC(327) Pause Young (Allocation Failure) 1763M->1113M(2037M) 3.336ms
[17.144s][info][gc       ] GC(328) Pause Young (Allocation Failure) 1774M->1124M(2037M) 2.636ms
[17.203s][info][gc       ] GC(329) Pause Young (Allocation Failure) 1785M->1135M(2037M) 3.271ms
[17.260s][info][gc       ] GC(330) Pause Young (Allocation Failure) 1795M->1146M(2037M) 3.395ms
[17.317s][info][gc       ] GC(331) Pause Young (Allocation Failure) 1806M->1156M(2037M) 2.666ms
[17.375s][info][gc       ] GC(332) Pause Young (Allocation Failure) 1817M->1167M(2037M) 3.199ms
[17.433s][info][gc       ] GC(333) Pause Young (Allocation Failure) 1828M->1178M(2037M) 3.264ms
[17.490s][info][gc       ] GC(334) Pause Young (Allocation Failure) 1839M->1189M(2037M) 2.786ms
[17.548s][info][gc       ] GC(335) Pause Young (Allocation Failure) 1849M->1200M(2037M) 3.192ms
[17.606s][info][gc       ] GC(336) Pause Young (Allocation Failure) 1860M->1211M(2037M) 3.375ms
[17.664s][info][gc       ] GC(337) Pause Young (Allocation Failure) 1871M->1221M(2037M) 2.938ms
[17.726s][info][gc       ] GC(338) Pause Young (Allocation Failure) 1882M->1232M(2037M) 3.144ms
[17.790s][info][gc       ] GC(339) Pause Young (Allocation Failure) 1893M->1243M(2037M) 3.185ms
[17.848s][info][gc       ] GC(340) Pause Young (Allocation Failure) 1904M->1254M(2037M) 3.010ms
[17.906s][info][gc       ] GC(341) Pause Young (Allocation Failure) 1914M->1265M(2037M) 2.927ms
[17.963s][info][gc       ] GC(342) Pause Young (Allocation Failure) 1925M->1276M(2037M) 3.303ms
[18.021s][info][gc       ] GC(343) Pause Young (Allocation Failure) 1936M->1287M(2037M) 3.081ms
[18.078s][info][gc       ] GC(344) Pause Young (Allocation Failure) 1947M->1297M(2037M) 2.864ms
[18.136s][info][gc       ] GC(345) Pause Young (Allocation Failure) 1958M->1308M(2037M) 3.496ms
[18.176s][info][gc       ] GC(346) Pause Young (Allocation Failure) 1969M->1319M(2037M) 3.127ms
[18.240s][info][gc       ] GC(347) Pause Young (Allocation Failure) 1980M->1330M(2037M) 2.874ms
[18.298s][info][gc       ] GC(348) Pause Young (Allocation Failure) 1990M->1341M(2037M) 3.417ms
[18.356s][info][gc       ] GC(349) Pause Young (Allocation Failure) 2001M->1351M(2037M) 3.210ms
[18.413s][info][gc       ] GC(350) Pause Young (Allocation Failure) 2012M->1362M(2037M) 2.815ms
[18.471s][info][gc       ] GC(351) Pause Young (Allocation Failure) 2023M->1373M(2037M) 3.443ms
[18.546s][info][gc,phases] GC(352) Marking Phase 20.582ms
[18.546s][info][gc,phases] GC(352) Summary Phase 0.018ms
[18.548s][info][gc,phases] GC(352) Adjust Roots 1.283ms
[18.564s][info][gc,phases] GC(352) Compaction Phase 16.313ms
[18.565s][info][gc,phases] GC(352) Post Compact 0.830ms
[18.565s][info][gc       ] GC(352) Pause Full (Ergonomics) 2034M->788M(2037M) 39.599ms
[18.628s][info][gc       ] GC(353) Pause Young (Allocation Failure) 1449M->799M(2037M) 2.145ms
[18.686s][info][gc       ] GC(354) Pause Young (Allocation Failure) 1460M->810M(2037M) 3.182ms
[18.743s][info][gc       ] GC(355) Pause Young (Allocation Failure) 1471M->821M(2037M) 2.988ms
[18.800s][info][gc       ] GC(356) Pause Young (Allocation Failure) 1481M->832M(2037M) 2.427ms
[18.858s][info][gc       ] GC(357) Pause Young (Allocation Failure) 1492M->843M(2037M) 3.044ms
[18.916s][info][gc       ] GC(358) Pause Young (Allocation Failure) 1503M->853M(2037M) 3.093ms
[18.973s][info][gc       ] GC(359) Pause Young (Allocation Failure) 1514M->864M(2037M) 2.373ms
[19.031s][info][gc       ] GC(360) Pause Young (Allocation Failure) 1525M->875M(2037M) 3.108ms
[19.089s][info][gc       ] GC(361) Pause Young (Allocation Failure) 1536M->886M(2037M) 3.125ms
[19.146s][info][gc       ] GC(362) Pause Young (Allocation Failure) 1546M->897M(2037M) 2.436ms
[19.210s][info][gc       ] GC(363) Pause Young (Allocation Failure) 1557M->907M(2037M) 3.311ms
[19.267s][info][gc       ] GC(364) Pause Young (Allocation Failure) 1568M->918M(2037M) 3.208ms
[19.331s][info][gc       ] GC(365) Pause Young (Allocation Failure) 1579M->929M(2037M) 2.526ms
[19.389s][info][gc       ] GC(366) Pause Young (Allocation Failure) 1590M->940M(2037M) 3.085ms
[19.447s][info][gc       ] GC(367) Pause Young (Allocation Failure) 1600M->951M(2037M) 3.211ms
[19.504s][info][gc       ] GC(368) Pause Young (Allocation Failure) 1611M->962M(2037M) 2.611ms
[19.562s][info][gc       ] GC(369) Pause Young (Allocation Failure) 1622M->973M(2037M) 3.046ms
[19.620s][info][gc       ] GC(370) Pause Young (Allocation Failure) 1633M->983M(2037M) 3.207ms
[19.677s][info][gc       ] GC(371) Pause Young (Allocation Failure) 1644M->994M(2037M) 2.664ms
[19.741s][info][gc       ] GC(372) Pause Young (Allocation Failure) 1655M->1005M(2037M) 2.873ms
[19.793s][info][gc       ] GC(373) Pause Young (Allocation Failure) 1666M->1016M(2037M) 3.290ms
[19.850s][info][gc       ] GC(374) Pause Young (Allocation Failure) 1676M->1027M(2037M) 2.827ms
[19.908s][info][gc       ] GC(375) Pause Young (Allocation Failure) 1687M->1038M(2037M) 2.780ms
[19.972s][info][gc       ] GC(376) Pause Young (Allocation Failure) 1698M->1048M(2037M) 3.263ms
[20.030s][info][gc       ] GC(377) Pause Young (Allocation Failure) 1709M->1059M(2037M) 2.892ms
[20.087s][info][gc       ] GC(378) Pause Young (Allocation Failure) 1720M->1070M(2037M) 2.994ms
[20.145s][info][gc       ] GC(379) Pause Young (Allocation Failure) 1731M->1081M(2037M) 3.222ms
[20.202s][info][gc       ] GC(380) Pause Young (Allocation Failure) 1741M->1092M(2037M) 3.107ms
[20.261s][info][gc       ] GC(381) Pause Young (Allocation Failure) 1752M->1103M(2037M) 2.683ms
[20.319s][info][gc       ] GC(382) Pause Young (Allocation Failure) 1763M->1113M(2037M) 3.208ms
[20.376s][info][gc       ] GC(383) Pause Young (Allocation Failure) 1774M->1124M(2037M) 3.097ms
[20.434s][info][gc       ] GC(384) Pause Young (Allocation Failure) 1785M->1135M(2037M) 2.709ms
[20.492s][info][gc       ] GC(385) Pause Young (Allocation Failure) 1796M->1146M(2037M) 3.313ms
[20.549s][info][gc       ] GC(386) Pause Young (Allocation Failure) 1806M->1157M(2037M) 3.149ms
[20.607s][info][gc       ] GC(387) Pause Young (Allocation Failure) 1817M->1168M(2037M) 3.002ms
[20.664s][info][gc       ] GC(388) Pause Young (Allocation Failure) 1828M->1178M(2037M) 3.010ms
[20.725s][info][gc       ] GC(389) Pause Young (Allocation Failure) 1839M->1189M(2037M) 2.727ms
[20.783s][info][gc       ] GC(390) Pause Young (Allocation Failure) 1850M->1200M(2037M) 3.246ms
[20.841s][info][gc       ] GC(391) Pause Young (Allocation Failure) 1861M->1211M(2037M) 3.396ms
[20.898s][info][gc       ] GC(392) Pause Young (Allocation Failure) 1871M->1222M(2037M) 2.777ms
[20.956s][info][gc       ] GC(393) Pause Young (Allocation Failure) 1882M->1233M(2037M) 3.159ms
[21.014s][info][gc       ] GC(394) Pause Young (Allocation Failure) 1893M->1243M(2037M) 3.442ms
[21.071s][info][gc       ] GC(395) Pause Young (Allocation Failure) 1904M->1254M(2037M) 2.926ms
[21.129s][info][gc       ] GC(396) Pause Young (Allocation Failure) 1915M->1265M(2037M) 3.077ms
[21.187s][info][gc       ] GC(397) Pause Young (Allocation Failure) 1926M->1276M(2037M) 3.172ms
[21.244s][info][gc       ] GC(398) Pause Young (Allocation Failure) 1936M->1287M(2037M) 2.985ms
[21.302s][info][gc       ] GC(399) Pause Young (Allocation Failure) 1947M->1298M(2037M) 2.919ms
[21.360s][info][gc       ] GC(400) Pause Young (Allocation Failure) 1958M->1308M(2037M) 3.446ms
[21.417s][info][gc       ] GC(401) Pause Young (Allocation Failure) 1969M->1319M(2037M) 3.062ms
[21.477s][info][gc       ] GC(402) Pause Young (Allocation Failure) 1980M->1330M(2037M) 2.903ms
[21.535s][info][gc       ] GC(403) Pause Young (Allocation Failure) 1991M->1341M(2037M) 3.444ms
[21.592s][info][gc       ] GC(404) Pause Young (Allocation Failure) 2001M->1352M(2037M) 3.161ms
[21.650s][info][gc       ] GC(405) Pause Young (Allocation Failure) 2012M->1363M(2037M) 2.874ms
[21.708s][info][gc       ] GC(406) Pause Young (Allocation Failure) 2023M->1373M(2037M) 3.554ms
[21.783s][info][gc,phases] GC(407) Marking Phase 20.779ms
[21.783s][info][gc,phases] GC(407) Summary Phase 0.020ms
[21.785s][info][gc,phases] GC(407) Adjust Roots 1.121ms
[21.801s][info][gc,phases] GC(407) Compaction Phase 16.234ms
[21.802s][info][gc,phases] GC(407) Post Compact 0.840ms
[21.802s][info][gc       ] GC(407) Pause Full (Ergonomics) 2034M->788M(2037M) 39.508ms
[21.858s][info][gc       ] GC(408) Pause Young (Allocation Failure) 1449M->799M(2037M) 2.074ms
[21.916s][info][gc       ] GC(409) Pause Young (Allocation Failure) 1460M->810M(2037M) 3.147ms
[21.973s][info][gc       ] GC(410) Pause Young (Allocation Failure) 1471M->821M(2037M) 2.908ms
[22.031s][info][gc       ] GC(411) Pause Young (Allocation Failure) 1481M->832M(2037M) 2.680ms
[22.088s][info][gc       ] GC(412) Pause Young (Allocation Failure) 1492M->843M(2037M) 3.238ms
[22.146s][info][gc       ] GC(413) Pause Young (Allocation Failure) 1503M->853M(2037M) 2.986ms
[22.203s][info][gc       ] GC(414) Pause Young (Allocation Failure) 1514M->864M(2037M) 2.431ms
[22.261s][info][gc       ] GC(415) Pause Young (Allocation Failure) 1525M->875M(2037M) 3.267ms
[22.319s][info][gc       ] GC(416) Pause Young (Allocation Failure) 1536M->886M(2037M) 3.089ms
[22.376s][info][gc       ] GC(417) Pause Young (Allocation Failure) 1546M->897M(2037M) 2.375ms
[22.434s][info][gc       ] GC(418) Pause Young (Allocation Failure) 1557M->907M(2037M) 3.271ms
[22.491s][info][gc       ] GC(419) Pause Young (Allocation Failure) 1568M->918M(2037M) 3.142ms
[22.549s][info][gc       ] GC(420) Pause Young (Allocation Failure) 1579M->929M(2037M) 2.493ms
[22.606s][info][gc       ] GC(421) Pause Young (Allocation Failure) 1590M->940M(2037M) 3.150ms
[22.664s][info][gc       ] GC(422) Pause Young (Allocation Failure) 1601M->951M(2037M) 3.210ms
[22.722s][info][gc       ] GC(423) Pause Young (Allocation Failure) 1611M->962M(2037M) 2.544ms
[22.780s][info][gc       ] GC(424) Pause Young (Allocation Failure) 1622M->972M(2037M) 3.226ms
[22.837s][info][gc       ] GC(425) Pause Young (Allocation Failure) 1633M->983M(2037M) 3.246ms
[22.895s][info][gc       ] GC(426) Pause Young (Allocation Failure) 1644M->994M(2037M) 2.641ms
[22.953s][info][gc       ] GC(427) Pause Young (Allocation Failure) 1655M->1005M(2037M) 3.163ms
[23.017s][info][gc       ] GC(428) Pause Young (Allocation Failure) 1665M->1016M(2037M) 3.136ms
[23.075s][info][gc       ] GC(429) Pause Young (Allocation Failure) 1676M->1027M(2037M) 2.765ms
[23.132s][info][gc       ] GC(430) Pause Young (Allocation Failure) 1687M->1038M(2037M) 3.109ms
[23.190s][info][gc       ] GC(431) Pause Young (Allocation Failure) 1698M->1048M(2037M) 2.982ms
[23.248s][info][gc       ] GC(432) Pause Young (Allocation Failure) 1709M->1059M(2037M) 2.812ms
[23.305s][info][gc       ] GC(433) Pause Young (Allocation Failure) 1720M->1070M(2037M) 2.847ms
[23.362s][info][gc       ] GC(434) Pause Young (Allocation Failure) 1731M->1081M(2037M) 3.039ms
